On branch master
Changes not staged for commit:
  (use "git add/rm <file>..." to update what will be committed)
  (use "git restore <file>..." to discard changes in working directory)
	deleted:    D1Console.html
	deleted:    D1ElectronLauncher.html
	deleted:    Dofus.exe
	deleted:    README.md
	deleted:    audio/effects.swf
	deleted:    audio/musics.swf
	deleted:    clips/alignments/0.swf
	deleted:    clips/alignments/1.swf
	deleted:    clips/alignments/2.swf
	deleted:    clips/alignments/3.swf
	deleted:    clips/alignments/feats/1.swf
	deleted:    clips/alignments/feats/10.swf
	deleted:    clips/alignments/feats/11.swf
	deleted:    clips/alignments/feats/12.swf
	deleted:    clips/alignments/feats/13.swf
	deleted:    clips/alignments/feats/2.swf
	deleted:    clips/alignments/feats/3.swf
	deleted:    clips/alignments/feats/4.swf
	deleted:    clips/alignments/feats/5.swf
	deleted:    clips/alignments/feats/6.swf
	deleted:    clips/alignments/feats/7.swf
	deleted:    clips/alignments/feats/8.swf
	deleted:    clips/alignments/feats/9.swf
	deleted:    clips/alignments/mini/0.swf
	deleted:    clips/alignments/mini/1.swf
	deleted:    clips/alignments/mini/2.swf
	deleted:    clips/alignments/mini/3.swf
	deleted:    clips/alignments/orders/1.swf
	deleted:    clips/alignments/orders/2.swf
	deleted:    clips/alignments/orders/3.swf
	deleted:    clips/alignments/orders/4.swf
	deleted:    clips/alignments/orders/5.swf
	deleted:    clips/alignments/orders/6.swf
	deleted:    clips/alignments/orders/7.swf
	deleted:    clips/alignments/orders/8.swf
	deleted:    clips/artworks/big/10.swf
	deleted:    clips/artworks/big/100.swf
	deleted:    clips/artworks/big/1001.swf
	deleted:    clips/artworks/big/1002.swf
	deleted:    clips/artworks/big/1003.swf
	deleted:    clips/artworks/big/1004.swf
	deleted:    clips/artworks/big/1005.swf
	deleted:    clips/artworks/big/1006.swf
	deleted:    clips/artworks/big/1007.swf
	deleted:    clips/artworks/big/1008.swf
	deleted:    clips/artworks/big/1009.swf
	deleted:    clips/artworks/big/101.swf
	deleted:    clips/artworks/big/1010.swf
	deleted:    clips/artworks/big/1011.swf
	deleted:    clips/artworks/big/1012.swf
	deleted:    clips/artworks/big/1013.swf
	deleted:    clips/artworks/big/1014.swf
	deleted:    clips/artworks/big/1015.swf
	deleted:    clips/artworks/big/1016.swf
	deleted:    clips/artworks/big/1017.swf
	deleted:    clips/artworks/big/1018.swf
	deleted:    clips/artworks/big/1019.swf
	deleted:    clips/artworks/big/1020.swf
	deleted:    clips/artworks/big/1021.swf
	deleted:    clips/artworks/big/1022.swf
	deleted:    clips/artworks/big/1023.swf
	deleted:    clips/artworks/big/1024.swf
	deleted:    clips/artworks/big/1025.swf
	deleted:    clips/artworks/big/1026.swf
	deleted:    clips/artworks/big/1027.swf
	deleted:    clips/artworks/big/1028.swf
	deleted:    clips/artworks/big/1029.swf
	deleted:    clips/artworks/big/1030.swf
	deleted:    clips/artworks/big/1031.swf
	deleted:    clips/artworks/big/1032.swf
	deleted:    clips/artworks/big/1033.swf
	deleted:    clips/artworks/big/1034.swf
	deleted:    clips/artworks/big/1035.swf
	deleted:    clips/artworks/big/1036.swf
	deleted:    clips/artworks/big/1037.swf
	deleted:    clips/artworks/big/1038.swf
	deleted:    clips/artworks/big/1039.swf
	deleted:    clips/artworks/big/1040.swf
	deleted:    clips/artworks/big/1041.swf
	deleted:    clips/artworks/big/1042.swf
	deleted:    clips/artworks/big/1043.swf
	deleted:    clips/artworks/big/1044.swf
	deleted:    clips/artworks/big/1045.swf
	deleted:    clips/artworks/big/1046.swf
	deleted:    clips/artworks/big/1047.swf
	deleted:    clips/artworks/big/1048.swf
	deleted:    clips/artworks/big/1049.swf
	deleted:    clips/artworks/big/1050.swf
	deleted:    clips/artworks/big/1051.swf
	deleted:    clips/artworks/big/1052.swf
	deleted:    clips/artworks/big/1053.swf
	deleted:    clips/artworks/big/1054.swf
	deleted:    clips/artworks/big/1055.swf
	deleted:    clips/artworks/big/1056.swf
	deleted:    clips/artworks/big/1057.swf
	deleted:    clips/artworks/big/1058.swf
	deleted:    clips/artworks/big/1059.swf
	deleted:    clips/artworks/big/1060.swf
	deleted:    clips/artworks/big/1061.swf
	deleted:    clips/artworks/big/1062.swf
	deleted:    clips/artworks/big/1063.swf
	deleted:    clips/artworks/big/1064.swf
	deleted:    clips/artworks/big/1065.swf
	deleted:    clips/artworks/big/1066.swf
	deleted:    clips/artworks/big/1067.swf
	deleted:    clips/artworks/big/1068.swf
	deleted:    clips/artworks/big/1069.swf
	deleted:    clips/artworks/big/1070.swf
	deleted:    clips/artworks/big/1071.swf
	deleted:    clips/artworks/big/1072.swf
	deleted:    clips/artworks/big/1073.swf
	deleted:    clips/artworks/big/1074.swf
	deleted:    clips/artworks/big/1075.swf
	deleted:    clips/artworks/big/1076.swf
	deleted:    clips/artworks/big/1077.swf
	deleted:    clips/artworks/big/1078.swf
	deleted:    clips/artworks/big/1079.swf
	deleted:    clips/artworks/big/1080.swf
	deleted:    clips/artworks/big/1081.swf
	deleted:    clips/artworks/big/1083.swf
	deleted:    clips/artworks/big/1084.swf
	deleted:    clips/artworks/big/1085.swf
	deleted:    clips/artworks/big/1086.swf
	deleted:    clips/artworks/big/1087.swf
	deleted:    clips/artworks/big/1088.swf
	deleted:    clips/artworks/big/1089.swf
	deleted:    clips/artworks/big/1090.swf
	deleted:    clips/artworks/big/1091.swf
	deleted:    clips/artworks/big/1092.swf
	deleted:    clips/artworks/big/1093.swf
	deleted:    clips/artworks/big/1095.swf
	deleted:    clips/artworks/big/1096.swf
	deleted:    clips/artworks/big/1097.swf
	deleted:    clips/artworks/big/1098.swf
	deleted:    clips/artworks/big/1099.swf
	deleted:    clips/artworks/big/11.swf
	deleted:    clips/artworks/big/110.swf
	deleted:    clips/artworks/big/1100.swf
	deleted:    clips/artworks/big/1101.swf
	deleted:    clips/artworks/big/1102.swf
	deleted:    clips/artworks/big/1103.swf
	deleted:    clips/artworks/big/1104.swf
	deleted:    clips/artworks/big/1105.swf
	deleted:    clips/artworks/big/1106.swf
	deleted:    clips/artworks/big/1107.swf
	deleted:    clips/artworks/big/1108.swf
	deleted:    clips/artworks/big/1109.swf
	deleted:    clips/artworks/big/111.swf
	deleted:    clips/artworks/big/1110.swf
	deleted:    clips/artworks/big/1111.swf
	deleted:    clips/artworks/big/1112.swf
	deleted:    clips/artworks/big/1113.swf
	deleted:    clips/artworks/big/1114.swf
	deleted:    clips/artworks/big/1115.swf
	deleted:    clips/artworks/big/1116.swf
	deleted:    clips/artworks/big/1117.swf
	deleted:    clips/artworks/big/1118.swf
	deleted:    clips/artworks/big/1119.swf
	deleted:    clips/artworks/big/1120.swf
	deleted:    clips/artworks/big/1121.swf
	deleted:    clips/artworks/big/1122.swf
	deleted:    clips/artworks/big/1123.swf
	deleted:    clips/artworks/big/1124.swf
	deleted:    clips/artworks/big/1125.swf
	deleted:    clips/artworks/big/1126.swf
	deleted:    clips/artworks/big/1127.swf
	deleted:    clips/artworks/big/1128.swf
	deleted:    clips/artworks/big/1129.swf
	deleted:    clips/artworks/big/1130.swf
	deleted:    clips/artworks/big/1131.swf
	deleted:    clips/artworks/big/1132.swf
	deleted:    clips/artworks/big/1133.swf
	deleted:    clips/artworks/big/1134.swf
	deleted:    clips/artworks/big/1135.swf
	deleted:    clips/artworks/big/1136.swf
	deleted:    clips/artworks/big/1137.swf
	deleted:    clips/artworks/big/1138.swf
	deleted:    clips/artworks/big/1143.swf
	deleted:    clips/artworks/big/1144.swf
	deleted:    clips/artworks/big/1145.swf
	deleted:    clips/artworks/big/1146.swf
	deleted:    clips/artworks/big/1147.swf
	deleted:    clips/artworks/big/1148.swf
	deleted:    clips/artworks/big/1149.swf
	deleted:    clips/artworks/big/1150.swf
	deleted:    clips/artworks/big/1151.swf
	deleted:    clips/artworks/big/1152.swf
	deleted:    clips/artworks/big/1153.swf
	deleted:    clips/artworks/big/1154.swf
	deleted:    clips/artworks/big/1155.swf
	deleted:    clips/artworks/big/1156.swf
	deleted:    clips/artworks/big/1157.swf
	deleted:    clips/artworks/big/1158.swf
	deleted:    clips/artworks/big/1159.swf
	deleted:    clips/artworks/big/1160.swf
	deleted:    clips/artworks/big/1161.swf
	deleted:    clips/artworks/big/1162.swf
	deleted:    clips/artworks/big/1163.swf
	deleted:    clips/artworks/big/1164.swf
	deleted:    clips/artworks/big/1165.swf
	deleted:    clips/artworks/big/1166.swf
	deleted:    clips/artworks/big/1167.swf
	deleted:    clips/artworks/big/1168.swf
	deleted:    clips/artworks/big/1169.swf
	deleted:    clips/artworks/big/1171.swf
	deleted:    clips/artworks/big/1172.swf
	deleted:    clips/artworks/big/1173.swf
	deleted:    clips/artworks/big/1174.swf
	deleted:    clips/artworks/big/1175.swf
	deleted:    clips/artworks/big/1176.swf
	deleted:    clips/artworks/big/1177.swf
	deleted:    clips/artworks/big/1178.swf
	deleted:    clips/artworks/big/1179.swf
	deleted:    clips/artworks/big/1180.swf
	deleted:    clips/artworks/big/1181.swf
	deleted:    clips/artworks/big/1182.swf
	deleted:    clips/artworks/big/1184.swf
	deleted:    clips/artworks/big/1185.swf
	deleted:    clips/artworks/big/1186.swf
	deleted:    clips/artworks/big/1188.swf
	deleted:    clips/artworks/big/1189.swf
	deleted:    clips/artworks/big/1190.swf
	deleted:    clips/artworks/big/1191.swf
	deleted:    clips/artworks/big/1192.swf
	deleted:    clips/artworks/big/1193.swf
	deleted:    clips/artworks/big/1194.swf
	deleted:    clips/artworks/big/1195.swf
	deleted:    clips/artworks/big/1196.swf
	deleted:    clips/artworks/big/1197.swf
	deleted:    clips/artworks/big/1198.swf
	deleted:    clips/artworks/big/1199.swf
	deleted:    clips/artworks/big/120.swf
	deleted:    clips/artworks/big/1201.swf
	deleted:    clips/artworks/big/1202.swf
	deleted:    clips/artworks/big/1203.swf
	deleted:    clips/artworks/big/1204.swf
	deleted:    clips/artworks/big/1205.swf
	deleted:    clips/artworks/big/1206.swf
	deleted:    clips/artworks/big/1207.swf
	deleted:    clips/artworks/big/1209.swf
	deleted:    clips/artworks/big/121.swf
	deleted:    clips/artworks/big/1211.swf
	deleted:    clips/artworks/big/1212.swf
	deleted:    clips/artworks/big/1215.swf
	deleted:    clips/artworks/big/1216.swf
	deleted:    clips/artworks/big/1217.swf
	deleted:    clips/artworks/big/1218.swf
	deleted:    clips/artworks/big/1219.swf
	deleted:    clips/artworks/big/1220.swf
	deleted:    clips/artworks/big/1221.swf
	deleted:    clips/artworks/big/1222.swf
	deleted:    clips/artworks/big/1223.swf
	deleted:    clips/artworks/big/1226.swf
	deleted:    clips/artworks/big/1227.swf
	deleted:    clips/artworks/big/1228.swf
	deleted:    clips/artworks/big/1229.swf
	deleted:    clips/artworks/big/1230.swf
	deleted:    clips/artworks/big/1231.swf
	deleted:    clips/artworks/big/1232.swf
	deleted:    clips/artworks/big/1239.swf
	deleted:    clips/artworks/big/1240.swf
	deleted:    clips/artworks/big/1241.swf
	deleted:    clips/artworks/big/1242.swf
	deleted:    clips/artworks/big/1243.swf
	deleted:    clips/artworks/big/1244.swf
	deleted:    clips/artworks/big/1245.swf
	deleted:    clips/artworks/big/1246.swf
	deleted:    clips/artworks/big/1247.swf
	deleted:    clips/artworks/big/1248.swf
	deleted:    clips/artworks/big/1249.swf
	deleted:    clips/artworks/big/1250.swf
	deleted:    clips/artworks/big/1251.swf
	deleted:    clips/artworks/big/1252.swf
	deleted:    clips/artworks/big/1253.swf
	deleted:    clips/artworks/big/1254.swf
	deleted:    clips/artworks/big/1256.swf
	deleted:    clips/artworks/big/1257.swf
	deleted:    clips/artworks/big/1258.swf
	deleted:    clips/artworks/big/1259.swf
	deleted:    clips/artworks/big/1260.swf
	deleted:    clips/artworks/big/1261.swf
	deleted:    clips/artworks/big/1262.swf
	deleted:    clips/artworks/big/1263.swf
	deleted:    clips/artworks/big/1264.swf
	deleted:    clips/artworks/big/1265.swf
	deleted:    clips/artworks/big/1266.swf
	deleted:    clips/artworks/big/1267.swf
	deleted:    clips/artworks/big/1268.swf
	deleted:    clips/artworks/big/1269.swf
	deleted:    clips/artworks/big/1270.swf
	deleted:    clips/artworks/big/1271.swf
	deleted:    clips/artworks/big/1273.swf
	deleted:    clips/artworks/big/1274.swf
	deleted:    clips/artworks/big/1275.swf
	deleted:    clips/artworks/big/1276.swf
	deleted:    clips/artworks/big/1278.swf
	deleted:    clips/artworks/big/1279.swf
	deleted:    clips/artworks/big/1280.swf
	deleted:    clips/artworks/big/1281.swf
	deleted:    clips/artworks/big/1282.swf
	deleted:    clips/artworks/big/1283.swf
	deleted:    clips/artworks/big/1284.swf
	deleted:    clips/artworks/big/1285.swf
	deleted:    clips/artworks/big/1286.swf
	deleted:    clips/artworks/big/1287.swf
	deleted:    clips/artworks/big/1288.swf
	deleted:    clips/artworks/big/1289.swf
	deleted:    clips/artworks/big/1290.swf
	deleted:    clips/artworks/big/1291.swf
	deleted:    clips/artworks/big/1292.swf
	deleted:    clips/artworks/big/1293.swf
	deleted:    clips/artworks/big/1294.swf
	deleted:    clips/artworks/big/1295.swf
	deleted:    clips/artworks/big/1296.swf
	deleted:    clips/artworks/big/1297.swf
	deleted:    clips/artworks/big/1298.swf
	deleted:    clips/artworks/big/1299.swf
	deleted:    clips/artworks/big/1300.swf
	deleted:    clips/artworks/big/1301.swf
	deleted:    clips/artworks/big/1302.swf
	deleted:    clips/artworks/big/1303.swf
	deleted:    clips/artworks/big/1304.swf
	deleted:    clips/artworks/big/1305.swf
	deleted:    clips/artworks/big/1306.swf
	deleted:    clips/artworks/big/1307.swf
	deleted:    clips/artworks/big/1308.swf
	deleted:    clips/artworks/big/1309.swf
	deleted:    clips/artworks/big/1310.swf
	deleted:    clips/artworks/big/1311.swf
	deleted:    clips/artworks/big/1312.swf
	deleted:    clips/artworks/big/1313.swf
	deleted:    clips/artworks/big/1314.swf
	deleted:    clips/artworks/big/1315.swf
	deleted:    clips/artworks/big/1316.swf
	deleted:    clips/artworks/big/1317.swf
	deleted:    clips/artworks/big/1318.swf
	deleted:    clips/artworks/big/1321.swf
	deleted:    clips/artworks/big/1322.swf
	deleted:    clips/artworks/big/1324.swf
	deleted:    clips/artworks/big/1325.swf
	deleted:    clips/artworks/big/1326.swf
	deleted:    clips/artworks/big/1327.swf
	deleted:    clips/artworks/big/1328.swf
	deleted:    clips/artworks/big/1330.swf
	deleted:    clips/artworks/big/1333.swf
	deleted:    clips/artworks/big/1334.swf
	deleted:    clips/artworks/big/1335.swf
	deleted:    clips/artworks/big/1336.swf
	deleted:    clips/artworks/big/1337.swf
	deleted:    clips/artworks/big/1338.swf
	deleted:    clips/artworks/big/1339.swf
	deleted:    clips/artworks/big/1340.swf
	deleted:    clips/artworks/big/1341.swf
	deleted:    clips/artworks/big/1342.swf
	deleted:    clips/artworks/big/1347.swf
	deleted:    clips/artworks/big/1348.swf
	deleted:    clips/artworks/big/1349.swf
	deleted:    clips/artworks/big/1351.swf
	deleted:    clips/artworks/big/1354.swf
	deleted:    clips/artworks/big/1355.swf
	deleted:    clips/artworks/big/1356.swf
	deleted:    clips/artworks/big/1357.swf
	deleted:    clips/artworks/big/1358.swf
	deleted:    clips/artworks/big/1359.swf
	deleted:    clips/artworks/big/1361.swf
	deleted:    clips/artworks/big/1362.swf
	deleted:    clips/artworks/big/1363.swf
	deleted:    clips/artworks/big/1364.swf
	deleted:    clips/artworks/big/1365.swf
	deleted:    clips/artworks/big/1366.swf
	deleted:    clips/artworks/big/1367.swf
	deleted:    clips/artworks/big/1368.swf
	deleted:    clips/artworks/big/1369.swf
	deleted:    clips/artworks/big/1372.swf
	deleted:    clips/artworks/big/1373.swf
	deleted:    clips/artworks/big/1374.swf
	deleted:    clips/artworks/big/1375.swf
	deleted:    clips/artworks/big/1376.swf
	deleted:    clips/artworks/big/1377.swf
	deleted:    clips/artworks/big/1379.swf
	deleted:    clips/artworks/big/1380.swf
	deleted:    clips/artworks/big/1381.swf
	deleted:    clips/artworks/big/1382.swf
	deleted:    clips/artworks/big/1383.swf
	deleted:    clips/artworks/big/1384.swf
	deleted:    clips/artworks/big/1385.swf
	deleted:    clips/artworks/big/1386.swf
	deleted:    clips/artworks/big/1387.swf
	deleted:    clips/artworks/big/1388.swf
	deleted:    clips/artworks/big/1389.swf
	deleted:    clips/artworks/big/1390.swf
	deleted:    clips/artworks/big/1391.swf
	deleted:    clips/artworks/big/1392.swf
	deleted:    clips/artworks/big/1393.swf
	deleted:    clips/artworks/big/1394.swf
	deleted:    clips/artworks/big/1395.swf
	deleted:    clips/artworks/big/1396.swf
	deleted:    clips/artworks/big/1397.swf
	deleted:    clips/artworks/big/1398.swf
	deleted:    clips/artworks/big/1399.swf
	deleted:    clips/artworks/big/1400.swf
	deleted:    clips/artworks/big/1401.swf
	deleted:    clips/artworks/big/1402.swf
	deleted:    clips/artworks/big/1403.swf
	deleted:    clips/artworks/big/1404.swf
	deleted:    clips/artworks/big/1405.swf
	deleted:    clips/artworks/big/1406.swf
	deleted:    clips/artworks/big/1407.swf
	deleted:    clips/artworks/big/1408.swf
	deleted:    clips/artworks/big/1409.swf
	deleted:    clips/artworks/big/1410.swf
	deleted:    clips/artworks/big/1411.swf
	deleted:    clips/artworks/big/1412.swf
	deleted:    clips/artworks/big/1413.swf
	deleted:    clips/artworks/big/1414.swf
	deleted:    clips/artworks/big/1415.swf
	deleted:    clips/artworks/big/1416.swf
	deleted:    clips/artworks/big/1417.swf
	deleted:    clips/artworks/big/1418.swf
	deleted:    clips/artworks/big/1419.swf
	deleted:    clips/artworks/big/1429.swf
	deleted:    clips/artworks/big/1430.swf
	deleted:    clips/artworks/big/1431.swf
	deleted:    clips/artworks/big/1432.swf
	deleted:    clips/artworks/big/1433.swf
	deleted:    clips/artworks/big/1434.swf
	deleted:    clips/artworks/big/1436.swf
	deleted:    clips/artworks/big/1439.swf
	deleted:    clips/artworks/big/1440.swf
	deleted:    clips/artworks/big/1442.swf
	deleted:    clips/artworks/big/1444.swf
	deleted:    clips/artworks/big/1445.swf
	deleted:    clips/artworks/big/1446.swf
	deleted:    clips/artworks/big/1447.swf
	deleted:    clips/artworks/big/1448.swf
	deleted:    clips/artworks/big/1449.swf
	deleted:    clips/artworks/big/1450.swf
	deleted:    clips/artworks/big/1451.swf
	deleted:    clips/artworks/big/1452.swf
	deleted:    clips/artworks/big/1453.swf
	deleted:    clips/artworks/big/1454.swf
	deleted:    clips/artworks/big/1455.swf
	deleted:    clips/artworks/big/1456.swf
	deleted:    clips/artworks/big/1458.swf
	deleted:    clips/artworks/big/1459.swf
	deleted:    clips/artworks/big/1462.swf
	deleted:    clips/artworks/big/1472.swf
	deleted:    clips/artworks/big/1474.swf
	deleted:    clips/artworks/big/1475.swf
	deleted:    clips/artworks/big/1480.swf
	deleted:    clips/artworks/big/1481.swf
	deleted:    clips/artworks/big/1482.swf
	deleted:    clips/artworks/big/1483.swf
	deleted:    clips/artworks/big/1484.swf
	deleted:    clips/artworks/big/1485.swf
	deleted:    clips/artworks/big/1486.swf
	deleted:    clips/artworks/big/1487.swf
	deleted:    clips/artworks/big/1488.swf
	deleted:    clips/artworks/big/1492.swf
	deleted:    clips/artworks/big/1495.swf
	deleted:    clips/artworks/big/1499.swf
	deleted:    clips/artworks/big/1501.swf
	deleted:    clips/artworks/big/1502.swf
	deleted:    clips/artworks/big/1503.swf
	deleted:    clips/artworks/big/1504.swf
	deleted:    clips/artworks/big/1505.swf
	deleted:    clips/artworks/big/1506.swf
	deleted:    clips/artworks/big/1509.swf
	deleted:    clips/artworks/big/1510.swf
	deleted:    clips/artworks/big/1511.swf
	deleted:    clips/artworks/big/1513.swf
	deleted:    clips/artworks/big/1514.swf
	deleted:    clips/artworks/big/1515.swf
	deleted:    clips/artworks/big/1516.swf
	deleted:    clips/artworks/big/1517.swf
	deleted:    clips/artworks/big/1518.swf
	deleted:    clips/artworks/big/1519.swf
	deleted:    clips/artworks/big/1520.swf
	deleted:    clips/artworks/big/1521.swf
	deleted:    clips/artworks/big/1522.swf
	deleted:    clips/artworks/big/1523.swf
	deleted:    clips/artworks/big/1528.swf
	deleted:    clips/artworks/big/1531.swf
	deleted:    clips/artworks/big/1534.swf
	deleted:    clips/artworks/big/1535.swf
	deleted:    clips/artworks/big/1536.swf
	deleted:    clips/artworks/big/1537.swf
	deleted:    clips/artworks/big/1538.swf
	deleted:    clips/artworks/big/1539.swf
	deleted:    clips/artworks/big/1541.swf
	deleted:    clips/artworks/big/1544.swf
	deleted:    clips/artworks/big/1546.swf
	deleted:    clips/artworks/big/1551.swf
	deleted:    clips/artworks/big/1557.swf
	deleted:    clips/artworks/big/1558.swf
	deleted:    clips/artworks/big/1560.swf
	deleted:    clips/artworks/big/1561.swf
	deleted:    clips/artworks/big/1562.swf
	deleted:    clips/artworks/big/1563.swf
	deleted:    clips/artworks/big/1564.swf
	deleted:    clips/artworks/big/1565.swf
	deleted:    clips/artworks/big/1566.swf
	deleted:    clips/artworks/big/1567.swf
	deleted:    clips/artworks/big/1568.swf
	deleted:    clips/artworks/big/1569.swf
	deleted:    clips/artworks/big/1570.swf
	deleted:    clips/artworks/big/1571.swf
	deleted:    clips/artworks/big/1572.swf
	deleted:    clips/artworks/big/1573.swf
	deleted:    clips/artworks/big/1574.swf
	deleted:    clips/artworks/big/1581.swf
	deleted:    clips/artworks/big/1584.swf
	deleted:    clips/artworks/big/1585.swf
	deleted:    clips/artworks/big/1586.swf
	deleted:    clips/artworks/big/1587.swf
	deleted:    clips/artworks/big/1591.swf
	deleted:    clips/artworks/big/1592.swf
	deleted:    clips/artworks/big/1593.swf
	deleted:    clips/artworks/big/1594.swf
	deleted:    clips/artworks/big/1595.swf
	deleted:    clips/artworks/big/1596.swf
	deleted:    clips/artworks/big/1597.swf
	deleted:    clips/artworks/big/1598.swf
	deleted:    clips/artworks/big/1599.swf
	deleted:    clips/artworks/big/1600.swf
	deleted:    clips/artworks/big/1601.swf
	deleted:    clips/artworks/big/1602.swf
	deleted:    clips/artworks/big/1603.swf
	deleted:    clips/artworks/big/1604.swf
	deleted:    clips/artworks/big/1605.swf
	deleted:    clips/artworks/big/1606.swf
	deleted:    clips/artworks/big/1607.swf
	deleted:    clips/artworks/big/1608.swf
	deleted:    clips/artworks/big/1609.swf
	deleted:    clips/artworks/big/1610.swf
	deleted:    clips/artworks/big/1611.swf
	deleted:    clips/artworks/big/1612.swf
	deleted:    clips/artworks/big/1613.swf
	deleted:    clips/artworks/big/1614.swf
	deleted:    clips/artworks/big/1615.swf
	deleted:    clips/artworks/big/1616.swf
	deleted:    clips/artworks/big/1617.swf
	deleted:    clips/artworks/big/1618.swf
	deleted:    clips/artworks/big/1619.swf
	deleted:    clips/artworks/big/1620.swf
	deleted:    clips/artworks/big/1621.swf
	deleted:    clips/artworks/big/1622.swf
	deleted:    clips/artworks/big/1623.swf
	deleted:    clips/artworks/big/1624.swf
	deleted:    clips/artworks/big/1625.swf
	deleted:    clips/artworks/big/1626.swf
	deleted:    clips/artworks/big/1628.swf
	deleted:    clips/artworks/big/1629.swf
	deleted:    clips/artworks/big/1630.swf
	deleted:    clips/artworks/big/1631.swf
	deleted:    clips/artworks/big/1632.swf
	deleted:    clips/artworks/big/1633.swf
	deleted:    clips/artworks/big/1634.swf
	deleted:    clips/artworks/big/1635.swf
	deleted:    clips/artworks/big/1636.swf
	deleted:    clips/artworks/big/1638.swf
	deleted:    clips/artworks/big/1639.swf
	deleted:    clips/artworks/big/1640.swf
	deleted:    clips/artworks/big/1641.swf
	deleted:    clips/artworks/big/1642.swf
	deleted:    clips/artworks/big/1643.swf
	deleted:    clips/artworks/big/1644.swf
	deleted:    clips/artworks/big/1645.swf
	deleted:    clips/artworks/big/1647.swf
	deleted:    clips/artworks/big/1652.swf
	deleted:    clips/artworks/big/1653.swf
	deleted:    clips/artworks/big/1654.swf
	deleted:    clips/artworks/big/1655.swf
	deleted:    clips/artworks/big/1656.swf
	deleted:    clips/artworks/big/1657.swf
	deleted:    clips/artworks/big/1664.swf
	deleted:    clips/artworks/big/1665.swf
	deleted:    clips/artworks/big/1700.swf
	deleted:    clips/artworks/big/1701.swf
	deleted:    clips/artworks/big/1702.swf
	deleted:    clips/artworks/big/1703.swf
	deleted:    clips/artworks/big/1704.swf
	deleted:    clips/artworks/big/1718.swf
	deleted:    clips/artworks/big/1719.swf
	deleted:    clips/artworks/big/1720.swf
	deleted:    clips/artworks/big/1721.swf
	deleted:    clips/artworks/big/1722.swf
	deleted:    clips/artworks/big/1723.swf
	deleted:    clips/artworks/big/1724.swf
	deleted:    clips/artworks/big/1725.swf
	deleted:    clips/artworks/big/1726.swf
	deleted:    clips/artworks/big/1727.swf
	deleted:    clips/artworks/big/1728.swf
	deleted:    clips/artworks/big/1729.swf
	deleted:    clips/artworks/big/1730.swf
	deleted:    clips/artworks/big/1987.swf
	deleted:    clips/artworks/big/20.swf
	deleted:    clips/artworks/big/21.swf
	deleted:    clips/artworks/big/30.swf
	deleted:    clips/artworks/big/31.swf
	deleted:    clips/artworks/big/40.swf
	deleted:    clips/artworks/big/41.swf
	deleted:    clips/artworks/big/50.swf
	deleted:    clips/artworks/big/51.swf
	deleted:    clips/artworks/big/60.swf
	deleted:    clips/artworks/big/6000.swf
	deleted:    clips/artworks/big/61.swf
	deleted:    clips/artworks/big/70.swf
	deleted:    clips/artworks/big/71.swf
	deleted:    clips/artworks/big/80.swf
	deleted:    clips/artworks/big/8000.swf
	deleted:    clips/artworks/big/8001.swf
	deleted:    clips/artworks/big/8003.swf
	deleted:    clips/artworks/big/8007.swf
	deleted:    clips/artworks/big/8008.swf
	deleted:    clips/artworks/big/8010.swf
	deleted:    clips/artworks/big/8011.swf
	deleted:    clips/artworks/big/8013.swf
	deleted:    clips/artworks/big/8014.swf
	deleted:    clips/artworks/big/8015.swf
	deleted:    clips/artworks/big/8016.swf
	deleted:    clips/artworks/big/8017.swf
	deleted:    clips/artworks/big/8018.swf
	deleted:    clips/artworks/big/8023.swf
	deleted:    clips/artworks/big/8032.swf
	deleted:    clips/artworks/big/8033.swf
	deleted:    clips/artworks/big/8034.swf
	deleted:    clips/artworks/big/8035.swf
	deleted:    clips/artworks/big/8036.swf
	deleted:    clips/artworks/big/81.swf
	deleted:    clips/artworks/big/8811.swf
	deleted:    clips/artworks/big/884.swf
	deleted:    clips/artworks/big/90.swf
	deleted:    clips/artworks/big/9000.swf
	deleted:    clips/artworks/big/9001.swf
	deleted:    clips/artworks/big/9003.swf
	deleted:    clips/artworks/big/9004.swf
	deleted:    clips/artworks/big/9005.swf
	deleted:    clips/artworks/big/9006.swf
	deleted:    clips/artworks/big/9007.swf
	deleted:    clips/artworks/big/9008.swf
	deleted:    clips/artworks/big/9009.swf
	deleted:    clips/artworks/big/9010.swf
	deleted:    clips/artworks/big/9011.swf
	deleted:    clips/artworks/big/9012.swf
	deleted:    clips/artworks/big/9013.swf
	deleted:    clips/artworks/big/9014.swf
	deleted:    clips/artworks/big/9015.swf
	deleted:    clips/artworks/big/9016.swf
	deleted:    clips/artworks/big/9017.swf
	deleted:    clips/artworks/big/9019.swf
	deleted:    clips/artworks/big/9020.swf
	deleted:    clips/artworks/big/9021.swf
	deleted:    clips/artworks/big/9022.swf
	deleted:    clips/artworks/big/9023.swf
	deleted:    clips/artworks/big/9024.swf
	deleted:    clips/artworks/big/9025.swf
	deleted:    clips/artworks/big/9026.swf
	deleted:    clips/artworks/big/9027.swf
	deleted:    clips/artworks/big/9028.swf
	deleted:    clips/artworks/big/9029.swf
	deleted:    clips/artworks/big/9030.swf
	deleted:    clips/artworks/big/9031.swf
	deleted:    clips/artworks/big/9032.swf
	deleted:    clips/artworks/big/9033.swf
	deleted:    clips/artworks/big/9034.swf
	deleted:    clips/artworks/big/9035.swf
	deleted:    clips/artworks/big/9036.swf
	deleted:    clips/artworks/big/9037.swf
	deleted:    clips/artworks/big/9038.swf
	deleted:    clips/artworks/big/9039.swf
	deleted:    clips/artworks/big/9040.swf
	deleted:    clips/artworks/big/9041.swf
	deleted:    clips/artworks/big/9042.swf
	deleted:    clips/artworks/big/9043.swf
	deleted:    clips/artworks/big/9044.swf
	deleted:    clips/artworks/big/9045.swf
	deleted:    clips/artworks/big/9046.swf
	deleted:    clips/artworks/big/9047.swf
	deleted:    clips/artworks/big/9048.swf
	deleted:    clips/artworks/big/9049.swf
	deleted:    clips/artworks/big/9050.swf
	deleted:    clips/artworks/big/9051.swf
	deleted:    clips/artworks/big/9052.swf
	deleted:    clips/artworks/big/9053.swf
	deleted:    clips/artworks/big/9054.swf
	deleted:    clips/artworks/big/9055.swf
	deleted:    clips/artworks/big/9056.swf
	deleted:    clips/artworks/big/9057.swf
	deleted:    clips/artworks/big/9058.swf
	deleted:    clips/artworks/big/9059.swf
	deleted:    clips/artworks/big/9060.swf
	deleted:    clips/artworks/big/9061.swf
	deleted:    clips/artworks/big/9062.swf
	deleted:    clips/artworks/big/9063.swf
	deleted:    clips/artworks/big/9064.swf
	deleted:    clips/artworks/big/9065.swf
	deleted:    clips/artworks/big/9066.swf
	deleted:    clips/artworks/big/9067.swf
	deleted:    clips/artworks/big/9068.swf
	deleted:    clips/artworks/big/9069.swf
	deleted:    clips/artworks/big/9070.swf
	deleted:    clips/artworks/big/9071.swf
	deleted:    clips/artworks/big/9073.swf
	deleted:    clips/artworks/big/9075.swf
	deleted:    clips/artworks/big/9076.swf
	deleted:    clips/artworks/big/9078.swf
	deleted:    clips/artworks/big/9079.swf
	deleted:    clips/artworks/big/9083.swf
	deleted:    clips/artworks/big/9085.swf
	deleted:    clips/artworks/big/9086.swf
	deleted:    clips/artworks/big/9087.swf
	deleted:    clips/artworks/big/9088.swf
	deleted:    clips/artworks/big/9089.swf
	deleted:    clips/artworks/big/9090.swf
	deleted:    clips/artworks/big/9091.swf
	deleted:    clips/artworks/big/9092.swf
	deleted:    clips/artworks/big/9093.swf
	deleted:    clips/artworks/big/9094.swf
	deleted:    clips/artworks/big/9095.swf
	deleted:    clips/artworks/big/9096.swf
	deleted:    clips/artworks/big/9097.swf
	deleted:    clips/artworks/big/9098.swf
	deleted:    clips/artworks/big/9099.swf
	deleted:    clips/artworks/big/91.swf
	deleted:    clips/artworks/big/9100.swf
	deleted:    clips/artworks/big/9101.swf
	deleted:    clips/artworks/big/9102.swf
	deleted:    clips/artworks/big/9103.swf
	deleted:    clips/artworks/big/9104.swf
	deleted:    clips/artworks/big/9105.swf
	deleted:    clips/artworks/big/9200.swf
	deleted:    clips/artworks/big/9202.swf
	deleted:    clips/artworks/big/9203.swf
	deleted:    clips/artworks/big/9204.swf
	deleted:    clips/artworks/big/9205.swf
	deleted:    clips/artworks/big/9206.swf
	deleted:    clips/artworks/big/9210.swf
	deleted:    clips/artworks/big/9211.swf
	deleted:    clips/artworks/big/9212.swf
	deleted:    clips/artworks/big/9213.swf
	deleted:    clips/artworks/big/9214.swf
	deleted:    clips/artworks/big/9215.swf
	deleted:    clips/artworks/big/9218.swf
	deleted:    clips/artworks/big/9219.swf
	deleted:    clips/artworks/big/9220.swf
	deleted:    clips/artworks/big/9221.swf
	deleted:    clips/artworks/big/9224.swf
	deleted:    clips/artworks/big/9225.swf
	deleted:    clips/artworks/big/9226.swf
	deleted:    clips/artworks/big/9227.swf
	deleted:    clips/artworks/big/9228.swf
	deleted:    clips/artworks/big/9229.swf
	deleted:    clips/artworks/big/9230.swf
	deleted:    clips/artworks/big/9231.swf
	deleted:    clips/artworks/big/9232.swf
	deleted:    clips/artworks/big/9233.swf
	deleted:    clips/artworks/big/9234.swf
	deleted:    clips/artworks/big/9235.swf
	deleted:    clips/artworks/big/9236.swf
	deleted:    clips/artworks/big/9237.swf
	deleted:    clips/artworks/big/9238.swf
	deleted:    clips/artworks/big/9239.swf
	deleted:    clips/artworks/big/9240.swf
	deleted:    clips/artworks/big/9241.swf
	deleted:    clips/artworks/big/9242.swf
	deleted:    clips/artworks/big/9243.swf
	deleted:    clips/artworks/big/9244.swf
	deleted:    clips/artworks/big/9245.swf
	deleted:    clips/artworks/big/9246.swf
	deleted:    clips/artworks/big/9247.swf
	deleted:    clips/artworks/big/9248.swf
	deleted:    clips/artworks/big/9249.swf
	deleted:    clips/artworks/big/9250.swf
	deleted:    clips/artworks/big/9251.swf
	deleted:    clips/artworks/big/9252.swf
	deleted:    clips/artworks/big/9253.swf
	deleted:    clips/artworks/big/9254.swf
	deleted:    clips/artworks/big/9255.swf
	deleted:    clips/artworks/big/9256.swf
	deleted:    clips/artworks/big/9257.swf
	deleted:    clips/artworks/big/9258.swf
	deleted:    clips/artworks/big/9259.swf
	deleted:    clips/artworks/big/9260.swf
	deleted:    clips/artworks/big/9261.swf
	deleted:    clips/artworks/big/9262.swf
	deleted:    clips/artworks/big/9263.swf
	deleted:    clips/artworks/big/9264.swf
	deleted:    clips/artworks/big/9265.swf
	deleted:    clips/artworks/big/9266.swf
	deleted:    clips/artworks/big/9267.swf
	deleted:    clips/artworks/big/9268.swf
	deleted:    clips/artworks/big/9269.swf
	deleted:    clips/artworks/big/9270.swf
	deleted:    clips/artworks/big/9271.swf
	deleted:    clips/artworks/big/9276.swf
	deleted:    clips/artworks/big/9280.swf
	deleted:    clips/artworks/big/9284.swf
	deleted:    clips/artworks/big/9285.swf
	deleted:    clips/artworks/big/9286.swf
	deleted:    clips/artworks/big/9568.swf
	deleted:    clips/artworks/big/9569.swf
	deleted:    clips/artworks/big/9570.swf
	deleted:    clips/artworks/big/9571.swf
	deleted:    clips/artworks/big/9572.swf
	deleted:    clips/artworks/big/9573.swf
	deleted:    clips/artworks/big/9574.swf
	deleted:    clips/artworks/breeds/1.swf
	deleted:    clips/artworks/breeds/10.swf
	deleted:    clips/artworks/breeds/11.swf
	deleted:    clips/artworks/breeds/12.swf
	deleted:    clips/artworks/breeds/2.swf
	deleted:    clips/artworks/breeds/3.swf
	deleted:    clips/artworks/breeds/4.swf
	deleted:    clips/artworks/breeds/5.swf
	deleted:    clips/artworks/breeds/6.swf
	deleted:    clips/artworks/breeds/7.swf
	deleted:    clips/artworks/breeds/8.swf
	deleted:    clips/artworks/breeds/9.swf
	deleted:    clips/artworks/breeds/back/1.swf
	deleted:    clips/artworks/breeds/back/10.swf
	deleted:    clips/artworks/breeds/back/11.swf
	deleted:    clips/artworks/breeds/back/12.swf
	deleted:    clips/artworks/breeds/back/2.swf
	deleted:    clips/artworks/breeds/back/3.swf
	deleted:    clips/artworks/breeds/back/4.swf
	deleted:    clips/artworks/breeds/back/5.swf
	deleted:    clips/artworks/breeds/back/6.swf
	deleted:    clips/artworks/breeds/back/7.swf
	deleted:    clips/artworks/breeds/back/8.swf
	deleted:    clips/artworks/breeds/back/9.swf
	deleted:    clips/artworks/breeds/slide/10.swf
	deleted:    clips/artworks/breeds/slide/100.swf
	deleted:    clips/artworks/breeds/slide/101.swf
	deleted:    clips/artworks/breeds/slide/11.swf
	deleted:    clips/artworks/breeds/slide/110.swf
	deleted:    clips/artworks/breeds/slide/111.swf
	deleted:    clips/artworks/breeds/slide/120.swf
	deleted:    clips/artworks/breeds/slide/121.swf
	deleted:    clips/artworks/breeds/slide/20.swf
	deleted:    clips/artworks/breeds/slide/21.swf
	deleted:    clips/artworks/breeds/slide/30.swf
	deleted:    clips/artworks/breeds/slide/31.swf
	deleted:    clips/artworks/breeds/slide/40.swf
	deleted:    clips/artworks/breeds/slide/41.swf
	deleted:    clips/artworks/breeds/slide/50.swf
	deleted:    clips/artworks/breeds/slide/51.swf
	deleted:    clips/artworks/breeds/slide/60.swf
	deleted:    clips/artworks/breeds/slide/61.swf
	deleted:    clips/artworks/breeds/slide/70.swf
	deleted:    clips/artworks/breeds/slide/71.swf
	deleted:    clips/artworks/breeds/slide/80.swf
	deleted:    clips/artworks/breeds/slide/81.swf
	deleted:    clips/artworks/breeds/slide/90.swf
	deleted:    clips/artworks/breeds/slide/91.swf
	deleted:    clips/artworks/faces/10.swf
	deleted:    clips/artworks/faces/100.swf
	deleted:    clips/artworks/faces/1001.swf
	deleted:    clips/artworks/faces/101.swf
	deleted:    clips/artworks/faces/1010.swf
	deleted:    clips/artworks/faces/11.swf
	deleted:    clips/artworks/faces/110.swf
	deleted:    clips/artworks/faces/111.swf
	deleted:    clips/artworks/faces/1186.swf
	deleted:    clips/artworks/faces/120.swf
	deleted:    clips/artworks/faces/121.swf
	deleted:    clips/artworks/faces/1242.swf
	deleted:    clips/artworks/faces/1450.swf
	deleted:    clips/artworks/faces/1457.swf
	deleted:    clips/artworks/faces/1700.swf
	deleted:    clips/artworks/faces/1701.swf
	deleted:    clips/artworks/faces/1702.swf
	deleted:    clips/artworks/faces/1703.swf
	deleted:    clips/artworks/faces/1704.swf
	deleted:    clips/artworks/faces/1987.swf
	deleted:    clips/artworks/faces/20.swf
	deleted:    clips/artworks/faces/21.swf
	deleted:    clips/artworks/faces/30.swf
	deleted:    clips/artworks/faces/31.swf
	deleted:    clips/artworks/faces/40.swf
	deleted:    clips/artworks/faces/41.swf
	deleted:    clips/artworks/faces/50.swf
	deleted:    clips/artworks/faces/51.swf
	deleted:    clips/artworks/faces/60.swf
	deleted:    clips/artworks/faces/61.swf
	deleted:    clips/artworks/faces/70.swf
	deleted:    clips/artworks/faces/71.swf
	deleted:    clips/artworks/faces/80.swf
	deleted:    clips/artworks/faces/8000.swf
	deleted:    clips/artworks/faces/8001.swf
	deleted:    clips/artworks/faces/8003.swf
	deleted:    clips/artworks/faces/8004.swf
	deleted:    clips/artworks/faces/8032.swf
	deleted:    clips/artworks/faces/8033.swf
	deleted:    clips/artworks/faces/8034.swf
	deleted:    clips/artworks/faces/8035.swf
	deleted:    clips/artworks/faces/81.swf
	deleted:    clips/artworks/faces/90.swf
	deleted:    clips/artworks/faces/9059.swf
	deleted:    clips/artworks/faces/9098.swf
	deleted:    clips/artworks/faces/91.swf
	deleted:    clips/artworks/faces/9224.swf
	deleted:    clips/artworks/faces/9225.swf
	deleted:    clips/artworks/faces/9226.swf
	deleted:    clips/artworks/faces/9227.swf
	deleted:    clips/artworks/faces/9228.swf
	deleted:    clips/artworks/faces/9229.swf
	deleted:    clips/artworks/faces/9230.swf
	deleted:    clips/artworks/faces/9231.swf
	deleted:    clips/artworks/faces/9232.swf
	deleted:    clips/artworks/faces/9233.swf
	deleted:    clips/artworks/faces/9234.swf
	deleted:    clips/artworks/faces/9235.swf
	deleted:    clips/artworks/faces/9236.swf
	deleted:    clips/artworks/faces/9237.swf
	deleted:    clips/artworks/faces/9238.swf
	deleted:    clips/artworks/faces/9239.swf
	deleted:    clips/artworks/faces/9240.swf
	deleted:    clips/artworks/faces/9241.swf
	deleted:    clips/artworks/faces/9242.swf
	deleted:    clips/artworks/faces/9243.swf
	deleted:    clips/artworks/faces/9244.swf
	deleted:    clips/artworks/faces/9245.swf
	deleted:    clips/artworks/faces/9246.swf
	deleted:    clips/artworks/faces/9247.swf
	deleted:    clips/artworks/faces/9248.swf
	deleted:    clips/artworks/faces/9249.swf
	deleted:    clips/artworks/faces/9250.swf
	deleted:    clips/artworks/faces/9251.swf
	deleted:    clips/artworks/faces/9252.swf
	deleted:    clips/artworks/faces/9253.swf
	deleted:    clips/artworks/faces/9254.swf
	deleted:    clips/artworks/faces/9255.swf
	deleted:    clips/artworks/faces/9256.swf
	deleted:    clips/artworks/faces/9257.swf
	deleted:    clips/artworks/faces/9258.swf
	deleted:    clips/artworks/faces/9259.swf
	deleted:    clips/artworks/faces/9260.swf
	deleted:    clips/artworks/faces/9261.swf
	deleted:    clips/artworks/faces/9262.swf
	deleted:    clips/artworks/faces/9263.swf
	deleted:    clips/artworks/faces/9264.swf
	deleted:    clips/artworks/faces/9265.swf
	deleted:    clips/artworks/faces/9266.swf
	deleted:    clips/artworks/faces/9267.swf
	deleted:    clips/artworks/faces/9268.swf
	deleted:    clips/artworks/faces/9269.swf
	deleted:    clips/artworks/faces/9270.swf
	deleted:    clips/artworks/faces/9271.swf
	deleted:    clips/artworks/faces/9280.swf
	deleted:    clips/artworks/illu/gameover.swf
	deleted:    clips/artworks/mini/10.swf
	deleted:    clips/artworks/mini/100.swf
	deleted:    clips/artworks/mini/1001.swf
	deleted:    clips/artworks/mini/101.swf
	deleted:    clips/artworks/mini/11.swf
	deleted:    clips/artworks/mini/110.swf
	deleted:    clips/artworks/mini/111.swf
	deleted:    clips/artworks/mini/1169.swf
	deleted:    clips/artworks/mini/120.swf
	deleted:    clips/artworks/mini/1208.swf
	deleted:    clips/artworks/mini/121.swf
	deleted:    clips/artworks/mini/1300.swf
	deleted:    clips/artworks/mini/1457.swf
	deleted:    clips/artworks/mini/1700.swf
	deleted:    clips/artworks/mini/1701.swf
	deleted:    clips/artworks/mini/1702.swf
	deleted:    clips/artworks/mini/1703.swf
	deleted:    clips/artworks/mini/1704.swf
	deleted:    clips/artworks/mini/1987.swf
	deleted:    clips/artworks/mini/20.swf
	deleted:    clips/artworks/mini/21.swf
	deleted:    clips/artworks/mini/30.swf
	deleted:    clips/artworks/mini/31.swf
	deleted:    clips/artworks/mini/40.swf
	deleted:    clips/artworks/mini/41.swf
	deleted:    clips/artworks/mini/50.swf
	deleted:    clips/artworks/mini/51.swf
	deleted:    clips/artworks/mini/60.swf
	deleted:    clips/artworks/mini/61.swf
	deleted:    clips/artworks/mini/70.swf
	deleted:    clips/artworks/mini/7002.swf
	deleted:    clips/artworks/mini/7005.swf
	deleted:    clips/artworks/mini/71.swf
	deleted:    clips/artworks/mini/80.swf
	deleted:    clips/artworks/mini/8000.swf
	deleted:    clips/artworks/mini/8001.swf
	deleted:    clips/artworks/mini/8004.swf
	deleted:    clips/artworks/mini/8006.swf
	deleted:    clips/artworks/mini/8007.swf
	deleted:    clips/artworks/mini/8009.swf
	deleted:    clips/artworks/mini/8026.swf
	deleted:    clips/artworks/mini/8032.swf
	deleted:    clips/artworks/mini/8033.swf
	deleted:    clips/artworks/mini/8034.swf
	deleted:    clips/artworks/mini/8035.swf
	deleted:    clips/artworks/mini/8037.swf
	deleted:    clips/artworks/mini/81.swf
	deleted:    clips/artworks/mini/90.swf
	deleted:    clips/artworks/mini/9001.swf
	deleted:    clips/artworks/mini/9098.swf
	deleted:    clips/artworks/mini/91.swf
	deleted:    clips/artworks/mini/9224.swf
	deleted:    clips/artworks/mini/9225.swf
	deleted:    clips/artworks/mini/9226.swf
	deleted:    clips/artworks/mini/9227.swf
	deleted:    clips/artworks/mini/9228.swf
	deleted:    clips/artworks/mini/9229.swf
	deleted:    clips/artworks/mini/9230.swf
	deleted:    clips/artworks/mini/9231.swf
	deleted:    clips/artworks/mini/9232.swf
	deleted:    clips/artworks/mini/9233.swf
	deleted:    clips/artworks/mini/9234.swf
	deleted:    clips/artworks/mini/9235.swf
	deleted:    clips/artworks/mini/9236.swf
	deleted:    clips/artworks/mini/9237.swf
	deleted:    clips/artworks/mini/9238.swf
	deleted:    clips/artworks/mini/9239.swf
	deleted:    clips/artworks/mini/9240.swf
	deleted:    clips/artworks/mini/9241.swf
	deleted:    clips/artworks/mini/9242.swf
	deleted:    clips/artworks/mini/9243.swf
	deleted:    clips/artworks/mini/9244.swf
	deleted:    clips/artworks/mini/9245.swf
	deleted:    clips/artworks/mini/9246.swf
	deleted:    clips/artworks/mini/9247.swf
	deleted:    clips/artworks/mini/9248.swf
	deleted:    clips/artworks/mini/9249.swf
	deleted:    clips/artworks/mini/9250.swf
	deleted:    clips/artworks/mini/9251.swf
	deleted:    clips/artworks/mini/9252.swf
	deleted:    clips/artworks/mini/9253.swf
	deleted:    clips/artworks/mini/9254.swf
	deleted:    clips/artworks/mini/9255.swf
	deleted:    clips/artworks/mini/9256.swf
	deleted:    clips/artworks/mini/9257.swf
	deleted:    clips/artworks/mini/9258.swf
	deleted:    clips/artworks/mini/9259.swf
	deleted:    clips/artworks/mini/9260.swf
	deleted:    clips/artworks/mini/9261.swf
	deleted:    clips/artworks/mini/9262.swf
	deleted:    clips/artworks/mini/9263.swf
	deleted:    clips/artworks/mini/9264.swf
	deleted:    clips/artworks/mini/9265.swf
	deleted:    clips/artworks/mini/9266.swf
	deleted:    clips/artworks/mini/9267.swf
	deleted:    clips/artworks/mini/9268.swf
	deleted:    clips/artworks/mini/9269.swf
	deleted:    clips/artworks/mini/9270.swf
	deleted:    clips/artworks/mini/9271.swf
	deleted:    clips/artworks/mini/9280.swf
	deleted:    clips/artworks/mini/9281.swf
	deleted:    clips/artworks/servers/0.swf
	deleted:    clips/artworks/servers/1.swf
	deleted:    clips/artworks/servers/10.swf
	deleted:    clips/artworks/servers/1001.swf
	deleted:    clips/artworks/servers/11.swf
	deleted:    clips/artworks/servers/12.swf
	deleted:    clips/artworks/servers/13.swf
	deleted:    clips/artworks/servers/14.swf
	deleted:    clips/artworks/servers/15.swf
	deleted:    clips/artworks/servers/16.swf
	deleted:    clips/artworks/servers/17.swf
	deleted:    clips/artworks/servers/18.swf
	deleted:    clips/artworks/servers/19.swf
	deleted:    clips/artworks/servers/2.swf
	deleted:    clips/artworks/servers/20.swf
	deleted:    clips/artworks/servers/21.swf
	deleted:    clips/artworks/servers/22.swf
	deleted:    clips/artworks/servers/23.swf
	deleted:    clips/artworks/servers/24.swf
	deleted:    clips/artworks/servers/25.swf
	deleted:    clips/artworks/servers/26.swf
	deleted:    clips/artworks/servers/27.swf
	deleted:    clips/artworks/servers/28.swf
	deleted:    clips/artworks/servers/29.swf
	deleted:    clips/artworks/servers/3.swf
	deleted:    clips/artworks/servers/30.swf
	deleted:    clips/artworks/servers/3001.swf
	deleted:    clips/artworks/servers/3002.swf
	deleted:    clips/artworks/servers/31.swf
	deleted:    clips/artworks/servers/32.swf
	deleted:    clips/artworks/servers/33.swf
	deleted:    clips/artworks/servers/34.swf
	deleted:    clips/artworks/servers/35.swf
	deleted:    clips/artworks/servers/36.swf
	deleted:    clips/artworks/servers/37.swf
	deleted:    clips/artworks/servers/38.swf
	deleted:    clips/artworks/servers/39.swf
	deleted:    clips/artworks/servers/4.swf
	deleted:    clips/artworks/servers/40.swf
	deleted:    clips/artworks/servers/4001.swf
	deleted:    clips/artworks/servers/4002.swf
	deleted:    clips/artworks/servers/4003.swf
	deleted:    clips/artworks/servers/4004.swf
	deleted:    clips/artworks/servers/4005.swf
	deleted:    clips/artworks/servers/4006.swf
	deleted:    clips/artworks/servers/4007.swf
	deleted:    clips/artworks/servers/4008.swf
	deleted:    clips/artworks/servers/41.swf
	deleted:    clips/artworks/servers/42.swf
	deleted:    clips/artworks/servers/43.swf
	deleted:    clips/artworks/servers/44.swf
	deleted:    clips/artworks/servers/45.swf
	deleted:    clips/artworks/servers/5.swf
	deleted:    clips/artworks/servers/6.swf
	deleted:    clips/artworks/servers/6001.swf
	deleted:    clips/artworks/servers/6002.swf
	deleted:    clips/artworks/servers/601.swf
	deleted:    clips/artworks/servers/602.swf
	deleted:    clips/artworks/servers/612.swf
	deleted:    clips/artworks/servers/613.swf
	deleted:    clips/artworks/servers/614.swf
	deleted:    clips/artworks/servers/627.swf
	deleted:    clips/artworks/servers/628.swf
	deleted:    clips/artworks/servers/629.swf
	deleted:    clips/artworks/servers/630.swf
	deleted:    clips/artworks/servers/631.swf
	deleted:    clips/artworks/servers/632.swf
	deleted:    clips/artworks/servers/633.swf
	deleted:    clips/artworks/servers/634.swf
	deleted:    clips/artworks/servers/635.swf
	deleted:    clips/artworks/servers/636.swf
	deleted:    clips/artworks/servers/637.swf
	deleted:    clips/artworks/servers/638.swf
	deleted:    clips/artworks/servers/639.swf
	deleted:    clips/artworks/servers/7.swf
	deleted:    clips/artworks/servers/7001.swf
	deleted:    clips/artworks/servers/8.swf
	deleted:    clips/artworks/servers/9.swf
	deleted:    clips/artworks/servers/9001.swf
	deleted:    clips/artworks/symbols/1.swf
	deleted:    clips/artworks/symbols/10.swf
	deleted:    clips/artworks/symbols/11.swf
	deleted:    clips/artworks/symbols/12.swf
	deleted:    clips/artworks/symbols/2.swf
	deleted:    clips/artworks/symbols/3.swf
	deleted:    clips/artworks/symbols/4.swf
	deleted:    clips/artworks/symbols/5.swf
	deleted:    clips/artworks/symbols/6.swf
	deleted:    clips/artworks/symbols/7.swf
	deleted:    clips/artworks/symbols/8.swf
	deleted:    clips/artworks/symbols/9.swf
	deleted:    clips/auras/1.swf
	deleted:    clips/auras/2.swf
	deleted:    clips/auras/3.swf
	deleted:    clips/cells.swf
	deleted:    clips/challenges/0.swf
	deleted:    clips/challenges/1.swf
	deleted:    clips/challenges/10.swf
	deleted:    clips/challenges/11.swf
	deleted:    clips/challenges/12.swf
	deleted:    clips/challenges/14.swf
	deleted:    clips/challenges/15.swf
	deleted:    clips/challenges/17.swf
	deleted:    clips/challenges/18.swf
	deleted:    clips/challenges/19.swf
	deleted:    clips/challenges/2.swf
	deleted:    clips/challenges/20.swf
	deleted:    clips/challenges/21.swf
	deleted:    clips/challenges/22.swf
	deleted:    clips/challenges/23.swf
	deleted:    clips/challenges/24.swf
	deleted:    clips/challenges/25.swf
	deleted:    clips/challenges/28.swf
	deleted:    clips/challenges/29.swf
	deleted:    clips/challenges/3.swf
	deleted:    clips/challenges/30.swf
	deleted:    clips/challenges/31.swf
	deleted:    clips/challenges/32.swf
	deleted:    clips/challenges/33.swf
	deleted:    clips/challenges/34.swf
	deleted:    clips/challenges/35.swf
	deleted:    clips/challenges/36.swf
	deleted:    clips/challenges/37.swf
	deleted:    clips/challenges/38.swf
	deleted:    clips/challenges/39.swf
	deleted:    clips/challenges/4.swf
	deleted:    clips/challenges/40.swf
	deleted:    clips/challenges/41.swf
	deleted:    clips/challenges/42.swf
	deleted:    clips/challenges/43.swf
	deleted:    clips/challenges/44.swf
	deleted:    clips/challenges/45.swf
	deleted:    clips/challenges/46.swf
	deleted:    clips/challenges/47.swf
	deleted:    clips/challenges/48.swf
	deleted:    clips/challenges/49.swf
	deleted:    clips/challenges/5.swf
	deleted:    clips/challenges/50.swf
	deleted:    clips/challenges/51.swf
	deleted:    clips/challenges/6.swf
	deleted:    clips/challenges/7.swf
	deleted:    clips/challenges/8.swf
	deleted:    clips/challenges/9.swf
	deleted:    clips/cinematics/1.swf
	deleted:    clips/cinematics/12.swf
	deleted:    clips/cinematics/2.swf
	deleted:    clips/cinematics/3.swf
	deleted:    clips/cinematics/4.swf
	deleted:    clips/cinematics/5.swf
	deleted:    clips/cinematics/6.swf
	deleted:    clips/cinematics/7.swf
	deleted:    clips/cinematics/8.swf
	deleted:    clips/cinematics/9.swf
	deleted:    clips/circle.swf
	deleted:    clips/crafter.swf
	deleted:    clips/defaultcc.swf
	deleted:    clips/demonangel.swf
	deleted:    clips/effectsicons.swf
	deleted:    clips/emblems/back/1.swf
	deleted:    clips/emblems/back/10.swf
	deleted:    clips/emblems/back/11.swf
	deleted:    clips/emblems/back/12.swf
	deleted:    clips/emblems/back/13.swf
	deleted:    clips/emblems/back/14.swf
	deleted:    clips/emblems/back/15.swf
	deleted:    clips/emblems/back/16.swf
	deleted:    clips/emblems/back/17.swf
	deleted:    clips/emblems/back/2.swf
	deleted:    clips/emblems/back/3.swf
	deleted:    clips/emblems/back/4.swf
	deleted:    clips/emblems/back/5.swf
	deleted:    clips/emblems/back/6.swf
	deleted:    clips/emblems/back/7.swf
	deleted:    clips/emblems/back/8.swf
	deleted:    clips/emblems/back/9.swf
	deleted:    clips/emblems/up/1.swf
	deleted:    clips/emblems/up/10.swf
	deleted:    clips/emblems/up/100.swf
	deleted:    clips/emblems/up/101.swf
	deleted:    clips/emblems/up/102.swf
	deleted:    clips/emblems/up/103.swf
	deleted:    clips/emblems/up/104.swf
	deleted:    clips/emblems/up/11.swf
	deleted:    clips/emblems/up/12.swf
	deleted:    clips/emblems/up/13.swf
	deleted:    clips/emblems/up/14.swf
	deleted:    clips/emblems/up/15.swf
	deleted:    clips/emblems/up/16.swf
	deleted:    clips/emblems/up/17.swf
	deleted:    clips/emblems/up/18.swf
	deleted:    clips/emblems/up/19.swf
	deleted:    clips/emblems/up/2.swf
	deleted:    clips/emblems/up/20.swf
	deleted:    clips/emblems/up/21.swf
	deleted:    clips/emblems/up/22.swf
	deleted:    clips/emblems/up/23.swf
	deleted:    clips/emblems/up/24.swf
	deleted:    clips/emblems/up/25.swf
	deleted:    clips/emblems/up/26.swf
	deleted:    clips/emblems/up/27.swf
	deleted:    clips/emblems/up/28.swf
	deleted:    clips/emblems/up/29.swf
	deleted:    clips/emblems/up/3.swf
	deleted:    clips/emblems/up/30.swf
	deleted:    clips/emblems/up/31.swf
	deleted:    clips/emblems/up/32.swf
	deleted:    clips/emblems/up/33.swf
	deleted:    clips/emblems/up/34.swf
	deleted:    clips/emblems/up/35.swf
	deleted:    clips/emblems/up/36.swf
	deleted:    clips/emblems/up/37.swf
	deleted:    clips/emblems/up/38.swf
	deleted:    clips/emblems/up/39.swf
	deleted:    clips/emblems/up/4.swf
	deleted:    clips/emblems/up/40.swf
	deleted:    clips/emblems/up/41.swf
	deleted:    clips/emblems/up/42.swf
	deleted:    clips/emblems/up/43.swf
	deleted:    clips/emblems/up/44.swf
	deleted:    clips/emblems/up/45.swf
	deleted:    clips/emblems/up/46.swf
	deleted:    clips/emblems/up/47.swf
	deleted:    clips/emblems/up/48.swf
	deleted:    clips/emblems/up/49.swf
	deleted:    clips/emblems/up/5.swf
	deleted:    clips/emblems/up/50.swf
	deleted:    clips/emblems/up/51.swf
	deleted:    clips/emblems/up/52.swf
	deleted:    clips/emblems/up/53.swf
	deleted:    clips/emblems/up/54.swf
	deleted:    clips/emblems/up/55.swf
	deleted:    clips/emblems/up/56.swf
	deleted:    clips/emblems/up/57.swf
	deleted:    clips/emblems/up/58.swf
	deleted:    clips/emblems/up/59.swf
	deleted:    clips/emblems/up/6.swf
	deleted:    clips/emblems/up/60.swf
	deleted:    clips/emblems/up/61.swf
	deleted:    clips/emblems/up/62.swf
	deleted:    clips/emblems/up/63.swf
	deleted:    clips/emblems/up/64.swf
	deleted:    clips/emblems/up/65.swf
	deleted:    clips/emblems/up/66.swf
	deleted:    clips/emblems/up/67.swf
	deleted:    clips/emblems/up/68.swf
	deleted:    clips/emblems/up/69.swf
	deleted:    clips/emblems/up/7.swf
	deleted:    clips/emblems/up/70.swf
	deleted:    clips/emblems/up/71.swf
	deleted:    clips/emblems/up/72.swf
	deleted:    clips/emblems/up/73.swf
	deleted:    clips/emblems/up/74.swf
	deleted:    clips/emblems/up/75.swf
	deleted:    clips/emblems/up/76.swf
	deleted:    clips/emblems/up/77.swf
	deleted:    clips/emblems/up/78.swf
	deleted:    clips/emblems/up/79.swf
	deleted:    clips/emblems/up/8.swf
	deleted:    clips/emblems/up/80.swf
	deleted:    clips/emblems/up/81.swf
	deleted:    clips/emblems/up/82.swf
	deleted:    clips/emblems/up/83.swf
	deleted:    clips/emblems/up/84.swf
	deleted:    clips/emblems/up/85.swf
	deleted:    clips/emblems/up/86.swf
	deleted:    clips/emblems/up/87.swf
	deleted:    clips/emblems/up/88.swf
	deleted:    clips/emblems/up/89.swf
	deleted:    clips/emblems/up/9.swf
	deleted:    clips/emblems/up/90.swf
	deleted:    clips/emblems/up/91.swf
	deleted:    clips/emblems/up/92.swf
	deleted:    clips/emblems/up/93.swf
	deleted:    clips/emblems/up/94.swf
	deleted:    clips/emblems/up/95.swf
	deleted:    clips/emblems/up/96.swf
	deleted:    clips/emblems/up/97.swf
	deleted:    clips/emblems/up/98.swf
	deleted:    clips/emblems/up/99.swf
	deleted:    clips/emotes/1.swf
	deleted:    clips/emotes/10.swf
	deleted:    clips/emotes/11.swf
	deleted:    clips/emotes/12.swf
	deleted:    clips/emotes/13.swf
	deleted:    clips/emotes/14.swf
	deleted:    clips/emotes/15.swf
	deleted:    clips/emotes/16.swf
	deleted:    clips/emotes/17.swf
	deleted:    clips/emotes/18.swf
	deleted:    clips/emotes/19.swf
	deleted:    clips/emotes/2.swf
	deleted:    clips/emotes/21.swf
	deleted:    clips/emotes/3.swf
	deleted:    clips/emotes/4.swf
	deleted:    clips/emotes/5.swf
	deleted:    clips/emotes/6.swf
	deleted:    clips/emotes/7.swf
	deleted:    clips/emotes/8.swf
	deleted:    clips/emotes/9.swf
	deleted:    clips/emotes/99.swf
	deleted:    clips/extra/0.swf
	deleted:    clips/extra/1.swf
	deleted:    clips/extra/2.swf
	deleted:    clips/extra/3.swf
	deleted:    clips/extra/4.swf
	deleted:    clips/extra/5.swf
	deleted:    clips/fallenDemonAngel.swf
	deleted:    clips/flag.swf
	deleted:    clips/forbidden.swf
	deleted:    clips/gfx/cell.swf
	deleted:    clips/gfx/g1.swf
	deleted:    clips/gfx/g2.swf
	deleted:    clips/gfx/o1.swf
	deleted:    clips/gfx/o10.swf
	deleted:    clips/gfx/o11.swf
	deleted:    clips/gfx/o12.swf
	deleted:    clips/gfx/o2.swf
	deleted:    clips/gfx/o3.swf
	deleted:    clips/gfx/o4.swf
	deleted:    clips/gfx/o5.swf
	deleted:    clips/gfx/o6.swf
	deleted:    clips/gfx/o7.swf
	deleted:    clips/gfx/o8.swf
	deleted:    clips/gfx/o9.swf
	deleted:    clips/gift.swf
	deleted:    clips/gifts/Feanor.swf
	deleted:    clips/gifts/Pandala.swf
	deleted:    clips/gifts/Tifoux_de_glace.swf
	deleted:    clips/gifts/abra.swf
	deleted:    clips/gifts/bouloute.swf
	deleted:    clips/gifts/croum.swf
	deleted:    clips/gifts/dragodinde.swf
	deleted:    clips/gifts/dragoune_rose.swf
	deleted:    clips/gifts/fotome.swf
	deleted:    clips/gifts/mini_wa.swf
	deleted:    clips/gifts/minimino.swf
	deleted:    clips/gifts/objets/animations/bague.swf
	deleted:    clips/gifts/objets/animations/cape.swf
	deleted:    clips/gifts/objets/animations/ceinture.swf
	deleted:    clips/gifts/objets/animations/chapo5.swf
	deleted:    clips/gifts/scarador.swf
	deleted:    clips/gifts/tifoux.swf
	deleted:    clips/gifts/willy.swf
	deleted:    clips/ground.swf
	deleted:    clips/highlight.swf
	deleted:    clips/items/1/1.swf
	deleted:    clips/items/1/10.swf
	deleted:    clips/items/1/100.swf
	deleted:    clips/items/1/101.swf
	deleted:    clips/items/1/102.swf
	deleted:    clips/items/1/103.swf
	deleted:    clips/items/1/104.swf
	deleted:    clips/items/1/105.swf
	deleted:    clips/items/1/106.swf
	deleted:    clips/items/1/107.swf
	deleted:    clips/items/1/108.swf
	deleted:    clips/items/1/109.swf
	deleted:    clips/items/1/11.swf
	deleted:    clips/items/1/110.swf
	deleted:    clips/items/1/111.swf
	deleted:    clips/items/1/112.swf
	deleted:    clips/items/1/113.swf
	deleted:    clips/items/1/114.swf
	deleted:    clips/items/1/115.swf
	deleted:    clips/items/1/116.swf
	deleted:    clips/items/1/117.swf
	deleted:    clips/items/1/118.swf
	deleted:    clips/items/1/119.swf
	deleted:    clips/items/1/12.swf
	deleted:    clips/items/1/120.swf
	deleted:    clips/items/1/121.swf
	deleted:    clips/items/1/122.swf
	deleted:    clips/items/1/123.swf
	deleted:    clips/items/1/124.swf
	deleted:    clips/items/1/125.swf
	deleted:    clips/items/1/126.swf
	deleted:    clips/items/1/127.swf
	deleted:    clips/items/1/128.swf
	deleted:    clips/items/1/129.swf
	deleted:    clips/items/1/13.swf
	deleted:    clips/items/1/130.swf
	deleted:    clips/items/1/131.swf
	deleted:    clips/items/1/132.swf
	deleted:    clips/items/1/133.swf
	deleted:    clips/items/1/134.swf
	deleted:    clips/items/1/135.swf
	deleted:    clips/items/1/136.swf
	deleted:    clips/items/1/137.swf
	deleted:    clips/items/1/138.swf
	deleted:    clips/items/1/139.swf
	deleted:    clips/items/1/14.swf
	deleted:    clips/items/1/140.swf
	deleted:    clips/items/1/141.swf
	deleted:    clips/items/1/142.swf
	deleted:    clips/items/1/143.swf
	deleted:    clips/items/1/144.swf
	deleted:    clips/items/1/145.swf
	deleted:    clips/items/1/146.swf
	deleted:    clips/items/1/147.swf
	deleted:    clips/items/1/148.swf
	deleted:    clips/items/1/149.swf
	deleted:    clips/items/1/15.swf
	deleted:    clips/items/1/150.swf
	deleted:    clips/items/1/151.swf
	deleted:    clips/items/1/152.swf
	deleted:    clips/items/1/153.swf
	deleted:    clips/items/1/154.swf
	deleted:    clips/items/1/156.swf
	deleted:    clips/items/1/157.swf
	deleted:    clips/items/1/158.swf
	deleted:    clips/items/1/159.swf
	deleted:    clips/items/1/16.swf
	deleted:    clips/items/1/17.swf
	deleted:    clips/items/1/170.swf
	deleted:    clips/items/1/171.swf
	deleted:    clips/items/1/172.swf
	deleted:    clips/items/1/173.swf
	deleted:    clips/items/1/18.swf
	deleted:    clips/items/1/19.swf
	deleted:    clips/items/1/2.swf
	deleted:    clips/items/1/20.swf
	deleted:    clips/items/1/21.swf
	deleted:    clips/items/1/22.swf
	deleted:    clips/items/1/23.swf
	deleted:    clips/items/1/24.swf
	deleted:    clips/items/1/25.swf
	deleted:    clips/items/1/26.swf
	deleted:    clips/items/1/27.swf
	deleted:    clips/items/1/28.swf
	deleted:    clips/items/1/29.swf
	deleted:    clips/items/1/3.swf
	deleted:    clips/items/1/30.swf
	deleted:    clips/items/1/31.swf
	deleted:    clips/items/1/32.swf
	deleted:    clips/items/1/33.swf
	deleted:    clips/items/1/34.swf
	deleted:    clips/items/1/35.swf
	deleted:    clips/items/1/36.swf
	deleted:    clips/items/1/37.swf
	deleted:    clips/items/1/38.swf
	deleted:    clips/items/1/39.swf
	deleted:    clips/items/1/4.swf
	deleted:    clips/items/1/40.swf
	deleted:    clips/items/1/41.swf
	deleted:    clips/items/1/42.swf
	deleted:    clips/items/1/43.swf
	deleted:    clips/items/1/44.swf
	deleted:    clips/items/1/45.swf
	deleted:    clips/items/1/46.swf
	deleted:    clips/items/1/47.swf
	deleted:    clips/items/1/48.swf
	deleted:    clips/items/1/49.swf
	deleted:    clips/items/1/5.swf
	deleted:    clips/items/1/50.swf
	deleted:    clips/items/1/51.swf
	deleted:    clips/items/1/52.swf
	deleted:    clips/items/1/53.swf
	deleted:    clips/items/1/54.swf
	deleted:    clips/items/1/55.swf
	deleted:    clips/items/1/56.swf
	deleted:    clips/items/1/57.swf
	deleted:    clips/items/1/58.swf
	deleted:    clips/items/1/59.swf
	deleted:    clips/items/1/6.swf
	deleted:    clips/items/1/60.swf
	deleted:    clips/items/1/61.swf
	deleted:    clips/items/1/62.swf
	deleted:    clips/items/1/63.swf
	deleted:    clips/items/1/64.swf
	deleted:    clips/items/1/65.swf
	deleted:    clips/items/1/66.swf
	deleted:    clips/items/1/67.swf
	deleted:    clips/items/1/68.swf
	deleted:    clips/items/1/69.swf
	deleted:    clips/items/1/7.swf
	deleted:    clips/items/1/70.swf
	deleted:    clips/items/1/71.swf
	deleted:    clips/items/1/72.swf
	deleted:    clips/items/1/73.swf
	deleted:    clips/items/1/74.swf
	deleted:    clips/items/1/75.swf
	deleted:    clips/items/1/76.swf
	deleted:    clips/items/1/77.swf
	deleted:    clips/items/1/78.swf
	deleted:    clips/items/1/79.swf
	deleted:    clips/items/1/8.swf
	deleted:    clips/items/1/80.swf
	deleted:    clips/items/1/81.swf
	deleted:    clips/items/1/82.swf
	deleted:    clips/items/1/83.swf
	deleted:    clips/items/1/84.swf
	deleted:    clips/items/1/85.swf
	deleted:    clips/items/1/86.swf
	deleted:    clips/items/1/87.swf
	deleted:    clips/items/1/88.swf
	deleted:    clips/items/1/89.swf
	deleted:    clips/items/1/9.swf
	deleted:    clips/items/1/90.swf
	deleted:    clips/items/1/91.swf
	deleted:    clips/items/1/92.swf
	deleted:    clips/items/1/93.swf
	deleted:    clips/items/1/94.swf
	deleted:    clips/items/1/95.swf
	deleted:    clips/items/1/96.swf
	deleted:    clips/items/1/97.swf
	deleted:    clips/items/1/98.swf
	deleted:    clips/items/1/99.swf
	deleted:    clips/items/10/1.swf
	deleted:    clips/items/10/10.swf
	deleted:    clips/items/10/100.swf
	deleted:    clips/items/10/101.swf
	deleted:    clips/items/10/102.swf
	deleted:    clips/items/10/103.swf
	deleted:    clips/items/10/104.swf
	deleted:    clips/items/10/105.swf
	deleted:    clips/items/10/106.swf
	deleted:    clips/items/10/107.swf
	deleted:    clips/items/10/108.swf
	deleted:    clips/items/10/109.swf
	deleted:    clips/items/10/11.swf
	deleted:    clips/items/10/110.swf
	deleted:    clips/items/10/111.swf
	deleted:    clips/items/10/112.swf
	deleted:    clips/items/10/113.swf
	deleted:    clips/items/10/114.swf
	deleted:    clips/items/10/115.swf
	deleted:    clips/items/10/116.swf
	deleted:    clips/items/10/117.swf
	deleted:    clips/items/10/118.swf
	deleted:    clips/items/10/119.swf
	deleted:    clips/items/10/12.swf
	deleted:    clips/items/10/120.swf
	deleted:    clips/items/10/121.swf
	deleted:    clips/items/10/122.swf
	deleted:    clips/items/10/123.swf
	deleted:    clips/items/10/124.swf
	deleted:    clips/items/10/125.swf
	deleted:    clips/items/10/126.swf
	deleted:    clips/items/10/127.swf
	deleted:    clips/items/10/128.swf
	deleted:    clips/items/10/129.swf
	deleted:    clips/items/10/13.swf
	deleted:    clips/items/10/130.swf
	deleted:    clips/items/10/131.swf
	deleted:    clips/items/10/132.swf
	deleted:    clips/items/10/133.swf
	deleted:    clips/items/10/134.swf
	deleted:    clips/items/10/135.swf
	deleted:    clips/items/10/136.swf
	deleted:    clips/items/10/137.swf
	deleted:    clips/items/10/138.swf
	deleted:    clips/items/10/139.swf
	deleted:    clips/items/10/14.swf
	deleted:    clips/items/10/140.swf
	deleted:    clips/items/10/141.swf
	deleted:    clips/items/10/142.swf
	deleted:    clips/items/10/143.swf
	deleted:    clips/items/10/144.swf
	deleted:    clips/items/10/145.swf
	deleted:    clips/items/10/146.swf
	deleted:    clips/items/10/147.swf
	deleted:    clips/items/10/148.swf
	deleted:    clips/items/10/149.swf
	deleted:    clips/items/10/15.swf
	deleted:    clips/items/10/150.swf
	deleted:    clips/items/10/151.swf
	deleted:    clips/items/10/152.swf
	deleted:    clips/items/10/153.swf
	deleted:    clips/items/10/154.swf
	deleted:    clips/items/10/155.swf
	deleted:    clips/items/10/156.swf
	deleted:    clips/items/10/157.swf
	deleted:    clips/items/10/158.swf
	deleted:    clips/items/10/159.swf
	deleted:    clips/items/10/16.swf
	deleted:    clips/items/10/160.swf
	deleted:    clips/items/10/161.swf
	deleted:    clips/items/10/162.swf
	deleted:    clips/items/10/163.swf
	deleted:    clips/items/10/164.swf
	deleted:    clips/items/10/165.swf
	deleted:    clips/items/10/166.swf
	deleted:    clips/items/10/167.swf
	deleted:    clips/items/10/168.swf
	deleted:    clips/items/10/169.swf
	deleted:    clips/items/10/17.swf
	deleted:    clips/items/10/170.swf
	deleted:    clips/items/10/18.swf
	deleted:    clips/items/10/19.swf
	deleted:    clips/items/10/2.swf
	deleted:    clips/items/10/20.swf
	deleted:    clips/items/10/21.swf
	deleted:    clips/items/10/22.swf
	deleted:    clips/items/10/23.swf
	deleted:    clips/items/10/24.swf
	deleted:    clips/items/10/25.swf
	deleted:    clips/items/10/26.swf
	deleted:    clips/items/10/27.swf
	deleted:    clips/items/10/28.swf
	deleted:    clips/items/10/29.swf
	deleted:    clips/items/10/3.swf
	deleted:    clips/items/10/30.swf
	deleted:    clips/items/10/31.swf
	deleted:    clips/items/10/32.swf
	deleted:    clips/items/10/33.swf
	deleted:    clips/items/10/34.swf
	deleted:    clips/items/10/35.swf
	deleted:    clips/items/10/36.swf
	deleted:    clips/items/10/37.swf
	deleted:    clips/items/10/38.swf
	deleted:    clips/items/10/39.swf
	deleted:    clips/items/10/4.swf
	deleted:    clips/items/10/40.swf
	deleted:    clips/items/10/41.swf
	deleted:    clips/items/10/42.swf
	deleted:    clips/items/10/43.swf
	deleted:    clips/items/10/44.swf
	deleted:    clips/items/10/45.swf
	deleted:    clips/items/10/46.swf
	deleted:    clips/items/10/47.swf
	deleted:    clips/items/10/48.swf
	deleted:    clips/items/10/49.swf
	deleted:    clips/items/10/5.swf
	deleted:    clips/items/10/50.swf
	deleted:    clips/items/10/51.swf
	deleted:    clips/items/10/52.swf
	deleted:    clips/items/10/53.swf
	deleted:    clips/items/10/54.swf
	deleted:    clips/items/10/55.swf
	deleted:    clips/items/10/56.swf
	deleted:    clips/items/10/57.swf
	deleted:    clips/items/10/58.swf
	deleted:    clips/items/10/59.swf
	deleted:    clips/items/10/6.swf
	deleted:    clips/items/10/60.swf
	deleted:    clips/items/10/61.swf
	deleted:    clips/items/10/62.swf
	deleted:    clips/items/10/63.swf
	deleted:    clips/items/10/64.swf
	deleted:    clips/items/10/65.swf
	deleted:    clips/items/10/66.swf
	deleted:    clips/items/10/67.swf
	deleted:    clips/items/10/68.swf
	deleted:    clips/items/10/69.swf
	deleted:    clips/items/10/7.swf
	deleted:    clips/items/10/70.swf
	deleted:    clips/items/10/71.swf
	deleted:    clips/items/10/72.swf
	deleted:    clips/items/10/73.swf
	deleted:    clips/items/10/74.swf
	deleted:    clips/items/10/75.swf
	deleted:    clips/items/10/76.swf
	deleted:    clips/items/10/77.swf
	deleted:    clips/items/10/78.swf
	deleted:    clips/items/10/79.swf
	deleted:    clips/items/10/8.swf
	deleted:    clips/items/10/80.swf
	deleted:    clips/items/10/81.swf
	deleted:    clips/items/10/82.swf
	deleted:    clips/items/10/83.swf
	deleted:    clips/items/10/84.swf
	deleted:    clips/items/10/85.swf
	deleted:    clips/items/10/86.swf
	deleted:    clips/items/10/87.swf
	deleted:    clips/items/10/88.swf
	deleted:    clips/items/10/89.swf
	deleted:    clips/items/10/9.swf
	deleted:    clips/items/10/90.swf
	deleted:    clips/items/10/91.swf
	deleted:    clips/items/10/92.swf
	deleted:    clips/items/10/93.swf
	deleted:    clips/items/10/94.swf
	deleted:    clips/items/10/95.swf
	deleted:    clips/items/10/96.swf
	deleted:    clips/items/10/97.swf
	deleted:    clips/items/10/98.swf
	deleted:    clips/items/10/99.swf
	deleted:    clips/items/100/1.swf
	deleted:    clips/items/100/10.swf
	deleted:    clips/items/100/11.swf
	deleted:    clips/items/100/12.swf
	deleted:    clips/items/100/13.swf
	deleted:    clips/items/100/14.swf
	deleted:    clips/items/100/15.swf
	deleted:    clips/items/100/16.swf
	deleted:    clips/items/100/17.swf
	deleted:    clips/items/100/18.swf
	deleted:    clips/items/100/19.swf
	deleted:    clips/items/100/2.swf
	deleted:    clips/items/100/20.swf
	deleted:    clips/items/100/21.swf
	deleted:    clips/items/100/22.swf
	deleted:    clips/items/100/23.swf
	deleted:    clips/items/100/24.swf
	deleted:    clips/items/100/25.swf
	deleted:    clips/items/100/26.swf
	deleted:    clips/items/100/27.swf
	deleted:    clips/items/100/28.swf
	deleted:    clips/items/100/29.swf
	deleted:    clips/items/100/3.swf
	deleted:    clips/items/100/30.swf
	deleted:    clips/items/100/31.swf
	deleted:    clips/items/100/32.swf
	deleted:    clips/items/100/33.swf
	deleted:    clips/items/100/34.swf
	deleted:    clips/items/100/35.swf
	deleted:    clips/items/100/36.swf
	deleted:    clips/items/100/37.swf
	deleted:    clips/items/100/38.swf
	deleted:    clips/items/100/39.swf
	deleted:    clips/items/100/4.swf
	deleted:    clips/items/100/40.swf
	deleted:    clips/items/100/41.swf
	deleted:    clips/items/100/42.swf
	deleted:    clips/items/100/43.swf
	deleted:    clips/items/100/44.swf
	deleted:    clips/items/100/45.swf
	deleted:    clips/items/100/46.swf
	deleted:    clips/items/100/47.swf
	deleted:    clips/items/100/48.swf
	deleted:    clips/items/100/49.swf
	deleted:    clips/items/100/5.swf
	deleted:    clips/items/100/50.swf
	deleted:    clips/items/100/51.swf
	deleted:    clips/items/100/52.swf
	deleted:    clips/items/100/53.swf
	deleted:    clips/items/100/54.swf
	deleted:    clips/items/100/55.swf
	deleted:    clips/items/100/56.swf
	deleted:    clips/items/100/57.swf
	deleted:    clips/items/100/58.swf
	deleted:    clips/items/100/6.swf
	deleted:    clips/items/100/7.swf
	deleted:    clips/items/100/8.swf
	deleted:    clips/items/100/9.swf
	deleted:    clips/items/103/246.swf
	deleted:    clips/items/103/330.swf
	deleted:    clips/items/103/35.swf
	deleted:    clips/items/103/392.swf
	deleted:    clips/items/103/440.swf
	deleted:    clips/items/103/460.swf
	deleted:    clips/items/103/515.swf
	deleted:    clips/items/103/526.swf
	deleted:    clips/items/103/577.swf
	deleted:    clips/items/103/716.swf
	deleted:    clips/items/104/1.swf
	deleted:    clips/items/104/174.swf
	deleted:    clips/items/104/19.swf
	deleted:    clips/items/104/212.swf
	deleted:    clips/items/104/213.swf
	deleted:    clips/items/104/214.swf
	deleted:    clips/items/104/215.swf
	deleted:    clips/items/104/48.swf
	deleted:    clips/items/104/592.swf
	deleted:    clips/items/104/593.swf
	deleted:    clips/items/104/729.swf
	deleted:    clips/items/104/733.swf
	deleted:    clips/items/104/743.swf
	deleted:    clips/items/105/204.swf
	deleted:    clips/items/105/205.swf
	deleted:    clips/items/105/206.swf
	deleted:    clips/items/105/207.swf
	deleted:    clips/items/105/38.swf
	deleted:    clips/items/105/630.swf
	deleted:    clips/items/105/64.swf
	deleted:    clips/items/105/642.swf
	deleted:    clips/items/106/1.swf
	deleted:    clips/items/106/115.swf
	deleted:    clips/items/106/30.swf
	deleted:    clips/items/106/459.swf
	deleted:    clips/items/106/513.swf
	deleted:    clips/items/106/522.swf
	deleted:    clips/items/106/562.swf
	deleted:    clips/items/106/623.swf
	deleted:    clips/items/107/441.swf
	deleted:    clips/items/107/442.swf
	deleted:    clips/items/107/443.swf
	deleted:    clips/items/107/444.swf
	deleted:    clips/items/107/453.swf
	deleted:    clips/items/107/514.swf
	deleted:    clips/items/107/601.swf
	deleted:    clips/items/107/602.swf
	deleted:    clips/items/107/603.swf
	deleted:    clips/items/107/604.swf
	deleted:    clips/items/107/727.swf
	deleted:    clips/items/107/731.swf
	deleted:    clips/items/107/735.swf
	deleted:    clips/items/108/104.swf
	deleted:    clips/items/108/230.swf
	deleted:    clips/items/108/665.swf
	deleted:    clips/items/108/755.swf
	deleted:    clips/items/108/97.swf
	deleted:    clips/items/109/326.swf
	deleted:    clips/items/109/436.swf
	deleted:    clips/items/109/497.swf
	deleted:    clips/items/109/500.swf
	deleted:    clips/items/109/516.swf
	deleted:    clips/items/109/520.swf
	deleted:    clips/items/109/563.swf
	deleted:    clips/items/109/584.swf
	deleted:    clips/items/109/585.swf
	deleted:    clips/items/109/586.swf
	deleted:    clips/items/109/587.swf
	deleted:    clips/items/109/589.swf
	deleted:    clips/items/11/1.swf
	deleted:    clips/items/11/10.swf
	deleted:    clips/items/11/100.swf
	deleted:    clips/items/11/101.swf
	deleted:    clips/items/11/102.swf
	deleted:    clips/items/11/103.swf
	deleted:    clips/items/11/104.swf
	deleted:    clips/items/11/105.swf
	deleted:    clips/items/11/106.swf
	deleted:    clips/items/11/107.swf
	deleted:    clips/items/11/108.swf
	deleted:    clips/items/11/109.swf
	deleted:    clips/items/11/11.swf
	deleted:    clips/items/11/110.swf
	deleted:    clips/items/11/111.swf
	deleted:    clips/items/11/112.swf
	deleted:    clips/items/11/113.swf
	deleted:    clips/items/11/114.swf
	deleted:    clips/items/11/115.swf
	deleted:    clips/items/11/116.swf
	deleted:    clips/items/11/117.swf
	deleted:    clips/items/11/118.swf
	deleted:    clips/items/11/119.swf
	deleted:    clips/items/11/12.swf
	deleted:    clips/items/11/120.swf
	deleted:    clips/items/11/121.swf
	deleted:    clips/items/11/122.swf
	deleted:    clips/items/11/123.swf
	deleted:    clips/items/11/124.swf
	deleted:    clips/items/11/125.swf
	deleted:    clips/items/11/126.swf
	deleted:    clips/items/11/127.swf
	deleted:    clips/items/11/128.swf
	deleted:    clips/items/11/129.swf
	deleted:    clips/items/11/13.swf
	deleted:    clips/items/11/130.swf
	deleted:    clips/items/11/131.swf
	deleted:    clips/items/11/132.swf
	deleted:    clips/items/11/133.swf
	deleted:    clips/items/11/134.swf
	deleted:    clips/items/11/135.swf
	deleted:    clips/items/11/136.swf
	deleted:    clips/items/11/137.swf
	deleted:    clips/items/11/138.swf
	deleted:    clips/items/11/139.swf
	deleted:    clips/items/11/14.swf
	deleted:    clips/items/11/140.swf
	deleted:    clips/items/11/141.swf
	deleted:    clips/items/11/142.swf
	deleted:    clips/items/11/143.swf
	deleted:    clips/items/11/144.swf
	deleted:    clips/items/11/145.swf
	deleted:    clips/items/11/146.swf
	deleted:    clips/items/11/147.swf
	deleted:    clips/items/11/148.swf
	deleted:    clips/items/11/149.swf
	deleted:    clips/items/11/15.swf
	deleted:    clips/items/11/150.swf
	deleted:    clips/items/11/151.swf
	deleted:    clips/items/11/152.swf
	deleted:    clips/items/11/153.swf
	deleted:    clips/items/11/154.swf
	deleted:    clips/items/11/16.swf
	deleted:    clips/items/11/160.swf
	deleted:    clips/items/11/161.swf
	deleted:    clips/items/11/162.swf
	deleted:    clips/items/11/163.swf
	deleted:    clips/items/11/17.swf
	deleted:    clips/items/11/18.swf
	deleted:    clips/items/11/19.swf
	deleted:    clips/items/11/2.swf
	deleted:    clips/items/11/20.swf
	deleted:    clips/items/11/21.swf
	deleted:    clips/items/11/22.swf
	deleted:    clips/items/11/23.swf
	deleted:    clips/items/11/24.swf
	deleted:    clips/items/11/25.swf
	deleted:    clips/items/11/26.swf
	deleted:    clips/items/11/27.swf
	deleted:    clips/items/11/28.swf
	deleted:    clips/items/11/29.swf
	deleted:    clips/items/11/3.swf
	deleted:    clips/items/11/30.swf
	deleted:    clips/items/11/31.swf
	deleted:    clips/items/11/32.swf
	deleted:    clips/items/11/33.swf
	deleted:    clips/items/11/34.swf
	deleted:    clips/items/11/35.swf
	deleted:    clips/items/11/36.swf
	deleted:    clips/items/11/37.swf
	deleted:    clips/items/11/38.swf
	deleted:    clips/items/11/39.swf
	deleted:    clips/items/11/4.swf
	deleted:    clips/items/11/40.swf
	deleted:    clips/items/11/41.swf
	deleted:    clips/items/11/42.swf
	deleted:    clips/items/11/43.swf
	deleted:    clips/items/11/44.swf
	deleted:    clips/items/11/45.swf
	deleted:    clips/items/11/46.swf
	deleted:    clips/items/11/47.swf
	deleted:    clips/items/11/48.swf
	deleted:    clips/items/11/49.swf
	deleted:    clips/items/11/5.swf
	deleted:    clips/items/11/50.swf
	deleted:    clips/items/11/51.swf
	deleted:    clips/items/11/52.swf
	deleted:    clips/items/11/53.swf
	deleted:    clips/items/11/54.swf
	deleted:    clips/items/11/55.swf
	deleted:    clips/items/11/56.swf
	deleted:    clips/items/11/57.swf
	deleted:    clips/items/11/58.swf
	deleted:    clips/items/11/59.swf
	deleted:    clips/items/11/6.swf
	deleted:    clips/items/11/60.swf
	deleted:    clips/items/11/61.swf
	deleted:    clips/items/11/62.swf
	deleted:    clips/items/11/63.swf
	deleted:    clips/items/11/64.swf
	deleted:    clips/items/11/65.swf
	deleted:    clips/items/11/66.swf
	deleted:    clips/items/11/67.swf
	deleted:    clips/items/11/68.swf
	deleted:    clips/items/11/69.swf
	deleted:    clips/items/11/7.swf
	deleted:    clips/items/11/70.swf
	deleted:    clips/items/11/71.swf
	deleted:    clips/items/11/72.swf
	deleted:    clips/items/11/73.swf
	deleted:    clips/items/11/74.swf
	deleted:    clips/items/11/75.swf
	deleted:    clips/items/11/76.swf
	deleted:    clips/items/11/77.swf
	deleted:    clips/items/11/78.swf
	deleted:    clips/items/11/79.swf
	deleted:    clips/items/11/8.swf
	deleted:    clips/items/11/80.swf
	deleted:    clips/items/11/81.swf
	deleted:    clips/items/11/82.swf
	deleted:    clips/items/11/83.swf
	deleted:    clips/items/11/84.swf
	deleted:    clips/items/11/85.swf
	deleted:    clips/items/11/86.swf
	deleted:    clips/items/11/87.swf
	deleted:    clips/items/11/88.swf
	deleted:    clips/items/11/89.swf
	deleted:    clips/items/11/9.swf
	deleted:    clips/items/11/90.swf
	deleted:    clips/items/11/91.swf
	deleted:    clips/items/11/92.swf
	deleted:    clips/items/11/93.swf
	deleted:    clips/items/11/94.swf
	deleted:    clips/items/11/95.swf
	deleted:    clips/items/11/96.swf
	deleted:    clips/items/11/97.swf
	deleted:    clips/items/11/98.swf
	deleted:    clips/items/11/99.swf
	deleted:    clips/items/110/40.swf
	deleted:    clips/items/110/407.swf
	deleted:    clips/items/110/408.swf
	deleted:    clips/items/110/409.swf
	deleted:    clips/items/110/41.swf
	deleted:    clips/items/110/42.swf
	deleted:    clips/items/110/47.swf
	deleted:    clips/items/110/490.swf
	deleted:    clips/items/110/491.swf
	deleted:    clips/items/110/736.swf
	deleted:    clips/items/111/1.swf
	deleted:    clips/items/111/2.swf
	deleted:    clips/items/111/202.swf
	deleted:    clips/items/111/203.swf
	deleted:    clips/items/111/21.swf
	deleted:    clips/items/111/211.swf
	deleted:    clips/items/111/3.swf
	deleted:    clips/items/111/4.swf
	deleted:    clips/items/111/738.swf
	deleted:    clips/items/111/739.swf
	deleted:    clips/items/111/740.swf
	deleted:    clips/items/111/741.swf
	deleted:    clips/items/111/742.swf
	deleted:    clips/items/111/747.swf
	deleted:    clips/items/111/748.swf
	deleted:    clips/items/111/749.swf
	deleted:    clips/items/111/750.swf
	deleted:    clips/items/112/1.swf
	deleted:    clips/items/113/139.swf
	deleted:    clips/items/113/149.swf
	deleted:    clips/items/113/161.swf
	deleted:    clips/items/113/177.swf
	deleted:    clips/items/113/211.swf
	deleted:    clips/items/113/285.swf
	deleted:    clips/items/114/1.swf
	deleted:    clips/items/114/2.swf
	deleted:    clips/items/114/3.swf
	deleted:    clips/items/114/4.swf
	deleted:    clips/items/114/5.swf
	deleted:    clips/items/114/6.swf
	deleted:    clips/items/115/1.swf
	deleted:    clips/items/115/10.swf
	deleted:    clips/items/115/11.swf
	deleted:    clips/items/115/12.swf
	deleted:    clips/items/115/13.swf
	deleted:    clips/items/115/14.swf
	deleted:    clips/items/115/15.swf
	deleted:    clips/items/115/16.swf
	deleted:    clips/items/115/17.swf
	deleted:    clips/items/115/18.swf
	deleted:    clips/items/115/19.swf
	deleted:    clips/items/115/2.swf
	deleted:    clips/items/115/20.swf
	deleted:    clips/items/115/21.swf
	deleted:    clips/items/115/22.swf
	deleted:    clips/items/115/23.swf
	deleted:    clips/items/115/24.swf
	deleted:    clips/items/115/3.swf
	deleted:    clips/items/115/4.swf
	deleted:    clips/items/115/5.swf
	deleted:    clips/items/115/6.swf
	deleted:    clips/items/115/7.swf
	deleted:    clips/items/115/8.swf
	deleted:    clips/items/115/9.swf
	deleted:    clips/items/116/10.swf
	deleted:    clips/items/116/11.swf
	deleted:    clips/items/116/12.swf
	deleted:    clips/items/116/13.swf
	deleted:    clips/items/116/20.swf
	deleted:    clips/items/116/21.swf
	deleted:    clips/items/116/22.swf
	deleted:    clips/items/116/23.swf
	deleted:    clips/items/116/24.swf
	deleted:    clips/items/116/25.swf
	deleted:    clips/items/116/26.swf
	deleted:    clips/items/116/27.swf
	deleted:    clips/items/116/28.swf
	deleted:    clips/items/116/29.swf
	deleted:    clips/items/116/30.swf
	deleted:    clips/items/116/31.swf
	deleted:    clips/items/116/32.swf
	deleted:    clips/items/116/33.swf
	deleted:    clips/items/116/34.swf
	deleted:    clips/items/116/35.swf
	deleted:    clips/items/116/36.swf
	deleted:    clips/items/116/37.swf
	deleted:    clips/items/116/38.swf
	deleted:    clips/items/116/39.swf
	deleted:    clips/items/116/40.swf
	deleted:    clips/items/116/41.swf
	deleted:    clips/items/116/42.swf
	deleted:    clips/items/116/43.swf
	deleted:    clips/items/116/44.swf
	deleted:    clips/items/116/45.swf
	deleted:    clips/items/116/46.swf
	deleted:    clips/items/116/47.swf
	deleted:    clips/items/116/48.swf
	deleted:    clips/items/116/49.swf
	deleted:    clips/items/116/50.swf
	deleted:    clips/items/116/51.swf
	deleted:    clips/items/116/52.swf
	deleted:    clips/items/116/53.swf
	deleted:    clips/items/116/54.swf
	deleted:    clips/items/116/55.swf
	deleted:    clips/items/116/56.swf
	deleted:    clips/items/116/57.swf
	deleted:    clips/items/116/58.swf
	deleted:    clips/items/116/59.swf
	deleted:    clips/items/116/60.swf
	deleted:    clips/items/116/61.swf
	deleted:    clips/items/116/63.swf
	deleted:    clips/items/116/64.swf
	deleted:    clips/items/116/65.swf
	deleted:    clips/items/116/66.swf
	deleted:    clips/items/116/67.swf
	deleted:    clips/items/116/68.swf
	deleted:    clips/items/116/70.swf
	deleted:    clips/items/116/71.swf
	deleted:    clips/items/116/72.swf
	deleted:    clips/items/116/73.swf
	deleted:    clips/items/116/800.swf
	deleted:    clips/items/117/1.swf
	deleted:    clips/items/117/10.swf
	deleted:    clips/items/117/11.swf
	deleted:    clips/items/117/12.swf
	deleted:    clips/items/117/13.swf
	deleted:    clips/items/117/15.swf
	deleted:    clips/items/117/2.swf
	deleted:    clips/items/117/3.swf
	deleted:    clips/items/117/4.swf
	deleted:    clips/items/117/5.swf
	deleted:    clips/items/117/6.swf
	deleted:    clips/items/117/7.swf
	deleted:    clips/items/117/8.swf
	deleted:    clips/items/117/9.swf
	deleted:    clips/items/118/0.swf
	deleted:    clips/items/118/1.swf
	deleted:    clips/items/118/10.swf
	deleted:    clips/items/118/11.swf
	deleted:    clips/items/118/12.swf
	deleted:    clips/items/118/13.swf
	deleted:    clips/items/118/14.swf
	deleted:    clips/items/118/15.swf
	deleted:    clips/items/118/16.swf
	deleted:    clips/items/118/17.swf
	deleted:    clips/items/118/18.swf
	deleted:    clips/items/118/19.swf
	deleted:    clips/items/118/2.swf
	deleted:    clips/items/118/20.swf
	deleted:    clips/items/118/21.swf
	deleted:    clips/items/118/22.swf
	deleted:    clips/items/118/23.swf
	deleted:    clips/items/118/3.swf
	deleted:    clips/items/118/4.swf
	deleted:    clips/items/118/5.swf
	deleted:    clips/items/118/6.swf
	deleted:    clips/items/118/7.swf
	deleted:    clips/items/118/8.swf
	deleted:    clips/items/118/9.swf
	deleted:    clips/items/12/1.swf
	deleted:    clips/items/12/10.swf
	deleted:    clips/items/12/106.swf
	deleted:    clips/items/12/11.swf
	deleted:    clips/items/12/111.swf
	deleted:    clips/items/12/12.swf
	deleted:    clips/items/12/126.swf
	deleted:    clips/items/12/127.swf
	deleted:    clips/items/12/13.swf
	deleted:    clips/items/12/139.swf
	deleted:    clips/items/12/14.swf
	deleted:    clips/items/12/140.swf
	deleted:    clips/items/12/141.swf
	deleted:    clips/items/12/142.swf
	deleted:    clips/items/12/143.swf
	deleted:    clips/items/12/144.swf
	deleted:    clips/items/12/145.swf
	deleted:    clips/items/12/146.swf
	deleted:    clips/items/12/147.swf
	deleted:    clips/items/12/148.swf
	deleted:    clips/items/12/149.swf
	deleted:    clips/items/12/15.swf
	deleted:    clips/items/12/150.swf
	deleted:    clips/items/12/151.swf
	deleted:    clips/items/12/152.swf
	deleted:    clips/items/12/153.swf
	deleted:    clips/items/12/154.swf
	deleted:    clips/items/12/155.swf
	deleted:    clips/items/12/156.swf
	deleted:    clips/items/12/157.swf
	deleted:    clips/items/12/158.swf
	deleted:    clips/items/12/159.swf
	deleted:    clips/items/12/16.swf
	deleted:    clips/items/12/160.swf
	deleted:    clips/items/12/161.swf
	deleted:    clips/items/12/162.swf
	deleted:    clips/items/12/163.swf
	deleted:    clips/items/12/164.swf
	deleted:    clips/items/12/17.swf
	deleted:    clips/items/12/18.swf
	deleted:    clips/items/12/188.swf
	deleted:    clips/items/12/189.swf
	deleted:    clips/items/12/19.swf
	deleted:    clips/items/12/190.swf
	deleted:    clips/items/12/191.swf
	deleted:    clips/items/12/192.swf
	deleted:    clips/items/12/193.swf
	deleted:    clips/items/12/2.swf
	deleted:    clips/items/12/20.swf
	deleted:    clips/items/12/21.swf
	deleted:    clips/items/12/22.swf
	deleted:    clips/items/12/23.swf
	deleted:    clips/items/12/24.swf
	deleted:    clips/items/12/25.swf
	deleted:    clips/items/12/26.swf
	deleted:    clips/items/12/27.swf
	deleted:    clips/items/12/28.swf
	deleted:    clips/items/12/29.swf
	deleted:    clips/items/12/3.swf
	deleted:    clips/items/12/30.swf
	deleted:    clips/items/12/31.swf
	deleted:    clips/items/12/32.swf
	deleted:    clips/items/12/33.swf
	deleted:    clips/items/12/34.swf
	deleted:    clips/items/12/35.swf
	deleted:    clips/items/12/36.swf
	deleted:    clips/items/12/38.swf
	deleted:    clips/items/12/39.swf
	deleted:    clips/items/12/4.swf
	deleted:    clips/items/12/40.swf
	deleted:    clips/items/12/41.swf
	deleted:    clips/items/12/43.swf
	deleted:    clips/items/12/44.swf
	deleted:    clips/items/12/45.swf
	deleted:    clips/items/12/46.swf
	deleted:    clips/items/12/47.swf
	deleted:    clips/items/12/48.swf
	deleted:    clips/items/12/49.swf
	deleted:    clips/items/12/5.swf
	deleted:    clips/items/12/50.swf
	deleted:    clips/items/12/51.swf
	deleted:    clips/items/12/52.swf
	deleted:    clips/items/12/53.swf
	deleted:    clips/items/12/54.swf
	deleted:    clips/items/12/55.swf
	deleted:    clips/items/12/56.swf
	deleted:    clips/items/12/57.swf
	deleted:    clips/items/12/58.swf
	deleted:    clips/items/12/6.swf
	deleted:    clips/items/12/7.swf
	deleted:    clips/items/12/715.swf
	deleted:    clips/items/12/716.swf
	deleted:    clips/items/12/717.swf
	deleted:    clips/items/12/718.swf
	deleted:    clips/items/12/719.swf
	deleted:    clips/items/12/720.swf
	deleted:    clips/items/12/721.swf
	deleted:    clips/items/12/722.swf
	deleted:    clips/items/12/723.swf
	deleted:    clips/items/12/724.swf
	deleted:    clips/items/12/8.swf
	deleted:    clips/items/12/82.swf
	deleted:    clips/items/12/9.swf
	deleted:    clips/items/13/1.swf
	deleted:    clips/items/13/10.swf
	deleted:    clips/items/13/11.swf
	deleted:    clips/items/13/12.swf
	deleted:    clips/items/13/14.swf
	deleted:    clips/items/13/15.swf
	deleted:    clips/items/13/16.swf
	deleted:    clips/items/13/17.swf
	deleted:    clips/items/13/19.swf
	deleted:    clips/items/13/2.swf
	deleted:    clips/items/13/20.swf
	deleted:    clips/items/13/21.swf
	deleted:    clips/items/13/23.swf
	deleted:    clips/items/13/24.swf
	deleted:    clips/items/13/25.swf
	deleted:    clips/items/13/26.swf
	deleted:    clips/items/13/27.swf
	deleted:    clips/items/13/28.swf
	deleted:    clips/items/13/29.swf
	deleted:    clips/items/13/3.swf
	deleted:    clips/items/13/30.swf
	deleted:    clips/items/13/31.swf
	deleted:    clips/items/13/32.swf
	deleted:    clips/items/13/33.swf
	deleted:    clips/items/13/34.swf
	deleted:    clips/items/13/35.swf
	deleted:    clips/items/13/36.swf
	deleted:    clips/items/13/37.swf
	deleted:    clips/items/13/38.swf
	deleted:    clips/items/13/39.swf
	deleted:    clips/items/13/4.swf
	deleted:    clips/items/13/40.swf
	deleted:    clips/items/13/41.swf
	deleted:    clips/items/13/42.swf
	deleted:    clips/items/13/43.swf
	deleted:    clips/items/13/44.swf
	deleted:    clips/items/13/45.swf
	deleted:    clips/items/13/46.swf
	deleted:    clips/items/13/47.swf
	deleted:    clips/items/13/48.swf
	deleted:    clips/items/13/5.swf
	deleted:    clips/items/13/6.swf
	deleted:    clips/items/13/7.swf
	deleted:    clips/items/13/8.swf
	deleted:    clips/items/13/9.swf
	deleted:    clips/items/14/1.swf
	deleted:    clips/items/14/10.swf
	deleted:    clips/items/14/11.swf
	deleted:    clips/items/14/12.swf
	deleted:    clips/items/14/13.swf
	deleted:    clips/items/14/14.swf
	deleted:    clips/items/14/15.swf
	deleted:    clips/items/14/16.swf
	deleted:    clips/items/14/17.swf
	deleted:    clips/items/14/18.swf
	deleted:    clips/items/14/19.swf
	deleted:    clips/items/14/2.swf
	deleted:    clips/items/14/20.swf
	deleted:    clips/items/14/21.swf
	deleted:    clips/items/14/22.swf
	deleted:    clips/items/14/23.swf
	deleted:    clips/items/14/24.swf
	deleted:    clips/items/14/25.swf
	deleted:    clips/items/14/26.swf
	deleted:    clips/items/14/27.swf
	deleted:    clips/items/14/28.swf
	deleted:    clips/items/14/29.swf
	deleted:    clips/items/14/3.swf
	deleted:    clips/items/14/30.swf
	deleted:    clips/items/14/31.swf
	deleted:    clips/items/14/32.swf
	deleted:    clips/items/14/33.swf
	deleted:    clips/items/14/34.swf
	deleted:    clips/items/14/35.swf
	deleted:    clips/items/14/36.swf
	deleted:    clips/items/14/4.swf
	deleted:    clips/items/14/43.swf
	deleted:    clips/items/14/44.swf
	deleted:    clips/items/14/45.swf
	deleted:    clips/items/14/46.swf
	deleted:    clips/items/14/47.swf
	deleted:    clips/items/14/48.swf
	deleted:    clips/items/14/49.swf
	deleted:    clips/items/14/5.swf
	deleted:    clips/items/14/50.swf
	deleted:    clips/items/14/51.swf
	deleted:    clips/items/14/52.swf
	deleted:    clips/items/14/53.swf
	deleted:    clips/items/14/54.swf
	deleted:    clips/items/14/55.swf
	deleted:    clips/items/14/56.swf
	deleted:    clips/items/14/57.swf
	deleted:    clips/items/14/58.swf
	deleted:    clips/items/14/59.swf
	deleted:    clips/items/14/6.swf
	deleted:    clips/items/14/60.swf
	deleted:    clips/items/14/61.swf
	deleted:    clips/items/14/62.swf
	deleted:    clips/items/14/63.swf
	deleted:    clips/items/14/64.swf
	deleted:    clips/items/14/65.swf
	deleted:    clips/items/14/66.swf
	deleted:    clips/items/14/67.swf
	deleted:    clips/items/14/68.swf
	deleted:    clips/items/14/69.swf
	deleted:    clips/items/14/7.swf
	deleted:    clips/items/14/70.swf
	deleted:    clips/items/14/71.swf
	deleted:    clips/items/14/72.swf
	deleted:    clips/items/14/73.swf
	deleted:    clips/items/14/74.swf
	deleted:    clips/items/14/8.swf
	deleted:    clips/items/14/9.swf
	deleted:    clips/items/15/1.swf
	deleted:    clips/items/15/10.swf
	deleted:    clips/items/15/107.swf
	deleted:    clips/items/15/11.swf
	deleted:    clips/items/15/116.swf
	deleted:    clips/items/15/118.swf
	deleted:    clips/items/15/12.swf
	deleted:    clips/items/15/123.swf
	deleted:    clips/items/15/124.swf
	deleted:    clips/items/15/125.swf
	deleted:    clips/items/15/128.swf
	deleted:    clips/items/15/13.swf
	deleted:    clips/items/15/14.swf
	deleted:    clips/items/15/145.swf
	deleted:    clips/items/15/146.swf
	deleted:    clips/items/15/147.swf
	deleted:    clips/items/15/15.swf
	deleted:    clips/items/15/16.swf
	deleted:    clips/items/15/162.swf
	deleted:    clips/items/15/163.swf
	deleted:    clips/items/15/165.swf
	deleted:    clips/items/15/169.swf
	deleted:    clips/items/15/17.swf
	deleted:    clips/items/15/170.swf
	deleted:    clips/items/15/171.swf
	deleted:    clips/items/15/172.swf
	deleted:    clips/items/15/173.swf
	deleted:    clips/items/15/175.swf
	deleted:    clips/items/15/177.swf
	deleted:    clips/items/15/178.swf
	deleted:    clips/items/15/179.swf
	deleted:    clips/items/15/18.swf
	deleted:    clips/items/15/180.swf
	deleted:    clips/items/15/181.swf
	deleted:    clips/items/15/182.swf
	deleted:    clips/items/15/183.swf
	deleted:    clips/items/15/184.swf
	deleted:    clips/items/15/185.swf
	deleted:    clips/items/15/186.swf
	deleted:    clips/items/15/187.swf
	deleted:    clips/items/15/188.swf
	deleted:    clips/items/15/189.swf
	deleted:    clips/items/15/19.swf
	deleted:    clips/items/15/190.swf
	deleted:    clips/items/15/193.swf
	deleted:    clips/items/15/194.swf
	deleted:    clips/items/15/2.swf
	deleted:    clips/items/15/20.swf
	deleted:    clips/items/15/207.swf
	deleted:    clips/items/15/21.swf
	deleted:    clips/items/15/216.swf
	deleted:    clips/items/15/217.swf
	deleted:    clips/items/15/218.swf
	deleted:    clips/items/15/219.swf
	deleted:    clips/items/15/22.swf
	deleted:    clips/items/15/221.swf
	deleted:    clips/items/15/224.swf
	deleted:    clips/items/15/225.swf
	deleted:    clips/items/15/226.swf
	deleted:    clips/items/15/227.swf
	deleted:    clips/items/15/228.swf
	deleted:    clips/items/15/23.swf
	deleted:    clips/items/15/235.swf
	deleted:    clips/items/15/24.swf
	deleted:    clips/items/15/242.swf
	deleted:    clips/items/15/243.swf
	deleted:    clips/items/15/244.swf
	deleted:    clips/items/15/248.swf
	deleted:    clips/items/15/249.swf
	deleted:    clips/items/15/25.swf
	deleted:    clips/items/15/252.swf
	deleted:    clips/items/15/26.swf
	deleted:    clips/items/15/262.swf
	deleted:    clips/items/15/263.swf
	deleted:    clips/items/15/264.swf
	deleted:    clips/items/15/268.swf
	deleted:    clips/items/15/27.swf
	deleted:    clips/items/15/281.swf
	deleted:    clips/items/15/282.swf
	deleted:    clips/items/15/284.swf
	deleted:    clips/items/15/286.swf
	deleted:    clips/items/15/288.swf
	deleted:    clips/items/15/29.swf
	deleted:    clips/items/15/328.swf
	deleted:    clips/items/15/329.swf
	deleted:    clips/items/15/332.swf
	deleted:    clips/items/15/333.swf
	deleted:    clips/items/15/342.swf
	deleted:    clips/items/15/343.swf
	deleted:    clips/items/15/355.swf
	deleted:    clips/items/15/356.swf
	deleted:    clips/items/15/357.swf
	deleted:    clips/items/15/36.swf
	deleted:    clips/items/15/360.swf
	deleted:    clips/items/15/369.swf
	deleted:    clips/items/15/378.swf
	deleted:    clips/items/15/379.swf
	deleted:    clips/items/15/380.swf
	deleted:    clips/items/15/381.swf
	deleted:    clips/items/15/382.swf
	deleted:    clips/items/15/387.swf
	deleted:    clips/items/15/388.swf
	deleted:    clips/items/15/389.swf
	deleted:    clips/items/15/39.swf
	deleted:    clips/items/15/390.swf
	deleted:    clips/items/15/4.swf
	deleted:    clips/items/15/40.swf
	deleted:    clips/items/15/404.swf
	deleted:    clips/items/15/406.swf
	deleted:    clips/items/15/41.swf
	deleted:    clips/items/15/412.swf
	deleted:    clips/items/15/42.swf
	deleted:    clips/items/15/423.swf
	deleted:    clips/items/15/424.swf
	deleted:    clips/items/15/425.swf
	deleted:    clips/items/15/428.swf
	deleted:    clips/items/15/43.swf
	deleted:    clips/items/15/433.swf
	deleted:    clips/items/15/435.swf
	deleted:    clips/items/15/438.swf
	deleted:    clips/items/15/44.swf
	deleted:    clips/items/15/445.swf
	deleted:    clips/items/15/446.swf
	deleted:    clips/items/15/447.swf
	deleted:    clips/items/15/449.swf
	deleted:    clips/items/15/45.swf
	deleted:    clips/items/15/451.swf
	deleted:    clips/items/15/452.swf
	deleted:    clips/items/15/462.swf
	deleted:    clips/items/15/463.swf
	deleted:    clips/items/15/473.swf
	deleted:    clips/items/15/479.swf
	deleted:    clips/items/15/483.swf
	deleted:    clips/items/15/484.swf
	deleted:    clips/items/15/486.swf
	deleted:    clips/items/15/488.swf
	deleted:    clips/items/15/489.swf
	deleted:    clips/items/15/49.swf
	deleted:    clips/items/15/492.swf
	deleted:    clips/items/15/493.swf
	deleted:    clips/items/15/494.swf
	deleted:    clips/items/15/496.swf
	deleted:    clips/items/15/498.swf
	deleted:    clips/items/15/499.swf
	deleted:    clips/items/15/5.swf
	deleted:    clips/items/15/50.swf
	deleted:    clips/items/15/501.swf
	deleted:    clips/items/15/505.swf
	deleted:    clips/items/15/506.swf
	deleted:    clips/items/15/507.swf
	deleted:    clips/items/15/509.swf
	deleted:    clips/items/15/510.swf
	deleted:    clips/items/15/512.swf
	deleted:    clips/items/15/517.swf
	deleted:    clips/items/15/518.swf
	deleted:    clips/items/15/519.swf
	deleted:    clips/items/15/52.swf
	deleted:    clips/items/15/523.swf
	deleted:    clips/items/15/524.swf
	deleted:    clips/items/15/527.swf
	deleted:    clips/items/15/528.swf
	deleted:    clips/items/15/529.swf
	deleted:    clips/items/15/530.swf
	deleted:    clips/items/15/531.swf
	deleted:    clips/items/15/532.swf
	deleted:    clips/items/15/533.swf
	deleted:    clips/items/15/54.swf
	deleted:    clips/items/15/540.swf
	deleted:    clips/items/15/543.swf
	deleted:    clips/items/15/544.swf
	deleted:    clips/items/15/545.swf
	deleted:    clips/items/15/546.swf
	deleted:    clips/items/15/556.swf
	deleted:    clips/items/15/557.swf
	deleted:    clips/items/15/558.swf
	deleted:    clips/items/15/56.swf
	deleted:    clips/items/15/560.swf
	deleted:    clips/items/15/564.swf
	deleted:    clips/items/15/566.swf
	deleted:    clips/items/15/568.swf
	deleted:    clips/items/15/569.swf
	deleted:    clips/items/15/57.swf
	deleted:    clips/items/15/570.swf
	deleted:    clips/items/15/571.swf
	deleted:    clips/items/15/575.swf
	deleted:    clips/items/15/576.swf
	deleted:    clips/items/15/578.swf
	deleted:    clips/items/15/58.swf
	deleted:    clips/items/15/580.swf
	deleted:    clips/items/15/581.swf
	deleted:    clips/items/15/582.swf
	deleted:    clips/items/15/583.swf
	deleted:    clips/items/15/588.swf
	deleted:    clips/items/15/590.swf
	deleted:    clips/items/15/591.swf
	deleted:    clips/items/15/6.swf
	deleted:    clips/items/15/600.swf
	deleted:    clips/items/15/605.swf
	deleted:    clips/items/15/606.swf
	deleted:    clips/items/15/607.swf
	deleted:    clips/items/15/608.swf
	deleted:    clips/items/15/610.swf
	deleted:    clips/items/15/611.swf
	deleted:    clips/items/15/612.swf
	deleted:    clips/items/15/613.swf
	deleted:    clips/items/15/614.swf
	deleted:    clips/items/15/615.swf
	deleted:    clips/items/15/616.swf
	deleted:    clips/items/15/620.swf
	deleted:    clips/items/15/624.swf
	deleted:    clips/items/15/625.swf
	deleted:    clips/items/15/626.swf
	deleted:    clips/items/15/627.swf
	deleted:    clips/items/15/628.swf
	deleted:    clips/items/15/629.swf
	deleted:    clips/items/15/63.swf
	deleted:    clips/items/15/631.swf
	deleted:    clips/items/15/634.swf
	deleted:    clips/items/15/635.swf
	deleted:    clips/items/15/641.swf
	deleted:    clips/items/15/645.swf
	deleted:    clips/items/15/646.swf
	deleted:    clips/items/15/647.swf
	deleted:    clips/items/15/648.swf
	deleted:    clips/items/15/650.swf
	deleted:    clips/items/15/651.swf
	deleted:    clips/items/15/652.swf
	deleted:    clips/items/15/653.swf
	deleted:    clips/items/15/657.swf
	deleted:    clips/items/15/662.swf
	deleted:    clips/items/15/690.swf
	deleted:    clips/items/15/691.swf
	deleted:    clips/items/15/692.swf
	deleted:    clips/items/15/693.swf
	deleted:    clips/items/15/694.swf
	deleted:    clips/items/15/695.swf
	deleted:    clips/items/15/696.swf
	deleted:    clips/items/15/70.swf
	deleted:    clips/items/15/700.swf
	deleted:    clips/items/15/701.swf
	deleted:    clips/items/15/702.swf
	deleted:    clips/items/15/703.swf
	deleted:    clips/items/15/707.swf
	deleted:    clips/items/15/709.swf
	deleted:    clips/items/15/710.swf
	deleted:    clips/items/15/711.swf
	deleted:    clips/items/15/712.swf
	deleted:    clips/items/15/713.swf
	deleted:    clips/items/15/714.swf
	deleted:    clips/items/15/716.swf
	deleted:    clips/items/15/717.swf
	deleted:    clips/items/15/718.swf
	deleted:    clips/items/15/719.swf
	deleted:    clips/items/15/720.swf
	deleted:    clips/items/15/721.swf
	deleted:    clips/items/15/722.swf
	deleted:    clips/items/15/723.swf
	deleted:    clips/items/15/724.swf
	deleted:    clips/items/15/725.swf
	deleted:    clips/items/15/726.swf
	deleted:    clips/items/15/728.swf
	deleted:    clips/items/15/730.swf
	deleted:    clips/items/15/732.swf
	deleted:    clips/items/15/734.swf
	deleted:    clips/items/15/737.swf
	deleted:    clips/items/15/744.swf
	deleted:    clips/items/15/746.swf
	deleted:    clips/items/15/752.swf
	deleted:    clips/items/15/753.swf
	deleted:    clips/items/15/756.swf
	deleted:    clips/items/15/757.swf
	deleted:    clips/items/15/758.swf
	deleted:    clips/items/15/759.swf
	deleted:    clips/items/15/760.swf
	deleted:    clips/items/15/761.swf
	deleted:    clips/items/15/762.swf
	deleted:    clips/items/15/763.swf
	deleted:    clips/items/15/764.swf
	deleted:    clips/items/15/765.swf
	deleted:    clips/items/15/766.swf
	deleted:    clips/items/15/767.swf
	deleted:    clips/items/15/768.swf
	deleted:    clips/items/15/769.swf
	deleted:    clips/items/15/770.swf
	deleted:    clips/items/15/771.swf
	deleted:    clips/items/15/772.swf
	deleted:    clips/items/15/773.swf
	deleted:    clips/items/15/774.swf
	deleted:    clips/items/15/775.swf
	deleted:    clips/items/15/776.swf
	deleted:    clips/items/15/777.swf
	deleted:    clips/items/15/778.swf
	deleted:    clips/items/15/779.swf
	deleted:    clips/items/15/80.swf
	deleted:    clips/items/15/84.swf
	deleted:    clips/items/15/85.swf
	deleted:    clips/items/15/87.swf
	deleted:    clips/items/15/89.swf
	deleted:    clips/items/15/90.swf
	deleted:    clips/items/15/91.swf
	deleted:    clips/items/15/97.swf
	deleted:    clips/items/15/98.swf
	deleted:    clips/items/16/1.swf
	deleted:    clips/items/16/10.swf
	deleted:    clips/items/16/100.swf
	deleted:    clips/items/16/101.swf
	deleted:    clips/items/16/102.swf
	deleted:    clips/items/16/103.swf
	deleted:    clips/items/16/104.swf
	deleted:    clips/items/16/105.swf
	deleted:    clips/items/16/106.swf
	deleted:    clips/items/16/107.swf
	deleted:    clips/items/16/108.swf
	deleted:    clips/items/16/109.swf
	deleted:    clips/items/16/11.swf
	deleted:    clips/items/16/110.swf
	deleted:    clips/items/16/111.swf
	deleted:    clips/items/16/111_bis.swf
	deleted:    clips/items/16/112.swf
	deleted:    clips/items/16/113.swf
	deleted:    clips/items/16/114.swf
	deleted:    clips/items/16/115.swf
	deleted:    clips/items/16/116.swf
	deleted:    clips/items/16/117.swf
	deleted:    clips/items/16/118.swf
	deleted:    clips/items/16/119.swf
	deleted:    clips/items/16/12.swf
	deleted:    clips/items/16/120.swf
	deleted:    clips/items/16/121.swf
	deleted:    clips/items/16/122.swf
	deleted:    clips/items/16/123.swf
	deleted:    clips/items/16/124.swf
	deleted:    clips/items/16/125.swf
	deleted:    clips/items/16/126.swf
	deleted:    clips/items/16/127.swf
	deleted:    clips/items/16/128.swf
	deleted:    clips/items/16/129.swf
	deleted:    clips/items/16/13.swf
	deleted:    clips/items/16/130.swf
	deleted:    clips/items/16/131.swf
	deleted:    clips/items/16/132.swf
	deleted:    clips/items/16/133.swf
	deleted:    clips/items/16/134.swf
	deleted:    clips/items/16/135.swf
	deleted:    clips/items/16/136.swf
	deleted:    clips/items/16/137.swf
	deleted:    clips/items/16/138.swf
	deleted:    clips/items/16/139.swf
	deleted:    clips/items/16/14.swf
	deleted:    clips/items/16/140.swf
	deleted:    clips/items/16/141.swf
	deleted:    clips/items/16/142.swf
	deleted:    clips/items/16/143.swf
	deleted:    clips/items/16/144.swf
	deleted:    clips/items/16/145.swf
	deleted:    clips/items/16/146.swf
	deleted:    clips/items/16/147.swf
	deleted:    clips/items/16/148.swf
	deleted:    clips/items/16/149.swf
	deleted:    clips/items/16/15.swf
	deleted:    clips/items/16/150.swf
	deleted:    clips/items/16/151.swf
	deleted:    clips/items/16/152.swf
	deleted:    clips/items/16/153.swf
	deleted:    clips/items/16/154.swf
	deleted:    clips/items/16/155.swf
	deleted:    clips/items/16/156.swf
	deleted:    clips/items/16/157.swf
	deleted:    clips/items/16/158.swf
	deleted:    clips/items/16/159.swf
	deleted:    clips/items/16/16.swf
	deleted:    clips/items/16/160.swf
	deleted:    clips/items/16/161.swf
	deleted:    clips/items/16/162.swf
	deleted:    clips/items/16/163.swf
	deleted:    clips/items/16/164.swf
	deleted:    clips/items/16/165.swf
	deleted:    clips/items/16/166.swf
	deleted:    clips/items/16/167.swf
	deleted:    clips/items/16/168.swf
	deleted:    clips/items/16/169.swf
	deleted:    clips/items/16/17.swf
	deleted:    clips/items/16/170.swf
	deleted:    clips/items/16/171.swf
	deleted:    clips/items/16/172.swf
	deleted:    clips/items/16/173.swf
	deleted:    clips/items/16/174.swf
	deleted:    clips/items/16/175.swf
	deleted:    clips/items/16/176.swf
	deleted:    clips/items/16/177.swf
	deleted:    clips/items/16/178.swf
	deleted:    clips/items/16/179.swf
	deleted:    clips/items/16/18.swf
	deleted:    clips/items/16/180.swf
	deleted:    clips/items/16/181.swf
	deleted:    clips/items/16/182.swf
	deleted:    clips/items/16/183.swf
	deleted:    clips/items/16/184.swf
	deleted:    clips/items/16/185.swf
	deleted:    clips/items/16/186.swf
	deleted:    clips/items/16/187.swf
	deleted:    clips/items/16/188.swf
	deleted:    clips/items/16/189.swf
	deleted:    clips/items/16/19.swf
	deleted:    clips/items/16/190.swf
	deleted:    clips/items/16/191.swf
	deleted:    clips/items/16/192.swf
	deleted:    clips/items/16/193.swf
	deleted:    clips/items/16/194.swf
	deleted:    clips/items/16/195.swf
	deleted:    clips/items/16/196.swf
	deleted:    clips/items/16/197.swf
	deleted:    clips/items/16/198.swf
	deleted:    clips/items/16/199.swf
	deleted:    clips/items/16/2.swf
	deleted:    clips/items/16/20.swf
	deleted:    clips/items/16/200.swf
	deleted:    clips/items/16/201.swf
	deleted:    clips/items/16/202.swf
	deleted:    clips/items/16/203.swf
	deleted:    clips/items/16/204.swf
	deleted:    clips/items/16/205.swf
	deleted:    clips/items/16/206.swf
	deleted:    clips/items/16/207.swf
	deleted:    clips/items/16/208.swf
	deleted:    clips/items/16/209.swf
	deleted:    clips/items/16/21.swf
	deleted:    clips/items/16/210.swf
	deleted:    clips/items/16/211.swf
	deleted:    clips/items/16/212.swf
	deleted:    clips/items/16/213.swf
	deleted:    clips/items/16/214.swf
	deleted:    clips/items/16/215.swf
	deleted:    clips/items/16/216.swf
	deleted:    clips/items/16/217.swf
	deleted:    clips/items/16/218.swf
	deleted:    clips/items/16/219.swf
	deleted:    clips/items/16/22.swf
	deleted:    clips/items/16/220.swf
	deleted:    clips/items/16/221.swf
	deleted:    clips/items/16/222.swf
	deleted:    clips/items/16/223.swf
	deleted:    clips/items/16/224.swf
	deleted:    clips/items/16/225.swf
	deleted:    clips/items/16/226.swf
	deleted:    clips/items/16/227.swf
	deleted:    clips/items/16/228.swf
	deleted:    clips/items/16/229.swf
	deleted:    clips/items/16/23.swf
	deleted:    clips/items/16/230.swf
	deleted:    clips/items/16/231.swf
	deleted:    clips/items/16/232.swf
	deleted:    clips/items/16/233.swf
	deleted:    clips/items/16/234.swf
	deleted:    clips/items/16/235.swf
	deleted:    clips/items/16/236.swf
	deleted:    clips/items/16/237.swf
	deleted:    clips/items/16/238.swf
	deleted:    clips/items/16/239.swf
	deleted:    clips/items/16/24.swf
	deleted:    clips/items/16/240.swf
	deleted:    clips/items/16/241.swf
	deleted:    clips/items/16/242.swf
	deleted:    clips/items/16/243.swf
	deleted:    clips/items/16/244.swf
	deleted:    clips/items/16/245.swf
	deleted:    clips/items/16/246.swf
	deleted:    clips/items/16/247.swf
	deleted:    clips/items/16/248.swf
	deleted:    clips/items/16/249.swf
	deleted:    clips/items/16/25.swf
	deleted:    clips/items/16/250.swf
	deleted:    clips/items/16/251.swf
	deleted:    clips/items/16/252.swf
	deleted:    clips/items/16/253.swf
	deleted:    clips/items/16/254.swf
	deleted:    clips/items/16/255.swf
	deleted:    clips/items/16/256.swf
	deleted:    clips/items/16/257.swf
	deleted:    clips/items/16/258.swf
	deleted:    clips/items/16/259.swf
	deleted:    clips/items/16/26.swf
	deleted:    clips/items/16/260.swf
	deleted:    clips/items/16/261.swf
	deleted:    clips/items/16/262.swf
	deleted:    clips/items/16/263.swf
	deleted:    clips/items/16/264.swf
	deleted:    clips/items/16/265.swf
	deleted:    clips/items/16/266.swf
	deleted:    clips/items/16/267.swf
	deleted:    clips/items/16/268.swf
	deleted:    clips/items/16/269.swf
	deleted:    clips/items/16/27.swf
	deleted:    clips/items/16/270.swf
	deleted:    clips/items/16/271.swf
	deleted:    clips/items/16/272.swf
	deleted:    clips/items/16/273.swf
	deleted:    clips/items/16/274.swf
	deleted:    clips/items/16/275.swf
	deleted:    clips/items/16/276.swf
	deleted:    clips/items/16/277.swf
	deleted:    clips/items/16/278.swf
	deleted:    clips/items/16/279.swf
	deleted:    clips/items/16/28.swf
	deleted:    clips/items/16/280.swf
	deleted:    clips/items/16/281.swf
	deleted:    clips/items/16/282.swf
	deleted:    clips/items/16/283.swf
	deleted:    clips/items/16/284.swf
	deleted:    clips/items/16/285.swf
	deleted:    clips/items/16/286.swf
	deleted:    clips/items/16/287.swf
	deleted:    clips/items/16/288.swf
	deleted:    clips/items/16/289.swf
	deleted:    clips/items/16/29.swf
	deleted:    clips/items/16/290.swf
	deleted:    clips/items/16/291.swf
	deleted:    clips/items/16/292.swf
	deleted:    clips/items/16/293.swf
	deleted:    clips/items/16/294.swf
	deleted:    clips/items/16/295.swf
	deleted:    clips/items/16/3.swf
	deleted:    clips/items/16/30.swf
	deleted:    clips/items/16/31.swf
	deleted:    clips/items/16/32.swf
	deleted:    clips/items/16/33.swf
	deleted:    clips/items/16/34.swf
	deleted:    clips/items/16/35.swf
	deleted:    clips/items/16/36.swf
	deleted:    clips/items/16/37.swf
	deleted:    clips/items/16/38.swf
	deleted:    clips/items/16/39.swf
	deleted:    clips/items/16/4.swf
	deleted:    clips/items/16/40.swf
	deleted:    clips/items/16/41.swf
	deleted:    clips/items/16/42.swf
	deleted:    clips/items/16/43.swf
	deleted:    clips/items/16/44.swf
	deleted:    clips/items/16/45.swf
	deleted:    clips/items/16/46.swf
	deleted:    clips/items/16/47.swf
	deleted:    clips/items/16/48.swf
	deleted:    clips/items/16/49.swf
	deleted:    clips/items/16/5.swf
	deleted:    clips/items/16/50.swf
	deleted:    clips/items/16/51.swf
	deleted:    clips/items/16/52.swf
	deleted:    clips/items/16/53.swf
	deleted:    clips/items/16/54.swf
	deleted:    clips/items/16/55.swf
	deleted:    clips/items/16/56.swf
	deleted:    clips/items/16/57.swf
	deleted:    clips/items/16/58.swf
	deleted:    clips/items/16/59.swf
	deleted:    clips/items/16/6.swf
	deleted:    clips/items/16/60.swf
	deleted:    clips/items/16/61.swf
	deleted:    clips/items/16/62.swf
	deleted:    clips/items/16/63.swf
	deleted:    clips/items/16/64.swf
	deleted:    clips/items/16/65.swf
	deleted:    clips/items/16/66.swf
	deleted:    clips/items/16/67.swf
	deleted:    clips/items/16/68.swf
	deleted:    clips/items/16/69.swf
	deleted:    clips/items/16/7.swf
	deleted:    clips/items/16/70.swf
	deleted:    clips/items/16/71.swf
	deleted:    clips/items/16/72.swf
	deleted:    clips/items/16/73.swf
	deleted:    clips/items/16/74.swf
	deleted:    clips/items/16/75.swf
	deleted:    clips/items/16/76.swf
	deleted:    clips/items/16/77.swf
	deleted:    clips/items/16/78.swf
	deleted:    clips/items/16/79.swf
	deleted:    clips/items/16/8.swf
	deleted:    clips/items/16/80.swf
	deleted:    clips/items/16/81.swf
	deleted:    clips/items/16/82.swf
	deleted:    clips/items/16/83.swf
	deleted:    clips/items/16/84.swf
	deleted:    clips/items/16/85.swf
	deleted:    clips/items/16/86.swf
	deleted:    clips/items/16/87.swf
	deleted:    clips/items/16/88.swf
	deleted:    clips/items/16/89.swf
	deleted:    clips/items/16/9.swf
	deleted:    clips/items/16/90.swf
	deleted:    clips/items/16/91.swf
	deleted:    clips/items/16/92.swf
	deleted:    clips/items/16/93.swf
	deleted:    clips/items/16/94.swf
	deleted:    clips/items/16/95.swf
	deleted:    clips/items/16/96.swf
	deleted:    clips/items/16/97.swf
	deleted:    clips/items/16/98.swf
	deleted:    clips/items/16/99.swf
	deleted:    clips/items/17/1.swf
	deleted:    clips/items/17/10.swf
	deleted:    clips/items/17/100.swf
	deleted:    clips/items/17/101.swf
	deleted:    clips/items/17/102.swf
	deleted:    clips/items/17/103.swf
	deleted:    clips/items/17/104.swf
	deleted:    clips/items/17/105.swf
	deleted:    clips/items/17/106.swf
	deleted:    clips/items/17/107.swf
	deleted:    clips/items/17/108.swf
	deleted:    clips/items/17/109.swf
	deleted:    clips/items/17/11.swf
	deleted:    clips/items/17/110.swf
	deleted:    clips/items/17/111.swf
	deleted:    clips/items/17/112.swf
	deleted:    clips/items/17/113.swf
	deleted:    clips/items/17/114.swf
	deleted:    clips/items/17/115.swf
	deleted:    clips/items/17/116.swf
	deleted:    clips/items/17/117.swf
	deleted:    clips/items/17/118.swf
	deleted:    clips/items/17/119.swf
	deleted:    clips/items/17/12.swf
	deleted:    clips/items/17/120.swf
	deleted:    clips/items/17/121.swf
	deleted:    clips/items/17/122.swf
	deleted:    clips/items/17/123.swf
	deleted:    clips/items/17/124.swf
	deleted:    clips/items/17/125.swf
	deleted:    clips/items/17/126.swf
	deleted:    clips/items/17/127.swf
	deleted:    clips/items/17/128.swf
	deleted:    clips/items/17/129.swf
	deleted:    clips/items/17/13.swf
	deleted:    clips/items/17/130.swf
	deleted:    clips/items/17/131.swf
	deleted:    clips/items/17/132.swf
	deleted:    clips/items/17/133.swf
	deleted:    clips/items/17/134.swf
	deleted:    clips/items/17/135.swf
	deleted:    clips/items/17/136.swf
	deleted:    clips/items/17/137.swf
	deleted:    clips/items/17/138.swf
	deleted:    clips/items/17/139.swf
	deleted:    clips/items/17/14.swf
	deleted:    clips/items/17/140.swf
	deleted:    clips/items/17/141.swf
	deleted:    clips/items/17/142.swf
	deleted:    clips/items/17/143.swf
	deleted:    clips/items/17/144.swf
	deleted:    clips/items/17/145.swf
	deleted:    clips/items/17/146.swf
	deleted:    clips/items/17/147.swf
	deleted:    clips/items/17/148.swf
	deleted:    clips/items/17/149.swf
	deleted:    clips/items/17/15.swf
	deleted:    clips/items/17/150.swf
	deleted:    clips/items/17/151.swf
	deleted:    clips/items/17/152.swf
	deleted:    clips/items/17/153.swf
	deleted:    clips/items/17/154.swf
	deleted:    clips/items/17/155.swf
	deleted:    clips/items/17/156.swf
	deleted:    clips/items/17/157.swf
	deleted:    clips/items/17/158.swf
	deleted:    clips/items/17/159.swf
	deleted:    clips/items/17/16.swf
	deleted:    clips/items/17/160.swf
	deleted:    clips/items/17/161.swf
	deleted:    clips/items/17/162.swf
	deleted:    clips/items/17/163.swf
	deleted:    clips/items/17/164.swf
	deleted:    clips/items/17/165.swf
	deleted:    clips/items/17/166.swf
	deleted:    clips/items/17/167.swf
	deleted:    clips/items/17/168.swf
	deleted:    clips/items/17/169.swf
	deleted:    clips/items/17/17.swf
	deleted:    clips/items/17/170.swf
	deleted:    clips/items/17/171.swf
	deleted:    clips/items/17/172.swf
	deleted:    clips/items/17/173.swf
	deleted:    clips/items/17/174.swf
	deleted:    clips/items/17/175.swf
	deleted:    clips/items/17/176.swf
	deleted:    clips/items/17/177.swf
	deleted:    clips/items/17/178.swf
	deleted:    clips/items/17/179.swf
	deleted:    clips/items/17/18.swf
	deleted:    clips/items/17/180.swf
	deleted:    clips/items/17/181.swf
	deleted:    clips/items/17/182.swf
	deleted:    clips/items/17/183.swf
	deleted:    clips/items/17/184.swf
	deleted:    clips/items/17/185.swf
	deleted:    clips/items/17/19.swf
	deleted:    clips/items/17/2.swf
	deleted:    clips/items/17/20.swf
	deleted:    clips/items/17/21.swf
	deleted:    clips/items/17/22.swf
	deleted:    clips/items/17/23.swf
	deleted:    clips/items/17/3.swf
	deleted:    clips/items/17/33.swf
	deleted:    clips/items/17/34.swf
	deleted:    clips/items/17/35.swf
	deleted:    clips/items/17/36.swf
	deleted:    clips/items/17/37.swf
	deleted:    clips/items/17/38.swf
	deleted:    clips/items/17/39.swf
	deleted:    clips/items/17/4.swf
	deleted:    clips/items/17/40.swf
	deleted:    clips/items/17/41.swf
	deleted:    clips/items/17/42.swf
	deleted:    clips/items/17/43.swf
	deleted:    clips/items/17/44.swf
	deleted:    clips/items/17/45.swf
	deleted:    clips/items/17/46.swf
	deleted:    clips/items/17/47.swf
	deleted:    clips/items/17/48.swf
	deleted:    clips/items/17/49.swf
	deleted:    clips/items/17/5.swf
	deleted:    clips/items/17/50.swf
	deleted:    clips/items/17/51.swf
	deleted:    clips/items/17/52.swf
	deleted:    clips/items/17/53.swf
	deleted:    clips/items/17/54.swf
	deleted:    clips/items/17/55.swf
	deleted:    clips/items/17/56.swf
	deleted:    clips/items/17/58.swf
	deleted:    clips/items/17/59.swf
	deleted:    clips/items/17/6.swf
	deleted:    clips/items/17/60.swf
	deleted:    clips/items/17/61.swf
	deleted:    clips/items/17/62.swf
	deleted:    clips/items/17/63.swf
	deleted:    clips/items/17/64.swf
	deleted:    clips/items/17/65.swf
	deleted:    clips/items/17/7.swf
	deleted:    clips/items/17/70.swf
	deleted:    clips/items/17/71.swf
	deleted:    clips/items/17/72.swf
	deleted:    clips/items/17/73.swf
	deleted:    clips/items/17/74.swf
	deleted:    clips/items/17/75.swf
	deleted:    clips/items/17/76.swf
	deleted:    clips/items/17/77.swf
	deleted:    clips/items/17/78.swf
	deleted:    clips/items/17/79.swf
	deleted:    clips/items/17/8.swf
	deleted:    clips/items/17/80.swf
	deleted:    clips/items/17/81.swf
	deleted:    clips/items/17/82.swf
	deleted:    clips/items/17/83.swf
	deleted:    clips/items/17/84.swf
	deleted:    clips/items/17/85.swf
	deleted:    clips/items/17/86.swf
	deleted:    clips/items/17/87.swf
	deleted:    clips/items/17/88.swf
	deleted:    clips/items/17/89.swf
	deleted:    clips/items/17/9.swf
	deleted:    clips/items/17/90.swf
	deleted:    clips/items/17/91.swf
	deleted:    clips/items/17/92.swf
	deleted:    clips/items/17/93.swf
	deleted:    clips/items/17/94.swf
	deleted:    clips/items/17/95.swf
	deleted:    clips/items/17/96.swf
	deleted:    clips/items/17/97.swf
	deleted:    clips/items/17/98.swf
	deleted:    clips/items/17/99.swf
	deleted:    clips/items/18/1.swf
	deleted:    clips/items/18/10.swf
	deleted:    clips/items/18/11.swf
	deleted:    clips/items/18/12.swf
	deleted:    clips/items/18/13.swf
	deleted:    clips/items/18/14.swf
	deleted:    clips/items/18/15.swf
	deleted:    clips/items/18/16.swf
	deleted:    clips/items/18/17.swf
	deleted:    clips/items/18/18.swf
	deleted:    clips/items/18/19.swf
	deleted:    clips/items/18/2.swf
	deleted:    clips/items/18/20.swf
	deleted:    clips/items/18/21.swf
	deleted:    clips/items/18/22.swf
	deleted:    clips/items/18/23.swf
	deleted:    clips/items/18/24.swf
	deleted:    clips/items/18/25.swf
	deleted:    clips/items/18/26.swf
	deleted:    clips/items/18/27.swf
	deleted:    clips/items/18/28.swf
	deleted:    clips/items/18/29.swf
	deleted:    clips/items/18/3.swf
	deleted:    clips/items/18/30.swf
	deleted:    clips/items/18/31.swf
	deleted:    clips/items/18/32.swf
	deleted:    clips/items/18/33.swf
	deleted:    clips/items/18/34.swf
	deleted:    clips/items/18/35.swf
	deleted:    clips/items/18/36.swf
	deleted:    clips/items/18/37.swf
	deleted:    clips/items/18/38.swf
	deleted:    clips/items/18/39.swf
	deleted:    clips/items/18/4.swf
	deleted:    clips/items/18/40.swf
	deleted:    clips/items/18/41.swf
	deleted:    clips/items/18/42.swf
	deleted:    clips/items/18/43.swf
	deleted:    clips/items/18/44.swf
	deleted:    clips/items/18/45.swf
	deleted:    clips/items/18/46.swf
	deleted:    clips/items/18/47.swf
	deleted:    clips/items/18/48.swf
	deleted:    clips/items/18/49.swf
	deleted:    clips/items/18/5.swf
	deleted:    clips/items/18/50.swf
	deleted:    clips/items/18/51.swf
	deleted:    clips/items/18/52.swf
	deleted:    clips/items/18/53.swf
	deleted:    clips/items/18/54.swf
	deleted:    clips/items/18/55.swf
	deleted:    clips/items/18/56.swf
	deleted:    clips/items/18/57.swf
	deleted:    clips/items/18/58.swf
	deleted:    clips/items/18/59.swf
	deleted:    clips/items/18/6.swf
	deleted:    clips/items/18/60.swf
	deleted:    clips/items/18/61.swf
	deleted:    clips/items/18/62.swf
	deleted:    clips/items/18/63.swf
	deleted:    clips/items/18/64.swf
	deleted:    clips/items/18/65.swf
	deleted:    clips/items/18/66.swf
	deleted:    clips/items/18/67.swf
	deleted:    clips/items/18/68.swf
	deleted:    clips/items/18/69.swf
	deleted:    clips/items/18/7.swf
	deleted:    clips/items/18/70.swf
	deleted:    clips/items/18/71.swf
	deleted:    clips/items/18/72.swf
	deleted:    clips/items/18/73.swf
	deleted:    clips/items/18/74.swf
	deleted:    clips/items/18/8.swf
	deleted:    clips/items/18/9.swf
	deleted:    clips/items/19/1.swf
	deleted:    clips/items/19/10.swf
	deleted:    clips/items/19/11.swf
	deleted:    clips/items/19/12.swf
	deleted:    clips/items/19/13.swf
	deleted:    clips/items/19/14.swf
	deleted:    clips/items/19/15.swf
	deleted:    clips/items/19/16.swf
	deleted:    clips/items/19/17.swf
	deleted:    clips/items/19/18.swf
	deleted:    clips/items/19/19.swf
	deleted:    clips/items/19/2.swf
	deleted:    clips/items/19/20.swf
	deleted:    clips/items/19/21.swf
	deleted:    clips/items/19/23.swf
	deleted:    clips/items/19/24.swf
	deleted:    clips/items/19/25.swf
	deleted:    clips/items/19/26.swf
	deleted:    clips/items/19/27.swf
	deleted:    clips/items/19/28.swf
	deleted:    clips/items/19/29.swf
	deleted:    clips/items/19/3.swf
	deleted:    clips/items/19/30.swf
	deleted:    clips/items/19/31.swf
	deleted:    clips/items/19/32.swf
	deleted:    clips/items/19/33.swf
	deleted:    clips/items/19/34.swf
	deleted:    clips/items/19/35.swf
	deleted:    clips/items/19/36.swf
	deleted:    clips/items/19/37.swf
	deleted:    clips/items/19/38.swf
	deleted:    clips/items/19/39.swf
	deleted:    clips/items/19/4.swf
	deleted:    clips/items/19/40.swf
	deleted:    clips/items/19/41.swf
	deleted:    clips/items/19/42.swf
	deleted:    clips/items/19/43.swf
	deleted:    clips/items/19/44.swf
	deleted:    clips/items/19/45.swf
	deleted:    clips/items/19/46.swf
	deleted:    clips/items/19/47.swf
	deleted:    clips/items/19/48.swf
	deleted:    clips/items/19/49.swf
	deleted:    clips/items/19/5.swf
	deleted:    clips/items/19/50.swf
	deleted:    clips/items/19/51.swf
	deleted:    clips/items/19/52.swf
	deleted:    clips/items/19/53.swf
	deleted:    clips/items/19/54.swf
	deleted:    clips/items/19/55.swf
	deleted:    clips/items/19/56.swf
	deleted:    clips/items/19/57.swf
	deleted:    clips/items/19/58.swf
	deleted:    clips/items/19/6.swf
	deleted:    clips/items/19/7.swf
	deleted:    clips/items/19/8.swf
	deleted:    clips/items/19/9.swf
	deleted:    clips/items/2/1.swf
	deleted:    clips/items/2/10.swf
	deleted:    clips/items/2/11.swf
	deleted:    clips/items/2/12.swf
	deleted:    clips/items/2/13.swf
	deleted:    clips/items/2/14.swf
	deleted:    clips/items/2/15.swf
	deleted:    clips/items/2/16.swf
	deleted:    clips/items/2/17.swf
	deleted:    clips/items/2/18.swf
	deleted:    clips/items/2/19.swf
	deleted:    clips/items/2/2.swf
	deleted:    clips/items/2/20.swf
	deleted:    clips/items/2/21.swf
	deleted:    clips/items/2/22.swf
	deleted:    clips/items/2/23.swf
	deleted:    clips/items/2/24.swf
	deleted:    clips/items/2/25.swf
	deleted:    clips/items/2/26.swf
	deleted:    clips/items/2/27.swf
	deleted:    clips/items/2/28.swf
	deleted:    clips/items/2/29.swf
	deleted:    clips/items/2/3.swf
	deleted:    clips/items/2/30.swf
	deleted:    clips/items/2/31.swf
	deleted:    clips/items/2/32.swf
	deleted:    clips/items/2/33.swf
	deleted:    clips/items/2/34.swf
	deleted:    clips/items/2/35.swf
	deleted:    clips/items/2/36.swf
	deleted:    clips/items/2/37.swf
	deleted:    clips/items/2/38.swf
	deleted:    clips/items/2/39.swf
	deleted:    clips/items/2/4.swf
	deleted:    clips/items/2/40.swf
	deleted:    clips/items/2/41.swf
	deleted:    clips/items/2/42.swf
	deleted:    clips/items/2/43.swf
	deleted:    clips/items/2/44.swf
	deleted:    clips/items/2/45.swf
	deleted:    clips/items/2/46.swf
	deleted:    clips/items/2/47.swf
	deleted:    clips/items/2/48.swf
	deleted:    clips/items/2/49.swf
	deleted:    clips/items/2/5.swf
	deleted:    clips/items/2/50.swf
	deleted:    clips/items/2/51.swf
	deleted:    clips/items/2/52.swf
	deleted:    clips/items/2/53.swf
	deleted:    clips/items/2/54.swf
	deleted:    clips/items/2/55.swf
	deleted:    clips/items/2/56.swf
	deleted:    clips/items/2/57.swf
	deleted:    clips/items/2/58.swf
	deleted:    clips/items/2/59.swf
	deleted:    clips/items/2/6.swf
	deleted:    clips/items/2/60.swf
	deleted:    clips/items/2/61.swf
	deleted:    clips/items/2/62.swf
	deleted:    clips/items/2/63.swf
	deleted:    clips/items/2/64.swf
	deleted:    clips/items/2/65.swf
	deleted:    clips/items/2/66.swf
	deleted:    clips/items/2/67.swf
	deleted:    clips/items/2/68.swf
	deleted:    clips/items/2/69.swf
	deleted:    clips/items/2/7.swf
	deleted:    clips/items/2/8.swf
	deleted:    clips/items/2/9.swf
	deleted:    clips/items/20/1.swf
	deleted:    clips/items/20/10.swf
	deleted:    clips/items/20/11.swf
	deleted:    clips/items/20/12.swf
	deleted:    clips/items/20/13.swf
	deleted:    clips/items/20/14.swf
	deleted:    clips/items/20/15.swf
	deleted:    clips/items/20/16.swf
	deleted:    clips/items/20/17.swf
	deleted:    clips/items/20/18.swf
	deleted:    clips/items/20/19.swf
	deleted:    clips/items/20/2.swf
	deleted:    clips/items/20/20.swf
	deleted:    clips/items/20/21.swf
	deleted:    clips/items/20/22.swf
	deleted:    clips/items/20/23.swf
	deleted:    clips/items/20/3.swf
	deleted:    clips/items/20/4.swf
	deleted:    clips/items/20/5.swf
	deleted:    clips/items/20/6.swf
	deleted:    clips/items/20/7.swf
	deleted:    clips/items/20/8.swf
	deleted:    clips/items/20/9.swf
	deleted:    clips/items/20/91.swf
	deleted:    clips/items/21/1.swf
	deleted:    clips/items/21/2.swf
	deleted:    clips/items/22/1.swf
	deleted:    clips/items/22/2.swf
	deleted:    clips/items/22/3.swf
	deleted:    clips/items/23/1.swf
	deleted:    clips/items/23/10.swf
	deleted:    clips/items/23/11.swf
	deleted:    clips/items/23/12.swf
	deleted:    clips/items/23/13.swf
	deleted:    clips/items/23/14.swf
	deleted:    clips/items/23/15.swf
	deleted:    clips/items/23/16.swf
	deleted:    clips/items/23/17.swf
	deleted:    clips/items/23/2.swf
	deleted:    clips/items/23/3.swf
	deleted:    clips/items/23/4.swf
	deleted:    clips/items/23/5.swf
	deleted:    clips/items/23/6.swf
	deleted:    clips/items/23/7.swf
	deleted:    clips/items/23/8.swf
	deleted:    clips/items/23/9.swf
	deleted:    clips/items/24/1.swf
	deleted:    clips/items/24/10.swf
	deleted:    clips/items/24/100.swf
	deleted:    clips/items/24/101.swf
	deleted:    clips/items/24/102.swf
	deleted:    clips/items/24/103.swf
	deleted:    clips/items/24/104.swf
	deleted:    clips/items/24/105.swf
	deleted:    clips/items/24/106.swf
	deleted:    clips/items/24/107.swf
	deleted:    clips/items/24/108.swf
	deleted:    clips/items/24/109.swf
	deleted:    clips/items/24/11.swf
	deleted:    clips/items/24/110.swf
	deleted:    clips/items/24/111.swf
	deleted:    clips/items/24/117.swf
	deleted:    clips/items/24/118.swf
	deleted:    clips/items/24/119.swf
	deleted:    clips/items/24/12.swf
	deleted:    clips/items/24/120.swf
	deleted:    clips/items/24/121.swf
	deleted:    clips/items/24/122.swf
	deleted:    clips/items/24/123.swf
	deleted:    clips/items/24/124.swf
	deleted:    clips/items/24/13.swf
	deleted:    clips/items/24/14.swf
	deleted:    clips/items/24/15.swf
	deleted:    clips/items/24/150.swf
	deleted:    clips/items/24/151.swf
	deleted:    clips/items/24/152.swf
	deleted:    clips/items/24/153.swf
	deleted:    clips/items/24/154.swf
	deleted:    clips/items/24/155.swf
	deleted:    clips/items/24/156.swf
	deleted:    clips/items/24/16.swf
	deleted:    clips/items/24/165.swf
	deleted:    clips/items/24/17.swf
	deleted:    clips/items/24/176.swf
	deleted:    clips/items/24/18.swf
	deleted:    clips/items/24/19.swf
	deleted:    clips/items/24/192.swf
	deleted:    clips/items/24/2.swf
	deleted:    clips/items/24/20.swf
	deleted:    clips/items/24/206.swf
	deleted:    clips/items/24/21.swf
	deleted:    clips/items/24/22.swf
	deleted:    clips/items/24/23.swf
	deleted:    clips/items/24/231.swf
	deleted:    clips/items/24/24.swf
	deleted:    clips/items/24/241.swf
	deleted:    clips/items/24/243.swf
	deleted:    clips/items/24/244.swf
	deleted:    clips/items/24/245.swf
	deleted:    clips/items/24/246.swf
	deleted:    clips/items/24/247.swf
	deleted:    clips/items/24/248.swf
	deleted:    clips/items/24/249.swf
	deleted:    clips/items/24/25.swf
	deleted:    clips/items/24/250.swf
	deleted:    clips/items/24/251.swf
	deleted:    clips/items/24/252.swf
	deleted:    clips/items/24/253.swf
	deleted:    clips/items/24/254.swf
	deleted:    clips/items/24/255.swf
	deleted:    clips/items/24/256.swf
	deleted:    clips/items/24/26.swf
	deleted:    clips/items/24/262.swf
	deleted:    clips/items/24/27.swf
	deleted:    clips/items/24/28.swf
	deleted:    clips/items/24/29.swf
	deleted:    clips/items/24/3.swf
	deleted:    clips/items/24/30.swf
	deleted:    clips/items/24/31.swf
	deleted:    clips/items/24/32.swf
	deleted:    clips/items/24/33.swf
	deleted:    clips/items/24/34.swf
	deleted:    clips/items/24/35.swf
	deleted:    clips/items/24/36.swf
	deleted:    clips/items/24/37.swf
	deleted:    clips/items/24/38.swf
	deleted:    clips/items/24/39.swf
	deleted:    clips/items/24/4.swf
	deleted:    clips/items/24/40.swf
	deleted:    clips/items/24/405.swf
	deleted:    clips/items/24/41.swf
	deleted:    clips/items/24/42.swf
	deleted:    clips/items/24/43.swf
	deleted:    clips/items/24/44.swf
	deleted:    clips/items/24/45.swf
	deleted:    clips/items/24/46.swf
	deleted:    clips/items/24/462.swf
	deleted:    clips/items/24/47.swf
	deleted:    clips/items/24/48.swf
	deleted:    clips/items/24/49.swf
	deleted:    clips/items/24/499.swf
	deleted:    clips/items/24/5.swf
	deleted:    clips/items/24/50.swf
	deleted:    clips/items/24/500.swf
	deleted:    clips/items/24/501.swf
	deleted:    clips/items/24/502.swf
	deleted:    clips/items/24/503.swf
	deleted:    clips/items/24/51.swf
	deleted:    clips/items/24/518.swf
	deleted:    clips/items/24/52.swf
	deleted:    clips/items/24/53.swf
	deleted:    clips/items/24/54.swf
	deleted:    clips/items/24/55.swf
	deleted:    clips/items/24/56.swf
	deleted:    clips/items/24/57.swf
	deleted:    clips/items/24/58.swf
	deleted:    clips/items/24/59.swf
	deleted:    clips/items/24/6.swf
	deleted:    clips/items/24/60.swf
	deleted:    clips/items/24/61.swf
	deleted:    clips/items/24/62.swf
	deleted:    clips/items/24/621.swf
	deleted:    clips/items/24/63.swf
	deleted:    clips/items/24/64.swf
	deleted:    clips/items/24/65.swf
	deleted:    clips/items/24/66.swf
	deleted:    clips/items/24/67.swf
	deleted:    clips/items/24/68.swf
	deleted:    clips/items/24/680.swf
	deleted:    clips/items/24/69.swf
	deleted:    clips/items/24/7.swf
	deleted:    clips/items/24/70.swf
	deleted:    clips/items/24/706.swf
	deleted:    clips/items/24/708.swf
	deleted:    clips/items/24/71.swf
	deleted:    clips/items/24/714.swf
	deleted:    clips/items/24/715.swf
	deleted:    clips/items/24/716.swf
	deleted:    clips/items/24/717.swf
	deleted:    clips/items/24/718.swf
	deleted:    clips/items/24/719.swf
	deleted:    clips/items/24/72.swf
	deleted:    clips/items/24/720.swf
	deleted:    clips/items/24/721.swf
	deleted:    clips/items/24/722.swf
	deleted:    clips/items/24/723.swf
	deleted:    clips/items/24/724.swf
	deleted:    clips/items/24/725.swf
	deleted:    clips/items/24/726.swf
	deleted:    clips/items/24/727.swf
	deleted:    clips/items/24/728.swf
	deleted:    clips/items/24/729.swf
	deleted:    clips/items/24/73.swf
	deleted:    clips/items/24/730.swf
	deleted:    clips/items/24/731.swf
	deleted:    clips/items/24/732.swf
	deleted:    clips/items/24/733.swf
	deleted:    clips/items/24/734.swf
	deleted:    clips/items/24/735.swf
	deleted:    clips/items/24/736.swf
	deleted:    clips/items/24/737.swf
	deleted:    clips/items/24/738.swf
	deleted:    clips/items/24/739.swf
	deleted:    clips/items/24/74.swf
	deleted:    clips/items/24/740.swf
	deleted:    clips/items/24/741.swf
	deleted:    clips/items/24/742.swf
	deleted:    clips/items/24/743.swf
	deleted:    clips/items/24/744.swf
	deleted:    clips/items/24/745.swf
	deleted:    clips/items/24/746.swf
	deleted:    clips/items/24/747.swf
	deleted:    clips/items/24/748.swf
	deleted:    clips/items/24/749.swf
	deleted:    clips/items/24/75.swf
	deleted:    clips/items/24/750.swf
	deleted:    clips/items/24/751.swf
	deleted:    clips/items/24/752.swf
	deleted:    clips/items/24/753.swf
	deleted:    clips/items/24/754.swf
	deleted:    clips/items/24/755.swf
	deleted:    clips/items/24/756.swf
	deleted:    clips/items/24/757.swf
	deleted:    clips/items/24/758.swf
	deleted:    clips/items/24/759.swf
	deleted:    clips/items/24/76.swf
	deleted:    clips/items/24/760.swf
	deleted:    clips/items/24/761.swf
	deleted:    clips/items/24/762.swf
	deleted:    clips/items/24/763.swf
	deleted:    clips/items/24/764.swf
	deleted:    clips/items/24/765.swf
	deleted:    clips/items/24/766.swf
	deleted:    clips/items/24/767.swf
	deleted:    clips/items/24/768.swf
	deleted:    clips/items/24/769.swf
	deleted:    clips/items/24/77.swf
	deleted:    clips/items/24/770.swf
	deleted:    clips/items/24/771.swf
	deleted:    clips/items/24/772.swf
	deleted:    clips/items/24/773.swf
	deleted:    clips/items/24/774.swf
	deleted:    clips/items/24/775.swf
	deleted:    clips/items/24/776.swf
	deleted:    clips/items/24/777.swf
	deleted:    clips/items/24/778.swf
	deleted:    clips/items/24/779.swf
	deleted:    clips/items/24/78.swf
	deleted:    clips/items/24/780.swf
	deleted:    clips/items/24/781.swf
	deleted:    clips/items/24/782.swf
	deleted:    clips/items/24/783.swf
	deleted:    clips/items/24/784.swf
	deleted:    clips/items/24/785.swf
	deleted:    clips/items/24/786.swf
	deleted:    clips/items/24/787.swf
	deleted:    clips/items/24/788.swf
	deleted:    clips/items/24/789.swf
	deleted:    clips/items/24/79.swf
	deleted:    clips/items/24/790.swf
	deleted:    clips/items/24/791.swf
	deleted:    clips/items/24/792.swf
	deleted:    clips/items/24/793.swf
	deleted:    clips/items/24/794.swf
	deleted:    clips/items/24/795.swf
	deleted:    clips/items/24/796.swf
	deleted:    clips/items/24/797.swf
	deleted:    clips/items/24/798.swf
	deleted:    clips/items/24/799.swf
	deleted:    clips/items/24/8.swf
	deleted:    clips/items/24/80.swf
	deleted:    clips/items/24/800.swf
	deleted:    clips/items/24/801.swf
	deleted:    clips/items/24/802.swf
	deleted:    clips/items/24/803.swf
	deleted:    clips/items/24/804.swf
	deleted:    clips/items/24/805.swf
	deleted:    clips/items/24/806.swf
	deleted:    clips/items/24/807.swf
	deleted:    clips/items/24/808.swf
	deleted:    clips/items/24/809.swf
	deleted:    clips/items/24/81.swf
	deleted:    clips/items/24/810.swf
	deleted:    clips/items/24/811.swf
	deleted:    clips/items/24/812.swf
	deleted:    clips/items/24/813.swf
	deleted:    clips/items/24/814.swf
	deleted:    clips/items/24/815.swf
	deleted:    clips/items/24/816.swf
	deleted:    clips/items/24/817.swf
	deleted:    clips/items/24/818.swf
	deleted:    clips/items/24/819.swf
	deleted:    clips/items/24/82.swf
	deleted:    clips/items/24/820.swf
	deleted:    clips/items/24/821.swf
	deleted:    clips/items/24/822.swf
	deleted:    clips/items/24/823.swf
	deleted:    clips/items/24/824.swf
	deleted:    clips/items/24/825.swf
	deleted:    clips/items/24/826.swf
	deleted:    clips/items/24/827.swf
	deleted:    clips/items/24/828.swf
	deleted:    clips/items/24/829.swf
	deleted:    clips/items/24/83.swf
	deleted:    clips/items/24/830.swf
	deleted:    clips/items/24/831.swf
	deleted:    clips/items/24/832.swf
	deleted:    clips/items/24/833.swf
	deleted:    clips/items/24/834.swf
	deleted:    clips/items/24/835.swf
	deleted:    clips/items/24/836.swf
	deleted:    clips/items/24/837.swf
	deleted:    clips/items/24/838.swf
	deleted:    clips/items/24/839.swf
	deleted:    clips/items/24/84.swf
	deleted:    clips/items/24/840.swf
	deleted:    clips/items/24/841.swf
	deleted:    clips/items/24/842.swf
	deleted:    clips/items/24/843.swf
	deleted:    clips/items/24/844.swf
	deleted:    clips/items/24/845.swf
	deleted:    clips/items/24/846.swf
	deleted:    clips/items/24/847.swf
	deleted:    clips/items/24/848.swf
	deleted:    clips/items/24/849.swf
	deleted:    clips/items/24/85.swf
	deleted:    clips/items/24/850.swf
	deleted:    clips/items/24/851.swf
	deleted:    clips/items/24/852.swf
	deleted:    clips/items/24/853.swf
	deleted:    clips/items/24/854.swf
	deleted:    clips/items/24/855.swf
	deleted:    clips/items/24/856.swf
	deleted:    clips/items/24/857.swf
	deleted:    clips/items/24/858.swf
	deleted:    clips/items/24/859.swf
	deleted:    clips/items/24/86.swf
	deleted:    clips/items/24/860.swf
	deleted:    clips/items/24/861.swf
	deleted:    clips/items/24/862.swf
	deleted:    clips/items/24/863.swf
	deleted:    clips/items/24/864.swf
	deleted:    clips/items/24/865.swf
	deleted:    clips/items/24/88.swf
	deleted:    clips/items/24/89.swf
	deleted:    clips/items/24/9.swf
	deleted:    clips/items/24/90.swf
	deleted:    clips/items/24/91.swf
	deleted:    clips/items/24/92.swf
	deleted:    clips/items/24/93.swf
	deleted:    clips/items/24/94.swf
	deleted:    clips/items/24/95.swf
	deleted:    clips/items/24/96.swf
	deleted:    clips/items/24/97.swf
	deleted:    clips/items/24/98.swf
	deleted:    clips/items/24/99.swf
	deleted:    clips/items/25/1.swf
	deleted:    clips/items/25/10.swf
	deleted:    clips/items/25/13.swf
	deleted:    clips/items/25/130.swf
	deleted:    clips/items/25/19.swf
	deleted:    clips/items/25/2.swf
	deleted:    clips/items/25/3.swf
	deleted:    clips/items/25/4.swf
	deleted:    clips/items/25/5.swf
	deleted:    clips/items/25/6.swf
	deleted:    clips/items/25/7.swf
	deleted:    clips/items/25/8.swf
	deleted:    clips/items/25/9.swf
	deleted:    clips/items/26/1.swf
	deleted:    clips/items/26/13.swf
	deleted:    clips/items/26/14.swf
	deleted:    clips/items/26/15.swf
	deleted:    clips/items/26/16.swf
	deleted:    clips/items/26/17.swf
	deleted:    clips/items/26/18.swf
	deleted:    clips/items/26/19.swf
	deleted:    clips/items/26/2.swf
	deleted:    clips/items/26/20.swf
	deleted:    clips/items/26/21.swf
	deleted:    clips/items/26/22.swf
	deleted:    clips/items/26/23.swf
	deleted:    clips/items/26/24.swf
	deleted:    clips/items/26/25.swf
	deleted:    clips/items/26/26.swf
	deleted:    clips/items/26/27.swf
	deleted:    clips/items/26/28.swf
	deleted:    clips/items/26/29.swf
	deleted:    clips/items/26/3.swf
	deleted:    clips/items/26/30.swf
	deleted:    clips/items/26/4.swf
	deleted:    clips/items/27/1.swf
	deleted:    clips/items/27/2.swf
	deleted:    clips/items/27/3.swf
	deleted:    clips/items/27/4.swf
	deleted:    clips/items/27/5.swf
	deleted:    clips/items/27/6.swf
	deleted:    clips/items/27/7.swf
	deleted:    clips/items/27/8.swf
	deleted:    clips/items/28/1.swf
	deleted:    clips/items/28/10.swf
	deleted:    clips/items/28/11.swf
	deleted:    clips/items/28/16.swf
	deleted:    clips/items/28/17.swf
	deleted:    clips/items/28/18.swf
	deleted:    clips/items/28/19.swf
	deleted:    clips/items/28/2.swf
	deleted:    clips/items/28/3.swf
	deleted:    clips/items/28/4.swf
	deleted:    clips/items/28/5.swf
	deleted:    clips/items/28/6.swf
	deleted:    clips/items/28/7.swf
	deleted:    clips/items/28/8.swf
	deleted:    clips/items/28/9.swf
	deleted:    clips/items/29/1.swf
	deleted:    clips/items/29/10.swf
	deleted:    clips/items/29/111.swf
	deleted:    clips/items/29/112.swf
	deleted:    clips/items/29/113.swf
	deleted:    clips/items/29/114.swf
	deleted:    clips/items/29/115.swf
	deleted:    clips/items/29/116.swf
	deleted:    clips/items/29/117.swf
	deleted:    clips/items/29/118.swf
	deleted:    clips/items/29/119.swf
	deleted:    clips/items/29/120.swf
	deleted:    clips/items/29/121.swf
	deleted:    clips/items/29/122.swf
	deleted:    clips/items/29/2.swf
	deleted:    clips/items/29/3.swf
	deleted:    clips/items/29/4.swf
	deleted:    clips/items/29/5.swf
	deleted:    clips/items/29/6.swf
	deleted:    clips/items/29/7.swf
	deleted:    clips/items/29/8.swf
	deleted:    clips/items/29/9.swf
	deleted:    clips/items/3/1.swf
	deleted:    clips/items/3/10.swf
	deleted:    clips/items/3/11.swf
	deleted:    clips/items/3/12.swf
	deleted:    clips/items/3/13.swf
	deleted:    clips/items/3/14.swf
	deleted:    clips/items/3/15.swf
	deleted:    clips/items/3/16.swf
	deleted:    clips/items/3/17.swf
	deleted:    clips/items/3/18.swf
	deleted:    clips/items/3/19.swf
	deleted:    clips/items/3/2.swf
	deleted:    clips/items/3/20.swf
	deleted:    clips/items/3/21.swf
	deleted:    clips/items/3/22.swf
	deleted:    clips/items/3/23.swf
	deleted:    clips/items/3/24.swf
	deleted:    clips/items/3/25.swf
	deleted:    clips/items/3/26.swf
	deleted:    clips/items/3/27.swf
	deleted:    clips/items/3/28.swf
	deleted:    clips/items/3/29.swf
	deleted:    clips/items/3/3.swf
	deleted:    clips/items/3/31.swf
	deleted:    clips/items/3/32.swf
	deleted:    clips/items/3/33.swf
	deleted:    clips/items/3/34.swf
	deleted:    clips/items/3/35.swf
	deleted:    clips/items/3/36.swf
	deleted:    clips/items/3/37.swf
	deleted:    clips/items/3/38.swf
	deleted:    clips/items/3/39.swf
	deleted:    clips/items/3/4.swf
	deleted:    clips/items/3/40.swf
	deleted:    clips/items/3/41.swf
	deleted:    clips/items/3/42.swf
	deleted:    clips/items/3/43.swf
	deleted:    clips/items/3/44.swf
	deleted:    clips/items/3/45.swf
	deleted:    clips/items/3/46.swf
	deleted:    clips/items/3/47.swf
	deleted:    clips/items/3/48.swf
	deleted:    clips/items/3/49.swf
	deleted:    clips/items/3/5.swf
	deleted:    clips/items/3/50.swf
	deleted:    clips/items/3/51.swf
	deleted:    clips/items/3/52.swf
	deleted:    clips/items/3/53.swf
	deleted:    clips/items/3/54.swf
	deleted:    clips/items/3/55.swf
	deleted:    clips/items/3/56.swf
	deleted:    clips/items/3/57.swf
	deleted:    clips/items/3/58.swf
	deleted:    clips/items/3/59.swf
	deleted:    clips/items/3/6.swf
	deleted:    clips/items/3/60.swf
	deleted:    clips/items/3/61.swf
	deleted:    clips/items/3/62.swf
	deleted:    clips/items/3/63.swf
	deleted:    clips/items/3/64.swf
	deleted:    clips/items/3/65.swf
	deleted:    clips/items/3/66.swf
	deleted:    clips/items/3/67.swf
	deleted:    clips/items/3/68.swf
	deleted:    clips/items/3/69.swf
	deleted:    clips/items/3/7.swf
	deleted:    clips/items/3/70.swf
	deleted:    clips/items/3/71.swf
	deleted:    clips/items/3/72.swf
	deleted:    clips/items/3/73.swf
	deleted:    clips/items/3/8.swf
	deleted:    clips/items/3/9.swf
	deleted:    clips/items/30/1.swf
	deleted:    clips/items/30/10.swf
	deleted:    clips/items/30/11.swf
	deleted:    clips/items/30/2.swf
	deleted:    clips/items/30/25.swf
	deleted:    clips/items/30/26.swf
	deleted:    clips/items/30/3.swf
	deleted:    clips/items/30/4.swf
	deleted:    clips/items/30/5.swf
	deleted:    clips/items/30/6.swf
	deleted:    clips/items/30/7.swf
	deleted:    clips/items/30/8.swf
	deleted:    clips/items/30/9.swf
	deleted:    clips/items/31/1.swf
	deleted:    clips/items/31/10.swf
	deleted:    clips/items/31/11.swf
	deleted:    clips/items/31/12.swf
	deleted:    clips/items/31/13.swf
	deleted:    clips/items/31/14.swf
	deleted:    clips/items/31/15.swf
	deleted:    clips/items/31/16.swf
	deleted:    clips/items/31/17.swf
	deleted:    clips/items/31/19.swf
	deleted:    clips/items/31/2.swf
	deleted:    clips/items/31/20.swf
	deleted:    clips/items/31/21.swf
	deleted:    clips/items/31/22.swf
	deleted:    clips/items/31/23.swf
	deleted:    clips/items/31/24.swf
	deleted:    clips/items/31/25.swf
	deleted:    clips/items/31/26.swf
	deleted:    clips/items/31/3.swf
	deleted:    clips/items/31/4.swf
	deleted:    clips/items/31/5.swf
	deleted:    clips/items/31/6.swf
	deleted:    clips/items/31/7.swf
	deleted:    clips/items/31/72.swf
	deleted:    clips/items/31/8.swf
	deleted:    clips/items/31/9.swf
	deleted:    clips/items/32/1.swf
	deleted:    clips/items/32/10.swf
	deleted:    clips/items/32/11.swf
	deleted:    clips/items/32/12.swf
	deleted:    clips/items/32/13.swf
	deleted:    clips/items/32/14.swf
	deleted:    clips/items/32/15.swf
	deleted:    clips/items/32/16.swf
	deleted:    clips/items/32/17.swf
	deleted:    clips/items/32/18.swf
	deleted:    clips/items/32/19.swf
	deleted:    clips/items/32/2.swf
	deleted:    clips/items/32/20.swf
	deleted:    clips/items/32/21.swf
	deleted:    clips/items/32/22.swf
	deleted:    clips/items/32/23.swf
	deleted:    clips/items/32/24.swf
	deleted:    clips/items/32/25.swf
	deleted:    clips/items/32/26.swf
	deleted:    clips/items/32/27.swf
	deleted:    clips/items/32/28.swf
	deleted:    clips/items/32/3.swf
	deleted:    clips/items/32/4.swf
	deleted:    clips/items/32/5.swf
	deleted:    clips/items/32/6.swf
	deleted:    clips/items/32/7.swf
	deleted:    clips/items/32/8.swf
	deleted:    clips/items/32/9.swf
	deleted:    clips/items/33/10.swf
	deleted:    clips/items/33/11.swf
	deleted:    clips/items/33/12.swf
	deleted:    clips/items/33/13.swf
	deleted:    clips/items/33/14.swf
	deleted:    clips/items/33/15.swf
	deleted:    clips/items/33/16.swf
	deleted:    clips/items/33/17.swf
	deleted:    clips/items/33/4.swf
	deleted:    clips/items/33/406.swf
	deleted:    clips/items/33/5.swf
	deleted:    clips/items/33/6.swf
	deleted:    clips/items/33/68.swf
	deleted:    clips/items/33/69.swf
	deleted:    clips/items/33/7.swf
	deleted:    clips/items/33/70.swf
	deleted:    clips/items/33/71.swf
	deleted:    clips/items/33/8.swf
	deleted:    clips/items/33/9.swf
	deleted:    clips/items/34/10.swf
	deleted:    clips/items/34/121.swf
	deleted:    clips/items/34/122.swf
	deleted:    clips/items/34/123.swf
	deleted:    clips/items/34/124.swf
	deleted:    clips/items/34/154.swf
	deleted:    clips/items/34/474.swf
	deleted:    clips/items/34/475.swf
	deleted:    clips/items/34/476.swf
	deleted:    clips/items/34/477.swf
	deleted:    clips/items/34/478.swf
	deleted:    clips/items/34/550.swf
	deleted:    clips/items/34/551.swf
	deleted:    clips/items/34/80.swf
	deleted:    clips/items/34/82.swf
	deleted:    clips/items/34/83.swf
	deleted:    clips/items/34/9.swf
	deleted:    clips/items/35/1.swf
	deleted:    clips/items/35/10.swf
	deleted:    clips/items/35/11.swf
	deleted:    clips/items/35/117.swf
	deleted:    clips/items/35/118.swf
	deleted:    clips/items/35/119.swf
	deleted:    clips/items/35/12.swf
	deleted:    clips/items/35/13.swf
	deleted:    clips/items/35/141.swf
	deleted:    clips/items/35/156.swf
	deleted:    clips/items/35/18.swf
	deleted:    clips/items/35/191.swf
	deleted:    clips/items/35/192.swf
	deleted:    clips/items/35/2.swf
	deleted:    clips/items/35/20.swf
	deleted:    clips/items/35/283.swf
	deleted:    clips/items/35/285.swf
	deleted:    clips/items/35/287.swf
	deleted:    clips/items/35/289.swf
	deleted:    clips/items/35/3.swf
	deleted:    clips/items/35/4.swf
	deleted:    clips/items/35/420.swf
	deleted:    clips/items/35/46.swf
	deleted:    clips/items/35/5.swf
	deleted:    clips/items/35/567.swf
	deleted:    clips/items/35/598.swf
	deleted:    clips/items/35/6.swf
	deleted:    clips/items/35/632.swf
	deleted:    clips/items/35/633.swf
	deleted:    clips/items/35/634.swf
	deleted:    clips/items/35/7.swf
	deleted:    clips/items/35/8.swf
	deleted:    clips/items/35/9.swf
	deleted:    clips/items/36/1.swf
	deleted:    clips/items/36/10.swf
	deleted:    clips/items/36/11.swf
	deleted:    clips/items/36/12.swf
	deleted:    clips/items/36/13.swf
	deleted:    clips/items/36/14.swf
	deleted:    clips/items/36/2.swf
	deleted:    clips/items/36/3.swf
	deleted:    clips/items/36/4.swf
	deleted:    clips/items/36/415.swf
	deleted:    clips/items/36/421.swf
	deleted:    clips/items/36/45.swf
	deleted:    clips/items/36/46.swf
	deleted:    clips/items/36/5.swf
	deleted:    clips/items/36/50.swf
	deleted:    clips/items/36/52.swf
	deleted:    clips/items/36/53.swf
	deleted:    clips/items/36/54.swf
	deleted:    clips/items/36/55.swf
	deleted:    clips/items/36/555.swf
	deleted:    clips/items/36/56.swf
	deleted:    clips/items/36/6.swf
	deleted:    clips/items/36/609.swf
	deleted:    clips/items/36/633.swf
	deleted:    clips/items/36/637.swf
	deleted:    clips/items/36/638.swf
	deleted:    clips/items/36/67.swf
	deleted:    clips/items/36/68.swf
	deleted:    clips/items/36/69.swf
	deleted:    clips/items/36/7.swf
	deleted:    clips/items/36/8.swf
	deleted:    clips/items/36/9.swf
	deleted:    clips/items/37/1.swf
	deleted:    clips/items/37/4.swf
	deleted:    clips/items/38/1.swf
	deleted:    clips/items/38/138.swf
	deleted:    clips/items/38/139.swf
	deleted:    clips/items/38/140.swf
	deleted:    clips/items/38/141.swf
	deleted:    clips/items/38/153.swf
	deleted:    clips/items/38/167.swf
	deleted:    clips/items/38/168.swf
	deleted:    clips/items/38/17.swf
	deleted:    clips/items/38/2.swf
	deleted:    clips/items/38/3.swf
	deleted:    clips/items/38/416.swf
	deleted:    clips/items/38/481.swf
	deleted:    clips/items/38/482.swf
	deleted:    clips/items/38/49.swf
	deleted:    clips/items/38/573.swf
	deleted:    clips/items/38/574.swf
	deleted:    clips/items/38/668.swf
	deleted:    clips/items/38/669.swf
	deleted:    clips/items/38/670.swf
	deleted:    clips/items/38/671.swf
	deleted:    clips/items/38/672.swf
	deleted:    clips/items/38/673.swf
	deleted:    clips/items/38/674.swf
	deleted:    clips/items/38/675.swf
	deleted:    clips/items/38/676.swf
	deleted:    clips/items/38/677.swf
	deleted:    clips/items/38/678.swf
	deleted:    clips/items/38/73.swf
	deleted:    clips/items/38/86.swf
	deleted:    clips/items/38/92.swf
	deleted:    clips/items/38/94.swf
	deleted:    clips/items/38/95.swf
	deleted:    clips/items/39/108.swf
	deleted:    clips/items/39/109.swf
	deleted:    clips/items/39/110.swf
	deleted:    clips/items/39/111.swf
	deleted:    clips/items/39/22.swf
	deleted:    clips/items/39/24.swf
	deleted:    clips/items/39/28.swf
	deleted:    clips/items/39/37.swf
	deleted:    clips/items/39/397.swf
	deleted:    clips/items/39/75.swf
	deleted:    clips/items/39/76.swf
	deleted:    clips/items/39/77.swf
	deleted:    clips/items/39/78.swf
	deleted:    clips/items/39/90.swf
	deleted:    clips/items/4/1.swf
	deleted:    clips/items/4/10.swf
	deleted:    clips/items/4/11.swf
	deleted:    clips/items/4/12.swf
	deleted:    clips/items/4/13.swf
	deleted:    clips/items/4/14.swf
	deleted:    clips/items/4/15.swf
	deleted:    clips/items/4/16.swf
	deleted:    clips/items/4/17.swf
	deleted:    clips/items/4/18.swf
	deleted:    clips/items/4/19.swf
	deleted:    clips/items/4/2.swf
	deleted:    clips/items/4/21.swf
	deleted:    clips/items/4/22.swf
	deleted:    clips/items/4/23.swf
	deleted:    clips/items/4/24.swf
	deleted:    clips/items/4/25.swf
	deleted:    clips/items/4/26.swf
	deleted:    clips/items/4/27.swf
	deleted:    clips/items/4/28.swf
	deleted:    clips/items/4/29.swf
	deleted:    clips/items/4/3.swf
	deleted:    clips/items/4/30.swf
	deleted:    clips/items/4/31.swf
	deleted:    clips/items/4/32.swf
	deleted:    clips/items/4/33.swf
	deleted:    clips/items/4/34.swf
	deleted:    clips/items/4/35.swf
	deleted:    clips/items/4/36.swf
	deleted:    clips/items/4/37.swf
	deleted:    clips/items/4/38.swf
	deleted:    clips/items/4/39.swf
	deleted:    clips/items/4/4.swf
	deleted:    clips/items/4/40.swf
	deleted:    clips/items/4/4053.swf
	deleted:    clips/items/4/41.swf
	deleted:    clips/items/4/42.swf
	deleted:    clips/items/4/43.swf
	deleted:    clips/items/4/44.swf
	deleted:    clips/items/4/45.swf
	deleted:    clips/items/4/46.swf
	deleted:    clips/items/4/47.swf
	deleted:    clips/items/4/48.swf
	deleted:    clips/items/4/49.swf
	deleted:    clips/items/4/5.swf
	deleted:    clips/items/4/50.swf
	deleted:    clips/items/4/51.swf
	deleted:    clips/items/4/52.swf
	deleted:    clips/items/4/53.swf
	deleted:    clips/items/4/54.swf
	deleted:    clips/items/4/55.swf
	deleted:    clips/items/4/56.swf
	deleted:    clips/items/4/57.swf
	deleted:    clips/items/4/58.swf
	deleted:    clips/items/4/59.swf
	deleted:    clips/items/4/6.swf
	deleted:    clips/items/4/60.swf
	deleted:    clips/items/4/61.swf
	deleted:    clips/items/4/62.swf
	deleted:    clips/items/4/63.swf
	deleted:    clips/items/4/64.swf
	deleted:    clips/items/4/65.swf
	deleted:    clips/items/4/66.swf
	deleted:    clips/items/4/67.swf
	deleted:    clips/items/4/68.swf
	deleted:    clips/items/4/69.swf
	deleted:    clips/items/4/7.swf
	deleted:    clips/items/4/70.swf
	deleted:    clips/items/4/71.swf
	deleted:    clips/items/4/72.swf
	deleted:    clips/items/4/73.swf
	deleted:    clips/items/4/74.swf
	deleted:    clips/items/4/75.swf
	deleted:    clips/items/4/76.swf
	deleted:    clips/items/4/77.swf
	deleted:    clips/items/4/78.swf
	deleted:    clips/items/4/79.swf
	deleted:    clips/items/4/8.swf
	deleted:    clips/items/4/80.swf
	deleted:    clips/items/4/81.swf
	deleted:    clips/items/4/82.swf
	deleted:    clips/items/4/83.swf
	deleted:    clips/items/4/84.swf
	deleted:    clips/items/4/85.swf
	deleted:    clips/items/4/86.swf
	deleted:    clips/items/4/87.swf
	deleted:    clips/items/4/88.swf
	deleted:    clips/items/4/89.swf
	deleted:    clips/items/4/9.swf
	deleted:    clips/items/4/90.swf
	deleted:    clips/items/4/91.swf
	deleted:    clips/items/4/92.swf
	deleted:    clips/items/40/241.swf
	deleted:    clips/items/40/487.swf
	deleted:    clips/items/40/658.swf
	deleted:    clips/items/40/659.swf
	deleted:    clips/items/40/660.swf
	deleted:    clips/items/40/664.swf
	deleted:    clips/items/40/704.swf
	deleted:    clips/items/40/706.swf
	deleted:    clips/items/40/707.swf
	deleted:    clips/items/40/708.swf
	deleted:    clips/items/41/269.swf
	deleted:    clips/items/41/271.swf
	deleted:    clips/items/41/273.swf
	deleted:    clips/items/41/275.swf
	deleted:    clips/items/41/277.swf
	deleted:    clips/items/41/279.swf
	deleted:    clips/items/41/290.swf
	deleted:    clips/items/41/292.swf
	deleted:    clips/items/41/294.swf
	deleted:    clips/items/41/296.swf
	deleted:    clips/items/41/298.swf
	deleted:    clips/items/41/300.swf
	deleted:    clips/items/41/302.swf
	deleted:    clips/items/41/303.swf
	deleted:    clips/items/41/305.swf
	deleted:    clips/items/41/307.swf
	deleted:    clips/items/41/309.swf
	deleted:    clips/items/41/311.swf
	deleted:    clips/items/41/313.swf
	deleted:    clips/items/41/315.swf
	deleted:    clips/items/41/317.swf
	deleted:    clips/items/41/319.swf
	deleted:    clips/items/41/322.swf
	deleted:    clips/items/41/324.swf
	deleted:    clips/items/41/394.swf
	deleted:    clips/items/41/395.swf
	deleted:    clips/items/41/398.swf
	deleted:    clips/items/41/400.swf
	deleted:    clips/items/41/402.swf
	deleted:    clips/items/41/Sans nom-1.swf
	deleted:    clips/items/42/1.swf
	deleted:    clips/items/42/111.swf
	deleted:    clips/items/42/128.swf
	deleted:    clips/items/42/135.swf
	deleted:    clips/items/42/136.swf
	deleted:    clips/items/42/137.swf
	deleted:    clips/items/42/138.swf
	deleted:    clips/items/42/143.swf
	deleted:    clips/items/42/144.swf
	deleted:    clips/items/42/145.swf
	deleted:    clips/items/42/146.swf
	deleted:    clips/items/42/147.swf
	deleted:    clips/items/42/148.swf
	deleted:    clips/items/42/149.swf
	deleted:    clips/items/42/150.swf
	deleted:    clips/items/42/151.swf
	deleted:    clips/items/42/19.swf
	deleted:    clips/items/42/2.swf
	deleted:    clips/items/42/20.swf
	deleted:    clips/items/42/21.swf
	deleted:    clips/items/42/22.swf
	deleted:    clips/items/42/23.swf
	deleted:    clips/items/42/24.swf
	deleted:    clips/items/42/25.swf
	deleted:    clips/items/42/26.swf
	deleted:    clips/items/42/27.swf
	deleted:    clips/items/42/28.swf
	deleted:    clips/items/42/29.swf
	deleted:    clips/items/42/3.swf
	deleted:    clips/items/42/30.swf
	deleted:    clips/items/42/31.swf
	deleted:    clips/items/42/32.swf
	deleted:    clips/items/42/33.swf
	deleted:    clips/items/42/34.swf
	deleted:    clips/items/42/35.swf
	deleted:    clips/items/42/36.swf
	deleted:    clips/items/42/37.swf
	deleted:    clips/items/42/38.swf
	deleted:    clips/items/42/39.swf
	deleted:    clips/items/42/4.swf
	deleted:    clips/items/42/40.swf
	deleted:    clips/items/42/41.swf
	deleted:    clips/items/42/42.swf
	deleted:    clips/items/42/43.swf
	deleted:    clips/items/42/44.swf
	deleted:    clips/items/43/2.swf
	deleted:    clips/items/43/27.swf
	deleted:    clips/items/43/28.swf
	deleted:    clips/items/43/29.swf
	deleted:    clips/items/43/30.swf
	deleted:    clips/items/43/31.swf
	deleted:    clips/items/43/32.swf
	deleted:    clips/items/43/33.swf
	deleted:    clips/items/43/34.swf
	deleted:    clips/items/43/35.swf
	deleted:    clips/items/43/36.swf
	deleted:    clips/items/43/37.swf
	deleted:    clips/items/44/10.swf
	deleted:    clips/items/44/11.swf
	deleted:    clips/items/44/12.swf
	deleted:    clips/items/44/13.swf
	deleted:    clips/items/44/14.swf
	deleted:    clips/items/44/15.swf
	deleted:    clips/items/44/16.swf
	deleted:    clips/items/44/17.swf
	deleted:    clips/items/44/18.swf
	deleted:    clips/items/44/19.swf
	deleted:    clips/items/44/2.swf
	deleted:    clips/items/44/20.swf
	deleted:    clips/items/44/21.swf
	deleted:    clips/items/44/22.swf
	deleted:    clips/items/44/23.swf
	deleted:    clips/items/44/24.swf
	deleted:    clips/items/44/3.swf
	deleted:    clips/items/44/4.swf
	deleted:    clips/items/44/5.swf
	deleted:    clips/items/44/6.swf
	deleted:    clips/items/44/7.swf
	deleted:    clips/items/44/8.swf
	deleted:    clips/items/44/9.swf
	deleted:    clips/items/45/2.swf
	deleted:    clips/items/46/1.swf
	deleted:    clips/items/46/159.swf
	deleted:    clips/items/46/265.swf
	deleted:    clips/items/46/266.swf
	deleted:    clips/items/46/466.swf
	deleted:    clips/items/46/467.swf
	deleted:    clips/items/46/468.swf
	deleted:    clips/items/46/469.swf
	deleted:    clips/items/46/470.swf
	deleted:    clips/items/46/472.swf
	deleted:    clips/items/46/52.swf
	deleted:    clips/items/46/53.swf
	deleted:    clips/items/46/552.swf
	deleted:    clips/items/46/643.swf
	deleted:    clips/items/46/81.swf
	deleted:    clips/items/47/1.swf
	deleted:    clips/items/47/10.swf
	deleted:    clips/items/47/101.swf
	deleted:    clips/items/47/106.swf
	deleted:    clips/items/47/11.swf
	deleted:    clips/items/47/110.swf
	deleted:    clips/items/47/12.swf
	deleted:    clips/items/47/126.swf
	deleted:    clips/items/47/129.swf
	deleted:    clips/items/47/13.swf
	deleted:    clips/items/47/132.swf
	deleted:    clips/items/47/133.swf
	deleted:    clips/items/47/134.swf
	deleted:    clips/items/47/15.swf
	deleted:    clips/items/47/158.swf
	deleted:    clips/items/47/159.swf
	deleted:    clips/items/47/16.swf
	deleted:    clips/items/47/17.swf
	deleted:    clips/items/47/18.swf
	deleted:    clips/items/47/19.swf
	deleted:    clips/items/47/2.swf
	deleted:    clips/items/47/20.swf
	deleted:    clips/items/47/21.swf
	deleted:    clips/items/47/22.swf
	deleted:    clips/items/47/222.swf
	deleted:    clips/items/47/23.swf
	deleted:    clips/items/47/234.swf
	deleted:    clips/items/47/24.swf
	deleted:    clips/items/47/245.swf
	deleted:    clips/items/47/25.swf
	deleted:    clips/items/47/26.swf
	deleted:    clips/items/47/27.swf
	deleted:    clips/items/47/28.swf
	deleted:    clips/items/47/29.swf
	deleted:    clips/items/47/3.swf
	deleted:    clips/items/47/30.swf
	deleted:    clips/items/47/31.swf
	deleted:    clips/items/47/32.swf
	deleted:    clips/items/47/33.swf
	deleted:    clips/items/47/34.swf
	deleted:    clips/items/47/37.swf
	deleted:    clips/items/47/4.swf
	deleted:    clips/items/47/411.swf
	deleted:    clips/items/47/418.swf
	deleted:    clips/items/47/419.swf
	deleted:    clips/items/47/432.swf
	deleted:    clips/items/47/450.swf
	deleted:    clips/items/47/458.swf
	deleted:    clips/items/47/464.swf
	deleted:    clips/items/47/465.swf
	deleted:    clips/items/47/47.swf
	deleted:    clips/items/47/48.swf
	deleted:    clips/items/47/480.swf
	deleted:    clips/items/47/495.swf
	deleted:    clips/items/47/5.swf
	deleted:    clips/items/47/502.swf
	deleted:    clips/items/47/504.swf
	deleted:    clips/items/47/51.swf
	deleted:    clips/items/47/511.swf
	deleted:    clips/items/47/538.swf
	deleted:    clips/items/47/539.swf
	deleted:    clips/items/47/54.swf
	deleted:    clips/items/47/541.swf
	deleted:    clips/items/47/548.swf
	deleted:    clips/items/47/55.swf
	deleted:    clips/items/47/559.swf
	deleted:    clips/items/47/587.swf
	deleted:    clips/items/47/59.swf
	deleted:    clips/items/47/596.swf
	deleted:    clips/items/47/597.swf
	deleted:    clips/items/47/6.swf
	deleted:    clips/items/47/617.swf
	deleted:    clips/items/47/618.swf
	deleted:    clips/items/47/636.swf
	deleted:    clips/items/47/637.swf
	deleted:    clips/items/47/638.swf
	deleted:    clips/items/47/639.swf
	deleted:    clips/items/47/640.swf
	deleted:    clips/items/47/641.swf
	deleted:    clips/items/47/642.swf
	deleted:    clips/items/47/643.swf
	deleted:    clips/items/47/644.swf
	deleted:    clips/items/47/645.swf
	deleted:    clips/items/47/646.swf
	deleted:    clips/items/47/647.swf
	deleted:    clips/items/47/648.swf
	deleted:    clips/items/47/649.swf
	deleted:    clips/items/47/650.swf
	deleted:    clips/items/47/651.swf
	deleted:    clips/items/47/652.swf
	deleted:    clips/items/47/653.swf
	deleted:    clips/items/47/654.swf
	deleted:    clips/items/47/655.swf
	deleted:    clips/items/47/656.swf
	deleted:    clips/items/47/657.swf
	deleted:    clips/items/47/658.swf
	deleted:    clips/items/47/659.swf
	deleted:    clips/items/47/7.swf
	deleted:    clips/items/47/754.swf
	deleted:    clips/items/47/8.swf
	deleted:    clips/items/47/800.swf
	deleted:    clips/items/47/801.swf
	deleted:    clips/items/47/802.swf
	deleted:    clips/items/47/803.swf
	deleted:    clips/items/47/805.swf
	deleted:    clips/items/47/806.swf
	deleted:    clips/items/47/88.swf
	deleted:    clips/items/47/9.swf
	deleted:    clips/items/47/91.swf
	deleted:    clips/items/48/1.swf
	deleted:    clips/items/48/137.swf
	deleted:    clips/items/48/2.swf
	deleted:    clips/items/48/200.swf
	deleted:    clips/items/48/201.swf
	deleted:    clips/items/48/202.swf
	deleted:    clips/items/48/203.swf
	deleted:    clips/items/48/204.swf
	deleted:    clips/items/48/205.swf
	deleted:    clips/items/48/206.swf
	deleted:    clips/items/48/207.swf
	deleted:    clips/items/48/208.swf
	deleted:    clips/items/48/209.swf
	deleted:    clips/items/48/210.swf
	deleted:    clips/items/48/211.swf
	deleted:    clips/items/48/212.swf
	deleted:    clips/items/48/213.swf
	deleted:    clips/items/48/214.swf
	deleted:    clips/items/48/215.swf
	deleted:    clips/items/48/216.swf
	deleted:    clips/items/48/217.swf
	deleted:    clips/items/48/218.swf
	deleted:    clips/items/48/219.swf
	deleted:    clips/items/48/220.swf
	deleted:    clips/items/48/221.swf
	deleted:    clips/items/48/222.swf
	deleted:    clips/items/48/223.swf
	deleted:    clips/items/48/224.swf
	deleted:    clips/items/48/225.swf
	deleted:    clips/items/48/226.swf
	deleted:    clips/items/48/227.swf
	deleted:    clips/items/48/228.swf
	deleted:    clips/items/48/229.swf
	deleted:    clips/items/48/230.swf
	deleted:    clips/items/48/231.swf
	deleted:    clips/items/48/232.swf
	deleted:    clips/items/48/233.swf
	deleted:    clips/items/48/234.swf
	deleted:    clips/items/48/235.swf
	deleted:    clips/items/48/236.swf
	deleted:    clips/items/48/237.swf
	deleted:    clips/items/48/238.swf
	deleted:    clips/items/48/239.swf
	deleted:    clips/items/48/240.swf
	deleted:    clips/items/48/241.swf
	deleted:    clips/items/48/260.swf
	deleted:    clips/items/48/261.swf
	deleted:    clips/items/48/262.swf
	deleted:    clips/items/48/264.swf
	deleted:    clips/items/48/265.swf
	deleted:    clips/items/48/266.swf
	deleted:    clips/items/48/267.swf
	deleted:    clips/items/48/268.swf
	deleted:    clips/items/48/269.swf
	deleted:    clips/items/48/270.swf
	deleted:    clips/items/48/271.swf
	deleted:    clips/items/48/272.swf
	deleted:    clips/items/48/273.swf
	deleted:    clips/items/48/51.swf
	deleted:    clips/items/48/670.swf
	deleted:    clips/items/48/79.swf
	deleted:    clips/items/49/100.swf
	deleted:    clips/items/49/101.swf
	deleted:    clips/items/49/102.swf
	deleted:    clips/items/49/103.swf
	deleted:    clips/items/49/104.swf
	deleted:    clips/items/49/105.swf
	deleted:    clips/items/49/107.swf
	deleted:    clips/items/49/108.swf
	deleted:    clips/items/49/109.swf
	deleted:    clips/items/49/132.swf
	deleted:    clips/items/49/133.swf
	deleted:    clips/items/49/134.swf
	deleted:    clips/items/49/657.swf
	deleted:    clips/items/49/71.swf
	deleted:    clips/items/49/72.swf
	deleted:    clips/items/49/73.swf
	deleted:    clips/items/49/74.swf
	deleted:    clips/items/49/75.swf
	deleted:    clips/items/49/76.swf
	deleted:    clips/items/49/77.swf
	deleted:    clips/items/49/78.swf
	deleted:    clips/items/49/79.swf
	deleted:    clips/items/49/80.swf
	deleted:    clips/items/49/81.swf
	deleted:    clips/items/49/82.swf
	deleted:    clips/items/49/83.swf
	deleted:    clips/items/49/84.swf
	deleted:    clips/items/49/85.swf
	deleted:    clips/items/49/86.swf
	deleted:    clips/items/49/87.swf
	deleted:    clips/items/49/88.swf
	deleted:    clips/items/49/89.swf
	deleted:    clips/items/49/90.swf
	deleted:    clips/items/49/91.swf
	deleted:    clips/items/49/92.swf
	deleted:    clips/items/49/93.swf
	deleted:    clips/items/49/94.swf
	deleted:    clips/items/49/95.swf
	deleted:    clips/items/49/96.swf
	deleted:    clips/items/49/97.swf
	deleted:    clips/items/49/98.swf
	deleted:    clips/items/49/99.swf
	deleted:    clips/items/5/1.swf
	deleted:    clips/items/5/10.swf
	deleted:    clips/items/5/11.swf
	deleted:    clips/items/5/12.swf
	deleted:    clips/items/5/13.swf
	deleted:    clips/items/5/14.swf
	deleted:    clips/items/5/15.swf
	deleted:    clips/items/5/16.swf
	deleted:    clips/items/5/17.swf
	deleted:    clips/items/5/18.swf
	deleted:    clips/items/5/19.swf
	deleted:    clips/items/5/2.swf
	deleted:    clips/items/5/20.swf
	deleted:    clips/items/5/21.swf
	deleted:    clips/items/5/22.swf
	deleted:    clips/items/5/23.swf
	deleted:    clips/items/5/24.swf
	deleted:    clips/items/5/25.swf
	deleted:    clips/items/5/26.swf
	deleted:    clips/items/5/27.swf
	deleted:    clips/items/5/28.swf
	deleted:    clips/items/5/29.swf
	deleted:    clips/items/5/3.swf
	deleted:    clips/items/5/30.swf
	deleted:    clips/items/5/31.swf
	deleted:    clips/items/5/32.swf
	deleted:    clips/items/5/33.swf
	deleted:    clips/items/5/34.swf
	deleted:    clips/items/5/35.swf
	deleted:    clips/items/5/36.swf
	deleted:    clips/items/5/37.swf
	deleted:    clips/items/5/38.swf
	deleted:    clips/items/5/39.swf
	deleted:    clips/items/5/4.swf
	deleted:    clips/items/5/40.swf
	deleted:    clips/items/5/41.swf
	deleted:    clips/items/5/42.swf
	deleted:    clips/items/5/43.swf
	deleted:    clips/items/5/44.swf
	deleted:    clips/items/5/45.swf
	deleted:    clips/items/5/46.swf
	deleted:    clips/items/5/47.swf
	deleted:    clips/items/5/48.swf
	deleted:    clips/items/5/49.swf
	deleted:    clips/items/5/5.swf
	deleted:    clips/items/5/50.swf
	deleted:    clips/items/5/51.swf
	deleted:    clips/items/5/52.swf
	deleted:    clips/items/5/53.swf
	deleted:    clips/items/5/54.swf
	deleted:    clips/items/5/55.swf
	deleted:    clips/items/5/56.swf
	deleted:    clips/items/5/57.swf
	deleted:    clips/items/5/58.swf
	deleted:    clips/items/5/59.swf
	deleted:    clips/items/5/6.swf
	deleted:    clips/items/5/60.swf
	deleted:    clips/items/5/61.swf
	deleted:    clips/items/5/62.swf
	deleted:    clips/items/5/63.swf
	deleted:    clips/items/5/64.swf
	deleted:    clips/items/5/65.swf
	deleted:    clips/items/5/66.swf
	deleted:    clips/items/5/67.swf
	deleted:    clips/items/5/68.swf
	deleted:    clips/items/5/69.swf
	deleted:    clips/items/5/7.swf
	deleted:    clips/items/5/70.swf
	deleted:    clips/items/5/71.swf
	deleted:    clips/items/5/72.swf
	deleted:    clips/items/5/73.swf
	deleted:    clips/items/5/74.swf
	deleted:    clips/items/5/75.swf
	deleted:    clips/items/5/76.swf
	deleted:    clips/items/5/77.swf
	deleted:    clips/items/5/8.swf
	deleted:    clips/items/5/9.swf
	deleted:    clips/items/50/1.swf
	deleted:    clips/items/50/100.swf
	deleted:    clips/items/50/101.swf
	deleted:    clips/items/50/102.swf
	deleted:    clips/items/50/103.swf
	deleted:    clips/items/50/104.swf
	deleted:    clips/items/50/105.swf
	deleted:    clips/items/50/106.swf
	deleted:    clips/items/50/107.swf
	deleted:    clips/items/50/108.swf
	deleted:    clips/items/50/109.swf
	deleted:    clips/items/50/2.swf
	deleted:    clips/items/50/22.swf
	deleted:    clips/items/50/229.swf
	deleted:    clips/items/50/23.swf
	deleted:    clips/items/50/240.swf
	deleted:    clips/items/50/25.swf
	deleted:    clips/items/50/3.swf
	deleted:    clips/items/50/37.swf
	deleted:    clips/items/50/4.swf
	deleted:    clips/items/50/460.swf
	deleted:    clips/items/50/461.swf
	deleted:    clips/items/50/463.swf
	deleted:    clips/items/50/485.swf
	deleted:    clips/items/50/638.swf
	deleted:    clips/items/50/663.swf
	deleted:    clips/items/50/669.swf
	deleted:    clips/items/50/7.swf
	deleted:    clips/items/50/705.swf
	deleted:    clips/items/50/706.swf
	deleted:    clips/items/50/707.swf
	deleted:    clips/items/50/96.swf
	deleted:    clips/items/50/97.swf
	deleted:    clips/items/50/98.swf
	deleted:    clips/items/50/99.swf
	deleted:    clips/items/51/1.swf
	deleted:    clips/items/51/10.swf
	deleted:    clips/items/51/127.swf
	deleted:    clips/items/51/128.swf
	deleted:    clips/items/51/141.swf
	deleted:    clips/items/51/144.swf
	deleted:    clips/items/51/145.swf
	deleted:    clips/items/51/150.swf
	deleted:    clips/items/51/151.swf
	deleted:    clips/items/51/2.swf
	deleted:    clips/items/51/267.swf
	deleted:    clips/items/51/3.swf
	deleted:    clips/items/51/4.swf
	deleted:    clips/items/51/417.swf
	deleted:    clips/items/51/44.swf
	deleted:    clips/items/51/454.swf
	deleted:    clips/items/51/455.swf
	deleted:    clips/items/51/456.swf
	deleted:    clips/items/51/457.swf
	deleted:    clips/items/51/458.swf
	deleted:    clips/items/51/459.swf
	deleted:    clips/items/51/460.swf
	deleted:    clips/items/51/461.swf
	deleted:    clips/items/51/462.swf
	deleted:    clips/items/51/463.swf
	deleted:    clips/items/51/464.swf
	deleted:    clips/items/51/465.swf
	deleted:    clips/items/51/466.swf
	deleted:    clips/items/51/47.swf
	deleted:    clips/items/51/5.swf
	deleted:    clips/items/51/6.swf
	deleted:    clips/items/51/7.swf
	deleted:    clips/items/51/72.swf
	deleted:    clips/items/51/74.swf
	deleted:    clips/items/51/75.swf
	deleted:    clips/items/51/76.swf
	deleted:    clips/items/51/8.swf
	deleted:    clips/items/51/9.swf
	deleted:    clips/items/52/250.swf
	deleted:    clips/items/52/251.swf
	deleted:    clips/items/52/253.swf
	deleted:    clips/items/52/254.swf
	deleted:    clips/items/52/255.swf
	deleted:    clips/items/52/256.swf
	deleted:    clips/items/52/257.swf
	deleted:    clips/items/52/258.swf
	deleted:    clips/items/52/259.swf
	deleted:    clips/items/52/7.swf
	deleted:    clips/items/53/1.swf
	deleted:    clips/items/53/111.swf
	deleted:    clips/items/53/112.swf
	deleted:    clips/items/53/113.swf
	deleted:    clips/items/53/114.swf
	deleted:    clips/items/53/115.swf
	deleted:    clips/items/53/116.swf
	deleted:    clips/items/53/117.swf
	deleted:    clips/items/53/118.swf
	deleted:    clips/items/53/119.swf
	deleted:    clips/items/53/120.swf
	deleted:    clips/items/53/14.swf
	deleted:    clips/items/53/2.swf
	deleted:    clips/items/53/223.swf
	deleted:    clips/items/53/247.swf
	deleted:    clips/items/53/3.swf
	deleted:    clips/items/53/327.swf
	deleted:    clips/items/53/362.swf
	deleted:    clips/items/53/393.swf
	deleted:    clips/items/53/4.swf
	deleted:    clips/items/53/413.swf
	deleted:    clips/items/53/5.swf
	deleted:    clips/items/53/644.swf
	deleted:    clips/items/53/645.swf
	deleted:    clips/items/53/646.swf
	deleted:    clips/items/54/1.swf
	deleted:    clips/items/54/10.swf
	deleted:    clips/items/54/11.swf
	deleted:    clips/items/54/114.swf
	deleted:    clips/items/54/12.swf
	deleted:    clips/items/54/13.swf
	deleted:    clips/items/54/131.swf
	deleted:    clips/items/54/14.swf
	deleted:    clips/items/54/195.swf
	deleted:    clips/items/54/196.swf
	deleted:    clips/items/54/197.swf
	deleted:    clips/items/54/198.swf
	deleted:    clips/items/54/2.swf
	deleted:    clips/items/54/201.swf
	deleted:    clips/items/54/202.swf
	deleted:    clips/items/54/203.swf
	deleted:    clips/items/54/204.swf
	deleted:    clips/items/54/205.swf
	deleted:    clips/items/54/206.swf
	deleted:    clips/items/54/3.swf
	deleted:    clips/items/54/359.swf
	deleted:    clips/items/54/364.swf
	deleted:    clips/items/54/4.swf
	deleted:    clips/items/54/414.swf
	deleted:    clips/items/54/5.swf
	deleted:    clips/items/54/549.swf
	deleted:    clips/items/54/553.swf
	deleted:    clips/items/54/554.swf
	deleted:    clips/items/54/555.swf
	deleted:    clips/items/54/556.swf
	deleted:    clips/items/54/557.swf
	deleted:    clips/items/54/558.swf
	deleted:    clips/items/54/559.swf
	deleted:    clips/items/54/560.swf
	deleted:    clips/items/54/6.swf
	deleted:    clips/items/54/60.swf
	deleted:    clips/items/54/656.swf
	deleted:    clips/items/54/657.swf
	deleted:    clips/items/54/658.swf
	deleted:    clips/items/54/659.swf
	deleted:    clips/items/54/660.swf
	deleted:    clips/items/54/661.swf
	deleted:    clips/items/54/662.swf
	deleted:    clips/items/54/663.swf
	deleted:    clips/items/54/664.swf
	deleted:    clips/items/54/665.swf
	deleted:    clips/items/54/666.swf
	deleted:    clips/items/54/667.swf
	deleted:    clips/items/54/668.swf
	deleted:    clips/items/54/669.swf
	deleted:    clips/items/54/670.swf
	deleted:    clips/items/54/671.swf
	deleted:    clips/items/54/672.swf
	deleted:    clips/items/54/673.swf
	deleted:    clips/items/54/8.swf
	deleted:    clips/items/54/9.swf
	deleted:    clips/items/55/1.swf
	deleted:    clips/items/55/10.swf
	deleted:    clips/items/55/11.swf
	deleted:    clips/items/55/12.swf
	deleted:    clips/items/55/120.swf
	deleted:    clips/items/55/121.swf
	deleted:    clips/items/55/123.swf
	deleted:    clips/items/55/124.swf
	deleted:    clips/items/55/125.swf
	deleted:    clips/items/55/126.swf
	deleted:    clips/items/55/127.swf
	deleted:    clips/items/55/128.swf
	deleted:    clips/items/55/129.swf
	deleted:    clips/items/55/13.swf
	deleted:    clips/items/55/14.swf
	deleted:    clips/items/55/15.swf
	deleted:    clips/items/55/16.swf
	deleted:    clips/items/55/164.swf
	deleted:    clips/items/55/17.swf
	deleted:    clips/items/55/18.swf
	deleted:    clips/items/55/19.swf
	deleted:    clips/items/55/199.swf
	deleted:    clips/items/55/2.swf
	deleted:    clips/items/55/200.swf
	deleted:    clips/items/55/220.swf
	deleted:    clips/items/55/3.swf
	deleted:    clips/items/55/326.swf
	deleted:    clips/items/55/4.swf
	deleted:    clips/items/55/427.swf
	deleted:    clips/items/55/430.swf
	deleted:    clips/items/55/431.swf
	deleted:    clips/items/55/434.swf
	deleted:    clips/items/55/437.swf
	deleted:    clips/items/55/457.swf
	deleted:    clips/items/55/5.swf
	deleted:    clips/items/55/537.swf
	deleted:    clips/items/55/561.swf
	deleted:    clips/items/55/6.swf
	deleted:    clips/items/55/661.swf
	deleted:    clips/items/55/7.swf
	deleted:    clips/items/55/720.swf
	deleted:    clips/items/55/721.swf
	deleted:    clips/items/55/722.swf
	deleted:    clips/items/55/723.swf
	deleted:    clips/items/55/724.swf
	deleted:    clips/items/55/725.swf
	deleted:    clips/items/55/726.swf
	deleted:    clips/items/55/727.swf
	deleted:    clips/items/55/728.swf
	deleted:    clips/items/55/729.swf
	deleted:    clips/items/55/8.swf
	deleted:    clips/items/55/9.swf
	deleted:    clips/items/56/1.swf
	deleted:    clips/items/56/141.swf
	deleted:    clips/items/56/142.swf
	deleted:    clips/items/56/143.swf
	deleted:    clips/items/56/144.swf
	deleted:    clips/items/56/152.swf
	deleted:    clips/items/56/16.swf
	deleted:    clips/items/56/410.swf
	deleted:    clips/items/56/426.swf
	deleted:    clips/items/56/429.swf
	deleted:    clips/items/56/439.swf
	deleted:    clips/items/56/508.swf
	deleted:    clips/items/56/534.swf
	deleted:    clips/items/56/535.swf
	deleted:    clips/items/56/565.swf
	deleted:    clips/items/56/572.swf
	deleted:    clips/items/56/621.swf
	deleted:    clips/items/56/622.swf
	deleted:    clips/items/56/649.swf
	deleted:    clips/items/56/655.swf
	deleted:    clips/items/56/656.swf
	deleted:    clips/items/56/657.swf
	deleted:    clips/items/56/658.swf
	deleted:    clips/items/57/1.swf
	deleted:    clips/items/57/207.swf
	deleted:    clips/items/57/208.swf
	deleted:    clips/items/57/209.swf
	deleted:    clips/items/57/210.swf
	deleted:    clips/items/57/27.swf
	deleted:    clips/items/57/56.swf
	deleted:    clips/items/57/654.swf
	deleted:    clips/items/57/655.swf
	deleted:    clips/items/57/656.swf
	deleted:    clips/items/58/1.swf
	deleted:    clips/items/58/11.swf
	deleted:    clips/items/58/119.swf
	deleted:    clips/items/58/157.swf
	deleted:    clips/items/58/3.swf
	deleted:    clips/items/58/405.swf
	deleted:    clips/items/58/471.swf
	deleted:    clips/items/58/6.swf
	deleted:    clips/items/58/63.swf
	deleted:    clips/items/58/64.swf
	deleted:    clips/items/58/65.swf
	deleted:    clips/items/58/66.swf
	deleted:    clips/items/58/67.swf
	deleted:    clips/items/59/1.swf
	deleted:    clips/items/59/2.swf
	deleted:    clips/items/59/233.swf
	deleted:    clips/items/59/3.swf
	deleted:    clips/items/59/32.swf
	deleted:    clips/items/59/33.swf
	deleted:    clips/items/59/34.swf
	deleted:    clips/items/59/35.swf
	deleted:    clips/items/59/36.swf
	deleted:    clips/items/59/361.swf
	deleted:    clips/items/59/37.swf
	deleted:    clips/items/59/38.swf
	deleted:    clips/items/59/39.swf
	deleted:    clips/items/59/391.swf
	deleted:    clips/items/59/4.swf
	deleted:    clips/items/59/40.swf
	deleted:    clips/items/59/41.swf
	deleted:    clips/items/59/42.swf
	deleted:    clips/items/59/422.swf
	deleted:    clips/items/59/43.swf
	deleted:    clips/items/59/44.swf
	deleted:    clips/items/59/45.swf
	deleted:    clips/items/59/46.swf
	deleted:    clips/items/59/47.swf
	deleted:    clips/items/59/48.swf
	deleted:    clips/items/59/5.swf
	deleted:    clips/items/59/547.swf
	deleted:    clips/items/59/599.swf
	deleted:    clips/items/59/6.swf
	deleted:    clips/items/59/600.swf
	deleted:    clips/items/59/601.swf
	deleted:    clips/items/59/602.swf
	deleted:    clips/items/59/603.swf
	deleted:    clips/items/59/604.swf
	deleted:    clips/items/59/605.swf
	deleted:    clips/items/59/606.swf
	deleted:    clips/items/59/607.swf
	deleted:    clips/items/59/608.swf
	deleted:    clips/items/59/609.swf
	deleted:    clips/items/59/610.swf
	deleted:    clips/items/59/611.swf
	deleted:    clips/items/59/612.swf
	deleted:    clips/items/59/613.swf
	deleted:    clips/items/59/614.swf
	deleted:    clips/items/59/615.swf
	deleted:    clips/items/59/616.swf
	deleted:    clips/items/59/617.swf
	deleted:    clips/items/59/618.swf
	deleted:    clips/items/59/619.swf
	deleted:    clips/items/59/620.swf
	deleted:    clips/items/59/621.swf
	deleted:    clips/items/59/622.swf
	deleted:    clips/items/59/623.swf
	deleted:    clips/items/59/624.swf
	deleted:    clips/items/59/625.swf
	deleted:    clips/items/59/626.swf
	deleted:    clips/items/59/627.swf
	deleted:    clips/items/59/628.swf
	deleted:    clips/items/59/629.swf
	deleted:    clips/items/59/630.swf
	deleted:    clips/items/59/7.swf
	deleted:    clips/items/59/8.swf
	deleted:    clips/items/59/9.swf
	deleted:    clips/items/6/1.swf
	deleted:    clips/items/6/10.swf
	deleted:    clips/items/6/100.swf
	deleted:    clips/items/6/101.swf
	deleted:    clips/items/6/102.swf
	deleted:    clips/items/6/103.swf
	deleted:    clips/items/6/11.swf
	deleted:    clips/items/6/12.swf
	deleted:    clips/items/6/13.swf
	deleted:    clips/items/6/14.swf
	deleted:    clips/items/6/15.swf
	deleted:    clips/items/6/16.swf
	deleted:    clips/items/6/17.swf
	deleted:    clips/items/6/18.swf
	deleted:    clips/items/6/19.swf
	deleted:    clips/items/6/2.swf
	deleted:    clips/items/6/21.swf
	deleted:    clips/items/6/22.swf
	deleted:    clips/items/6/23.swf
	deleted:    clips/items/6/24.swf
	deleted:    clips/items/6/25.swf
	deleted:    clips/items/6/29.swf
	deleted:    clips/items/6/3.swf
	deleted:    clips/items/6/30.swf
	deleted:    clips/items/6/31.swf
	deleted:    clips/items/6/32.swf
	deleted:    clips/items/6/33.swf
	deleted:    clips/items/6/34.swf
	deleted:    clips/items/6/35.swf
	deleted:    clips/items/6/36.swf
	deleted:    clips/items/6/37.swf
	deleted:    clips/items/6/38.swf
	deleted:    clips/items/6/39.swf
	deleted:    clips/items/6/4.swf
	deleted:    clips/items/6/40.swf
	deleted:    clips/items/6/41.swf
	deleted:    clips/items/6/42.swf
	deleted:    clips/items/6/43.swf
	deleted:    clips/items/6/44.swf
	deleted:    clips/items/6/45.swf
	deleted:    clips/items/6/46.swf
	deleted:    clips/items/6/47.swf
	deleted:    clips/items/6/48.swf
	deleted:    clips/items/6/49.swf
	deleted:    clips/items/6/5.swf
	deleted:    clips/items/6/50.swf
	deleted:    clips/items/6/51.swf
	deleted:    clips/items/6/52.swf
	deleted:    clips/items/6/53.swf
	deleted:    clips/items/6/54.swf
	deleted:    clips/items/6/55.swf
	deleted:    clips/items/6/56.swf
	deleted:    clips/items/6/57.swf
	deleted:    clips/items/6/58.swf
	deleted:    clips/items/6/59.swf
	deleted:    clips/items/6/6.swf
	deleted:    clips/items/6/60.swf
	deleted:    clips/items/6/61.swf
	deleted:    clips/items/6/62.swf
	deleted:    clips/items/6/63.swf
	deleted:    clips/items/6/64.swf
	deleted:    clips/items/6/65.swf
	deleted:    clips/items/6/66.swf
	deleted:    clips/items/6/67.swf
	deleted:    clips/items/6/68.swf
	deleted:    clips/items/6/69.swf
	deleted:    clips/items/6/7.swf
	deleted:    clips/items/6/70.swf
	deleted:    clips/items/6/71.swf
	deleted:    clips/items/6/718.swf
	deleted:    clips/items/6/72.swf
	deleted:    clips/items/6/73.swf
	deleted:    clips/items/6/74.swf
	deleted:    clips/items/6/75.swf
	deleted:    clips/items/6/76.swf
	deleted:    clips/items/6/77.swf
	deleted:    clips/items/6/78.swf
	deleted:    clips/items/6/79.swf
	deleted:    clips/items/6/8.swf
	deleted:    clips/items/6/80.swf
	deleted:    clips/items/6/81.swf
	deleted:    clips/items/6/82.swf
	deleted:    clips/items/6/83.swf
	deleted:    clips/items/6/84.swf
	deleted:    clips/items/6/85.swf
	deleted:    clips/items/6/86.swf
	deleted:    clips/items/6/87.swf
	deleted:    clips/items/6/88.swf
	deleted:    clips/items/6/89.swf
	deleted:    clips/items/6/9.swf
	deleted:    clips/items/6/90.swf
	deleted:    clips/items/6/91.swf
	deleted:    clips/items/6/92.swf
	deleted:    clips/items/6/93.swf
	deleted:    clips/items/6/94.swf
	deleted:    clips/items/6/95.swf
	deleted:    clips/items/6/96.swf
	deleted:    clips/items/6/97.swf
	deleted:    clips/items/6/98.swf
	deleted:    clips/items/60/1.swf
	deleted:    clips/items/60/375.swf
	deleted:    clips/items/60/61.swf
	deleted:    clips/items/60/62.swf
	deleted:    clips/items/60/68.swf
	deleted:    clips/items/60/69.swf
	deleted:    clips/items/60/71.swf
	deleted:    clips/items/61/1.swf
	deleted:    clips/items/61/2.swf
	deleted:    clips/items/61/671.swf
	deleted:    clips/items/61/672.swf
	deleted:    clips/items/61/673.swf
	deleted:    clips/items/61/674.swf
	deleted:    clips/items/61/675.swf
	deleted:    clips/items/61/677.swf
	deleted:    clips/items/61/678.swf
	deleted:    clips/items/61/679.swf
	deleted:    clips/items/61/680.swf
	deleted:    clips/items/61/681.swf
	deleted:    clips/items/61/682.swf
	deleted:    clips/items/61/683.swf
	deleted:    clips/items/61/684.swf
	deleted:    clips/items/61/685.swf
	deleted:    clips/items/61/686.swf
	deleted:    clips/items/61/687.swf
	deleted:    clips/items/61/688.swf
	deleted:    clips/items/61/689.swf
	deleted:    clips/items/61/699.swf
	deleted:    clips/items/62/270.swf
	deleted:    clips/items/62/272.swf
	deleted:    clips/items/62/274.swf
	deleted:    clips/items/62/276.swf
	deleted:    clips/items/62/278.swf
	deleted:    clips/items/62/280.swf
	deleted:    clips/items/62/291.swf
	deleted:    clips/items/62/293.swf
	deleted:    clips/items/62/295.swf
	deleted:    clips/items/62/297.swf
	deleted:    clips/items/62/299.swf
	deleted:    clips/items/62/301.swf
	deleted:    clips/items/62/304.swf
	deleted:    clips/items/62/306.swf
	deleted:    clips/items/62/308.swf
	deleted:    clips/items/62/310.swf
	deleted:    clips/items/62/312.swf
	deleted:    clips/items/62/314.swf
	deleted:    clips/items/62/316.swf
	deleted:    clips/items/62/318.swf
	deleted:    clips/items/62/320.swf
	deleted:    clips/items/62/321.swf
	deleted:    clips/items/62/323.swf
	deleted:    clips/items/62/325.swf
	deleted:    clips/items/62/396.swf
	deleted:    clips/items/62/399.swf
	deleted:    clips/items/62/401.swf
	deleted:    clips/items/62/403.swf
	deleted:    clips/items/63/331.swf
	deleted:    clips/items/63/334.swf
	deleted:    clips/items/63/335.swf
	deleted:    clips/items/63/336.swf
	deleted:    clips/items/63/337.swf
	deleted:    clips/items/63/348.swf
	deleted:    clips/items/63/349.swf
	deleted:    clips/items/63/350.swf
	deleted:    clips/items/63/354.swf
	deleted:    clips/items/63/365.swf
	deleted:    clips/items/63/366.swf
	deleted:    clips/items/63/367.swf
	deleted:    clips/items/63/368.swf
	deleted:    clips/items/63/370.swf
	deleted:    clips/items/63/371.swf
	deleted:    clips/items/63/372.swf
	deleted:    clips/items/63/373.swf
	deleted:    clips/items/63/374.swf
	deleted:    clips/items/63/375.swf
	deleted:    clips/items/63/376.swf
	deleted:    clips/items/63/377.swf
	deleted:    clips/items/64/338.swf
	deleted:    clips/items/64/339.swf
	deleted:    clips/items/64/340.swf
	deleted:    clips/items/64/341.swf
	deleted:    clips/items/64/344.swf
	deleted:    clips/items/64/345.swf
	deleted:    clips/items/64/346.swf
	deleted:    clips/items/64/347.swf
	deleted:    clips/items/64/351.swf
	deleted:    clips/items/64/352.swf
	deleted:    clips/items/64/353.swf
	deleted:    clips/items/64/358.swf
	deleted:    clips/items/64/383.swf
	deleted:    clips/items/64/384.swf
	deleted:    clips/items/64/385.swf
	deleted:    clips/items/64/386.swf
	deleted:    clips/items/64/387.swf
	deleted:    clips/items/64/388.swf
	deleted:    clips/items/64/389.swf
	deleted:    clips/items/65/1.swf
	deleted:    clips/items/65/105.swf
	deleted:    clips/items/65/363.swf
	deleted:    clips/items/65/448.swf
	deleted:    clips/items/65/461.swf
	deleted:    clips/items/65/503.swf
	deleted:    clips/items/65/521.swf
	deleted:    clips/items/65/525.swf
	deleted:    clips/items/65/536.swf
	deleted:    clips/items/65/579.swf
	deleted:    clips/items/65/594.swf
	deleted:    clips/items/65/595.swf
	deleted:    clips/items/65/619.swf
	deleted:    clips/items/65/640.swf
	deleted:    clips/items/65/641.swf
	deleted:    clips/items/65/751.swf
	deleted:    clips/items/66/236.swf
	deleted:    clips/items/66/237.swf
	deleted:    clips/items/66/238.swf
	deleted:    clips/items/66/239.swf
	deleted:    clips/items/66/240.swf
	deleted:    clips/items/66/241.swf
	deleted:    clips/items/66/242.swf
	deleted:    clips/items/66/243.swf
	deleted:    clips/items/66/244.swf
	deleted:    clips/items/66/245.swf
	deleted:    clips/items/66/246.swf
	deleted:    clips/items/66/247.swf
	deleted:    clips/items/66/248.swf
	deleted:    clips/items/66/249.swf
	deleted:    clips/items/66/250.swf
	deleted:    clips/items/66/251.swf
	deleted:    clips/items/66/252.swf
	deleted:    clips/items/68/12.swf
	deleted:    clips/items/68/135.swf
	deleted:    clips/items/68/136.swf
	deleted:    clips/items/68/31.swf
	deleted:    clips/items/68/376.swf
	deleted:    clips/items/68/377.swf
	deleted:    clips/items/68/719.swf
	deleted:    clips/items/69/110.swf
	deleted:    clips/items/69/112.swf
	deleted:    clips/items/69/113.swf
	deleted:    clips/items/69/114.swf
	deleted:    clips/items/69/115.swf
	deleted:    clips/items/69/116.swf
	deleted:    clips/items/69/117.swf
	deleted:    clips/items/69/118.swf
	deleted:    clips/items/69/119.swf
	deleted:    clips/items/69/120.swf
	deleted:    clips/items/69/121.swf
	deleted:    clips/items/69/122.swf
	deleted:    clips/items/69/123.swf
	deleted:    clips/items/69/124.swf
	deleted:    clips/items/69/125.swf
	deleted:    clips/items/69/129.swf
	deleted:    clips/items/69/130.swf
	deleted:    clips/items/69/131.swf
	deleted:    clips/items/69/132.swf
	deleted:    clips/items/69/133.swf
	deleted:    clips/items/69/134.swf
	deleted:    clips/items/69/135.swf
	deleted:    clips/items/69/136.swf
	deleted:    clips/items/69/262.swf
	deleted:    clips/items/69/38.swf
	deleted:    clips/items/69/726.swf
	deleted:    clips/items/7/1.swf
	deleted:    clips/items/7/10.swf
	deleted:    clips/items/7/11.swf
	deleted:    clips/items/7/12.swf
	deleted:    clips/items/7/13.swf
	deleted:    clips/items/7/14.swf
	deleted:    clips/items/7/15.swf
	deleted:    clips/items/7/16.swf
	deleted:    clips/items/7/17.swf
	deleted:    clips/items/7/18.swf
	deleted:    clips/items/7/19.swf
	deleted:    clips/items/7/2.swf
	deleted:    clips/items/7/20.swf
	deleted:    clips/items/7/21.swf
	deleted:    clips/items/7/22.swf
	deleted:    clips/items/7/23.swf
	deleted:    clips/items/7/24.swf
	deleted:    clips/items/7/25.swf
	deleted:    clips/items/7/26.swf
	deleted:    clips/items/7/27.swf
	deleted:    clips/items/7/28.swf
	deleted:    clips/items/7/29.swf
	deleted:    clips/items/7/3.swf
	deleted:    clips/items/7/30.swf
	deleted:    clips/items/7/31.swf
	deleted:    clips/items/7/32.swf
	deleted:    clips/items/7/33.swf
	deleted:    clips/items/7/34.swf
	deleted:    clips/items/7/35.swf
	deleted:    clips/items/7/36.swf
	deleted:    clips/items/7/37.swf
	deleted:    clips/items/7/38.swf
	deleted:    clips/items/7/39.swf
	deleted:    clips/items/7/4.swf
	deleted:    clips/items/7/40.swf
	deleted:    clips/items/7/41.swf
	deleted:    clips/items/7/42.swf
	deleted:    clips/items/7/43.swf
	deleted:    clips/items/7/44.swf
	deleted:    clips/items/7/45.swf
	deleted:    clips/items/7/46.swf
	deleted:    clips/items/7/47.swf
	deleted:    clips/items/7/48.swf
	deleted:    clips/items/7/49.swf
	deleted:    clips/items/7/5.swf
	deleted:    clips/items/7/50.swf
	deleted:    clips/items/7/51.swf
	deleted:    clips/items/7/52.swf
	deleted:    clips/items/7/53.swf
	deleted:    clips/items/7/54.swf
	deleted:    clips/items/7/55.swf
	deleted:    clips/items/7/56.swf
	deleted:    clips/items/7/57.swf
	deleted:    clips/items/7/58.swf
	deleted:    clips/items/7/59.swf
	deleted:    clips/items/7/6.swf
	deleted:    clips/items/7/60.swf
	deleted:    clips/items/7/61.swf
	deleted:    clips/items/7/62.swf
	deleted:    clips/items/7/63.swf
	deleted:    clips/items/7/64.swf
	deleted:    clips/items/7/65.swf
	deleted:    clips/items/7/66.swf
	deleted:    clips/items/7/67.swf
	deleted:    clips/items/7/68.swf
	deleted:    clips/items/7/69.swf
	deleted:    clips/items/7/7.swf
	deleted:    clips/items/7/70.swf
	deleted:    clips/items/7/71.swf
	deleted:    clips/items/7/72.swf
	deleted:    clips/items/7/723.swf
	deleted:    clips/items/7/724.swf
	deleted:    clips/items/7/73.swf
	deleted:    clips/items/7/8.swf
	deleted:    clips/items/7/9.swf
	deleted:    clips/items/70/63.swf
	deleted:    clips/items/70/64.swf
	deleted:    clips/items/70/65.swf
	deleted:    clips/items/70/66.swf
	deleted:    clips/items/70/67.swf
	deleted:    clips/items/71/55.swf
	deleted:    clips/items/71/56.swf
	deleted:    clips/items/71/57.swf
	deleted:    clips/items/71/58.swf
	deleted:    clips/items/72/206.swf
	deleted:    clips/items/72/59.swf
	deleted:    clips/items/72/60.swf
	deleted:    clips/items/72/61.swf
	deleted:    clips/items/72/62.swf
	deleted:    clips/items/72/63.swf
	deleted:    clips/items/72/64.swf
	deleted:    clips/items/72/65.swf
	deleted:    clips/items/72/66.swf
	deleted:    clips/items/72/67.swf
	deleted:    clips/items/72/68.swf
	deleted:    clips/items/72/69.swf
	deleted:    clips/items/73/1.swf
	deleted:    clips/items/73/18.swf
	deleted:    clips/items/73/2.swf
	deleted:    clips/items/73/3.swf
	deleted:    clips/items/73/4.swf
	deleted:    clips/items/73/5.swf
	deleted:    clips/items/73/6.swf
	deleted:    clips/items/73/7.swf
	deleted:    clips/items/73/8.swf
	deleted:    clips/items/74/26.swf
	deleted:    clips/items/74/27.swf
	deleted:    clips/items/74/28.swf
	deleted:    clips/items/74/29.swf
	deleted:    clips/items/74/30.swf
	deleted:    clips/items/74/31.swf
	deleted:    clips/items/74/32.swf
	deleted:    clips/items/75/1.swf
	deleted:    clips/items/75/10.swf
	deleted:    clips/items/75/11.swf
	deleted:    clips/items/75/12.swf
	deleted:    clips/items/75/13.swf
	deleted:    clips/items/75/14.swf
	deleted:    clips/items/75/15.swf
	deleted:    clips/items/75/16.swf
	deleted:    clips/items/75/17.swf
	deleted:    clips/items/75/18.swf
	deleted:    clips/items/75/19.swf
	deleted:    clips/items/75/20.swf
	deleted:    clips/items/75/21.swf
	deleted:    clips/items/75/3.swf
	deleted:    clips/items/75/4.swf
	deleted:    clips/items/75/5.swf
	deleted:    clips/items/75/6.swf
	deleted:    clips/items/75/666.swf
	deleted:    clips/items/75/7.swf
	deleted:    clips/items/75/8.swf
	deleted:    clips/items/75/9.swf
	deleted:    clips/items/76/20.swf
	deleted:    clips/items/76/21.swf
	deleted:    clips/items/76/22.swf
	deleted:    clips/items/76/23.swf
	deleted:    clips/items/76/24.swf
	deleted:    clips/items/76/25.swf
	deleted:    clips/items/76/26.swf
	deleted:    clips/items/76/27.swf
	deleted:    clips/items/76/28.swf
	deleted:    clips/items/76/29.swf
	deleted:    clips/items/76/3.swf
	deleted:    clips/items/76/30.swf
	deleted:    clips/items/76/31.swf
	deleted:    clips/items/76/32.swf
	deleted:    clips/items/76/33.swf
	deleted:    clips/items/76/34.swf
	deleted:    clips/items/76/35.swf
	deleted:    clips/items/76/36.swf
	deleted:    clips/items/76/37.swf
	deleted:    clips/items/76/38.swf
	deleted:    clips/items/76/39.swf
	deleted:    clips/items/76/40.swf
	deleted:    clips/items/76/41.swf
	deleted:    clips/items/76/42.swf
	deleted:    clips/items/76/666.swf
	deleted:    clips/items/77/20.swf
	deleted:    clips/items/77/21.swf
	deleted:    clips/items/77/22.swf
	deleted:    clips/items/77/23.swf
	deleted:    clips/items/77/24.swf
	deleted:    clips/items/77/25.swf
	deleted:    clips/items/77/26.swf
	deleted:    clips/items/77/27.swf
	deleted:    clips/items/77/28.swf
	deleted:    clips/items/77/29.swf
	deleted:    clips/items/77/30.swf
	deleted:    clips/items/77/31.swf
	deleted:    clips/items/77/32.swf
	deleted:    clips/items/77/33.swf
	deleted:    clips/items/77/34.swf
	deleted:    clips/items/77/35.swf
	deleted:    clips/items/77/36.swf
	deleted:    clips/items/77/37.swf
	deleted:    clips/items/77/38.swf
	deleted:    clips/items/77/39.swf
	deleted:    clips/items/77/40.swf
	deleted:    clips/items/77/41.swf
	deleted:    clips/items/77/42.swf
	deleted:    clips/items/77/43.swf
	deleted:    clips/items/77/44.swf
	deleted:    clips/items/77/45.swf
	deleted:    clips/items/77/46.swf
	deleted:    clips/items/77/47.swf
	deleted:    clips/items/77/48.swf
	deleted:    clips/items/77/49.swf
	deleted:    clips/items/77/50.swf
	deleted:    clips/items/77/51.swf
	deleted:    clips/items/77/52.swf
	deleted:    clips/items/77/53.swf
	deleted:    clips/items/77/54.swf
	deleted:    clips/items/77/55.swf
	deleted:    clips/items/77/56.swf
	deleted:    clips/items/77/57.swf
	deleted:    clips/items/77/58.swf
	deleted:    clips/items/77/59.swf
	deleted:    clips/items/77/60.swf
	deleted:    clips/items/77/61.swf
	deleted:    clips/items/77/62.swf
	deleted:    clips/items/77/63.swf
	deleted:    clips/items/77/64.swf
	deleted:    clips/items/77/65.swf
	deleted:    clips/items/77/66.swf
	deleted:    clips/items/77/67.swf
	deleted:    clips/items/77/68.swf
	deleted:    clips/items/77/69.swf
	deleted:    clips/items/77/70.swf
	deleted:    clips/items/77/71.swf
	deleted:    clips/items/77/72.swf
	deleted:    clips/items/77/73.swf
	deleted:    clips/items/77/74.swf
	deleted:    clips/items/77/75.swf
	deleted:    clips/items/77/76.swf
	deleted:    clips/items/77/77.swf
	deleted:    clips/items/77/78.swf
	deleted:    clips/items/77/79.swf
	deleted:    clips/items/77/80.swf
	deleted:    clips/items/77/81.swf
	deleted:    clips/items/77/82.swf
	deleted:    clips/items/77/83.swf
	deleted:    clips/items/77/84.swf
	deleted:    clips/items/77/85.swf
	deleted:    clips/items/77/86.swf
	deleted:    clips/items/78/10.swf
	deleted:    clips/items/78/11.swf
	deleted:    clips/items/78/12.swf
	deleted:    clips/items/78/13.swf
	deleted:    clips/items/78/14.swf
	deleted:    clips/items/78/15.swf
	deleted:    clips/items/78/16.swf
	deleted:    clips/items/78/17.swf
	deleted:    clips/items/78/18.swf
	deleted:    clips/items/78/19.swf
	deleted:    clips/items/78/20.swf
	deleted:    clips/items/78/21.swf
	deleted:    clips/items/78/22.swf
	deleted:    clips/items/78/23.swf
	deleted:    clips/items/78/24.swf
	deleted:    clips/items/78/25.swf
	deleted:    clips/items/78/26.swf
	deleted:    clips/items/78/27.swf
	deleted:    clips/items/78/28.swf
	deleted:    clips/items/78/29.swf
	deleted:    clips/items/78/30.swf
	deleted:    clips/items/78/31.swf
	deleted:    clips/items/78/32.swf
	deleted:    clips/items/78/33.swf
	deleted:    clips/items/78/34.swf
	deleted:    clips/items/78/35.swf
	deleted:    clips/items/78/36.swf
	deleted:    clips/items/78/37.swf
	deleted:    clips/items/78/38.swf
	deleted:    clips/items/78/39.swf
	deleted:    clips/items/78/40.swf
	deleted:    clips/items/78/41.swf
	deleted:    clips/items/78/42.swf
	deleted:    clips/items/78/43.swf
	deleted:    clips/items/78/44.swf
	deleted:    clips/items/78/45.swf
	deleted:    clips/items/78/46.swf
	deleted:    clips/items/78/47.swf
	deleted:    clips/items/78/48.swf
	deleted:    clips/items/78/49.swf
	deleted:    clips/items/78/5.swf
	deleted:    clips/items/78/50.swf
	deleted:    clips/items/78/51.swf
	deleted:    clips/items/78/52.swf
	deleted:    clips/items/78/53.swf
	deleted:    clips/items/78/54.swf
	deleted:    clips/items/78/55.swf
	deleted:    clips/items/78/56.swf
	deleted:    clips/items/78/57.swf
	deleted:    clips/items/78/58.swf
	deleted:    clips/items/78/59.swf
	deleted:    clips/items/78/6.swf
	deleted:    clips/items/78/60.swf
	deleted:    clips/items/78/61.swf
	deleted:    clips/items/78/62.swf
	deleted:    clips/items/78/63.swf
	deleted:    clips/items/78/64.swf
	deleted:    clips/items/78/65.swf
	deleted:    clips/items/78/66.swf
	deleted:    clips/items/78/67.swf
	deleted:    clips/items/78/68.swf
	deleted:    clips/items/78/69.swf
	deleted:    clips/items/78/7.swf
	deleted:    clips/items/78/70.swf
	deleted:    clips/items/78/71.swf
	deleted:    clips/items/78/72.swf
	deleted:    clips/items/78/73.swf
	deleted:    clips/items/78/74.swf
	deleted:    clips/items/78/75.swf
	deleted:    clips/items/78/76.swf
	deleted:    clips/items/78/77.swf
	deleted:    clips/items/78/78.swf
	deleted:    clips/items/78/79.swf
	deleted:    clips/items/78/8.swf
	deleted:    clips/items/78/80.swf
	deleted:    clips/items/78/81.swf
	deleted:    clips/items/78/82.swf
	deleted:    clips/items/78/83.swf
	deleted:    clips/items/78/84.swf
	deleted:    clips/items/78/85.swf
	deleted:    clips/items/78/9.swf
	deleted:    clips/items/79/1.swf
	deleted:    clips/items/79/10.swf
	deleted:    clips/items/79/11.swf
	deleted:    clips/items/79/12.swf
	deleted:    clips/items/79/177.swf
	deleted:    clips/items/79/2.swf
	deleted:    clips/items/79/3.swf
	deleted:    clips/items/79/4.swf
	deleted:    clips/items/79/5.swf
	deleted:    clips/items/79/6.swf
	deleted:    clips/items/79/7.swf
	deleted:    clips/items/79/8.swf
	deleted:    clips/items/79/9.swf
	deleted:    clips/items/8/1.swf
	deleted:    clips/items/8/10.swf
	deleted:    clips/items/8/11.swf
	deleted:    clips/items/8/12.swf
	deleted:    clips/items/8/13.swf
	deleted:    clips/items/8/14.swf
	deleted:    clips/items/8/15.swf
	deleted:    clips/items/8/16.swf
	deleted:    clips/items/8/17.swf
	deleted:    clips/items/8/18.swf
	deleted:    clips/items/8/19.swf
	deleted:    clips/items/8/2.swf
	deleted:    clips/items/8/20.swf
	deleted:    clips/items/8/21.swf
	deleted:    clips/items/8/22.swf
	deleted:    clips/items/8/23.swf
	deleted:    clips/items/8/24.swf
	deleted:    clips/items/8/25.swf
	deleted:    clips/items/8/26.swf
	deleted:    clips/items/8/27.swf
	deleted:    clips/items/8/28.swf
	deleted:    clips/items/8/29.swf
	deleted:    clips/items/8/3.swf
	deleted:    clips/items/8/30.swf
	deleted:    clips/items/8/31.swf
	deleted:    clips/items/8/32.swf
	deleted:    clips/items/8/33.swf
	deleted:    clips/items/8/34.swf
	deleted:    clips/items/8/35.swf
	deleted:    clips/items/8/36.swf
	deleted:    clips/items/8/37.swf
	deleted:    clips/items/8/38.swf
	deleted:    clips/items/8/39.swf
	deleted:    clips/items/8/4.swf
	deleted:    clips/items/8/40.swf
	deleted:    clips/items/8/41.swf
	deleted:    clips/items/8/42.swf
	deleted:    clips/items/8/43.swf
	deleted:    clips/items/8/44.swf
	deleted:    clips/items/8/45.swf
	deleted:    clips/items/8/46.swf
	deleted:    clips/items/8/47.swf
	deleted:    clips/items/8/48.swf
	deleted:    clips/items/8/49.swf
	deleted:    clips/items/8/5.swf
	deleted:    clips/items/8/50.swf
	deleted:    clips/items/8/51.swf
	deleted:    clips/items/8/52.swf
	deleted:    clips/items/8/53.swf
	deleted:    clips/items/8/54.swf
	deleted:    clips/items/8/55.swf
	deleted:    clips/items/8/56.swf
	deleted:    clips/items/8/6.swf
	deleted:    clips/items/8/7.swf
	deleted:    clips/items/8/8.swf
	deleted:    clips/items/8/9.swf
	deleted:    clips/items/80/25.swf
	deleted:    clips/items/80/33.swf
	deleted:    clips/items/80/6.swf
	deleted:    clips/items/81/1.swf
	deleted:    clips/items/81/2.swf
	deleted:    clips/items/81/25.swf
	deleted:    clips/items/81/26.swf
	deleted:    clips/items/81/27.swf
	deleted:    clips/items/81/28.swf
	deleted:    clips/items/81/29.swf
	deleted:    clips/items/81/3.swf
	deleted:    clips/items/81/30.swf
	deleted:    clips/items/81/31.swf
	deleted:    clips/items/81/32.swf
	deleted:    clips/items/81/33.swf
	deleted:    clips/items/81/57.swf
	deleted:    clips/items/81/58.swf
	deleted:    clips/items/81/59.swf
	deleted:    clips/items/81/60.swf
	deleted:    clips/items/82/1.swf
	deleted:    clips/items/82/10.swf
	deleted:    clips/items/82/100.swf
	deleted:    clips/items/82/101.swf
	deleted:    clips/items/82/102.swf
	deleted:    clips/items/82/103.swf
	deleted:    clips/items/82/104.swf
	deleted:    clips/items/82/105.swf
	deleted:    clips/items/82/106.swf
	deleted:    clips/items/82/107.swf
	deleted:    clips/items/82/108.swf
	deleted:    clips/items/82/109.swf
	deleted:    clips/items/82/11.swf
	deleted:    clips/items/82/110.swf
	deleted:    clips/items/82/111.swf
	deleted:    clips/items/82/12.swf
	deleted:    clips/items/82/13.swf
	deleted:    clips/items/82/14.swf
	deleted:    clips/items/82/15.swf
	deleted:    clips/items/82/16.swf
	deleted:    clips/items/82/17.swf
	deleted:    clips/items/82/18.swf
	deleted:    clips/items/82/19.swf
	deleted:    clips/items/82/2.swf
	deleted:    clips/items/82/20.swf
	deleted:    clips/items/82/21.swf
	deleted:    clips/items/82/22.swf
	deleted:    clips/items/82/23.swf
	deleted:    clips/items/82/24.swf
	deleted:    clips/items/82/25.swf
	deleted:    clips/items/82/26.swf
	deleted:    clips/items/82/27.swf
	deleted:    clips/items/82/28.swf
	deleted:    clips/items/82/29.swf
	deleted:    clips/items/82/3.swf
	deleted:    clips/items/82/30.swf
	deleted:    clips/items/82/31.swf
	deleted:    clips/items/82/32.swf
	deleted:    clips/items/82/33.swf
	deleted:    clips/items/82/34.swf
	deleted:    clips/items/82/35.swf
	deleted:    clips/items/82/36.swf
	deleted:    clips/items/82/37.swf
	deleted:    clips/items/82/38.swf
	deleted:    clips/items/82/39.swf
	deleted:    clips/items/82/4.swf
	deleted:    clips/items/82/40.swf
	deleted:    clips/items/82/41.swf
	deleted:    clips/items/82/42.swf
	deleted:    clips/items/82/43.swf
	deleted:    clips/items/82/44.swf
	deleted:    clips/items/82/45.swf
	deleted:    clips/items/82/46.swf
	deleted:    clips/items/82/47.swf
	deleted:    clips/items/82/48.swf
	deleted:    clips/items/82/49.swf
	deleted:    clips/items/82/5.swf
	deleted:    clips/items/82/50.swf
	deleted:    clips/items/82/51.swf
	deleted:    clips/items/82/52.swf
	deleted:    clips/items/82/53.swf
	deleted:    clips/items/82/54.swf
	deleted:    clips/items/82/55.swf
	deleted:    clips/items/82/56.swf
	deleted:    clips/items/82/57.swf
	deleted:    clips/items/82/58.swf
	deleted:    clips/items/82/59.swf
	deleted:    clips/items/82/6.swf
	deleted:    clips/items/82/60.swf
	deleted:    clips/items/82/61.swf
	deleted:    clips/items/82/62.swf
	deleted:    clips/items/82/63.swf
	deleted:    clips/items/82/64.swf
	deleted:    clips/items/82/65.swf
	deleted:    clips/items/82/66.swf
	deleted:    clips/items/82/67.swf
	deleted:    clips/items/82/68.swf
	deleted:    clips/items/82/69.swf
	deleted:    clips/items/82/7.swf
	deleted:    clips/items/82/70.swf
	deleted:    clips/items/82/71.swf
	deleted:    clips/items/82/72.swf
	deleted:    clips/items/82/73.swf
	deleted:    clips/items/82/74.swf
	deleted:    clips/items/82/75.swf
	deleted:    clips/items/82/76.swf
	deleted:    clips/items/82/77.swf
	deleted:    clips/items/82/78.swf
	deleted:    clips/items/82/79.swf
	deleted:    clips/items/82/8.swf
	deleted:    clips/items/82/80.swf
	deleted:    clips/items/82/81.swf
	deleted:    clips/items/82/82.swf
	deleted:    clips/items/82/83.swf
	deleted:    clips/items/82/84.swf
	deleted:    clips/items/82/85.swf
	deleted:    clips/items/82/86.swf
	deleted:    clips/items/82/87.swf
	deleted:    clips/items/82/88.swf
	deleted:    clips/items/82/9.swf
	deleted:    clips/items/82/90.swf
	deleted:    clips/items/82/91.swf
	deleted:    clips/items/82/92.swf
	deleted:    clips/items/82/93.swf
	deleted:    clips/items/82/94.swf
	deleted:    clips/items/82/95.swf
	deleted:    clips/items/82/96.swf
	deleted:    clips/items/82/97.swf
	deleted:    clips/items/82/98.swf
	deleted:    clips/items/82/99.swf
	deleted:    clips/items/83/1.swf
	deleted:    clips/items/83/10.swf
	deleted:    clips/items/83/11.swf
	deleted:    clips/items/83/12.swf
	deleted:    clips/items/83/13.swf
	deleted:    clips/items/83/14.swf
	deleted:    clips/items/83/15.swf
	deleted:    clips/items/83/16.swf
	deleted:    clips/items/83/17.swf
	deleted:    clips/items/83/18.swf
	deleted:    clips/items/83/19.swf
	deleted:    clips/items/83/2.swf
	deleted:    clips/items/83/20.swf
	deleted:    clips/items/83/21.swf
	deleted:    clips/items/83/22.swf
	deleted:    clips/items/83/23.swf
	deleted:    clips/items/83/24.swf
	deleted:    clips/items/83/3.swf
	deleted:    clips/items/83/4.swf
	deleted:    clips/items/83/5.swf
	deleted:    clips/items/83/6.swf
	deleted:    clips/items/83/7.swf
	deleted:    clips/items/83/8.swf
	deleted:    clips/items/83/9.swf
	deleted:    clips/items/84/1.swf
	deleted:    clips/items/84/10.swf
	deleted:    clips/items/84/11.swf
	deleted:    clips/items/84/12.swf
	deleted:    clips/items/84/13.swf
	deleted:    clips/items/84/14.swf
	deleted:    clips/items/84/15.swf
	deleted:    clips/items/84/16.swf
	deleted:    clips/items/84/17.swf
	deleted:    clips/items/84/18.swf
	deleted:    clips/items/84/19.swf
	deleted:    clips/items/84/2.swf
	deleted:    clips/items/84/20.swf
	deleted:    clips/items/84/226.swf
	deleted:    clips/items/84/227.swf
	deleted:    clips/items/84/228.swf
	deleted:    clips/items/84/229.swf
	deleted:    clips/items/84/230.swf
	deleted:    clips/items/84/231.swf
	deleted:    clips/items/84/232.swf
	deleted:    clips/items/84/233.swf
	deleted:    clips/items/84/234.swf
	deleted:    clips/items/84/235.swf
	deleted:    clips/items/84/236.swf
	deleted:    clips/items/84/237.swf
	deleted:    clips/items/84/238.swf
	deleted:    clips/items/84/239.swf
	deleted:    clips/items/84/240.swf
	deleted:    clips/items/84/241.swf
	deleted:    clips/items/84/242.swf
	deleted:    clips/items/84/243.swf
	deleted:    clips/items/84/244.swf
	deleted:    clips/items/84/245.swf
	deleted:    clips/items/84/246.swf
	deleted:    clips/items/84/247.swf
	deleted:    clips/items/84/248.swf
	deleted:    clips/items/84/249.swf
	deleted:    clips/items/84/250.swf
	deleted:    clips/items/84/251.swf
	deleted:    clips/items/84/252.swf
	deleted:    clips/items/84/253.swf
	deleted:    clips/items/84/254.swf
	deleted:    clips/items/84/255.swf
	deleted:    clips/items/84/256.swf
	deleted:    clips/items/84/3.swf
	deleted:    clips/items/84/4.swf
	deleted:    clips/items/84/5.swf
	deleted:    clips/items/84/6.swf
	deleted:    clips/items/84/61.swf
	deleted:    clips/items/84/7.swf
	deleted:    clips/items/84/713.swf
	deleted:    clips/items/84/8.swf
	deleted:    clips/items/84/9.swf
	deleted:    clips/items/85/1.swf
	deleted:    clips/items/85/2.swf
	deleted:    clips/items/85/3.swf
	deleted:    clips/items/85/4.swf
	deleted:    clips/items/86/1.swf
	deleted:    clips/items/87/1.swf
	deleted:    clips/items/87/2.swf
	deleted:    clips/items/87/3.swf
	deleted:    clips/items/88/1.swf
	deleted:    clips/items/88/10.swf
	deleted:    clips/items/88/11.swf
	deleted:    clips/items/88/12.swf
	deleted:    clips/items/88/13.swf
	deleted:    clips/items/88/14.swf
	deleted:    clips/items/88/15.swf
	deleted:    clips/items/88/16.swf
	deleted:    clips/items/88/17.swf
	deleted:    clips/items/88/18.swf
	deleted:    clips/items/88/19.swf
	deleted:    clips/items/88/2.swf
	deleted:    clips/items/88/20.swf
	deleted:    clips/items/88/21.swf
	deleted:    clips/items/88/22.swf
	deleted:    clips/items/88/23.swf
	deleted:    clips/items/88/24.swf
	deleted:    clips/items/88/25.swf
	deleted:    clips/items/88/26.swf
	deleted:    clips/items/88/27.swf
	deleted:    clips/items/88/28.swf
	deleted:    clips/items/88/29.swf
	deleted:    clips/items/88/3.swf
	deleted:    clips/items/88/30.swf
	deleted:    clips/items/88/31.swf
	deleted:    clips/items/88/32.swf
	deleted:    clips/items/88/33.swf
	deleted:    clips/items/88/4.swf
	deleted:    clips/items/88/44.swf
	deleted:    clips/items/88/45.swf
	deleted:    clips/items/88/46.swf
	deleted:    clips/items/88/5.swf
	deleted:    clips/items/88/6.swf
	deleted:    clips/items/88/7.swf
	deleted:    clips/items/88/8.swf
	deleted:    clips/items/88/9.swf
	deleted:    clips/items/89/1.swf
	deleted:    clips/items/89/2.swf
	deleted:    clips/items/89/3.swf
	deleted:    clips/items/89/32.swf
	deleted:    clips/items/89/4.swf
	deleted:    clips/items/89/42.swf
	deleted:    clips/items/89/43.swf
	deleted:    clips/items/89/44.swf
	deleted:    clips/items/89/45.swf
	deleted:    clips/items/89/46.swf
	deleted:    clips/items/89/47.swf
	deleted:    clips/items/9/1.swf
	deleted:    clips/items/9/10.swf
	deleted:    clips/items/9/100.swf
	deleted:    clips/items/9/101.swf
	deleted:    clips/items/9/102.swf
	deleted:    clips/items/9/103.swf
	deleted:    clips/items/9/104.swf
	deleted:    clips/items/9/105.swf
	deleted:    clips/items/9/106.swf
	deleted:    clips/items/9/107.swf
	deleted:    clips/items/9/108.swf
	deleted:    clips/items/9/109.swf
	deleted:    clips/items/9/11.swf
	deleted:    clips/items/9/110.swf
	deleted:    clips/items/9/111.swf
	deleted:    clips/items/9/112.swf
	deleted:    clips/items/9/113.swf
	deleted:    clips/items/9/114.swf
	deleted:    clips/items/9/115.swf
	deleted:    clips/items/9/116.swf
	deleted:    clips/items/9/117.swf
	deleted:    clips/items/9/118.swf
	deleted:    clips/items/9/119.swf
	deleted:    clips/items/9/12.swf
	deleted:    clips/items/9/120.swf
	deleted:    clips/items/9/121.swf
	deleted:    clips/items/9/122.swf
	deleted:    clips/items/9/123.swf
	deleted:    clips/items/9/124.swf
	deleted:    clips/items/9/125.swf
	deleted:    clips/items/9/126.swf
	deleted:    clips/items/9/127.swf
	deleted:    clips/items/9/128.swf
	deleted:    clips/items/9/129.swf
	deleted:    clips/items/9/13.swf
	deleted:    clips/items/9/130.swf
	deleted:    clips/items/9/131.swf
	deleted:    clips/items/9/132.swf
	deleted:    clips/items/9/133.swf
	deleted:    clips/items/9/134.swf
	deleted:    clips/items/9/135.swf
	deleted:    clips/items/9/136.swf
	deleted:    clips/items/9/137.swf
	deleted:    clips/items/9/138.swf
	deleted:    clips/items/9/139.swf
	deleted:    clips/items/9/14.swf
	deleted:    clips/items/9/140.swf
	deleted:    clips/items/9/141.swf
	deleted:    clips/items/9/142.swf
	deleted:    clips/items/9/143.swf
	deleted:    clips/items/9/144.swf
	deleted:    clips/items/9/145.swf
	deleted:    clips/items/9/146.swf
	deleted:    clips/items/9/147.swf
	deleted:    clips/items/9/148.swf
	deleted:    clips/items/9/149.swf
	deleted:    clips/items/9/15.swf
	deleted:    clips/items/9/150.swf
	deleted:    clips/items/9/151.swf
	deleted:    clips/items/9/152.swf
	deleted:    clips/items/9/153.swf
	deleted:    clips/items/9/154.swf
	deleted:    clips/items/9/155.swf
	deleted:    clips/items/9/156.swf
	deleted:    clips/items/9/157.swf
	deleted:    clips/items/9/158.swf
	deleted:    clips/items/9/159.swf
	deleted:    clips/items/9/16.swf
	deleted:    clips/items/9/160.swf
	deleted:    clips/items/9/161.swf
	deleted:    clips/items/9/162.swf
	deleted:    clips/items/9/163.swf
	deleted:    clips/items/9/164.swf
	deleted:    clips/items/9/165.swf
	deleted:    clips/items/9/166.swf
	deleted:    clips/items/9/167.swf
	deleted:    clips/items/9/168.swf
	deleted:    clips/items/9/169.swf
	deleted:    clips/items/9/17.swf
	deleted:    clips/items/9/170.swf
	deleted:    clips/items/9/171.swf
	deleted:    clips/items/9/172.swf
	deleted:    clips/items/9/173.swf
	deleted:    clips/items/9/174.swf
	deleted:    clips/items/9/175.swf
	deleted:    clips/items/9/176.swf
	deleted:    clips/items/9/177.swf
	deleted:    clips/items/9/178.swf
	deleted:    clips/items/9/179.swf
	deleted:    clips/items/9/18.swf
	deleted:    clips/items/9/180.swf
	deleted:    clips/items/9/181.swf
	deleted:    clips/items/9/182.swf
	deleted:    clips/items/9/183.swf
	deleted:    clips/items/9/184.swf
	deleted:    clips/items/9/185.swf
	deleted:    clips/items/9/186.swf
	deleted:    clips/items/9/187.swf
	deleted:    clips/items/9/19.swf
	deleted:    clips/items/9/190.swf
	deleted:    clips/items/9/191.swf
	deleted:    clips/items/9/192.swf
	deleted:    clips/items/9/193.swf
	deleted:    clips/items/9/194.swf
	deleted:    clips/items/9/195.swf
	deleted:    clips/items/9/196.swf
	deleted:    clips/items/9/197.swf
	deleted:    clips/items/9/2.swf
	deleted:    clips/items/9/20.swf
	deleted:    clips/items/9/21.swf
	deleted:    clips/items/9/22.swf
	deleted:    clips/items/9/23.swf
	deleted:    clips/items/9/27.swf
	deleted:    clips/items/9/28.swf
	deleted:    clips/items/9/29.swf
	deleted:    clips/items/9/3.swf
	deleted:    clips/items/9/30.swf
	deleted:    clips/items/9/31.swf
	deleted:    clips/items/9/32.swf
	deleted:    clips/items/9/33.swf
	deleted:    clips/items/9/34.swf
	deleted:    clips/items/9/35.swf
	deleted:    clips/items/9/36.swf
	deleted:    clips/items/9/37.swf
	deleted:    clips/items/9/38.swf
	deleted:    clips/items/9/39.swf
	deleted:    clips/items/9/4.swf
	deleted:    clips/items/9/40.swf
	deleted:    clips/items/9/41.swf
	deleted:    clips/items/9/42.swf
	deleted:    clips/items/9/43.swf
	deleted:    clips/items/9/44.swf
	deleted:    clips/items/9/45.swf
	deleted:    clips/items/9/46.swf
	deleted:    clips/items/9/47.swf
	deleted:    clips/items/9/48.swf
	deleted:    clips/items/9/49.swf
	deleted:    clips/items/9/5.swf
	deleted:    clips/items/9/50.swf
	deleted:    clips/items/9/51.swf
	deleted:    clips/items/9/52.swf
	deleted:    clips/items/9/53.swf
	deleted:    clips/items/9/54.swf
	deleted:    clips/items/9/55.swf
	deleted:    clips/items/9/56.swf
	deleted:    clips/items/9/57.swf
	deleted:    clips/items/9/58.swf
	deleted:    clips/items/9/59.swf
	deleted:    clips/items/9/6.swf
	deleted:    clips/items/9/60.swf
	deleted:    clips/items/9/61.swf
	deleted:    clips/items/9/62.swf
	deleted:    clips/items/9/63.swf
	deleted:    clips/items/9/64.swf
	deleted:    clips/items/9/65.swf
	deleted:    clips/items/9/66.swf
	deleted:    clips/items/9/67.swf
	deleted:    clips/items/9/68.swf
	deleted:    clips/items/9/69.swf
	deleted:    clips/items/9/7.swf
	deleted:    clips/items/9/70.swf
	deleted:    clips/items/9/71.swf
	deleted:    clips/items/9/72.swf
	deleted:    clips/items/9/73.swf
	deleted:    clips/items/9/74.swf
	deleted:    clips/items/9/75.swf
	deleted:    clips/items/9/76.swf
	deleted:    clips/items/9/77.swf
	deleted:    clips/items/9/78.swf
	deleted:    clips/items/9/79.swf
	deleted:    clips/items/9/8.swf
	deleted:    clips/items/9/80.swf
	deleted:    clips/items/9/81.swf
	deleted:    clips/items/9/82.swf
	deleted:    clips/items/9/83.swf
	deleted:    clips/items/9/84.swf
	deleted:    clips/items/9/85.swf
	deleted:    clips/items/9/86.swf
	deleted:    clips/items/9/87.swf
	deleted:    clips/items/9/88.swf
	deleted:    clips/items/9/89.swf
	deleted:    clips/items/9/9.swf
	deleted:    clips/items/9/90.swf
	deleted:    clips/items/9/91.swf
	deleted:    clips/items/9/92.swf
	deleted:    clips/items/9/93.swf
	deleted:    clips/items/9/94.swf
	deleted:    clips/items/9/95.swf
	deleted:    clips/items/9/96.swf
	deleted:    clips/items/9/97.swf
	deleted:    clips/items/9/98.swf
	deleted:    clips/items/9/99.swf
	deleted:    clips/items/90/1.swf
	deleted:    clips/items/90/10.swf
	deleted:    clips/items/90/11.swf
	deleted:    clips/items/90/12.swf
	deleted:    clips/items/90/13.swf
	deleted:    clips/items/90/14.swf
	deleted:    clips/items/90/15.swf
	deleted:    clips/items/90/16.swf
	deleted:    clips/items/90/17.swf
	deleted:    clips/items/90/18.swf
	deleted:    clips/items/90/19.swf
	deleted:    clips/items/90/2.swf
	deleted:    clips/items/90/20.swf
	deleted:    clips/items/90/21.swf
	deleted:    clips/items/90/22.swf
	deleted:    clips/items/90/23.swf
	deleted:    clips/items/90/24.swf
	deleted:    clips/items/90/25.swf
	deleted:    clips/items/90/26.swf
	deleted:    clips/items/90/3.swf
	deleted:    clips/items/90/31.swf
	deleted:    clips/items/90/34.swf
	deleted:    clips/items/90/35.swf
	deleted:    clips/items/90/36.swf
	deleted:    clips/items/90/37.swf
	deleted:    clips/items/90/38.swf
	deleted:    clips/items/90/39.swf
	deleted:    clips/items/90/4.swf
	deleted:    clips/items/90/40.swf
	deleted:    clips/items/90/41.swf
	deleted:    clips/items/90/42.swf
	deleted:    clips/items/90/43.swf
	deleted:    clips/items/90/44.swf
	deleted:    clips/items/90/45.swf
	deleted:    clips/items/90/46.swf
	deleted:    clips/items/90/47.swf
	deleted:    clips/items/90/48.swf
	deleted:    clips/items/90/49.swf
	deleted:    clips/items/90/5.swf
	deleted:    clips/items/90/53.swf
	deleted:    clips/items/90/54.swf
	deleted:    clips/items/90/55.swf
	deleted:    clips/items/90/56.swf
	deleted:    clips/items/90/57.swf
	deleted:    clips/items/90/58.swf
	deleted:    clips/items/90/59.swf
	deleted:    clips/items/90/6.swf
	deleted:    clips/items/90/60.swf
	deleted:    clips/items/90/61.swf
	deleted:    clips/items/90/62.swf
	deleted:    clips/items/90/63.swf
	deleted:    clips/items/90/64.swf
	deleted:    clips/items/90/65.swf
	deleted:    clips/items/90/67.swf
	deleted:    clips/items/90/68.swf
	deleted:    clips/items/90/69.swf
	deleted:    clips/items/90/7.swf
	deleted:    clips/items/90/70.swf
	deleted:    clips/items/90/71.swf
	deleted:    clips/items/90/72.swf
	deleted:    clips/items/90/73.swf
	deleted:    clips/items/90/74.swf
	deleted:    clips/items/90/75.swf
	deleted:    clips/items/90/8.swf
	deleted:    clips/items/90/9.swf
	deleted:    clips/items/93/1.swf
	deleted:    clips/items/93/10.swf
	deleted:    clips/items/93/11.swf
	deleted:    clips/items/93/12.swf
	deleted:    clips/items/93/13.swf
	deleted:    clips/items/93/14.swf
	deleted:    clips/items/93/15.swf
	deleted:    clips/items/93/16.swf
	deleted:    clips/items/93/17.swf
	deleted:    clips/items/93/18.swf
	deleted:    clips/items/93/19.swf
	deleted:    clips/items/93/2.swf
	deleted:    clips/items/93/20.swf
	deleted:    clips/items/93/21.swf
	deleted:    clips/items/93/22.swf
	deleted:    clips/items/93/23.swf
	deleted:    clips/items/93/24.swf
	deleted:    clips/items/93/25.swf
	deleted:    clips/items/93/26.swf
	deleted:    clips/items/93/27.swf
	deleted:    clips/items/93/28.swf
	deleted:    clips/items/93/29.swf
	deleted:    clips/items/93/3.swf
	deleted:    clips/items/93/30.swf
	deleted:    clips/items/93/31.swf
	deleted:    clips/items/93/32.swf
	deleted:    clips/items/93/33.swf
	deleted:    clips/items/93/34.swf
	deleted:    clips/items/93/35.swf
	deleted:    clips/items/93/36.swf
	deleted:    clips/items/93/37.swf
	deleted:    clips/items/93/38.swf
	deleted:    clips/items/93/39.swf
	deleted:    clips/items/93/4.swf
	deleted:    clips/items/93/40.swf
	deleted:    clips/items/93/41.swf
	deleted:    clips/items/93/42.swf
	deleted:    clips/items/93/43.swf
	deleted:    clips/items/93/44.swf
	deleted:    clips/items/93/45.swf
	deleted:    clips/items/93/46.swf
	deleted:    clips/items/93/47.swf
	deleted:    clips/items/93/48.swf
	deleted:    clips/items/93/49.swf
	deleted:    clips/items/93/5.swf
	deleted:    clips/items/93/50.swf
	deleted:    clips/items/93/51.swf
	deleted:    clips/items/93/52.swf
	deleted:    clips/items/93/53.swf
	deleted:    clips/items/93/54.swf
	deleted:    clips/items/93/55.swf
	deleted:    clips/items/93/56.swf
	deleted:    clips/items/93/57.swf
	deleted:    clips/items/93/58.swf
	deleted:    clips/items/93/59.swf
	deleted:    clips/items/93/6.swf
	deleted:    clips/items/93/60.swf
	deleted:    clips/items/93/61.swf
	deleted:    clips/items/93/62.swf
	deleted:    clips/items/93/63.swf
	deleted:    clips/items/93/64.swf
	deleted:    clips/items/93/65.swf
	deleted:    clips/items/93/66.swf
	deleted:    clips/items/93/67.swf
	deleted:    clips/items/93/68.swf
	deleted:    clips/items/93/69.swf
	deleted:    clips/items/93/7.swf
	deleted:    clips/items/93/70.swf
	deleted:    clips/items/93/71.swf
	deleted:    clips/items/93/72.swf
	deleted:    clips/items/93/73.swf
	deleted:    clips/items/93/74.swf
	deleted:    clips/items/93/75.swf
	deleted:    clips/items/93/76.swf
	deleted:    clips/items/93/77.swf
	deleted:    clips/items/93/78.swf
	deleted:    clips/items/93/79.swf
	deleted:    clips/items/93/8.swf
	deleted:    clips/items/93/80.swf
	deleted:    clips/items/93/81.swf
	deleted:    clips/items/93/82.swf
	deleted:    clips/items/93/83.swf
	deleted:    clips/items/93/84.swf
	deleted:    clips/items/93/85.swf
	deleted:    clips/items/93/86.swf
	deleted:    clips/items/93/87.swf
	deleted:    clips/items/93/88.swf
	deleted:    clips/items/93/89.swf
	deleted:    clips/items/93/9.swf
	deleted:    clips/items/93/90.swf
	deleted:    clips/items/93/91.swf
	deleted:    clips/items/93/92.swf
	deleted:    clips/items/93/93.swf
	deleted:    clips/items/93/94.swf
	deleted:    clips/items/93/95.swf
	deleted:    clips/items/93/96.swf
	deleted:    clips/items/94/1.swf
	deleted:    clips/items/94/10.swf
	deleted:    clips/items/94/11.swf
	deleted:    clips/items/94/12.swf
	deleted:    clips/items/94/13.swf
	deleted:    clips/items/94/14.swf
	deleted:    clips/items/94/15.swf
	deleted:    clips/items/94/16.swf
	deleted:    clips/items/94/17.swf
	deleted:    clips/items/94/18.swf
	deleted:    clips/items/94/19.swf
	deleted:    clips/items/94/2.swf
	deleted:    clips/items/94/20.swf
	deleted:    clips/items/94/21.swf
	deleted:    clips/items/94/22.swf
	deleted:    clips/items/94/3.swf
	deleted:    clips/items/94/4.swf
	deleted:    clips/items/94/5.swf
	deleted:    clips/items/94/6.swf
	deleted:    clips/items/94/7.swf
	deleted:    clips/items/94/8.swf
	deleted:    clips/items/94/9.swf
	deleted:    clips/items/95/1.swf
	deleted:    clips/items/95/10.swf
	deleted:    clips/items/95/11.swf
	deleted:    clips/items/95/12.swf
	deleted:    clips/items/95/13.swf
	deleted:    clips/items/95/14.swf
	deleted:    clips/items/95/15.swf
	deleted:    clips/items/95/16.swf
	deleted:    clips/items/95/166.swf
	deleted:    clips/items/95/17.swf
	deleted:    clips/items/95/18.swf
	deleted:    clips/items/95/19.swf
	deleted:    clips/items/95/2.swf
	deleted:    clips/items/95/20.swf
	deleted:    clips/items/95/21.swf
	deleted:    clips/items/95/22.swf
	deleted:    clips/items/95/3.swf
	deleted:    clips/items/95/4.swf
	deleted:    clips/items/95/5.swf
	deleted:    clips/items/95/6.swf
	deleted:    clips/items/95/7.swf
	deleted:    clips/items/95/8.swf
	deleted:    clips/items/95/9.swf
	deleted:    clips/items/95/93.swf
	deleted:    clips/items/96/1.swf
	deleted:    clips/items/96/103.swf
	deleted:    clips/items/96/105.swf
	deleted:    clips/items/96/106.swf
	deleted:    clips/items/96/107.swf
	deleted:    clips/items/96/108.swf
	deleted:    clips/items/96/109.swf
	deleted:    clips/items/96/2.swf
	deleted:    clips/items/96/231.swf
	deleted:    clips/items/96/3.swf
	deleted:    clips/items/96/4.swf
	deleted:    clips/items/96/5.swf
	deleted:    clips/items/96/542.swf
	deleted:    clips/items/96/6.swf
	deleted:    clips/items/96/666.swf
	deleted:    clips/items/96/667.swf
	deleted:    clips/items/96/96.swf
	deleted:    clips/items/96/98.swf
	deleted:    clips/items/97/1.swf
	deleted:    clips/items/97/2.swf
	deleted:    clips/items/97/22.swf
	deleted:    clips/items/97/23.swf
	deleted:    clips/items/97/24.swf
	deleted:    clips/items/97/25.swf
	deleted:    clips/items/97/26.swf
	deleted:    clips/items/97/28.swf
	deleted:    clips/items/97/29.swf
	deleted:    clips/items/97/30.swf
	deleted:    clips/items/97/31.swf
	deleted:    clips/items/97/32.swf
	deleted:    clips/items/97/33.swf
	deleted:    clips/items/97/34.swf
	deleted:    clips/items/97/36.swf
	deleted:    clips/items/97/37.swf
	deleted:    clips/items/97/38.swf
	deleted:    clips/items/97/39.swf
	deleted:    clips/items/97/40.swf
	deleted:    clips/items/97/41.swf
	deleted:    clips/items/97/42.swf
	deleted:    clips/items/97/43.swf
	deleted:    clips/items/97/44.swf
	deleted:    clips/items/97/45.swf
	deleted:    clips/items/97/46.swf
	deleted:    clips/items/97/47.swf
	deleted:    clips/items/97/48.swf
	deleted:    clips/items/97/49.swf
	deleted:    clips/items/97/50.swf
	deleted:    clips/items/97/51.swf
	deleted:    clips/items/97/52.swf
	deleted:    clips/items/97/53.swf
	deleted:    clips/items/97/54.swf
	deleted:    clips/items/97/55.swf
	deleted:    clips/items/97/56.swf
	deleted:    clips/items/97/57.swf
	deleted:    clips/items/97/58.swf
	deleted:    clips/items/97/59.swf
	deleted:    clips/items/97/60.swf
	deleted:    clips/items/97/61.swf
	deleted:    clips/items/97/62.swf
	deleted:    clips/items/97/63.swf
	deleted:    clips/items/97/64.swf
	deleted:    clips/items/97/65.swf
	deleted:    clips/items/97/66.swf
	deleted:    clips/items/97/67.swf
	deleted:    clips/items/97/68.swf
	deleted:    clips/items/97/69.swf
	deleted:    clips/items/97/70.swf
	deleted:    clips/items/97/71.swf
	deleted:    clips/items/97/72.swf
	deleted:    clips/items/97/73.swf
	deleted:    clips/items/97/74.swf
	deleted:    clips/items/97/75.swf
	deleted:    clips/items/97/76.swf
	deleted:    clips/items/97/77.swf
	deleted:    clips/items/97/78.swf
	deleted:    clips/items/97/79.swf
	deleted:    clips/items/97/81.swf
	deleted:    clips/items/97/82.swf
	deleted:    clips/items/97/83.swf
	deleted:    clips/items/97/84.swf
	deleted:    clips/items/97/85.swf
	deleted:    clips/items/97/86.swf
	deleted:    clips/items/97/87.swf
	deleted:    clips/items/97/88.swf
	deleted:    clips/items/97/89.swf
	deleted:    clips/items/97/90.swf
	deleted:    clips/items/97/91.swf
	deleted:    clips/items/97/92.swf
	deleted:    clips/items/97/93.swf
	deleted:    clips/items/97/94.swf
	deleted:    clips/items/98/1.swf
	deleted:    clips/items/98/100.swf
	deleted:    clips/items/98/102.swf
	deleted:    clips/items/98/142.swf
	deleted:    clips/items/98/143.swf
	deleted:    clips/items/98/144.swf
	deleted:    clips/items/98/145.swf
	deleted:    clips/items/98/232.swf
	deleted:    clips/items/98/667.swf
	deleted:    clips/items/98/668.swf
	deleted:    clips/items/98/96.swf
	deleted:    clips/items/98/99.swf
	deleted:    clips/items/99/1.swf
	deleted:    clips/jobs/1.swf
	deleted:    clips/jobs/10.swf
	deleted:    clips/jobs/11.swf
	deleted:    clips/jobs/12.swf
	deleted:    clips/jobs/13.swf
	deleted:    clips/jobs/14.swf
	deleted:    clips/jobs/15.swf
	deleted:    clips/jobs/16.swf
	deleted:    clips/jobs/17.swf
	deleted:    clips/jobs/18.swf
	deleted:    clips/jobs/19.swf
	deleted:    clips/jobs/2.swf
	deleted:    clips/jobs/20.swf
	deleted:    clips/jobs/21.swf
	deleted:    clips/jobs/22.swf
	deleted:    clips/jobs/23.swf
	deleted:    clips/jobs/24.swf
	deleted:    clips/jobs/25.swf
	deleted:    clips/jobs/26.swf
	deleted:    clips/jobs/27.swf
	deleted:    clips/jobs/28.swf
	deleted:    clips/jobs/29.swf
	deleted:    clips/jobs/3.swf
	deleted:    clips/jobs/30.swf
	deleted:    clips/jobs/31.swf
	deleted:    clips/jobs/32.swf
	deleted:    clips/jobs/33.swf
	deleted:    clips/jobs/34.swf
	deleted:    clips/jobs/35.swf
	deleted:    clips/jobs/36.swf
	deleted:    clips/jobs/37.swf
	deleted:    clips/jobs/4.swf
	deleted:    clips/jobs/40.swf
	deleted:    clips/jobs/5.swf
	deleted:    clips/jobs/6.swf
	deleted:    clips/jobs/7.swf
	deleted:    clips/jobs/8.swf
	deleted:    clips/jobs/9.swf
	deleted:    clips/maps/0.swf
	deleted:    clips/maps/2.swf
	deleted:    clips/maps/3.swf
	deleted:    clips/maps/dungeon.swf
	deleted:    clips/maps/hints.swf
	deleted:    clips/objects.swf
	deleted:    clips/ready.swf
	deleted:    clips/smileys.swf
	deleted:    clips/smileys/1.swf
	deleted:    clips/smileys/10.swf
	deleted:    clips/smileys/11.swf
	deleted:    clips/smileys/12.swf
	deleted:    clips/smileys/13.swf
	deleted:    clips/smileys/14.swf
	deleted:    clips/smileys/15.swf
	deleted:    clips/smileys/2.swf
	deleted:    clips/smileys/3.swf
	deleted:    clips/smileys/4.swf
	deleted:    clips/smileys/5.swf
	deleted:    clips/smileys/6.swf
	deleted:    clips/smileys/7.swf
	deleted:    clips/smileys/8.swf
	deleted:    clips/smileys/9.swf
	deleted:    clips/smileys/91.swf
	deleted:    clips/smileys/92.swf
	deleted:    clips/smileys/93.swf
	deleted:    clips/smileys/94.swf
	deleted:    clips/smileys/95.swf
	deleted:    clips/smileys/96.swf
	deleted:    clips/smileys/97.swf
	deleted:    clips/smileys/98.swf
	deleted:    clips/smileys/99.swf
	deleted:    clips/smileys/all.swf
	deleted:    clips/spells/1001.swf
	deleted:    clips/spells/1002.swf
	deleted:    clips/spells/1003.swf
	deleted:    clips/spells/1004.swf
	deleted:    clips/spells/1005.swf
	deleted:    clips/spells/1006.swf
	deleted:    clips/spells/1007.swf
	deleted:    clips/spells/1008.swf
	deleted:    clips/spells/1009.swf
	deleted:    clips/spells/101.swf
	deleted:    clips/spells/1010.swf
	deleted:    clips/spells/1011.swf
	deleted:    clips/spells/1012.swf
	deleted:    clips/spells/1013.swf
	deleted:    clips/spells/1014.swf
	deleted:    clips/spells/1015.swf
	deleted:    clips/spells/1016.swf
	deleted:    clips/spells/102.swf
	deleted:    clips/spells/103.swf
	deleted:    clips/spells/104.swf
	deleted:    clips/spells/105.swf
	deleted:    clips/spells/1050.swf
	deleted:    clips/spells/1051.swf
	deleted:    clips/spells/1052.swf
	deleted:    clips/spells/1053.swf
	deleted:    clips/spells/1054.swf
	deleted:    clips/spells/1055.swf
	deleted:    clips/spells/1056.swf
	deleted:    clips/spells/108.swf
	deleted:    clips/spells/109.swf
	deleted:    clips/spells/110.swf
	deleted:    clips/spells/1100.swf
	deleted:    clips/spells/1101.swf
	deleted:    clips/spells/1102.swf
	deleted:    clips/spells/1103.swf
	deleted:    clips/spells/1104.swf
	deleted:    clips/spells/1105.swf
	deleted:    clips/spells/1107.swf
	deleted:    clips/spells/1109.swf
	deleted:    clips/spells/111.swf
	deleted:    clips/spells/112.swf
	deleted:    clips/spells/1200.swf
	deleted:    clips/spells/1201.swf
	deleted:    clips/spells/1202.swf
	deleted:    clips/spells/1203.swf
	deleted:    clips/spells/1204.swf
	deleted:    clips/spells/1205.swf
	deleted:    clips/spells/1206.swf
	deleted:    clips/spells/1207.swf
	deleted:    clips/spells/1208.swf
	deleted:    clips/spells/1209.swf
	deleted:    clips/spells/1210.swf
	deleted:    clips/spells/1211.swf
	deleted:    clips/spells/1212.swf
	deleted:    clips/spells/1213.swf
	deleted:    clips/spells/1214.swf
	deleted:    clips/spells/1481.swf
	deleted:    clips/spells/2000.swf
	deleted:    clips/spells/2001.swf
	deleted:    clips/spells/2002.swf
	deleted:    clips/spells/2003.swf
	deleted:    clips/spells/2004.swf
	deleted:    clips/spells/2005.swf
	deleted:    clips/spells/2006.swf
	deleted:    clips/spells/2007.swf
	deleted:    clips/spells/2008.swf
	deleted:    clips/spells/2009.swf
	deleted:    clips/spells/201.swf
	deleted:    clips/spells/2010.swf
	deleted:    clips/spells/2011.swf
	deleted:    clips/spells/2012.swf
	deleted:    clips/spells/2013.swf
	deleted:    clips/spells/2014.swf
	deleted:    clips/spells/2015.swf
	deleted:    clips/spells/2016.swf
	deleted:    clips/spells/2017.swf
	deleted:    clips/spells/2018.swf
	deleted:    clips/spells/2019.swf
	deleted:    clips/spells/202.swf
	deleted:    clips/spells/2020.swf
	deleted:    clips/spells/2021.swf
	deleted:    clips/spells/2022.swf
	deleted:    clips/spells/2023.swf
	deleted:    clips/spells/2030.swf
	deleted:    clips/spells/2040.swf
	deleted:    clips/spells/2041.swf
	deleted:    clips/spells/2042.swf
	deleted:    clips/spells/2043.swf
	deleted:    clips/spells/2044.swf
	deleted:    clips/spells/2045.swf
	deleted:    clips/spells/2046.swf
	deleted:    clips/spells/2047.swf
	deleted:    clips/spells/2048.swf
	deleted:    clips/spells/2049.swf
	deleted:    clips/spells/205.swf
	deleted:    clips/spells/2050.swf
	deleted:    clips/spells/2051.swf
	deleted:    clips/spells/2052.swf
	deleted:    clips/spells/2053.swf
	deleted:    clips/spells/2054.swf
	deleted:    clips/spells/2055.swf
	deleted:    clips/spells/2056.swf
	deleted:    clips/spells/2057.swf
	deleted:    clips/spells/2058.swf
	deleted:    clips/spells/2059.swf
	deleted:    clips/spells/206.swf
	deleted:    clips/spells/2060.swf
	deleted:    clips/spells/2061.swf
	deleted:    clips/spells/2062.swf
	deleted:    clips/spells/2063.swf
	deleted:    clips/spells/2064.swf
	deleted:    clips/spells/2065.swf
	deleted:    clips/spells/2066.swf
	deleted:    clips/spells/2067.swf
	deleted:    clips/spells/2068.swf
	deleted:    clips/spells/2069.swf
	deleted:    clips/spells/207.swf
	deleted:    clips/spells/2070.swf
	deleted:    clips/spells/2071.swf
	deleted:    clips/spells/208.swf
	deleted:    clips/spells/209.swf
	deleted:    clips/spells/210.swf
	deleted:    clips/spells/2101.swf
	deleted:    clips/spells/2102.swf
	deleted:    clips/spells/2103.swf
	deleted:    clips/spells/2104.swf
	deleted:    clips/spells/2105.swf
	deleted:    clips/spells/2106.swf
	deleted:    clips/spells/2107.swf
	deleted:    clips/spells/2108.swf
	deleted:    clips/spells/2109.swf
	deleted:    clips/spells/211.swf
	deleted:    clips/spells/2110.swf
	deleted:    clips/spells/2111.swf
	deleted:    clips/spells/2112.swf
	deleted:    clips/spells/2113.swf
	deleted:    clips/spells/2114.swf
	deleted:    clips/spells/2115.swf
	deleted:    clips/spells/2116.swf
	deleted:    clips/spells/2117.swf
	deleted:    clips/spells/2119.swf
	deleted:    clips/spells/212.swf
	deleted:    clips/spells/213.swf
	deleted:    clips/spells/214.swf
	deleted:    clips/spells/2200.swf
	deleted:    clips/spells/2900.swf
	deleted:    clips/spells/2901.swf
	deleted:    clips/spells/2902.swf
	deleted:    clips/spells/2903.swf
	deleted:    clips/spells/2904.swf
	deleted:    clips/spells/2905.swf
	deleted:    clips/spells/2905save.swf
	deleted:    clips/spells/2906.swf
	deleted:    clips/spells/2907.swf
	deleted:    clips/spells/2908.swf
	deleted:    clips/spells/2909.swf
	deleted:    clips/spells/2910.swf
	deleted:    clips/spells/2911.swf
	deleted:    clips/spells/2912.swf
	deleted:    clips/spells/2914.swf
	deleted:    clips/spells/2915.swf
	deleted:    clips/spells/2916.swf
	deleted:    clips/spells/2917.swf
	deleted:    clips/spells/3000.swf
	deleted:    clips/spells/3001.swf
	deleted:    clips/spells/3002.swf
	deleted:    clips/spells/3003.swf
	deleted:    clips/spells/301.swf
	deleted:    clips/spells/302.swf
	deleted:    clips/spells/303.swf
	deleted:    clips/spells/304.swf
	deleted:    clips/spells/305.swf
	deleted:    clips/spells/306.swf
	deleted:    clips/spells/307.swf
	deleted:    clips/spells/308.swf
	deleted:    clips/spells/309.swf
	deleted:    clips/spells/310.swf
	deleted:    clips/spells/311.swf
	deleted:    clips/spells/312.swf
	deleted:    clips/spells/313.swf
	deleted:    clips/spells/314.swf
	deleted:    clips/spells/315.swf
	deleted:    clips/spells/316.swf
	deleted:    clips/spells/317.swf
	deleted:    clips/spells/401.swf
	deleted:    clips/spells/402.swf
	deleted:    clips/spells/403.swf
	deleted:    clips/spells/404.swf
	deleted:    clips/spells/405.swf
	deleted:    clips/spells/406.swf
	deleted:    clips/spells/407.swf
	deleted:    clips/spells/408.swf
	deleted:    clips/spells/409.swf
	deleted:    clips/spells/410.swf
	deleted:    clips/spells/411.swf
	deleted:    clips/spells/412.swf
	deleted:    clips/spells/4600.swf
	deleted:    clips/spells/4800.swf
	deleted:    clips/spells/501.swf
	deleted:    clips/spells/502.swf
	deleted:    clips/spells/503.swf
	deleted:    clips/spells/504.swf
	deleted:    clips/spells/505.swf
	deleted:    clips/spells/506.swf
	deleted:    clips/spells/507.swf
	deleted:    clips/spells/508.swf
	deleted:    clips/spells/509.swf
	deleted:    clips/spells/510.swf
	deleted:    clips/spells/511.swf
	deleted:    clips/spells/512.swf
	deleted:    clips/spells/513.swf
	deleted:    clips/spells/514.swf
	deleted:    clips/spells/515.swf
	deleted:    clips/spells/601.swf
	deleted:    clips/spells/602.swf
	deleted:    clips/spells/603.swf
	deleted:    clips/spells/604.swf
	deleted:    clips/spells/605.swf
	deleted:    clips/spells/606.swf
	deleted:    clips/spells/607.swf
	deleted:    clips/spells/608.swf
	deleted:    clips/spells/609.swf
	deleted:    clips/spells/610.swf
	deleted:    clips/spells/611.swf
	deleted:    clips/spells/612.swf
	deleted:    clips/spells/613.swf
	deleted:    clips/spells/614.swf
	deleted:    clips/spells/615.swf
	deleted:    clips/spells/616.swf
	deleted:    clips/spells/701.swf
	deleted:    clips/spells/702.swf
	deleted:    clips/spells/703.swf
	deleted:    clips/spells/704.swf
	deleted:    clips/spells/705.swf
	deleted:    clips/spells/706.swf
	deleted:    clips/spells/707.swf
	deleted:    clips/spells/708.swf
	deleted:    clips/spells/709.swf
	deleted:    clips/spells/710.swf
	deleted:    clips/spells/711.swf
	deleted:    clips/spells/712.swf
	deleted:    clips/spells/713.swf
	deleted:    clips/spells/714.swf
	deleted:    clips/spells/783.swf
	deleted:    clips/spells/801.swf
	deleted:    clips/spells/802.swf
	deleted:    clips/spells/803.swf
	deleted:    clips/spells/804.swf
	deleted:    clips/spells/805.swf
	deleted:    clips/spells/806.swf
	deleted:    clips/spells/807.swf
	deleted:    clips/spells/808.swf
	deleted:    clips/spells/809.swf
	deleted:    clips/spells/810.swf
	deleted:    clips/spells/811.swf
	deleted:    clips/spells/812.swf
	deleted:    clips/spells/813.swf
	deleted:    clips/spells/814.swf
	deleted:    clips/spells/815.swf
	deleted:    clips/spells/816.swf
	deleted:    clips/spells/901.swf
	deleted:    clips/spells/902.swf
	deleted:    clips/spells/903.swf
	deleted:    clips/spells/904.swf
	deleted:    clips/spells/905.swf
	deleted:    clips/spells/906.swf
	deleted:    clips/spells/907.swf
	deleted:    clips/spells/908.swf
	deleted:    clips/spells/909.swf
	deleted:    clips/spells/910.swf
	deleted:    clips/spells/911.swf
	deleted:    clips/spells/912.swf
	deleted:    clips/spells/913.swf
	deleted:    clips/spells/icons/0.swf
	deleted:    clips/spells/icons/1.swf
	deleted:    clips/spells/icons/10.swf
	deleted:    clips/spells/icons/100.swf
	deleted:    clips/spells/icons/101.swf
	deleted:    clips/spells/icons/102.swf
	deleted:    clips/spells/icons/103.swf
	deleted:    clips/spells/icons/104.swf
	deleted:    clips/spells/icons/105.swf
	deleted:    clips/spells/icons/106.swf
	deleted:    clips/spells/icons/107.swf
	deleted:    clips/spells/icons/108.swf
	deleted:    clips/spells/icons/109.swf
	deleted:    clips/spells/icons/11.swf
	deleted:    clips/spells/icons/110.swf
	deleted:    clips/spells/icons/111.swf
	deleted:    clips/spells/icons/1117.swf
	deleted:    clips/spells/icons/112.swf
	deleted:    clips/spells/icons/1127.swf
	deleted:    clips/spells/icons/1128.swf
	deleted:    clips/spells/icons/1129.swf
	deleted:    clips/spells/icons/113.swf
	deleted:    clips/spells/icons/1130.swf
	deleted:    clips/spells/icons/1131.swf
	deleted:    clips/spells/icons/1135.swf
	deleted:    clips/spells/icons/114.swf
	deleted:    clips/spells/icons/115.swf
	deleted:    clips/spells/icons/116.swf
	deleted:    clips/spells/icons/117.swf
	deleted:    clips/spells/icons/118.swf
	deleted:    clips/spells/icons/119.swf
	deleted:    clips/spells/icons/1192.swf
	deleted:    clips/spells/icons/12.swf
	deleted:    clips/spells/icons/120.swf
	deleted:    clips/spells/icons/121.swf
	deleted:    clips/spells/icons/122.swf
	deleted:    clips/spells/icons/123.swf
	deleted:    clips/spells/icons/124.swf
	deleted:    clips/spells/icons/125.swf
	deleted:    clips/spells/icons/126.swf
	deleted:    clips/spells/icons/127.swf
	deleted:    clips/spells/icons/128.swf
	deleted:    clips/spells/icons/1283.swf
	deleted:    clips/spells/icons/1284.swf
	deleted:    clips/spells/icons/1285.swf
	deleted:    clips/spells/icons/1286.swf
	deleted:    clips/spells/icons/1287.swf
	deleted:    clips/spells/icons/1288.swf
	deleted:    clips/spells/icons/1289.swf
	deleted:    clips/spells/icons/129.swf
	deleted:    clips/spells/icons/1290.swf
	deleted:    clips/spells/icons/1291.swf
	deleted:    clips/spells/icons/1292.swf
	deleted:    clips/spells/icons/1293.swf
	deleted:    clips/spells/icons/1294.swf
	deleted:    clips/spells/icons/1295.swf
	deleted:    clips/spells/icons/1296.swf
	deleted:    clips/spells/icons/1297.swf
	deleted:    clips/spells/icons/1298.swf
	deleted:    clips/spells/icons/1299.swf
	deleted:    clips/spells/icons/13.swf
	deleted:    clips/spells/icons/130.swf
	deleted:    clips/spells/icons/1300.swf
	deleted:    clips/spells/icons/1301.swf
	deleted:    clips/spells/icons/1302.swf
	deleted:    clips/spells/icons/1303.swf
	deleted:    clips/spells/icons/131.swf
	deleted:    clips/spells/icons/132.swf
	deleted:    clips/spells/icons/133.swf
	deleted:    clips/spells/icons/134.swf
	deleted:    clips/spells/icons/135.swf
	deleted:    clips/spells/icons/136.swf
	deleted:    clips/spells/icons/1367.swf
	deleted:    clips/spells/icons/1368.swf
	deleted:    clips/spells/icons/1369.swf
	deleted:    clips/spells/icons/137.swf
	deleted:    clips/spells/icons/1370.swf
	deleted:    clips/spells/icons/1371.swf
	deleted:    clips/spells/icons/1372.swf
	deleted:    clips/spells/icons/1373.swf
	deleted:    clips/spells/icons/1374.swf
	deleted:    clips/spells/icons/1375.swf
	deleted:    clips/spells/icons/1376.swf
	deleted:    clips/spells/icons/1377.swf
	deleted:    clips/spells/icons/1378.swf
	deleted:    clips/spells/icons/1379.swf
	deleted:    clips/spells/icons/138.swf
	deleted:    clips/spells/icons/1380.swf
	deleted:    clips/spells/icons/1381.swf
	deleted:    clips/spells/icons/1382.swf
	deleted:    clips/spells/icons/1383.swf
	deleted:    clips/spells/icons/1384.swf
	deleted:    clips/spells/icons/1385.swf
	deleted:    clips/spells/icons/1386.swf
	deleted:    clips/spells/icons/139.swf
	deleted:    clips/spells/icons/1390.swf
	deleted:    clips/spells/icons/1391.swf
	deleted:    clips/spells/icons/1392.swf
	deleted:    clips/spells/icons/1393.swf
	deleted:    clips/spells/icons/1394.swf
	deleted:    clips/spells/icons/1395.swf
	deleted:    clips/spells/icons/1396.swf
	deleted:    clips/spells/icons/1397.swf
	deleted:    clips/spells/icons/1398.swf
	deleted:    clips/spells/icons/1399.swf
	deleted:    clips/spells/icons/14.swf
	deleted:    clips/spells/icons/140.swf
	deleted:    clips/spells/icons/1400.swf
	deleted:    clips/spells/icons/1401.swf
	deleted:    clips/spells/icons/1402.swf
	deleted:    clips/spells/icons/1403.swf
	deleted:    clips/spells/icons/1404.swf
	deleted:    clips/spells/icons/1405.swf
	deleted:    clips/spells/icons/1406.swf
	deleted:    clips/spells/icons/1407.swf
	deleted:    clips/spells/icons/1408.swf
	deleted:    clips/spells/icons/1409.swf
	deleted:    clips/spells/icons/141.swf
	deleted:    clips/spells/icons/142.swf
	deleted:    clips/spells/icons/143.swf
	deleted:    clips/spells/icons/144.swf
	deleted:    clips/spells/icons/145.swf
	deleted:    clips/spells/icons/146.swf
	deleted:    clips/spells/icons/147.swf
	deleted:    clips/spells/icons/148.swf
	deleted:    clips/spells/icons/149.swf
	deleted:    clips/spells/icons/15.swf
	deleted:    clips/spells/icons/150.swf
	deleted:    clips/spells/icons/151.swf
	deleted:    clips/spells/icons/1516.swf
	deleted:    clips/spells/icons/1517.swf
	deleted:    clips/spells/icons/1518.swf
	deleted:    clips/spells/icons/1519.swf
	deleted:    clips/spells/icons/152.swf
	deleted:    clips/spells/icons/1520.swf
	deleted:    clips/spells/icons/1521.swf
	deleted:    clips/spells/icons/1522.swf
	deleted:    clips/spells/icons/1523.swf
	deleted:    clips/spells/icons/1524.swf
	deleted:    clips/spells/icons/1525.swf
	deleted:    clips/spells/icons/1526.swf
	deleted:    clips/spells/icons/1527.swf
	deleted:    clips/spells/icons/1528.swf
	deleted:    clips/spells/icons/1529.swf
	deleted:    clips/spells/icons/153.swf
	deleted:    clips/spells/icons/1530.swf
	deleted:    clips/spells/icons/1531.swf
	deleted:    clips/spells/icons/154.swf
	deleted:    clips/spells/icons/1540.swf
	deleted:    clips/spells/icons/1541.swf
	deleted:    clips/spells/icons/1542.swf
	deleted:    clips/spells/icons/1543.swf
	deleted:    clips/spells/icons/1544.swf
	deleted:    clips/spells/icons/1545.swf
	deleted:    clips/spells/icons/1546.swf
	deleted:    clips/spells/icons/1547.swf
	deleted:    clips/spells/icons/1548.swf
	deleted:    clips/spells/icons/1549.swf
	deleted:    clips/spells/icons/155.swf
	deleted:    clips/spells/icons/1550.swf
	deleted:    clips/spells/icons/1551.swf
	deleted:    clips/spells/icons/1552.swf
	deleted:    clips/spells/icons/1553.swf
	deleted:    clips/spells/icons/1554.swf
	deleted:    clips/spells/icons/1555.swf
	deleted:    clips/spells/icons/1556.swf
	deleted:    clips/spells/icons/1557.swf
	deleted:    clips/spells/icons/1558.swf
	deleted:    clips/spells/icons/1559.swf
	deleted:    clips/spells/icons/156.swf
	deleted:    clips/spells/icons/1560.swf
	deleted:    clips/spells/icons/1561.swf
	deleted:    clips/spells/icons/1562.swf
	deleted:    clips/spells/icons/1563.swf
	deleted:    clips/spells/icons/1564.swf
	deleted:    clips/spells/icons/1565.swf
	deleted:    clips/spells/icons/1566.swf
	deleted:    clips/spells/icons/1567.swf
	deleted:    clips/spells/icons/1568.swf
	deleted:    clips/spells/icons/1569.swf
	deleted:    clips/spells/icons/157.swf
	deleted:    clips/spells/icons/1570.swf
	deleted:    clips/spells/icons/1571.swf
	deleted:    clips/spells/icons/1572.swf
	deleted:    clips/spells/icons/1573.swf
	deleted:    clips/spells/icons/1574.swf
	deleted:    clips/spells/icons/1575.swf
	deleted:    clips/spells/icons/1576.swf
	deleted:    clips/spells/icons/1577.swf
	deleted:    clips/spells/icons/1578.swf
	deleted:    clips/spells/icons/1579.swf
	deleted:    clips/spells/icons/158.swf
	deleted:    clips/spells/icons/1580.swf
	deleted:    clips/spells/icons/1581.swf
	deleted:    clips/spells/icons/1582.swf
	deleted:    clips/spells/icons/1583.swf
	deleted:    clips/spells/icons/1584.swf
	deleted:    clips/spells/icons/1585.swf
	deleted:    clips/spells/icons/1586.swf
	deleted:    clips/spells/icons/1587.swf
	deleted:    clips/spells/icons/1588.swf
	deleted:    clips/spells/icons/1589.swf
	deleted:    clips/spells/icons/159.swf
	deleted:    clips/spells/icons/1590.swf
	deleted:    clips/spells/icons/1591.swf
	deleted:    clips/spells/icons/1592.swf
	deleted:    clips/spells/icons/1593.swf
	deleted:    clips/spells/icons/1594.swf
	deleted:    clips/spells/icons/1595.swf
	deleted:    clips/spells/icons/1596.swf
	deleted:    clips/spells/icons/1597.swf
	deleted:    clips/spells/icons/1598.swf
	deleted:    clips/spells/icons/1599.swf
	deleted:    clips/spells/icons/16.swf
	deleted:    clips/spells/icons/160.swf
	deleted:    clips/spells/icons/1600.swf
	deleted:    clips/spells/icons/1601.swf
	deleted:    clips/spells/icons/1602.swf
	deleted:    clips/spells/icons/1603.swf
	deleted:    clips/spells/icons/1604.swf
	deleted:    clips/spells/icons/1605.swf
	deleted:    clips/spells/icons/1606.swf
	deleted:    clips/spells/icons/1607.swf
	deleted:    clips/spells/icons/1608.swf
	deleted:    clips/spells/icons/1609.swf
	deleted:    clips/spells/icons/161.swf
	deleted:    clips/spells/icons/1610.swf
	deleted:    clips/spells/icons/1611.swf
	deleted:    clips/spells/icons/1612.swf
	deleted:    clips/spells/icons/1613.swf
	deleted:    clips/spells/icons/1614.swf
	deleted:    clips/spells/icons/1615.swf
	deleted:    clips/spells/icons/1616.swf
	deleted:    clips/spells/icons/1617.swf
	deleted:    clips/spells/icons/1618.swf
	deleted:    clips/spells/icons/1619.swf
	deleted:    clips/spells/icons/162.swf
	deleted:    clips/spells/icons/1620.swf
	deleted:    clips/spells/icons/163.swf
	deleted:    clips/spells/icons/164.swf
	deleted:    clips/spells/icons/165.swf
	deleted:    clips/spells/icons/166.swf
	deleted:    clips/spells/icons/167.swf
	deleted:    clips/spells/icons/168.swf
	deleted:    clips/spells/icons/169.swf
	deleted:    clips/spells/icons/17.swf
	deleted:    clips/spells/icons/170.swf
	deleted:    clips/spells/icons/171.swf
	deleted:    clips/spells/icons/1711.swf
	deleted:    clips/spells/icons/1712.swf
	deleted:    clips/spells/icons/1713.swf
	deleted:    clips/spells/icons/1714.swf
	deleted:    clips/spells/icons/1715.swf
	deleted:    clips/spells/icons/1716.swf
	deleted:    clips/spells/icons/1717.swf
	deleted:    clips/spells/icons/1718.swf
	deleted:    clips/spells/icons/1719.swf
	deleted:    clips/spells/icons/172.swf
	deleted:    clips/spells/icons/1720.swf
	deleted:    clips/spells/icons/1721.swf
	deleted:    clips/spells/icons/1722.swf
	deleted:    clips/spells/icons/1723.swf
	deleted:    clips/spells/icons/1724.swf
	deleted:    clips/spells/icons/1725.swf
	deleted:    clips/spells/icons/1726.swf
	deleted:    clips/spells/icons/1727.swf
	deleted:    clips/spells/icons/1728.swf
	deleted:    clips/spells/icons/1729.swf
	deleted:    clips/spells/icons/173.swf
	deleted:    clips/spells/icons/1730.swf
	deleted:    clips/spells/icons/1731.swf
	deleted:    clips/spells/icons/1732.swf
	deleted:    clips/spells/icons/1733.swf
	deleted:    clips/spells/icons/1734.swf
	deleted:    clips/spells/icons/1735.swf
	deleted:    clips/spells/icons/1736.swf
	deleted:    clips/spells/icons/1737.swf
	deleted:    clips/spells/icons/1738.swf
	deleted:    clips/spells/icons/1739.swf
	deleted:    clips/spells/icons/174.swf
	deleted:    clips/spells/icons/1740.swf
	deleted:    clips/spells/icons/175.swf
	deleted:    clips/spells/icons/176.swf
	deleted:    clips/spells/icons/177.swf
	deleted:    clips/spells/icons/178.swf
	deleted:    clips/spells/icons/179.swf
	deleted:    clips/spells/icons/18.swf
	deleted:    clips/spells/icons/180.swf
	deleted:    clips/spells/icons/181.swf
	deleted:    clips/spells/icons/182.swf
	deleted:    clips/spells/icons/183.swf
	deleted:    clips/spells/icons/184.swf
	deleted:    clips/spells/icons/185.swf
	deleted:    clips/spells/icons/186.swf
	deleted:    clips/spells/icons/187.swf
	deleted:    clips/spells/icons/188.swf
	deleted:    clips/spells/icons/189.swf
	deleted:    clips/spells/icons/19.swf
	deleted:    clips/spells/icons/190.swf
	deleted:    clips/spells/icons/1901.swf
	deleted:    clips/spells/icons/1902.swf
	deleted:    clips/spells/icons/1903.swf
	deleted:    clips/spells/icons/1904.swf
	deleted:    clips/spells/icons/1905.swf
	deleted:    clips/spells/icons/1906.swf
	deleted:    clips/spells/icons/1907.swf
	deleted:    clips/spells/icons/1908.swf
	deleted:    clips/spells/icons/1909.swf
	deleted:    clips/spells/icons/191.swf
	deleted:    clips/spells/icons/1910.swf
	deleted:    clips/spells/icons/1911.swf
	deleted:    clips/spells/icons/1912.swf
	deleted:    clips/spells/icons/1913.swf
	deleted:    clips/spells/icons/192.swf
	deleted:    clips/spells/icons/193.swf
	deleted:    clips/spells/icons/194.swf
	deleted:    clips/spells/icons/195.swf
	deleted:    clips/spells/icons/196.swf
	deleted:    clips/spells/icons/197.swf
	deleted:    clips/spells/icons/198.swf
	deleted:    clips/spells/icons/199.swf
	deleted:    clips/spells/icons/2.swf
	deleted:    clips/spells/icons/20.swf
	deleted:    clips/spells/icons/200.swf
	deleted:    clips/spells/icons/201.swf
	deleted:    clips/spells/icons/202.swf
	deleted:    clips/spells/icons/206.swf
	deleted:    clips/spells/icons/21.swf
	deleted:    clips/spells/icons/214.swf
	deleted:    clips/spells/icons/2184.swf
	deleted:    clips/spells/icons/2185.swf
	deleted:    clips/spells/icons/2186.swf
	deleted:    clips/spells/icons/2187.swf
	deleted:    clips/spells/icons/2188.swf
	deleted:    clips/spells/icons/2189.swf
	deleted:    clips/spells/icons/2190.swf
	deleted:    clips/spells/icons/2191.swf
	deleted:    clips/spells/icons/2192.swf
	deleted:    clips/spells/icons/2193.swf
	deleted:    clips/spells/icons/2194.swf
	deleted:    clips/spells/icons/2195.swf
	deleted:    clips/spells/icons/2196.swf
	deleted:    clips/spells/icons/2197.swf
	deleted:    clips/spells/icons/2198.swf
	deleted:    clips/spells/icons/2199.swf
	deleted:    clips/spells/icons/22.swf
	deleted:    clips/spells/icons/2210.swf
	deleted:    clips/spells/icons/223.swf
	deleted:    clips/spells/icons/23.swf
	deleted:    clips/spells/icons/24.swf
	deleted:    clips/spells/icons/241.swf
	deleted:    clips/spells/icons/245.swf
	deleted:    clips/spells/icons/25.swf
	deleted:    clips/spells/icons/26.swf
	deleted:    clips/spells/icons/27.swf
	deleted:    clips/spells/icons/28.swf
	deleted:    clips/spells/icons/29.swf
	deleted:    clips/spells/icons/3.swf
	deleted:    clips/spells/icons/30.swf
	deleted:    clips/spells/icons/31.swf
	deleted:    clips/spells/icons/317.swf
	deleted:    clips/spells/icons/32.swf
	deleted:    clips/spells/icons/33.swf
	deleted:    clips/spells/icons/34.swf
	deleted:    clips/spells/icons/35.swf
	deleted:    clips/spells/icons/350.swf
	deleted:    clips/spells/icons/36.swf
	deleted:    clips/spells/icons/362.swf
	deleted:    clips/spells/icons/363.swf
	deleted:    clips/spells/icons/364.swf
	deleted:    clips/spells/icons/365.swf
	deleted:    clips/spells/icons/366.swf
	deleted:    clips/spells/icons/367.swf
	deleted:    clips/spells/icons/368.swf
	deleted:    clips/spells/icons/369.swf
	deleted:    clips/spells/icons/37.swf
	deleted:    clips/spells/icons/370.swf
	deleted:    clips/spells/icons/371.swf
	deleted:    clips/spells/icons/372.swf
	deleted:    clips/spells/icons/373.swf
	deleted:    clips/spells/icons/38.swf
	deleted:    clips/spells/icons/39.swf
	deleted:    clips/spells/icons/390.swf
	deleted:    clips/spells/icons/391.swf
	deleted:    clips/spells/icons/392.swf
	deleted:    clips/spells/icons/393.swf
	deleted:    clips/spells/icons/394.swf
	deleted:    clips/spells/icons/395.swf
	deleted:    clips/spells/icons/396.swf
	deleted:    clips/spells/icons/397.swf
	deleted:    clips/spells/icons/4.swf
	deleted:    clips/spells/icons/40.swf
	deleted:    clips/spells/icons/41.swf
	deleted:    clips/spells/icons/410.swf
	deleted:    clips/spells/icons/411.swf
	deleted:    clips/spells/icons/412.swf
	deleted:    clips/spells/icons/413.swf
	deleted:    clips/spells/icons/414.swf
	deleted:    clips/spells/icons/415.swf
	deleted:    clips/spells/icons/416.swf
	deleted:    clips/spells/icons/418.swf
	deleted:    clips/spells/icons/42.swf
	deleted:    clips/spells/icons/420.swf
	deleted:    clips/spells/icons/421.swf
	deleted:    clips/spells/icons/422.swf
	deleted:    clips/spells/icons/423.swf
	deleted:    clips/spells/icons/424.swf
	deleted:    clips/spells/icons/425.swf
	deleted:    clips/spells/icons/426.swf
	deleted:    clips/spells/icons/427.swf
	deleted:    clips/spells/icons/43.swf
	deleted:    clips/spells/icons/430.swf
	deleted:    clips/spells/icons/431.swf
	deleted:    clips/spells/icons/432.swf
	deleted:    clips/spells/icons/433.swf
	deleted:    clips/spells/icons/434.swf
	deleted:    clips/spells/icons/435.swf
	deleted:    clips/spells/icons/436.swf
	deleted:    clips/spells/icons/437.swf
	deleted:    clips/spells/icons/438.swf
	deleted:    clips/spells/icons/439.swf
	deleted:    clips/spells/icons/44.swf
	deleted:    clips/spells/icons/440.swf
	deleted:    clips/spells/icons/441.swf
	deleted:    clips/spells/icons/442.swf
	deleted:    clips/spells/icons/443.swf
	deleted:    clips/spells/icons/444.swf
	deleted:    clips/spells/icons/445.swf
	deleted:    clips/spells/icons/446.swf
	deleted:    clips/spells/icons/447.swf
	deleted:    clips/spells/icons/448.swf
	deleted:    clips/spells/icons/449.swf
	deleted:    clips/spells/icons/45.swf
	deleted:    clips/spells/icons/450.swf
	deleted:    clips/spells/icons/451.swf
	deleted:    clips/spells/icons/452.swf
	deleted:    clips/spells/icons/453.swf
	deleted:    clips/spells/icons/454.swf
	deleted:    clips/spells/icons/455.swf
	deleted:    clips/spells/icons/456.swf
	deleted:    clips/spells/icons/457.swf
	deleted:    clips/spells/icons/458.swf
	deleted:    clips/spells/icons/459.swf
	deleted:    clips/spells/icons/46.swf
	deleted:    clips/spells/icons/460.swf
	deleted:    clips/spells/icons/461.swf
	deleted:    clips/spells/icons/462.swf
	deleted:    clips/spells/icons/464.swf
	deleted:    clips/spells/icons/465.swf
	deleted:    clips/spells/icons/47.swf
	deleted:    clips/spells/icons/48.swf
	deleted:    clips/spells/icons/481.swf
	deleted:    clips/spells/icons/482.swf
	deleted:    clips/spells/icons/49.swf
	deleted:    clips/spells/icons/5.swf
	deleted:    clips/spells/icons/50.swf
	deleted:    clips/spells/icons/51.swf
	deleted:    clips/spells/icons/52.swf
	deleted:    clips/spells/icons/53.swf
	deleted:    clips/spells/icons/54.swf
	deleted:    clips/spells/icons/55.swf
	deleted:    clips/spells/icons/56.swf
	deleted:    clips/spells/icons/57.swf
	deleted:    clips/spells/icons/58.swf
	deleted:    clips/spells/icons/59.swf
	deleted:    clips/spells/icons/6.swf
	deleted:    clips/spells/icons/60.swf
	deleted:    clips/spells/icons/61.swf
	deleted:    clips/spells/icons/62.swf
	deleted:    clips/spells/icons/63.swf
	deleted:    clips/spells/icons/64.swf
	deleted:    clips/spells/icons/65.swf
	deleted:    clips/spells/icons/66.swf
	deleted:    clips/spells/icons/661.swf
	deleted:    clips/spells/icons/67.swf
	deleted:    clips/spells/icons/68.swf
	deleted:    clips/spells/icons/686.swf
	deleted:    clips/spells/icons/687.swf
	deleted:    clips/spells/icons/688.swf
	deleted:    clips/spells/icons/689.swf
	deleted:    clips/spells/icons/69.swf
	deleted:    clips/spells/icons/690.swf
	deleted:    clips/spells/icons/691.swf
	deleted:    clips/spells/icons/692.swf
	deleted:    clips/spells/icons/693.swf
	deleted:    clips/spells/icons/694.swf
	deleted:    clips/spells/icons/695.swf
	deleted:    clips/spells/icons/696.swf
	deleted:    clips/spells/icons/697.swf
	deleted:    clips/spells/icons/698.swf
	deleted:    clips/spells/icons/699.swf
	deleted:    clips/spells/icons/7.swf
	deleted:    clips/spells/icons/70.swf
	deleted:    clips/spells/icons/700.swf
	deleted:    clips/spells/icons/701.swf
	deleted:    clips/spells/icons/702.swf
	deleted:    clips/spells/icons/703.swf
	deleted:    clips/spells/icons/704.swf
	deleted:    clips/spells/icons/705.swf
	deleted:    clips/spells/icons/706.swf
	deleted:    clips/spells/icons/708.swf
	deleted:    clips/spells/icons/709.swf
	deleted:    clips/spells/icons/71.swf
	deleted:    clips/spells/icons/710.swf
	deleted:    clips/spells/icons/72.swf
	deleted:    clips/spells/icons/73.swf
	deleted:    clips/spells/icons/74.swf
	deleted:    clips/spells/icons/75.swf
	deleted:    clips/spells/icons/76.swf
	deleted:    clips/spells/icons/765.swf
	deleted:    clips/spells/icons/766.swf
	deleted:    clips/spells/icons/767.swf
	deleted:    clips/spells/icons/768.swf
	deleted:    clips/spells/icons/769.swf
	deleted:    clips/spells/icons/77.swf
	deleted:    clips/spells/icons/78.swf
	deleted:    clips/spells/icons/784.swf
	deleted:    clips/spells/icons/79.swf
	deleted:    clips/spells/icons/8.swf
	deleted:    clips/spells/icons/80.swf
	deleted:    clips/spells/icons/81.swf
	deleted:    clips/spells/icons/82.swf
	deleted:    clips/spells/icons/83.swf
	deleted:    clips/spells/icons/84.swf
	deleted:    clips/spells/icons/85.swf
	deleted:    clips/spells/icons/86.swf
	deleted:    clips/spells/icons/87.swf
	deleted:    clips/spells/icons/88.swf
	deleted:    clips/spells/icons/888.swf
	deleted:    clips/spells/icons/89.swf
	deleted:    clips/spells/icons/9.swf
	deleted:    clips/spells/icons/90.swf
	deleted:    clips/spells/icons/91.swf
	deleted:    clips/spells/icons/92.swf
	deleted:    clips/spells/icons/93.swf
	deleted:    clips/spells/icons/94.swf
	deleted:    clips/spells/icons/95.swf
	deleted:    clips/spells/icons/96.swf
	deleted:    clips/spells/icons/97.swf
	deleted:    clips/spells/icons/98.swf
	deleted:    clips/spells/icons/99.swf
	deleted:    clips/spells/transition.swf
	deleted:    clips/sprites/0.swf
	deleted:    clips/sprites/1.swf
	deleted:    clips/sprites/10.swf
	deleted:    clips/sprites/100.swf
	deleted:    clips/sprites/1001.swf
	deleted:    clips/sprites/1002.swf
	deleted:    clips/sprites/1003.swf
	deleted:    clips/sprites/1004.swf
	deleted:    clips/sprites/1005.swf
	deleted:    clips/sprites/1006.swf
	deleted:    clips/sprites/1007.swf
	deleted:    clips/sprites/1008.swf
	deleted:    clips/sprites/1009.swf
	deleted:    clips/sprites/101.swf
	deleted:    clips/sprites/1010.swf
	deleted:    clips/sprites/1011.swf
	deleted:    clips/sprites/1012.swf
	deleted:    clips/sprites/1013.swf
	deleted:    clips/sprites/1014.swf
	deleted:    clips/sprites/1015.swf
	deleted:    clips/sprites/1016.swf
	deleted:    clips/sprites/1017.swf
	deleted:    clips/sprites/1018.swf
	deleted:    clips/sprites/1019.swf
	deleted:    clips/sprites/102.swf
	deleted:    clips/sprites/1020.swf
	deleted:    clips/sprites/1021.swf
	deleted:    clips/sprites/1022.swf
	deleted:    clips/sprites/1023.swf
	deleted:    clips/sprites/1024.swf
	deleted:    clips/sprites/1025.swf
	deleted:    clips/sprites/1026.swf
	deleted:    clips/sprites/1027.swf
	deleted:    clips/sprites/1028.swf
	deleted:    clips/sprites/1029.swf
	deleted:    clips/sprites/103.swf
	deleted:    clips/sprites/1030.swf
	deleted:    clips/sprites/1031.swf
	deleted:    clips/sprites/1032.swf
	deleted:    clips/sprites/1033.swf
	deleted:    clips/sprites/1034.swf
	deleted:    clips/sprites/1035.swf
	deleted:    clips/sprites/1036.swf
	deleted:    clips/sprites/1037.swf
	deleted:    clips/sprites/1038.swf
	deleted:    clips/sprites/1039.swf
	deleted:    clips/sprites/1040.swf
	deleted:    clips/sprites/1041.swf
	deleted:    clips/sprites/1042.swf
	deleted:    clips/sprites/1043.swf
	deleted:    clips/sprites/1044.swf
	deleted:    clips/sprites/1045.swf
	deleted:    clips/sprites/1046.swf
	deleted:    clips/sprites/1047.swf
	deleted:    clips/sprites/1048.swf
	deleted:    clips/sprites/1049.swf
	deleted:    clips/sprites/1050.swf
	deleted:    clips/sprites/1051.swf
	deleted:    clips/sprites/1052.swf
	deleted:    clips/sprites/1053.swf
	deleted:    clips/sprites/1054.swf
	deleted:    clips/sprites/1055.swf
	deleted:    clips/sprites/1056.swf
	deleted:    clips/sprites/1057.swf
	deleted:    clips/sprites/1058.swf
	deleted:    clips/sprites/1059.swf
	deleted:    clips/sprites/1060.swf
	deleted:    clips/sprites/1061.swf
	deleted:    clips/sprites/1062.swf
	deleted:    clips/sprites/1063.swf
	deleted:    clips/sprites/1064.swf
	deleted:    clips/sprites/1065.swf
	deleted:    clips/sprites/1066.swf
	deleted:    clips/sprites/1067.swf
	deleted:    clips/sprites/1068.swf
	deleted:    clips/sprites/1069.swf
	deleted:    clips/sprites/1070.swf
	deleted:    clips/sprites/1071.swf
	deleted:    clips/sprites/1072.swf
	deleted:    clips/sprites/1073.swf
	deleted:    clips/sprites/1074.swf
	deleted:    clips/sprites/1075.swf
	deleted:    clips/sprites/1076.swf
	deleted:    clips/sprites/1077.swf
	deleted:    clips/sprites/1078.swf
	deleted:    clips/sprites/1079.swf
	deleted:    clips/sprites/1080.swf
	deleted:    clips/sprites/1081.swf
	deleted:    clips/sprites/1082.swf
	deleted:    clips/sprites/1083.swf
	deleted:    clips/sprites/1084.swf
	deleted:    clips/sprites/1085.swf
	deleted:    clips/sprites/1086.swf
	deleted:    clips/sprites/1087.swf
	deleted:    clips/sprites/1088.swf
	deleted:    clips/sprites/1089.swf
	deleted:    clips/sprites/1090.swf
	deleted:    clips/sprites/1091.swf
	deleted:    clips/sprites/1092.swf
	deleted:    clips/sprites/1093.swf
	deleted:    clips/sprites/1095.swf
	deleted:    clips/sprites/1096.swf
	deleted:    clips/sprites/1097.swf
	deleted:    clips/sprites/1098.swf
	deleted:    clips/sprites/1099.swf
	deleted:    clips/sprites/11.swf
	deleted:    clips/sprites/110.swf
	deleted:    clips/sprites/1100.swf
	deleted:    clips/sprites/1101.swf
	deleted:    clips/sprites/1102.swf
	deleted:    clips/sprites/1103.swf
	deleted:    clips/sprites/1104.swf
	deleted:    clips/sprites/1105.swf
	deleted:    clips/sprites/1106.swf
	deleted:    clips/sprites/1107.swf
	deleted:    clips/sprites/1108.swf
	deleted:    clips/sprites/1109.swf
	deleted:    clips/sprites/111.swf
	deleted:    clips/sprites/1110.swf
	deleted:    clips/sprites/1111.swf
	deleted:    clips/sprites/1112.swf
	deleted:    clips/sprites/1113.swf
	deleted:    clips/sprites/1114.swf
	deleted:    clips/sprites/1115.swf
	deleted:    clips/sprites/1116.swf
	deleted:    clips/sprites/1117.swf
	deleted:    clips/sprites/1118.swf
	deleted:    clips/sprites/1119.swf
	deleted:    clips/sprites/112.swf
	deleted:    clips/sprites/1120.swf
	deleted:    clips/sprites/1121.swf
	deleted:    clips/sprites/1122.swf
	deleted:    clips/sprites/1123.swf
	deleted:    clips/sprites/1124.swf
	deleted:    clips/sprites/1125.swf
	deleted:    clips/sprites/1126.swf
	deleted:    clips/sprites/1127.swf
	deleted:    clips/sprites/1128.swf
	deleted:    clips/sprites/1129.swf
	deleted:    clips/sprites/113.swf
	deleted:    clips/sprites/1130.swf
	deleted:    clips/sprites/1131.swf
	deleted:    clips/sprites/1132.swf
	deleted:    clips/sprites/1133.swf
	deleted:    clips/sprites/1134.swf
	deleted:    clips/sprites/1135.swf
	deleted:    clips/sprites/1136.swf
	deleted:    clips/sprites/1137.swf
	deleted:    clips/sprites/1138.swf
	deleted:    clips/sprites/1139.swf
	deleted:    clips/sprites/1140.swf
	deleted:    clips/sprites/1143.swf
	deleted:    clips/sprites/1144.swf
	deleted:    clips/sprites/1145.swf
	deleted:    clips/sprites/1146.swf
	deleted:    clips/sprites/1147.swf
	deleted:    clips/sprites/1148.swf
	deleted:    clips/sprites/1149.swf
	deleted:    clips/sprites/1150.swf
	deleted:    clips/sprites/1151.swf
	deleted:    clips/sprites/1152.swf
	deleted:    clips/sprites/1153.swf
	deleted:    clips/sprites/1154.swf
	deleted:    clips/sprites/1155.swf
	deleted:    clips/sprites/1156.swf
	deleted:    clips/sprites/1157.swf
	deleted:    clips/sprites/1158.swf
	deleted:    clips/sprites/1159.swf
	deleted:    clips/sprites/1160.swf
	deleted:    clips/sprites/1161.swf
	deleted:    clips/sprites/1162.swf
	deleted:    clips/sprites/1163.swf
	deleted:    clips/sprites/1164.swf
	deleted:    clips/sprites/1165.swf
	deleted:    clips/sprites/1166.swf
	deleted:    clips/sprites/1167.swf
	deleted:    clips/sprites/1168.swf
	deleted:    clips/sprites/1169.swf
	deleted:    clips/sprites/1170.swf
	deleted:    clips/sprites/1171.swf
	deleted:    clips/sprites/1172.swf
	deleted:    clips/sprites/1173.swf
	deleted:    clips/sprites/1174.swf
	deleted:    clips/sprites/1175.swf
	deleted:    clips/sprites/1176.swf
	deleted:    clips/sprites/1177.swf
	deleted:    clips/sprites/1178.swf
	deleted:    clips/sprites/1179.swf
	deleted:    clips/sprites/1180.swf
	deleted:    clips/sprites/1181.swf
	deleted:    clips/sprites/1182.swf
	deleted:    clips/sprites/1183.swf
	deleted:    clips/sprites/1184.swf
	deleted:    clips/sprites/1185.swf
	deleted:    clips/sprites/1186.swf
	deleted:    clips/sprites/1187.swf
	deleted:    clips/sprites/1188.swf
	deleted:    clips/sprites/1189.swf
	deleted:    clips/sprites/1190.swf
	deleted:    clips/sprites/1191.swf
	deleted:    clips/sprites/1192.swf
	deleted:    clips/sprites/1193.swf
	deleted:    clips/sprites/1194.swf
	deleted:    clips/sprites/1195.swf
	deleted:    clips/sprites/1196.swf
	deleted:    clips/sprites/1197.swf
	deleted:    clips/sprites/1198.swf
	deleted:    clips/sprites/1199.swf
	deleted:    clips/sprites/12.swf
	deleted:    clips/sprites/120.swf
	deleted:    clips/sprites/1200.swf
	deleted:    clips/sprites/1201.swf
	deleted:    clips/sprites/1202.swf
	deleted:    clips/sprites/1203.swf
	deleted:    clips/sprites/1204.swf
	deleted:    clips/sprites/1205.swf
	deleted:    clips/sprites/1206.swf
	deleted:    clips/sprites/1207.swf
	deleted:    clips/sprites/1208.swf
	deleted:    clips/sprites/1209.swf
	deleted:    clips/sprites/121.swf
	deleted:    clips/sprites/1210.swf
	deleted:    clips/sprites/1211.swf
	deleted:    clips/sprites/1212.swf
	deleted:    clips/sprites/1213.swf
	deleted:    clips/sprites/1214.swf
	deleted:    clips/sprites/1215.swf
	deleted:    clips/sprites/1216.swf
	deleted:    clips/sprites/1217.swf
	deleted:    clips/sprites/1218.swf
	deleted:    clips/sprites/1219.swf
	deleted:    clips/sprites/122.swf
	deleted:    clips/sprites/1220.swf
	deleted:    clips/sprites/1221.swf
	deleted:    clips/sprites/1222.swf
	deleted:    clips/sprites/1223.swf
	deleted:    clips/sprites/1224.swf
	deleted:    clips/sprites/1225.swf
	deleted:    clips/sprites/1226.swf
	deleted:    clips/sprites/1227.swf
	deleted:    clips/sprites/1228.swf
	deleted:    clips/sprites/1229.swf
	deleted:    clips/sprites/123.swf
	deleted:    clips/sprites/1230.swf
	deleted:    clips/sprites/1231.swf
	deleted:    clips/sprites/1232.swf
	deleted:    clips/sprites/1233.swf
	deleted:    clips/sprites/1234.swf
	deleted:    clips/sprites/1235.swf
	deleted:    clips/sprites/1236.swf
	deleted:    clips/sprites/1237.swf
	deleted:    clips/sprites/1238.swf
	deleted:    clips/sprites/1239.swf
	deleted:    clips/sprites/1240.swf
	deleted:    clips/sprites/1241.swf
	deleted:    clips/sprites/1242.swf
	deleted:    clips/sprites/1243.swf
	deleted:    clips/sprites/1244.swf
	deleted:    clips/sprites/1245.swf
	deleted:    clips/sprites/1246.swf
	deleted:    clips/sprites/1247.swf
	deleted:    clips/sprites/1248.swf
	deleted:    clips/sprites/1249.swf
	deleted:    clips/sprites/1250.swf
	deleted:    clips/sprites/1251.swf
	deleted:    clips/sprites/1252.swf
	deleted:    clips/sprites/1253.swf
	deleted:    clips/sprites/1254.swf
	deleted:    clips/sprites/1255.swf
	deleted:    clips/sprites/1256.swf
	deleted:    clips/sprites/1257.swf
	deleted:    clips/sprites/1258.swf
	deleted:    clips/sprites/1259.swf
	deleted:    clips/sprites/1260.swf
	deleted:    clips/sprites/1261.swf
	deleted:    clips/sprites/1262.swf
	deleted:    clips/sprites/1263.swf
	deleted:    clips/sprites/1264.swf
	deleted:    clips/sprites/1265.swf
	deleted:    clips/sprites/1266.swf
	deleted:    clips/sprites/1267.swf
	deleted:    clips/sprites/1268.swf
	deleted:    clips/sprites/1269.swf
	deleted:    clips/sprites/1270.swf
	deleted:    clips/sprites/1271.swf
	deleted:    clips/sprites/1273.swf
	deleted:    clips/sprites/1274.swf
	deleted:    clips/sprites/1275.swf
	deleted:    clips/sprites/1276.swf
	deleted:    clips/sprites/1277.swf
	deleted:    clips/sprites/1278.swf
	deleted:    clips/sprites/1279.swf
	deleted:    clips/sprites/1280.swf
	deleted:    clips/sprites/1281.swf
	deleted:    clips/sprites/1282.swf
	deleted:    clips/sprites/1283.swf
	deleted:    clips/sprites/1284.swf
	deleted:    clips/sprites/1285.swf
	deleted:    clips/sprites/1286.swf
	deleted:    clips/sprites/1287.swf
	deleted:    clips/sprites/1288.swf
	deleted:    clips/sprites/1289.swf
	deleted:    clips/sprites/1290.swf
	deleted:    clips/sprites/1291.swf
	deleted:    clips/sprites/1292.swf
	deleted:    clips/sprites/1293.swf
	deleted:    clips/sprites/1294.swf
	deleted:    clips/sprites/1295.swf
	deleted:    clips/sprites/1296.swf
	deleted:    clips/sprites/1297.swf
	deleted:    clips/sprites/1298.swf
	deleted:    clips/sprites/13.swf
	deleted:    clips/sprites/1300.swf
	deleted:    clips/sprites/1301.swf
	deleted:    clips/sprites/1302.swf
	deleted:    clips/sprites/1303.swf
	deleted:    clips/sprites/1304.swf
	deleted:    clips/sprites/1305.swf
	deleted:    clips/sprites/1306.swf
	deleted:    clips/sprites/1307.swf
	deleted:    clips/sprites/1308.swf
	deleted:    clips/sprites/1309.swf
	deleted:    clips/sprites/1310.swf
	deleted:    clips/sprites/1311.swf
	deleted:    clips/sprites/1312.swf
	deleted:    clips/sprites/1313.swf
	deleted:    clips/sprites/1314.swf
	deleted:    clips/sprites/1315.swf
	deleted:    clips/sprites/1316.swf
	deleted:    clips/sprites/1317.swf
	deleted:    clips/sprites/1318.swf
	deleted:    clips/sprites/1319.swf
	deleted:    clips/sprites/1320.swf
	deleted:    clips/sprites/1321.swf
	deleted:    clips/sprites/1322.swf
	deleted:    clips/sprites/1323.swf
	deleted:    clips/sprites/1324.swf
	deleted:    clips/sprites/1325.swf
	deleted:    clips/sprites/1326.swf
	deleted:    clips/sprites/1327.swf
	deleted:    clips/sprites/1328.swf
	deleted:    clips/sprites/1329.swf
	deleted:    clips/sprites/1330.swf
	deleted:    clips/sprites/1331.swf
	deleted:    clips/sprites/1332.swf
	deleted:    clips/sprites/1333.swf
	deleted:    clips/sprites/1334.swf
	deleted:    clips/sprites/1335.swf
	deleted:    clips/sprites/1336.swf
	deleted:    clips/sprites/1337.swf
	deleted:    clips/sprites/1338.swf
	deleted:    clips/sprites/1339.swf
	deleted:    clips/sprites/1340.swf
	deleted:    clips/sprites/1341.swf
	deleted:    clips/sprites/1342.swf
	deleted:    clips/sprites/1343.swf
	deleted:    clips/sprites/1344.swf
	deleted:    clips/sprites/1345.swf
	deleted:    clips/sprites/1346.swf
	deleted:    clips/sprites/1347.swf
	deleted:    clips/sprites/1348.swf
	deleted:    clips/sprites/1349.swf
	deleted:    clips/sprites/1351.swf
	deleted:    clips/sprites/1354.swf
	deleted:    clips/sprites/1355.swf
	deleted:    clips/sprites/1356.swf
	deleted:    clips/sprites/1357.swf
	deleted:    clips/sprites/1358.swf
	deleted:    clips/sprites/1359.swf
	deleted:    clips/sprites/1360.swf
	deleted:    clips/sprites/1361.swf
	deleted:    clips/sprites/1362.swf
	deleted:    clips/sprites/1363.swf
	deleted:    clips/sprites/1364.swf
	deleted:    clips/sprites/1365.swf
	deleted:    clips/sprites/1366.swf
	deleted:    clips/sprites/1367.swf
	deleted:    clips/sprites/1368.swf
	deleted:    clips/sprites/1369.swf
	deleted:    clips/sprites/1370.swf
	deleted:    clips/sprites/1371.swf
	deleted:    clips/sprites/1372.swf
	deleted:    clips/sprites/1373.swf
	deleted:    clips/sprites/1374.swf
	deleted:    clips/sprites/1375.swf
	deleted:    clips/sprites/1376.swf
	deleted:    clips/sprites/1377.swf
	deleted:    clips/sprites/1378.swf
	deleted:    clips/sprites/1379.swf
	deleted:    clips/sprites/1380.swf
	deleted:    clips/sprites/1381.swf
	deleted:    clips/sprites/1382.swf
	deleted:    clips/sprites/1383.swf
	deleted:    clips/sprites/1384.swf
	deleted:    clips/sprites/1385.swf
	deleted:    clips/sprites/1386.swf
	deleted:    clips/sprites/1387.swf
	deleted:    clips/sprites/1388.swf
	deleted:    clips/sprites/1389.swf
	deleted:    clips/sprites/1390.swf
	deleted:    clips/sprites/1391.swf
	deleted:    clips/sprites/1392.swf
	deleted:    clips/sprites/1393.swf
	deleted:    clips/sprites/1394.swf
	deleted:    clips/sprites/1395.swf
	deleted:    clips/sprites/1396.swf
	deleted:    clips/sprites/1397.swf
	deleted:    clips/sprites/1398.swf
	deleted:    clips/sprites/1399.swf
	deleted:    clips/sprites/1400.swf
	deleted:    clips/sprites/1401.swf
	deleted:    clips/sprites/1402.swf
	deleted:    clips/sprites/1403.swf
	deleted:    clips/sprites/1404.swf
	deleted:    clips/sprites/1405.swf
	deleted:    clips/sprites/1406.swf
	deleted:    clips/sprites/1407.swf
	deleted:    clips/sprites/1408.swf
	deleted:    clips/sprites/1409.swf
	deleted:    clips/sprites/1410.swf
	deleted:    clips/sprites/1411.swf
	deleted:    clips/sprites/1412.swf
	deleted:    clips/sprites/1413.swf
	deleted:    clips/sprites/1414.swf
	deleted:    clips/sprites/1415.swf
	deleted:    clips/sprites/1416.swf
	deleted:    clips/sprites/1417.swf
	deleted:    clips/sprites/1418.swf
	deleted:    clips/sprites/1419.swf
	deleted:    clips/sprites/1420.swf
	deleted:    clips/sprites/1421.swf
	deleted:    clips/sprites/1422.swf
	deleted:    clips/sprites/1423.swf
	deleted:    clips/sprites/1424.swf
	deleted:    clips/sprites/1425.swf
	deleted:    clips/sprites/1426.swf
	deleted:    clips/sprites/1427.swf
	deleted:    clips/sprites/1428.swf
	deleted:    clips/sprites/1429.swf
	deleted:    clips/sprites/1430.swf
	deleted:    clips/sprites/1431.swf
	deleted:    clips/sprites/1432.swf
	deleted:    clips/sprites/1433.swf
	deleted:    clips/sprites/1434.swf
	deleted:    clips/sprites/1435.swf
	deleted:    clips/sprites/1436.swf
	deleted:    clips/sprites/1437.swf
	deleted:    clips/sprites/1438.swf
	deleted:    clips/sprites/1439.swf
	deleted:    clips/sprites/1440.swf
	deleted:    clips/sprites/1441.swf
	deleted:    clips/sprites/1442.swf
	deleted:    clips/sprites/1443.swf
	deleted:    clips/sprites/1444.swf
	deleted:    clips/sprites/1445.swf
	deleted:    clips/sprites/1446.swf
	deleted:    clips/sprites/1447.swf
	deleted:    clips/sprites/1448.swf
	deleted:    clips/sprites/1449.swf
	deleted:    clips/sprites/1450.swf
	deleted:    clips/sprites/1451.swf
	deleted:    clips/sprites/1452.swf
	deleted:    clips/sprites/1453.swf
	deleted:    clips/sprites/1454.swf
	deleted:    clips/sprites/1455.swf
	deleted:    clips/sprites/1456.swf
	deleted:    clips/sprites/1457.swf
	deleted:    clips/sprites/1458.swf
	deleted:    clips/sprites/1459.swf
	deleted:    clips/sprites/1460.swf
	deleted:    clips/sprites/1461.swf
	deleted:    clips/sprites/1462.swf
	deleted:    clips/sprites/1463.swf
	deleted:    clips/sprites/1464.swf
	deleted:    clips/sprites/1465.swf
	deleted:    clips/sprites/1466.swf
	deleted:    clips/sprites/1467.swf
	deleted:    clips/sprites/1468.swf
	deleted:    clips/sprites/1469.swf
	deleted:    clips/sprites/1470.swf
	deleted:    clips/sprites/1471.swf
	deleted:    clips/sprites/1472.swf
	deleted:    clips/sprites/1474.swf
	deleted:    clips/sprites/1475.swf
	deleted:    clips/sprites/1476.swf
	deleted:    clips/sprites/1477.swf
	deleted:    clips/sprites/1478.swf
	deleted:    clips/sprites/1480.swf
	deleted:    clips/sprites/1481.swf
	deleted:    clips/sprites/1482.swf
	deleted:    clips/sprites/1483.swf
	deleted:    clips/sprites/1484.swf
	deleted:    clips/sprites/1485.swf
	deleted:    clips/sprites/1486.swf
	deleted:    clips/sprites/1487.swf
	deleted:    clips/sprites/1488.swf
	deleted:    clips/sprites/1489.swf
	deleted:    clips/sprites/1490.swf
	deleted:    clips/sprites/1491.swf
	deleted:    clips/sprites/1492.swf
	deleted:    clips/sprites/1493.swf
	deleted:    clips/sprites/1494.swf
	deleted:    clips/sprites/1495.swf
	deleted:    clips/sprites/1497.swf
	deleted:    clips/sprites/1498.swf
	deleted:    clips/sprites/1499.swf
	deleted:    clips/sprites/1500.swf
	deleted:    clips/sprites/1501.swf
	deleted:    clips/sprites/1502.swf
	deleted:    clips/sprites/1503.swf
	deleted:    clips/sprites/1504.swf
	deleted:    clips/sprites/1505.swf
	deleted:    clips/sprites/1506.swf
	deleted:    clips/sprites/1507.swf
	deleted:    clips/sprites/1508.swf
	deleted:    clips/sprites/1509.swf
	deleted:    clips/sprites/1510.swf
	deleted:    clips/sprites/1511.swf
	deleted:    clips/sprites/1513.swf
	deleted:    clips/sprites/1514.swf
	deleted:    clips/sprites/1515.swf
	deleted:    clips/sprites/1516.swf
	deleted:    clips/sprites/1517.swf
	deleted:    clips/sprites/1518.swf
	deleted:    clips/sprites/1519.swf
	deleted:    clips/sprites/1520.swf
	deleted:    clips/sprites/1521.swf
	deleted:    clips/sprites/1522.swf
	deleted:    clips/sprites/1523.swf
	deleted:    clips/sprites/1524.swf
	deleted:    clips/sprites/1525.swf
	deleted:    clips/sprites/1526.swf
	deleted:    clips/sprites/1528.swf
	deleted:    clips/sprites/1529.swf
	deleted:    clips/sprites/1531.swf
	deleted:    clips/sprites/1532.swf
	deleted:    clips/sprites/1534.swf
	deleted:    clips/sprites/1535.swf
	deleted:    clips/sprites/1536.swf
	deleted:    clips/sprites/1537.swf
	deleted:    clips/sprites/1538.swf
	deleted:    clips/sprites/1539.swf
	deleted:    clips/sprites/1540.swf
	deleted:    clips/sprites/1541.swf
	deleted:    clips/sprites/1542.swf
	deleted:    clips/sprites/1543.swf
	deleted:    clips/sprites/1544.swf
	deleted:    clips/sprites/1545.swf
	deleted:    clips/sprites/1546.swf
	deleted:    clips/sprites/1547.swf
	deleted:    clips/sprites/1550.swf
	deleted:    clips/sprites/1551.swf
	deleted:    clips/sprites/1556.swf
	deleted:    clips/sprites/1557.swf
	deleted:    clips/sprites/1558.swf
	deleted:    clips/sprites/1560.swf
	deleted:    clips/sprites/1561.swf
	deleted:    clips/sprites/1562.swf
	deleted:    clips/sprites/1563.swf
	deleted:    clips/sprites/1564.swf
	deleted:    clips/sprites/1565.swf
	deleted:    clips/sprites/1566.swf
	deleted:    clips/sprites/1567.swf
	deleted:    clips/sprites/1568.swf
	deleted:    clips/sprites/1569.swf
	deleted:    clips/sprites/1570.swf
	deleted:    clips/sprites/1571.swf
	deleted:    clips/sprites/1572.swf
	deleted:    clips/sprites/1573.swf
	deleted:    clips/sprites/1574.swf
	deleted:    clips/sprites/1575.swf
	deleted:    clips/sprites/1576.swf
	deleted:    clips/sprites/1577.swf
	deleted:    clips/sprites/1578.swf
	deleted:    clips/sprites/1579.swf
	deleted:    clips/sprites/1580.swf
	deleted:    clips/sprites/1581.swf
	deleted:    clips/sprites/1584.swf
	deleted:    clips/sprites/1585.swf
	deleted:    clips/sprites/1586.swf
	deleted:    clips/sprites/1587.swf
	deleted:    clips/sprites/1588.swf
	deleted:    clips/sprites/1589.swf
	deleted:    clips/sprites/1590.swf
	deleted:    clips/sprites/1591.swf
	deleted:    clips/sprites/1592.swf
	deleted:    clips/sprites/1593.swf
	deleted:    clips/sprites/1594.swf
	deleted:    clips/sprites/1595.swf
	deleted:    clips/sprites/1596.swf
	deleted:    clips/sprites/1597.swf
	deleted:    clips/sprites/1598.swf
	deleted:    clips/sprites/1599.swf
	deleted:    clips/sprites/1600.swf
	deleted:    clips/sprites/1601.swf
	deleted:    clips/sprites/1602.swf
	deleted:    clips/sprites/1603.swf
	deleted:    clips/sprites/1604.swf
	deleted:    clips/sprites/1605.swf
	deleted:    clips/sprites/1606.swf
	deleted:    clips/sprites/1607.swf
	deleted:    clips/sprites/1608.swf
	deleted:    clips/sprites/1609.swf
	deleted:    clips/sprites/1610.swf
	deleted:    clips/sprites/1611.swf
	deleted:    clips/sprites/1612.swf
	deleted:    clips/sprites/1613.swf
	deleted:    clips/sprites/1614.swf
	deleted:    clips/sprites/1615.swf
	deleted:    clips/sprites/1616.swf
	deleted:    clips/sprites/1617.swf
	deleted:    clips/sprites/1618.swf
	deleted:    clips/sprites/1619.swf
	deleted:    clips/sprites/1620.swf
	deleted:    clips/sprites/1621.swf
	deleted:    clips/sprites/1622.swf
	deleted:    clips/sprites/1623.swf
	deleted:    clips/sprites/1624.swf
	deleted:    clips/sprites/1625.swf
	deleted:    clips/sprites/1626.swf
	deleted:    clips/sprites/1627.swf
	deleted:    clips/sprites/1628.swf
	deleted:    clips/sprites/1629.swf
	deleted:    clips/sprites/1630.swf
	deleted:    clips/sprites/1631.swf
	deleted:    clips/sprites/1632.swf
	deleted:    clips/sprites/1633.swf
	deleted:    clips/sprites/1634.swf
	deleted:    clips/sprites/1635.swf
	deleted:    clips/sprites/1636.swf
	deleted:    clips/sprites/1637.swf
	deleted:    clips/sprites/1638.swf
	deleted:    clips/sprites/1639.swf
	deleted:    clips/sprites/1640.swf
	deleted:    clips/sprites/1641.swf
	deleted:    clips/sprites/1642.swf
	deleted:    clips/sprites/1643.swf
	deleted:    clips/sprites/1644.swf
	deleted:    clips/sprites/1645.swf
	deleted:    clips/sprites/1647.swf
	deleted:    clips/sprites/1648.swf
	deleted:    clips/sprites/1649.swf
	deleted:    clips/sprites/1650.swf
	deleted:    clips/sprites/1651.swf
	deleted:    clips/sprites/1652.swf
	deleted:    clips/sprites/1653.swf
	deleted:    clips/sprites/1654.swf
	deleted:    clips/sprites/1655.swf
	deleted:    clips/sprites/1656.swf
	deleted:    clips/sprites/1657.swf
	deleted:    clips/sprites/1660.swf
	deleted:    clips/sprites/1661.swf
	deleted:    clips/sprites/1662.swf
	deleted:    clips/sprites/1663.swf
	deleted:    clips/sprites/1664.swf
	deleted:    clips/sprites/1665.swf
	deleted:    clips/sprites/1666.swf
	deleted:    clips/sprites/1667.swf
	deleted:    clips/sprites/1668.swf
	deleted:    clips/sprites/1700.swf
	deleted:    clips/sprites/1701.swf
	deleted:    clips/sprites/1702.swf
	deleted:    clips/sprites/1703.swf
	deleted:    clips/sprites/1704.swf
	deleted:    clips/sprites/1705.swf
	deleted:    clips/sprites/1706.swf
	deleted:    clips/sprites/1710.swf
	deleted:    clips/sprites/1711.swf
	deleted:    clips/sprites/1712.swf
	deleted:    clips/sprites/1713.swf
	deleted:    clips/sprites/1714.swf
	deleted:    clips/sprites/1715.swf
	deleted:    clips/sprites/1716.swf
	deleted:    clips/sprites/1717.swf
	deleted:    clips/sprites/1718.swf
	deleted:    clips/sprites/1719.swf
	deleted:    clips/sprites/1720.swf
	deleted:    clips/sprites/1721.swf
	deleted:    clips/sprites/1722.swf
	deleted:    clips/sprites/1723.swf
	deleted:    clips/sprites/1724.swf
	deleted:    clips/sprites/1725.swf
	deleted:    clips/sprites/1726.swf
	deleted:    clips/sprites/1727.swf
	deleted:    clips/sprites/1728.swf
	deleted:    clips/sprites/1729.swf
	deleted:    clips/sprites/1730.swf
	deleted:    clips/sprites/1800.swf
	deleted:    clips/sprites/1987.swf
	deleted:    clips/sprites/1999.swf
	deleted:    clips/sprites/2.swf
	deleted:    clips/sprites/20.swf
	deleted:    clips/sprites/2000.swf
	deleted:    clips/sprites/2001.swf
	deleted:    clips/sprites/2048.swf
	deleted:    clips/sprites/21.swf
	deleted:    clips/sprites/22.swf
	deleted:    clips/sprites/23.swf
	deleted:    clips/sprites/3.swf
	deleted:    clips/sprites/30.swf
	deleted:    clips/sprites/31.swf
	deleted:    clips/sprites/32.swf
	deleted:    clips/sprites/33.swf
	deleted:    clips/sprites/4.swf
	deleted:    clips/sprites/40.swf
	deleted:    clips/sprites/41.swf
	deleted:    clips/sprites/42.swf
	deleted:    clips/sprites/43.swf
	deleted:    clips/sprites/5.swf
	deleted:    clips/sprites/50.swf
	deleted:    clips/sprites/5001.swf
	deleted:    clips/sprites/5002.swf
	deleted:    clips/sprites/51.swf
	deleted:    clips/sprites/52.swf
	deleted:    clips/sprites/53.swf
	deleted:    clips/sprites/60.swf
	deleted:    clips/sprites/6000.swf
	deleted:    clips/sprites/6001.swf
	deleted:    clips/sprites/6003.swf
	deleted:    clips/sprites/61.swf
	deleted:    clips/sprites/62.swf
	deleted:    clips/sprites/63.swf
	deleted:    clips/sprites/679.swf
	deleted:    clips/sprites/70.swf
	deleted:    clips/sprites/7000.swf
	deleted:    clips/sprites/7001.swf
	deleted:    clips/sprites/7002.swf
	deleted:    clips/sprites/7003.swf
	deleted:    clips/sprites/7005.swf
	deleted:    clips/sprites/7010.swf
	deleted:    clips/sprites/7011.swf
	deleted:    clips/sprites/7012.swf
	deleted:    clips/sprites/7013.swf
	deleted:    clips/sprites/7014.swf
	deleted:    clips/sprites/7015.swf
	deleted:    clips/sprites/7016.swf
	deleted:    clips/sprites/7017.swf
	deleted:    clips/sprites/7018.swf
	deleted:    clips/sprites/7019.swf
	deleted:    clips/sprites/7020.swf
	deleted:    clips/sprites/7021.swf
	deleted:    clips/sprites/7022.swf
	deleted:    clips/sprites/7023.swf
	deleted:    clips/sprites/7024.swf
	deleted:    clips/sprites/7025.swf
	deleted:    clips/sprites/7026.swf
	deleted:    clips/sprites/7027.swf
	deleted:    clips/sprites/7028.swf
	deleted:    clips/sprites/7029.swf
	deleted:    clips/sprites/7030.swf
	deleted:    clips/sprites/7031.swf
	deleted:    clips/sprites/7032.swf
	deleted:    clips/sprites/71.swf
	deleted:    clips/sprites/72.swf
	deleted:    clips/sprites/73.swf
	deleted:    clips/sprites/80.swf
	deleted:    clips/sprites/8000.swf
	deleted:    clips/sprites/8001.swf
	deleted:    clips/sprites/8002.swf
	deleted:    clips/sprites/8003.swf
	deleted:    clips/sprites/8004.swf
	deleted:    clips/sprites/8005.swf
	deleted:    clips/sprites/8006.swf
	deleted:    clips/sprites/8007.swf
	deleted:    clips/sprites/8008.swf
	deleted:    clips/sprites/8009.swf
	deleted:    clips/sprites/8010.swf
	deleted:    clips/sprites/8011.swf
	deleted:    clips/sprites/8012.swf
	deleted:    clips/sprites/8013.swf
	deleted:    clips/sprites/8014.swf
	deleted:    clips/sprites/8015.swf
	deleted:    clips/sprites/8016.swf
	deleted:    clips/sprites/8017.swf
	deleted:    clips/sprites/8018.swf
	deleted:    clips/sprites/8019.swf
	deleted:    clips/sprites/8020.swf
	deleted:    clips/sprites/8021.swf
	deleted:    clips/sprites/8022.swf
	deleted:    clips/sprites/8023.swf
	deleted:    clips/sprites/8024.swf
	deleted:    clips/sprites/8025.swf
	deleted:    clips/sprites/8026.swf
	deleted:    clips/sprites/8027.swf
	deleted:    clips/sprites/8028.swf
	deleted:    clips/sprites/8029.swf
	deleted:    clips/sprites/8030.swf
	deleted:    clips/sprites/8031.swf
	deleted:    clips/sprites/8032.swf
	deleted:    clips/sprites/8033.swf
	deleted:    clips/sprites/8034.swf
	deleted:    clips/sprites/8035.swf
	deleted:    clips/sprites/8036.swf
	deleted:    clips/sprites/8037.swf
	deleted:    clips/sprites/8038.swf
	deleted:    clips/sprites/81.swf
	deleted:    clips/sprites/8100.swf
	deleted:    clips/sprites/8101.swf
	deleted:    clips/sprites/8102.swf
	deleted:    clips/sprites/8155.swf
	deleted:    clips/sprites/82.swf
	deleted:    clips/sprites/83.swf
	deleted:    clips/sprites/8520.swf
	deleted:    clips/sprites/8521.swf
	deleted:    clips/sprites/90.swf
	deleted:    clips/sprites/9000.swf
	deleted:    clips/sprites/9001.swf
	deleted:    clips/sprites/9002.swf
	deleted:    clips/sprites/9003.swf
	deleted:    clips/sprites/9004.swf
	deleted:    clips/sprites/9005.swf
	deleted:    clips/sprites/9006.swf
	deleted:    clips/sprites/9007.swf
	deleted:    clips/sprites/9008.swf
	deleted:    clips/sprites/9009.swf
	deleted:    clips/sprites/9010.swf
	deleted:    clips/sprites/9011.swf
	deleted:    clips/sprites/9012.swf
	deleted:    clips/sprites/9013.swf
	deleted:    clips/sprites/9014.swf
	deleted:    clips/sprites/9015.swf
	deleted:    clips/sprites/9016.swf
	deleted:    clips/sprites/9017.swf
	deleted:    clips/sprites/9018.swf
	deleted:    clips/sprites/9019.swf
	deleted:    clips/sprites/9020.swf
	deleted:    clips/sprites/9021.swf
	deleted:    clips/sprites/9022.swf
	deleted:    clips/sprites/9023.swf
	deleted:    clips/sprites/9024.swf
	deleted:    clips/sprites/9025.swf
	deleted:    clips/sprites/9026.swf
	deleted:    clips/sprites/9027.swf
	deleted:    clips/sprites/9028.swf
	deleted:    clips/sprites/9029.swf
	deleted:    clips/sprites/9030.swf
	deleted:    clips/sprites/9031.swf
	deleted:    clips/sprites/9032.swf
	deleted:    clips/sprites/9033.swf
	deleted:    clips/sprites/9034.swf
	deleted:    clips/sprites/9035.swf
	deleted:    clips/sprites/9036.swf
	deleted:    clips/sprites/9037.swf
	deleted:    clips/sprites/9038.swf
	deleted:    clips/sprites/9039.swf
	deleted:    clips/sprites/9040.swf
	deleted:    clips/sprites/9041.swf
	deleted:    clips/sprites/9042.swf
	deleted:    clips/sprites/9043.swf
	deleted:    clips/sprites/9044.swf
	deleted:    clips/sprites/9045.swf
	deleted:    clips/sprites/9046.swf
	deleted:    clips/sprites/9047.swf
	deleted:    clips/sprites/9048.swf
	deleted:    clips/sprites/9049.swf
	deleted:    clips/sprites/9050.swf
	deleted:    clips/sprites/9051.swf
	deleted:    clips/sprites/9052.swf
	deleted:    clips/sprites/9053.swf
	deleted:    clips/sprites/9054.swf
	deleted:    clips/sprites/9055.swf
	deleted:    clips/sprites/9056.swf
	deleted:    clips/sprites/9057.swf
	deleted:    clips/sprites/9058.swf
	deleted:    clips/sprites/9059.swf
	deleted:    clips/sprites/9060.swf
	deleted:    clips/sprites/9061.swf
	deleted:    clips/sprites/9062.swf
	deleted:    clips/sprites/9063.swf
	deleted:    clips/sprites/9064.swf
	deleted:    clips/sprites/9065.swf
	deleted:    clips/sprites/9066.swf
	deleted:    clips/sprites/9067.swf
	deleted:    clips/sprites/9068.swf
	deleted:    clips/sprites/9069.swf
	deleted:    clips/sprites/9070.swf
	deleted:    clips/sprites/9071.swf
	deleted:    clips/sprites/9072.swf
	deleted:    clips/sprites/9073.swf
	deleted:    clips/sprites/9074.swf
	deleted:    clips/sprites/9075.swf
	deleted:    clips/sprites/9076.swf
	deleted:    clips/sprites/9077.swf
	deleted:    clips/sprites/9078.swf
	deleted:    clips/sprites/9079.swf
	deleted:    clips/sprites/9080.swf
	deleted:    clips/sprites/9081.swf
	deleted:    clips/sprites/9082.swf
	deleted:    clips/sprites/9083.swf
	deleted:    clips/sprites/9084.swf
	deleted:    clips/sprites/9085.swf
	deleted:    clips/sprites/9086.swf
	deleted:    clips/sprites/9087.swf
	deleted:    clips/sprites/9088.swf
	deleted:    clips/sprites/9089.swf
	deleted:    clips/sprites/9090.swf
	deleted:    clips/sprites/9091.swf
	deleted:    clips/sprites/9092.swf
	deleted:    clips/sprites/9093.swf
	deleted:    clips/sprites/9094.swf
	deleted:    clips/sprites/9095.swf
	deleted:    clips/sprites/9096.swf
	deleted:    clips/sprites/9097.swf
	deleted:    clips/sprites/9098.swf
	deleted:    clips/sprites/9099.swf
	deleted:    clips/sprites/91.swf
	deleted:    clips/sprites/9100.swf
	deleted:    clips/sprites/9101.swf
	deleted:    clips/sprites/9102.swf
	deleted:    clips/sprites/9103.swf
	deleted:    clips/sprites/9104.swf
	deleted:    clips/sprites/9105.swf
	deleted:    clips/sprites/9106.swf
	deleted:    clips/sprites/9107.swf
	deleted:    clips/sprites/9108.swf
	deleted:    clips/sprites/9109.swf
	deleted:    clips/sprites/9110.swf
	deleted:    clips/sprites/9111.swf
	deleted:    clips/sprites/92.swf
	deleted:    clips/sprites/9200.swf
	deleted:    clips/sprites/9201.swf
	deleted:    clips/sprites/9202.swf
	deleted:    clips/sprites/9203.swf
	deleted:    clips/sprites/9204.swf
	deleted:    clips/sprites/9205.swf
	deleted:    clips/sprites/9206.swf
	deleted:    clips/sprites/9210.swf
	deleted:    clips/sprites/9211.swf
	deleted:    clips/sprites/9212.swf
	deleted:    clips/sprites/9213.swf
	deleted:    clips/sprites/9214.swf
	deleted:    clips/sprites/9215.swf
	deleted:    clips/sprites/9216.swf
	deleted:    clips/sprites/9217.swf
	deleted:    clips/sprites/9218.swf
	deleted:    clips/sprites/9219.swf
	deleted:    clips/sprites/9220.swf
	deleted:    clips/sprites/9221.swf
	deleted:    clips/sprites/9222.swf
	deleted:    clips/sprites/9223.swf
	deleted:    clips/sprites/9224.swf
	deleted:    clips/sprites/9225.swf
	deleted:    clips/sprites/9226.swf
	deleted:    clips/sprites/9227.swf
	deleted:    clips/sprites/9228.swf
	deleted:    clips/sprites/9229.swf
	deleted:    clips/sprites/9230.swf
	deleted:    clips/sprites/9231.swf
	deleted:    clips/sprites/9232.swf
	deleted:    clips/sprites/9233.swf
	deleted:    clips/sprites/9234.swf
	deleted:    clips/sprites/9235.swf
	deleted:    clips/sprites/9236.swf
	deleted:    clips/sprites/9237.swf
	deleted:    clips/sprites/9238.swf
	deleted:    clips/sprites/9239.swf
	deleted:    clips/sprites/9240.swf
	deleted:    clips/sprites/9241.swf
	deleted:    clips/sprites/9242.swf
	deleted:    clips/sprites/9243.swf
	deleted:    clips/sprites/9244.swf
	deleted:    clips/sprites/9245.swf
	deleted:    clips/sprites/9246.swf
	deleted:    clips/sprites/9247.swf
	deleted:    clips/sprites/9248.swf
	deleted:    clips/sprites/9249.swf
	deleted:    clips/sprites/9250.swf
	deleted:    clips/sprites/9251.swf
	deleted:    clips/sprites/9252.swf
	deleted:    clips/sprites/9253.swf
	deleted:    clips/sprites/9254.swf
	deleted:    clips/sprites/9255.swf
	deleted:    clips/sprites/9256.swf
	deleted:    clips/sprites/9257.swf
	deleted:    clips/sprites/9258.swf
	deleted:    clips/sprites/9259.swf
	deleted:    clips/sprites/9260.swf
	deleted:    clips/sprites/9261.swf
	deleted:    clips/sprites/9262.swf
	deleted:    clips/sprites/9263.swf
	deleted:    clips/sprites/9264.swf
	deleted:    clips/sprites/9265.swf
	deleted:    clips/sprites/9266.swf
	deleted:    clips/sprites/9267.swf
	deleted:    clips/sprites/9268.swf
	deleted:    clips/sprites/9269.swf
	deleted:    clips/sprites/9270.swf
	deleted:    clips/sprites/9271.swf
	deleted:    clips/sprites/9272.swf
	deleted:    clips/sprites/9273.swf
	deleted:    clips/sprites/9274.swf
	deleted:    clips/sprites/9275.swf
	deleted:    clips/sprites/9276.swf
	deleted:    clips/sprites/9277.swf
	deleted:    clips/sprites/9278.swf
	deleted:    clips/sprites/9279.swf
	deleted:    clips/sprites/9280.swf
	deleted:    clips/sprites/9281.swf
	deleted:    clips/sprites/9282.swf
	deleted:    clips/sprites/9283.swf
	deleted:    clips/sprites/9284.swf
	deleted:    clips/sprites/9285.swf
	deleted:    clips/sprites/9286.swf
	deleted:    clips/sprites/9287.swf
	deleted:    clips/sprites/9288.swf
	deleted:    clips/sprites/9289.swf
	deleted:    clips/sprites/9290.swf
	deleted:    clips/sprites/9292.swf
	deleted:    clips/sprites/93.swf
	deleted:    clips/sprites/accessories/a1.swf
	deleted:    clips/sprites/accessories/a2.swf
	deleted:    clips/sprites/accessories/a3.swf
	deleted:    clips/sprites/accessories/a4.swf
	deleted:    clips/sprites/accessories/a5.swf
	deleted:    clips/sprites/accessories/accessories.swf
	deleted:    clips/sprites/accessories/accessories_autres.swf
	deleted:    clips/sprites/chevauchor/10.swf
	deleted:    clips/sprites/chevauchor/100.swf
	deleted:    clips/sprites/chevauchor/101.swf
	deleted:    clips/sprites/chevauchor/11.swf
	deleted:    clips/sprites/chevauchor/110.swf
	deleted:    clips/sprites/chevauchor/111.swf
	deleted:    clips/sprites/chevauchor/120.swf
	deleted:    clips/sprites/chevauchor/121.swf
	deleted:    clips/sprites/chevauchor/1505.swf
	deleted:    clips/sprites/chevauchor/20.swf
	deleted:    clips/sprites/chevauchor/21.swf
	deleted:    clips/sprites/chevauchor/30.swf
	deleted:    clips/sprites/chevauchor/31.swf
	deleted:    clips/sprites/chevauchor/40.swf
	deleted:    clips/sprites/chevauchor/41.swf
	deleted:    clips/sprites/chevauchor/50.swf
	deleted:    clips/sprites/chevauchor/51.swf
	deleted:    clips/sprites/chevauchor/60.swf
	deleted:    clips/sprites/chevauchor/61.swf
	deleted:    clips/sprites/chevauchor/70.swf
	deleted:    clips/sprites/chevauchor/7030.swf
	deleted:    clips/sprites/chevauchor/7031.swf
	deleted:    clips/sprites/chevauchor/7032.swf
	deleted:    clips/sprites/chevauchor/71.swf
	deleted:    clips/sprites/chevauchor/80.swf
	deleted:    clips/sprites/chevauchor/8000.swf
	deleted:    clips/sprites/chevauchor/8001.swf
	deleted:    clips/sprites/chevauchor/8002.swf
	deleted:    clips/sprites/chevauchor/8005.swf
	deleted:    clips/sprites/chevauchor/8006.swf
	deleted:    clips/sprites/chevauchor/8007.swf
	deleted:    clips/sprites/chevauchor/8009.swf
	deleted:    clips/sprites/chevauchor/8010.swf
	deleted:    clips/sprites/chevauchor/8011.swf
	deleted:    clips/sprites/chevauchor/8026.swf
	deleted:    clips/sprites/chevauchor/81.swf
	deleted:    clips/sprites/chevauchor/90.swf
	deleted:    clips/sprites/chevauchor/91.swf
	deleted:    clips/sprites/chevauchor/9224.swf
	deleted:    clips/sprites/chevauchor/9225.swf
	deleted:    clips/sprites/chevauchor/9226.swf
	deleted:    clips/sprites/chevauchor/9227.swf
	deleted:    clips/sprites/chevauchor/9228.swf
	deleted:    clips/sprites/chevauchor/9229.swf
	deleted:    clips/sprites/chevauchor/9230.swf
	deleted:    clips/sprites/chevauchor/9231.swf
	deleted:    clips/sprites/chevauchor/9232.swf
	deleted:    clips/sprites/chevauchor/9233.swf
	deleted:    clips/sprites/chevauchor/9234.swf
	deleted:    clips/sprites/chevauchor/9235.swf
	deleted:    clips/sprites/chevauchor/9236.swf
	deleted:    clips/sprites/chevauchor/9237.swf
	deleted:    clips/sprites/chevauchor/9238.swf
	deleted:    clips/sprites/chevauchor/9239.swf
	deleted:    clips/sprites/chevauchor/9240.swf
	deleted:    clips/sprites/chevauchor/9241.swf
	deleted:    clips/sprites/chevauchor/9242.swf
	deleted:    clips/sprites/chevauchor/9243.swf
	deleted:    clips/sprites/chevauchor/9244.swf
	deleted:    clips/sprites/chevauchor/9245.swf
	deleted:    clips/sprites/chevauchor/9246.swf
	deleted:    clips/sprites/chevauchor/9247.swf
	deleted:    clips/sprites/chevauchor/9248.swf
	deleted:    clips/sprites/chevauchor/9249.swf
	deleted:    clips/sprites/chevauchor/9250.swf
	deleted:    clips/sprites/chevauchor/9251.swf
	deleted:    clips/sprites/chevauchor/9252.swf
	deleted:    clips/sprites/chevauchor/9253.swf
	deleted:    clips/sprites/chevauchor/9254.swf
	deleted:    clips/sprites/chevauchor/9255.swf
	deleted:    clips/sprites/chevauchor/9256.swf
	deleted:    clips/sprites/chevauchor/9257.swf
	deleted:    clips/sprites/chevauchor/9258.swf
	deleted:    clips/sprites/chevauchor/9259.swf
	deleted:    clips/sprites/chevauchor/9260.swf
	deleted:    clips/sprites/chevauchor/9261.swf
	deleted:    clips/sprites/chevauchor/9262.swf
	deleted:    clips/sprites/chevauchor/9263.swf
	deleted:    clips/sprites/chevauchor/9264.swf
	deleted:    clips/sprites/chevauchor/9265.swf
	deleted:    clips/sprites/chevauchor/9266.swf
	deleted:    clips/sprites/chevauchor/9267.swf
	deleted:    clips/sprites/chevauchor/9268.swf
	deleted:    clips/sprites/chevauchor/9269.swf
	deleted:    clips/sprites/chevauchor/9270.swf
	deleted:    clips/sprites/chevauchor/9271.swf
	deleted:    clips/sprites/sprites.xml
	deleted:    config.xml
	deleted:    css/w3.css
	deleted:    data/docs/de_100_0706251214.swf
	deleted:    data/docs/de_102_0604261732.swf
	deleted:    data/docs/de_103_0603081804.swf
	deleted:    data/docs/de_104_0603081744.swf
	deleted:    data/docs/de_105_0604281535.swf
	deleted:    data/docs/de_106_0605021118.swf
	deleted:    data/docs/de_107_0605021500.swf
	deleted:    data/docs/de_108_0605021443.swf
	deleted:    data/docs/de_109_0605021707.swf
	deleted:    data/docs/de_110_0706211722.swf
	deleted:    data/docs/de_111_0706261740.swf
	deleted:    data/docs/de_112_0706260937.swf
	deleted:    data/docs/de_113_0604281236.swf
	deleted:    data/docs/de_114_0707021219.swf
	deleted:    data/docs/de_115_0707021219.swf
	deleted:    data/docs/de_116_0707021220.swf
	deleted:    data/docs/de_117_0707021220.swf
	deleted:    data/docs/de_118_0611171112.swf
	deleted:    data/docs/de_119_0609191659.swf
	deleted:    data/docs/de_120_0707021220.swf
	deleted:    data/docs/de_121_0707021220.swf
	deleted:    data/docs/de_124_0701261821.swf
	deleted:    data/docs/de_125_0706201212.swf
	deleted:    data/docs/de_126_0609180944.swf
	deleted:    data/docs/de_127_0609180944.swf
	deleted:    data/docs/de_128_0707191759.swf
	deleted:    data/docs/de_129_0611131033.swf
	deleted:    data/docs/de_130_0610021445.swf
	deleted:    data/docs/de_131_0706291750.swf
	deleted:    data/docs/de_132_0706291424.swf
	deleted:    data/docs/de_133_0706251722.swf
	deleted:    data/docs/de_134_0701120938.swf
	deleted:    data/docs/de_135_0707021221.swf
	deleted:    data/docs/de_136_0707021221.swf
	deleted:    data/docs/de_137_0707021221.swf
	deleted:    data/docs/de_138_0707021222.swf
	deleted:    data/docs/de_139_0612131303.swf
	deleted:    data/docs/de_140_0706251243.swf
	deleted:    data/docs/de_141_0706220954.swf
	deleted:    data/docs/de_142_0706251829.swf
	deleted:    data/docs/de_143_0706251252.swf
	deleted:    data/docs/de_145_0706250958.swf
	deleted:    data/docs/de_17_0707021529.swf
	deleted:    data/docs/de_19_0706221544.swf
	deleted:    data/docs/de_20_0706221539.swf
	deleted:    data/docs/de_21_0706221539.swf
	deleted:    data/docs/de_22_0706251517.swf
	deleted:    data/docs/de_23_0707021602.swf
	deleted:    data/docs/de_24_0707021800.swf
	deleted:    data/docs/de_25_0706221016.swf
	deleted:    data/docs/de_27_0706251416.swf
	deleted:    data/docs/de_28_0706221224.swf
	deleted:    data/docs/de_29_0706221226.swf
	deleted:    data/docs/de_30_0706221227.swf
	deleted:    data/docs/de_31_0706221247.swf
	deleted:    data/docs/de_32_0706221245.swf
	deleted:    data/docs/de_33_0707181509.swf
	deleted:    data/docs/de_34_0706221254.swf
	deleted:    data/docs/de_35_0706221234.swf
	deleted:    data/docs/de_36_0706221256.swf
	deleted:    data/docs/de_38_0706221239.swf
	deleted:    data/docs/de_39_0706221547.swf
	deleted:    data/docs/de_40_0706221555.swf
	deleted:    data/docs/de_41_0706221516.swf
	deleted:    data/docs/de_43_0706201719.swf
	deleted:    data/docs/de_44_0706221611.swf
	deleted:    data/docs/de_45_0707021218.swf
	deleted:    data/docs/de_46_0707021219.swf
	deleted:    data/docs/de_47_0707021223.swf
	deleted:    data/docs/de_48_0707181459.swf
	deleted:    data/docs/de_49_0707181507.swf
	deleted:    data/docs/de_50_0706211149.swf
	deleted:    data/docs/de_51_0706211150.swf
	deleted:    data/docs/de_52_0706211152.swf
	deleted:    data/docs/de_53_0706211407.swf
	deleted:    data/docs/de_54_0706211408.swf
	deleted:    data/docs/de_55_0707190952.swf
	deleted:    data/docs/de_61_0802081743.swf
	deleted:    data/docs/de_62_0706251124.swf
	deleted:    data/docs/de_63_0706251124.swf
	deleted:    data/docs/de_64_0706251123.swf
	deleted:    data/docs/de_65_0706251123.swf
	deleted:    data/docs/de_66_0706251126.swf
	deleted:    data/docs/de_67_0706251223.swf
	deleted:    data/docs/de_68_0706251126.swf
	deleted:    data/docs/de_69_0706251058.swf
	deleted:    data/docs/de_70_0706251122.swf
	deleted:    data/docs/de_71_0706251229.swf
	deleted:    data/docs/de_73_0706211414.swf
	deleted:    data/docs/de_74_0603101709.swf
	deleted:    data/docs/de_75_0603101710.swf
	deleted:    data/docs/de_76_0603091219.swf
	deleted:    data/docs/de_77_0603091218.swf
	deleted:    data/docs/de_78_0706221019.swf
	deleted:    data/docs/de_79_0603101711.swf
	deleted:    data/docs/de_80_0510251009.swf
	deleted:    data/docs/de_81_0510251010.swf
	deleted:    data/docs/de_82_0510251006.swf
	deleted:    data/docs/de_83_0510251006.swf
	deleted:    data/docs/de_84_0603091211.swf
	deleted:    data/docs/de_85_0603091209.swf
	deleted:    data/docs/de_86_0510251017.swf
	deleted:    data/docs/de_87_0706211416.swf
	deleted:    data/docs/de_90_0706221037.swf
	deleted:    data/docs/de_91_0707181821.swf
	deleted:    data/docs/de_92_0606131155.swf
	deleted:    data/docs/de_93_0706251135.swf
	deleted:    data/docs/de_94_0706251138.swf
	deleted:    data/docs/de_96_0706251201.swf
	deleted:    data/docs/de_98_0706251211.swf
	deleted:    data/docs/en_100_0706251214.swf
	deleted:    data/docs/en_102_0604261732.swf
	deleted:    data/docs/en_103_0603081804.swf
	deleted:    data/docs/en_104_0603081744.swf
	deleted:    data/docs/en_105_0604281535.swf
	deleted:    data/docs/en_106_0605021118.swf
	deleted:    data/docs/en_107_0605021500.swf
	deleted:    data/docs/en_108_0605021443.swf
	deleted:    data/docs/en_109_0605021707.swf
	deleted:    data/docs/en_110_0706211722.swf
	deleted:    data/docs/en_111_0706261740.swf
	deleted:    data/docs/en_112_0706260937.swf
	deleted:    data/docs/en_113_0604281236.swf
	deleted:    data/docs/en_114_0707021219.swf
	deleted:    data/docs/en_115_0707021219.swf
	deleted:    data/docs/en_116_0707021220.swf
	deleted:    data/docs/en_117_0707021220.swf
	deleted:    data/docs/en_118_0611171112.swf
	deleted:    data/docs/en_119_0609191659.swf
	deleted:    data/docs/en_120_0707021220.swf
	deleted:    data/docs/en_121_0707021220.swf
	deleted:    data/docs/en_124_0701261821.swf
	deleted:    data/docs/en_125_0706201212.swf
	deleted:    data/docs/en_126_0609180944.swf
	deleted:    data/docs/en_127_0609180944.swf
	deleted:    data/docs/en_128_0707191759.swf
	deleted:    data/docs/en_129_0611131033.swf
	deleted:    data/docs/en_130_0610021445.swf
	deleted:    data/docs/en_131_0706291750.swf
	deleted:    data/docs/en_132_0706291424.swf
	deleted:    data/docs/en_133_0706251722.swf
	deleted:    data/docs/en_134_0701120938.swf
	deleted:    data/docs/en_135_0707021221.swf
	deleted:    data/docs/en_136_0707021221.swf
	deleted:    data/docs/en_137_0707021221.swf
	deleted:    data/docs/en_138_0707021222.swf
	deleted:    data/docs/en_139_0612131303.swf
	deleted:    data/docs/en_140_0706251243.swf
	deleted:    data/docs/en_141_0706220954.swf
	deleted:    data/docs/en_142_0706251829.swf
	deleted:    data/docs/en_143_0706251252.swf
	deleted:    data/docs/en_145_0706250958.swf
	deleted:    data/docs/en_17_0707021529.swf
	deleted:    data/docs/en_19_0706221544.swf
	deleted:    data/docs/en_20_0706221539.swf
	deleted:    data/docs/en_21_0706221539.swf
	deleted:    data/docs/en_22_0706251517.swf
	deleted:    data/docs/en_23_0707021602.swf
	deleted:    data/docs/en_24_0707021800.swf
	deleted:    data/docs/en_25_0706221016.swf
	deleted:    data/docs/en_27_0706251416.swf
	deleted:    data/docs/en_28_0706221224.swf
	deleted:    data/docs/en_29_0706221226.swf
	deleted:    data/docs/en_30_0706221227.swf
	deleted:    data/docs/en_31_0706221247.swf
	deleted:    data/docs/en_32_0706221245.swf
	deleted:    data/docs/en_33_0707181509.swf
	deleted:    data/docs/en_34_0706221254.swf
	deleted:    data/docs/en_35_0706221234.swf
	deleted:    data/docs/en_36_0706221256.swf
	deleted:    data/docs/en_38_0706221239.swf
	deleted:    data/docs/en_39_0706221547.swf
	deleted:    data/docs/en_40_0706221555.swf
	deleted:    data/docs/en_41_0706221516.swf
	deleted:    data/docs/en_43_0706201719.swf
	deleted:    data/docs/en_44_0706221611.swf
	deleted:    data/docs/en_45_0707021218.swf
	deleted:    data/docs/en_46_0707021219.swf
	deleted:    data/docs/en_47_0707021223.swf
	deleted:    data/docs/en_48_0707181459.swf
	deleted:    data/docs/en_49_0707181507.swf
	deleted:    data/docs/en_50_0706211149.swf
	deleted:    data/docs/en_51_0706211150.swf
	deleted:    data/docs/en_52_0706211152.swf
	deleted:    data/docs/en_53_0706211407.swf
	deleted:    data/docs/en_54_0706211408.swf
	deleted:    data/docs/en_55_0707190952.swf
	deleted:    data/docs/en_61_0802081743.swf
	deleted:    data/docs/en_62_0706251124.swf
	deleted:    data/docs/en_63_0706251124.swf
	deleted:    data/docs/en_64_0706251123.swf
	deleted:    data/docs/en_65_0706251123.swf
	deleted:    data/docs/en_66_0706251126.swf
	deleted:    data/docs/en_67_0706251223.swf
	deleted:    data/docs/en_68_0706251126.swf
	deleted:    data/docs/en_69_0706251058.swf
	deleted:    data/docs/en_70_0706251122.swf
	deleted:    data/docs/en_71_0706251229.swf
	deleted:    data/docs/en_73_0706211414.swf
	deleted:    data/docs/en_74_0603101709.swf
	deleted:    data/docs/en_75_0603101710.swf
	deleted:    data/docs/en_76_0603091219.swf
	deleted:    data/docs/en_77_0603091218.swf
	deleted:    data/docs/en_78_0706221019.swf
	deleted:    data/docs/en_79_0603101711.swf
	deleted:    data/docs/en_80_0510251009.swf
	deleted:    data/docs/en_81_0510251010.swf
	deleted:    data/docs/en_82_0510251006.swf
	deleted:    data/docs/en_83_0510251006.swf
	deleted:    data/docs/en_84_0603091211.swf
	deleted:    data/docs/en_85_0603091209.swf
	deleted:    data/docs/en_86_0510251017.swf
	deleted:    data/docs/en_87_0706211416.swf
	deleted:    data/docs/en_90_0706221037.swf
	deleted:    data/docs/en_91_0707181821.swf
	deleted:    data/docs/en_92_0606131155.swf
	deleted:    data/docs/en_93_0706251135.swf
	deleted:    data/docs/en_94_0706251138.swf
	deleted:    data/docs/en_96_0706251201.swf
	deleted:    data/docs/en_98_0706251211.swf
	deleted:    data/docs/es_100_0706251214.swf
	deleted:    data/docs/es_102_0604261732.swf
	deleted:    data/docs/es_103_0603081804.swf
	deleted:    data/docs/es_104_0603081744.swf
	deleted:    data/docs/es_105_0604281535.swf
	deleted:    data/docs/es_106_0605021118.swf
	deleted:    data/docs/es_107_0605021500.swf
	deleted:    data/docs/es_108_0605021443.swf
	deleted:    data/docs/es_109_0605021707.swf
	deleted:    data/docs/es_110_0706211722.swf
	deleted:    data/docs/es_111_0706261740.swf
	deleted:    data/docs/es_112_0706260937.swf
	deleted:    data/docs/es_113_0604281236.swf
	deleted:    data/docs/es_114_0707021219.swf
	deleted:    data/docs/es_115_0707021219.swf
	deleted:    data/docs/es_116_0707021220.swf
	deleted:    data/docs/es_117_0707021220.swf
	deleted:    data/docs/es_118_0611171112.swf
	deleted:    data/docs/es_119_0609191659.swf
	deleted:    data/docs/es_120_0707021220.swf
	deleted:    data/docs/es_121_0707021220.swf
	deleted:    data/docs/es_124_0701261821.swf
	deleted:    data/docs/es_125_0706201212.swf
	deleted:    data/docs/es_126_0609180944.swf
	deleted:    data/docs/es_127_0609180944.swf
	deleted:    data/docs/es_128_0707191759.swf
	deleted:    data/docs/es_129_0611131033.swf
	deleted:    data/docs/es_130_0610021445.swf
	deleted:    data/docs/es_131_0706291750.swf
	deleted:    data/docs/es_132_0706291424.swf
	deleted:    data/docs/es_133_0706251722.swf
	deleted:    data/docs/es_134_0701120938.swf
	deleted:    data/docs/es_135_0707021221.swf
	deleted:    data/docs/es_136_0707021221.swf
	deleted:    data/docs/es_137_0707021221.swf
	deleted:    data/docs/es_138_0707021222.swf
	deleted:    data/docs/es_139_0612131303.swf
	deleted:    data/docs/es_140_0706251243.swf
	deleted:    data/docs/es_141_0706220954.swf
	deleted:    data/docs/es_142_0706251829.swf
	deleted:    data/docs/es_143_0706251252.swf
	deleted:    data/docs/es_145_0706250958.swf
	deleted:    data/docs/es_17_0707021529.swf
	deleted:    data/docs/es_19_0706221544.swf
	deleted:    data/docs/es_20_0706221539.swf
	deleted:    data/docs/es_21_0706221539.swf
	deleted:    data/docs/es_22_0706251517.swf
	deleted:    data/docs/es_23_0707021602.swf
	deleted:    data/docs/es_24_0707021800.swf
	deleted:    data/docs/es_25_0706221016.swf
	deleted:    data/docs/es_27_0706251416.swf
	deleted:    data/docs/es_28_0706221224.swf
	deleted:    data/docs/es_29_0706221226.swf
	deleted:    data/docs/es_30_0706221227.swf
	deleted:    data/docs/es_31_0706221247.swf
	deleted:    data/docs/es_32_0706221245.swf
	deleted:    data/docs/es_33_0707181509.swf
	deleted:    data/docs/es_34_0706221254.swf
	deleted:    data/docs/es_35_0706221234.swf
	deleted:    data/docs/es_36_0706221256.swf
	deleted:    data/docs/es_38_0706221239.swf
	deleted:    data/docs/es_39_0706221547.swf
	deleted:    data/docs/es_40_0706221555.swf
	deleted:    data/docs/es_41_0706221516.swf
	deleted:    data/docs/es_43_0706201719.swf
	deleted:    data/docs/es_44_0706221611.swf
	deleted:    data/docs/es_45_0707021218.swf
	deleted:    data/docs/es_46_0707021219.swf
	deleted:    data/docs/es_47_0707021223.swf
	deleted:    data/docs/es_48_0707181459.swf
	deleted:    data/docs/es_49_0707181507.swf
	deleted:    data/docs/es_50_0706211149.swf
	deleted:    data/docs/es_51_0706211150.swf
	deleted:    data/docs/es_52_0706211152.swf
	deleted:    data/docs/es_53_0706211407.swf
	deleted:    data/docs/es_54_0706211408.swf
	deleted:    data/docs/es_55_0707190952.swf
	deleted:    data/docs/es_61_0802081743.swf
	deleted:    data/docs/es_62_0706251124.swf
	deleted:    data/docs/es_63_0706251124.swf
	deleted:    data/docs/es_64_0706251123.swf
	deleted:    data/docs/es_65_0706251123.swf
	deleted:    data/docs/es_66_0706251126.swf
	deleted:    data/docs/es_67_0706251223.swf
	deleted:    data/docs/es_68_0706251126.swf
	deleted:    data/docs/es_69_0706251058.swf
	deleted:    data/docs/es_70_0706251122.swf
	deleted:    data/docs/es_71_0706251229.swf
	deleted:    data/docs/es_73_0706211414.swf
	deleted:    data/docs/es_74_0603101709.swf
	deleted:    data/docs/es_75_0603101710.swf
	deleted:    data/docs/es_76_0603091219.swf
	deleted:    data/docs/es_77_0603091218.swf
	deleted:    data/docs/es_78_0706221019.swf
	deleted:    data/docs/es_79_0603101711.swf
	deleted:    data/docs/es_80_0510251009.swf
	deleted:    data/docs/es_81_0510251010.swf
	deleted:    data/docs/es_82_0510251006.swf
	deleted:    data/docs/es_83_0510251006.swf
	deleted:    data/docs/es_84_0603091211.swf
	deleted:    data/docs/es_85_0603091209.swf
	deleted:    data/docs/es_86_0510251017.swf
	deleted:    data/docs/es_87_0706211416.swf
	deleted:    data/docs/es_90_0706221037.swf
	deleted:    data/docs/es_91_0707181821.swf
	deleted:    data/docs/es_92_0606131155.swf
	deleted:    data/docs/es_93_0706251135.swf
	deleted:    data/docs/es_94_0706251138.swf
	deleted:    data/docs/es_96_0706251201.swf
	deleted:    data/docs/es_98_0706251211.swf
	deleted:    data/docs/fr_100_0706251214.swf
	deleted:    data/docs/fr_102_0604261732.swf
	deleted:    data/docs/fr_103_0603081804.swf
	deleted:    data/docs/fr_104_0603081744.swf
	deleted:    data/docs/fr_105_0604281535.swf
	deleted:    data/docs/fr_106_0605021118.swf
	deleted:    data/docs/fr_107_0605021500.swf
	deleted:    data/docs/fr_108_0605021443.swf
	deleted:    data/docs/fr_109_0605021707.swf
	deleted:    data/docs/fr_110_0706211722.swf
	deleted:    data/docs/fr_111_0706261740.swf
	deleted:    data/docs/fr_112_0706260937.swf
	deleted:    data/docs/fr_113_0604281236.swf
	deleted:    data/docs/fr_114_0707021219.swf
	deleted:    data/docs/fr_115_0707021219.swf
	deleted:    data/docs/fr_116_0707021220.swf
	deleted:    data/docs/fr_117_0707021220.swf
	deleted:    data/docs/fr_118_0611171112.swf
	deleted:    data/docs/fr_119_0609191659.swf
	deleted:    data/docs/fr_120_0707021220.swf
	deleted:    data/docs/fr_121_0707021220.swf
	deleted:    data/docs/fr_124_0701261821.swf
	deleted:    data/docs/fr_125_0706201212.swf
	deleted:    data/docs/fr_126_0609180944.swf
	deleted:    data/docs/fr_127_0609180944.swf
	deleted:    data/docs/fr_128_0707191759.swf
	deleted:    data/docs/fr_129_0611131033.swf
	deleted:    data/docs/fr_130_0610021445.swf
	deleted:    data/docs/fr_131_0706291750.swf
	deleted:    data/docs/fr_132_0706291424.swf
	deleted:    data/docs/fr_133_0706251722.swf
	deleted:    data/docs/fr_134_0701120938.swf
	deleted:    data/docs/fr_135_0707021221.swf
	deleted:    data/docs/fr_136_0707021221.swf
	deleted:    data/docs/fr_137_0707021221.swf
	deleted:    data/docs/fr_138_0707021222.swf
	deleted:    data/docs/fr_139_0612131303.swf
	deleted:    data/docs/fr_140_0706251243.swf
	deleted:    data/docs/fr_141_0706220954.swf
	deleted:    data/docs/fr_142_0706251829.swf
	deleted:    data/docs/fr_143_0706251252.swf
	deleted:    data/docs/fr_145_0706250958.swf
	deleted:    data/docs/fr_17_0707021529.swf
	deleted:    data/docs/fr_19_0706221544.swf
	deleted:    data/docs/fr_20_0706221539.swf
	deleted:    data/docs/fr_21_0706221539.swf
	deleted:    data/docs/fr_22_0706251517.swf
	deleted:    data/docs/fr_23_0707021602.swf
	deleted:    data/docs/fr_24_0707021800.swf
	deleted:    data/docs/fr_25_0706221016.swf
	deleted:    data/docs/fr_27_0706251416.swf
	deleted:    data/docs/fr_28_0706221224.swf
	deleted:    data/docs/fr_29_0706221226.swf
	deleted:    data/docs/fr_30_0706221227.swf
	deleted:    data/docs/fr_31_0706221247.swf
	deleted:    data/docs/fr_32_0706221245.swf
	deleted:    data/docs/fr_33_0707181509.swf
	deleted:    data/docs/fr_34_0706221254.swf
	deleted:    data/docs/fr_35_0706221234.swf
	deleted:    data/docs/fr_36_0706221256.swf
	deleted:    data/docs/fr_38_0706221239.swf
	deleted:    data/docs/fr_39_0706221547.swf
	deleted:    data/docs/fr_40_0706221555.swf
	deleted:    data/docs/fr_41_0706221516.swf
	deleted:    data/docs/fr_43_0706201719.swf
	deleted:    data/docs/fr_44_0706221611.swf
	deleted:    data/docs/fr_45_0707021218.swf
	deleted:    data/docs/fr_46_0707021219.swf
	deleted:    data/docs/fr_47_0707021223.swf
	deleted:    data/docs/fr_48_0707181459.swf
	deleted:    data/docs/fr_49_0707181507.swf
	deleted:    data/docs/fr_50_0706211149.swf
	deleted:    data/docs/fr_51_0706211150.swf
	deleted:    data/docs/fr_52_0706211152.swf
	deleted:    data/docs/fr_53_0706211407.swf
	deleted:    data/docs/fr_54_0706211408.swf
	deleted:    data/docs/fr_55_0707190952.swf
	deleted:    data/docs/fr_61_0802081743.swf
	deleted:    data/docs/fr_62_0706251124.swf
	deleted:    data/docs/fr_63_0706251124.swf
	deleted:    data/docs/fr_64_0706251123.swf
	deleted:    data/docs/fr_65_0706251123.swf
	deleted:    data/docs/fr_66_0706251126.swf
	deleted:    data/docs/fr_67_0706251223.swf
	deleted:    data/docs/fr_68_0706251126.swf
	deleted:    data/docs/fr_69_0706251058.swf
	deleted:    data/docs/fr_70_0706251122.swf
	deleted:    data/docs/fr_71_0706251229.swf
	deleted:    data/docs/fr_73_0706211414.swf
	deleted:    data/docs/fr_74_0603101709.swf
	deleted:    data/docs/fr_75_0603101710.swf
	deleted:    data/docs/fr_76_0603091219.swf
	deleted:    data/docs/fr_77_0603091218.swf
	deleted:    data/docs/fr_78_0706221019.swf
	deleted:    data/docs/fr_79_0603101711.swf
	deleted:    data/docs/fr_80_0510251009.swf
	deleted:    data/docs/fr_81_0510251010.swf
	deleted:    data/docs/fr_82_0510251006.swf
	deleted:    data/docs/fr_83_0510251006.swf
	deleted:    data/docs/fr_84_0603091211.swf
	deleted:    data/docs/fr_85_0603091209.swf
	deleted:    data/docs/fr_86_0510251017.swf
	deleted:    data/docs/fr_87_0706211416.swf
	deleted:    data/docs/fr_90_0706221037.swf
	deleted:    data/docs/fr_91_0707181821.swf
	deleted:    data/docs/fr_92_0606131155.swf
	deleted:    data/docs/fr_93_0706251135.swf
	deleted:    data/docs/fr_94_0706251138.swf
	deleted:    data/docs/fr_96_0706251201.swf
	deleted:    data/docs/fr_98_0706251211.swf
	deleted:    data/docs/it_100_0706251214.swf
	deleted:    data/docs/it_102_0604261732.swf
	deleted:    data/docs/it_103_0603081804.swf
	deleted:    data/docs/it_104_0603081744.swf
	deleted:    data/docs/it_105_0604281535.swf
	deleted:    data/docs/it_106_0605021118.swf
	deleted:    data/docs/it_107_0605021500.swf
	deleted:    data/docs/it_108_0605021443.swf
	deleted:    data/docs/it_109_0605021707.swf
	deleted:    data/docs/it_110_0706211722.swf
	deleted:    data/docs/it_111_0706261740.swf
	deleted:    data/docs/it_112_0706260937.swf
	deleted:    data/docs/it_113_0604281236.swf
	deleted:    data/docs/it_114_0707021219.swf
	deleted:    data/docs/it_115_0707021219.swf
	deleted:    data/docs/it_116_0707021220.swf
	deleted:    data/docs/it_117_0707021220.swf
	deleted:    data/docs/it_118_0611171112.swf
	deleted:    data/docs/it_119_0609191659.swf
	deleted:    data/docs/it_120_0707021220.swf
	deleted:    data/docs/it_121_0707021220.swf
	deleted:    data/docs/it_124_0701261821.swf
	deleted:    data/docs/it_125_0706201212.swf
	deleted:    data/docs/it_126_0609180944.swf
	deleted:    data/docs/it_127_0609180944.swf
	deleted:    data/docs/it_128_0707191759.swf
	deleted:    data/docs/it_129_0611131033.swf
	deleted:    data/docs/it_130_0610021445.swf
	deleted:    data/docs/it_131_0706291750.swf
	deleted:    data/docs/it_132_0706291424.swf
	deleted:    data/docs/it_133_0706251722.swf
	deleted:    data/docs/it_134_0701120938.swf
	deleted:    data/docs/it_135_0707021221.swf
	deleted:    data/docs/it_136_0707021221.swf
	deleted:    data/docs/it_137_0707021221.swf
	deleted:    data/docs/it_138_0707021222.swf
	deleted:    data/docs/it_139_0612131303.swf
	deleted:    data/docs/it_140_0706251243.swf
	deleted:    data/docs/it_141_0706220954.swf
	deleted:    data/docs/it_142_0706251829.swf
	deleted:    data/docs/it_143_0706251252.swf
	deleted:    data/docs/it_145_0706250958.swf
	deleted:    data/docs/it_17_0707021529.swf
	deleted:    data/docs/it_19_0706221544.swf
	deleted:    data/docs/it_20_0706221539.swf
	deleted:    data/docs/it_21_0706221539.swf
	deleted:    data/docs/it_22_0706251517.swf
	deleted:    data/docs/it_23_0707021602.swf
	deleted:    data/docs/it_24_0707021800.swf
	deleted:    data/docs/it_25_0706221016.swf
	deleted:    data/docs/it_27_0706251416.swf
	deleted:    data/docs/it_28_0706221224.swf
	deleted:    data/docs/it_29_0706221226.swf
	deleted:    data/docs/it_30_0706221227.swf
	deleted:    data/docs/it_31_0706221247.swf
	deleted:    data/docs/it_32_0706221245.swf
	deleted:    data/docs/it_33_0707181509.swf
	deleted:    data/docs/it_34_0706221254.swf
	deleted:    data/docs/it_35_0706221234.swf
	deleted:    data/docs/it_36_0706221256.swf
	deleted:    data/docs/it_38_0706221239.swf
	deleted:    data/docs/it_39_0706221547.swf
	deleted:    data/docs/it_40_0706221555.swf
	deleted:    data/docs/it_41_0706221516.swf
	deleted:    data/docs/it_43_0706201719.swf
	deleted:    data/docs/it_44_0706221611.swf
	deleted:    data/docs/it_45_0707021218.swf
	deleted:    data/docs/it_46_0707021219.swf
	deleted:    data/docs/it_47_0707021223.swf
	deleted:    data/docs/it_48_0707181459.swf
	deleted:    data/docs/it_49_0707181507.swf
	deleted:    data/docs/it_50_0706211149.swf
	deleted:    data/docs/it_51_0706211150.swf
	deleted:    data/docs/it_52_0706211152.swf
	deleted:    data/docs/it_53_0706211407.swf
	deleted:    data/docs/it_54_0706211408.swf
	deleted:    data/docs/it_55_0707190952.swf
	deleted:    data/docs/it_61_0802081743.swf
	deleted:    data/docs/it_62_0706251124.swf
	deleted:    data/docs/it_63_0706251124.swf
	deleted:    data/docs/it_64_0706251123.swf
	deleted:    data/docs/it_65_0706251123.swf
	deleted:    data/docs/it_66_0706251126.swf
	deleted:    data/docs/it_67_0706251223.swf
	deleted:    data/docs/it_68_0706251126.swf
	deleted:    data/docs/it_69_0706251058.swf
	deleted:    data/docs/it_70_0706251122.swf
	deleted:    data/docs/it_71_0706251229.swf
	deleted:    data/docs/it_73_0706211414.swf
	deleted:    data/docs/it_74_0603101709.swf
	deleted:    data/docs/it_75_0603101710.swf
	deleted:    data/docs/it_76_0603091219.swf
	deleted:    data/docs/it_77_0603091218.swf
	deleted:    data/docs/it_78_0706221019.swf
	deleted:    data/docs/it_79_0603101711.swf
	deleted:    data/docs/it_80_0510251009.swf
	deleted:    data/docs/it_81_0510251010.swf
	deleted:    data/docs/it_82_0510251006.swf
	deleted:    data/docs/it_83_0510251006.swf
	deleted:    data/docs/it_84_0603091211.swf
	deleted:    data/docs/it_85_0603091209.swf
	deleted:    data/docs/it_86_0510251017.swf
	deleted:    data/docs/it_87_0706211416.swf
	deleted:    data/docs/it_90_0706221037.swf
	deleted:    data/docs/it_91_0707181821.swf
	deleted:    data/docs/it_92_0606131155.swf
	deleted:    data/docs/it_93_0706251135.swf
	deleted:    data/docs/it_94_0706251138.swf
	deleted:    data/docs/it_96_0706251201.swf
	deleted:    data/docs/it_98_0706251211.swf
	deleted:    data/docs/jpg/carte-dofus-est.jpg
	deleted:    data/docs/jpg/carte-dofus-ouest.jpg
	deleted:    data/docs/nl_100_0706251214.swf
	deleted:    data/docs/nl_102_0604261732.swf
	deleted:    data/docs/nl_103_0603081804.swf
	deleted:    data/docs/nl_104_0603081744.swf
	deleted:    data/docs/nl_105_0604281535.swf
	deleted:    data/docs/nl_106_0605021118.swf
	deleted:    data/docs/nl_107_0605021500.swf
	deleted:    data/docs/nl_108_0605021443.swf
	deleted:    data/docs/nl_109_0605021707.swf
	deleted:    data/docs/nl_110_0706211722.swf
	deleted:    data/docs/nl_111_0706261740.swf
	deleted:    data/docs/nl_112_0706260937.swf
	deleted:    data/docs/nl_113_0604281236.swf
	deleted:    data/docs/nl_114_0707021219.swf
	deleted:    data/docs/nl_115_0707021219.swf
	deleted:    data/docs/nl_116_0707021220.swf
	deleted:    data/docs/nl_117_0707021220.swf
	deleted:    data/docs/nl_118_0611171112.swf
	deleted:    data/docs/nl_119_0609191659.swf
	deleted:    data/docs/nl_120_0707021220.swf
	deleted:    data/docs/nl_121_0707021220.swf
	deleted:    data/docs/nl_124_0701261821.swf
	deleted:    data/docs/nl_125_0706201212.swf
	deleted:    data/docs/nl_126_0609180944.swf
	deleted:    data/docs/nl_127_0609180944.swf
	deleted:    data/docs/nl_128_0707191759.swf
	deleted:    data/docs/nl_129_0611131033.swf
	deleted:    data/docs/nl_130_0610021445.swf
	deleted:    data/docs/nl_131_0706291750.swf
	deleted:    data/docs/nl_132_0706291424.swf
	deleted:    data/docs/nl_133_0706251722.swf
	deleted:    data/docs/nl_134_0701120938.swf
	deleted:    data/docs/nl_135_0707021221.swf
	deleted:    data/docs/nl_136_0707021221.swf
	deleted:    data/docs/nl_137_0707021221.swf
	deleted:    data/docs/nl_138_0707021222.swf
	deleted:    data/docs/nl_139_0612131303.swf
	deleted:    data/docs/nl_140_0706251243.swf
	deleted:    data/docs/nl_141_0706220954.swf
	deleted:    data/docs/nl_142_0706251829.swf
	deleted:    data/docs/nl_143_0706251252.swf
	deleted:    data/docs/nl_145_0706250958.swf
	deleted:    data/docs/nl_17_0707021529.swf
	deleted:    data/docs/nl_19_0706221544.swf
	deleted:    data/docs/nl_20_0706221539.swf
	deleted:    data/docs/nl_21_0706221539.swf
	deleted:    data/docs/nl_22_0706251517.swf
	deleted:    data/docs/nl_23_0707021602.swf
	deleted:    data/docs/nl_24_0707021800.swf
	deleted:    data/docs/nl_25_0706221016.swf
	deleted:    data/docs/nl_27_0706251416.swf
	deleted:    data/docs/nl_28_0706221224.swf
	deleted:    data/docs/nl_29_0706221226.swf
	deleted:    data/docs/nl_30_0706221227.swf
	deleted:    data/docs/nl_31_0706221247.swf
	deleted:    data/docs/nl_32_0706221245.swf
	deleted:    data/docs/nl_33_0707181509.swf
	deleted:    data/docs/nl_34_0706221254.swf
	deleted:    data/docs/nl_35_0706221234.swf
	deleted:    data/docs/nl_36_0706221256.swf
	deleted:    data/docs/nl_38_0706221239.swf
	deleted:    data/docs/nl_39_0706221547.swf
	deleted:    data/docs/nl_40_0706221555.swf
	deleted:    data/docs/nl_41_0706221516.swf
	deleted:    data/docs/nl_43_0706201719.swf
	deleted:    data/docs/nl_44_0706221611.swf
	deleted:    data/docs/nl_45_0707021218.swf
	deleted:    data/docs/nl_46_0707021219.swf
	deleted:    data/docs/nl_47_0707021223.swf
	deleted:    data/docs/nl_48_0707181459.swf
	deleted:    data/docs/nl_49_0707181507.swf
	deleted:    data/docs/nl_50_0706211149.swf
	deleted:    data/docs/nl_51_0706211150.swf
	deleted:    data/docs/nl_52_0706211152.swf
	deleted:    data/docs/nl_53_0706211407.swf
	deleted:    data/docs/nl_54_0706211408.swf
	deleted:    data/docs/nl_55_0707190952.swf
	deleted:    data/docs/nl_61_0802081743.swf
	deleted:    data/docs/nl_62_0706251124.swf
	deleted:    data/docs/nl_63_0706251124.swf
	deleted:    data/docs/nl_64_0706251123.swf
	deleted:    data/docs/nl_65_0706251123.swf
	deleted:    data/docs/nl_66_0706251126.swf
	deleted:    data/docs/nl_67_0706251223.swf
	deleted:    data/docs/nl_68_0706251126.swf
	deleted:    data/docs/nl_69_0706251058.swf
	deleted:    data/docs/nl_70_0706251122.swf
	deleted:    data/docs/nl_71_0706251229.swf
	deleted:    data/docs/nl_73_0706211414.swf
	deleted:    data/docs/nl_74_0603101709.swf
	deleted:    data/docs/nl_75_0603101710.swf
	deleted:    data/docs/nl_76_0603091219.swf
	deleted:    data/docs/nl_77_0603091218.swf
	deleted:    data/docs/nl_78_0706221019.swf
	deleted:    data/docs/nl_79_0603101711.swf
	deleted:    data/docs/nl_80_0510251009.swf
	deleted:    data/docs/nl_81_0510251010.swf
	deleted:    data/docs/nl_82_0510251006.swf
	deleted:    data/docs/nl_83_0510251006.swf
	deleted:    data/docs/nl_84_0603091211.swf
	deleted:    data/docs/nl_85_0603091209.swf
	deleted:    data/docs/nl_86_0510251017.swf
	deleted:    data/docs/nl_87_0706211416.swf
	deleted:    data/docs/nl_90_0706221037.swf
	deleted:    data/docs/nl_91_0707181821.swf
	deleted:    data/docs/nl_92_0606131155.swf
	deleted:    data/docs/nl_93_0706251135.swf
	deleted:    data/docs/nl_94_0706251138.swf
	deleted:    data/docs/nl_96_0706251201.swf
	deleted:    data/docs/nl_98_0706251211.swf
	deleted:    data/docs/pt_100_0706251214.swf
	deleted:    data/docs/pt_102_0604261732.swf
	deleted:    data/docs/pt_103_0603081804.swf
	deleted:    data/docs/pt_104_0603081744.swf
	deleted:    data/docs/pt_105_0604281535.swf
	deleted:    data/docs/pt_106_0605021118.swf
	deleted:    data/docs/pt_107_0605021500.swf
	deleted:    data/docs/pt_108_0605021443.swf
	deleted:    data/docs/pt_109_0605021707.swf
	deleted:    data/docs/pt_110_0706211722.swf
	deleted:    data/docs/pt_111_0706261740.swf
	deleted:    data/docs/pt_112_0706260937.swf
	deleted:    data/docs/pt_113_0604281236.swf
	deleted:    data/docs/pt_114_0707021219.swf
	deleted:    data/docs/pt_115_0707021219.swf
	deleted:    data/docs/pt_116_0707021220.swf
	deleted:    data/docs/pt_117_0707021220.swf
	deleted:    data/docs/pt_118_0611171112.swf
	deleted:    data/docs/pt_119_0609191659.swf
	deleted:    data/docs/pt_120_0707021220.swf
	deleted:    data/docs/pt_121_0707021220.swf
	deleted:    data/docs/pt_124_0701261821.swf
	deleted:    data/docs/pt_125_0706201212.swf
	deleted:    data/docs/pt_126_0609180944.swf
	deleted:    data/docs/pt_127_0609180944.swf
	deleted:    data/docs/pt_128_0707191759.swf
	deleted:    data/docs/pt_129_0611131033.swf
	deleted:    data/docs/pt_130_0610021445.swf
	deleted:    data/docs/pt_131_0706291750.swf
	deleted:    data/docs/pt_132_0706291424.swf
	deleted:    data/docs/pt_133_0706251722.swf
	deleted:    data/docs/pt_134_0701120938.swf
	deleted:    data/docs/pt_135_0707021221.swf
	deleted:    data/docs/pt_136_0707021221.swf
	deleted:    data/docs/pt_137_0707021221.swf
	deleted:    data/docs/pt_138_0707021222.swf
	deleted:    data/docs/pt_139_0612131303.swf
	deleted:    data/docs/pt_140_0706251243.swf
	deleted:    data/docs/pt_141_0706220954.swf
	deleted:    data/docs/pt_142_0706251829.swf
	deleted:    data/docs/pt_143_0706251252.swf
	deleted:    data/docs/pt_145_0706250958.swf
	deleted:    data/docs/pt_17_0707021529.swf
	deleted:    data/docs/pt_19_0706221544.swf
	deleted:    data/docs/pt_20_0706221539.swf
	deleted:    data/docs/pt_21_0706221539.swf
	deleted:    data/docs/pt_22_0706251517.swf
	deleted:    data/docs/pt_23_0707021602.swf
	deleted:    data/docs/pt_24_0707021800.swf
	deleted:    data/docs/pt_25_0706221016.swf
	deleted:    data/docs/pt_27_0706251416.swf
	deleted:    data/docs/pt_28_0706221224.swf
	deleted:    data/docs/pt_29_0706221226.swf
	deleted:    data/docs/pt_30_0706221227.swf
	deleted:    data/docs/pt_31_0706221247.swf
	deleted:    data/docs/pt_32_0706221245.swf
	deleted:    data/docs/pt_33_0707181509.swf
	deleted:    data/docs/pt_34_0706221254.swf
	deleted:    data/docs/pt_35_0706221234.swf
	deleted:    data/docs/pt_36_0706221256.swf
	deleted:    data/docs/pt_38_0706221239.swf
	deleted:    data/docs/pt_39_0706221547.swf
	deleted:    data/docs/pt_40_0706221555.swf
	deleted:    data/docs/pt_41_0706221516.swf
	deleted:    data/docs/pt_43_0706201719.swf
	deleted:    data/docs/pt_44_0706221611.swf
	deleted:    data/docs/pt_45_0707021218.swf
	deleted:    data/docs/pt_46_0707021219.swf
	deleted:    data/docs/pt_47_0707021223.swf
	deleted:    data/docs/pt_48_0707181459.swf
	deleted:    data/docs/pt_49_0707181507.swf
	deleted:    data/docs/pt_50_0706211149.swf
	deleted:    data/docs/pt_51_0706211150.swf
	deleted:    data/docs/pt_52_0706211152.swf
	deleted:    data/docs/pt_53_0706211407.swf
	deleted:    data/docs/pt_54_0706211408.swf
	deleted:    data/docs/pt_55_0707190952.swf
	deleted:    data/docs/pt_61_0802081743.swf
	deleted:    data/docs/pt_62_0706251124.swf
	deleted:    data/docs/pt_63_0706251124.swf
	deleted:    data/docs/pt_64_0706251123.swf
	deleted:    data/docs/pt_65_0706251123.swf
	deleted:    data/docs/pt_66_0706251126.swf
	deleted:    data/docs/pt_67_0706251223.swf
	deleted:    data/docs/pt_68_0706251126.swf
	deleted:    data/docs/pt_69_0706251058.swf
	deleted:    data/docs/pt_70_0706251122.swf
	deleted:    data/docs/pt_71_0706251229.swf
	deleted:    data/docs/pt_73_0706211414.swf
	deleted:    data/docs/pt_74_0603101709.swf
	deleted:    data/docs/pt_75_0603101710.swf
	deleted:    data/docs/pt_76_0603091219.swf
	deleted:    data/docs/pt_77_0603091218.swf
	deleted:    data/docs/pt_78_0706221019.swf
	deleted:    data/docs/pt_79_0603101711.swf
	deleted:    data/docs/pt_80_0510251009.swf
	deleted:    data/docs/pt_81_0510251010.swf
	deleted:    data/docs/pt_82_0510251006.swf
	deleted:    data/docs/pt_83_0510251006.swf
	deleted:    data/docs/pt_84_0603091211.swf
	deleted:    data/docs/pt_85_0603091209.swf
	deleted:    data/docs/pt_86_0510251017.swf
	deleted:    data/docs/pt_87_0706211416.swf
	deleted:    data/docs/pt_90_0706221037.swf
	deleted:    data/docs/pt_91_0707181821.swf
	deleted:    data/docs/pt_92_0606131155.swf
	deleted:    data/docs/pt_93_0706251135.swf
	deleted:    data/docs/pt_94_0706251138.swf
	deleted:    data/docs/pt_96_0706251201.swf
	deleted:    data/docs/pt_98_0706251211.swf
	deleted:    data/docs/swf/1.swf
	deleted:    data/docs/swf/10.swf
	deleted:    data/docs/swf/11.swf
	deleted:    data/docs/swf/12.swf
	deleted:    data/docs/swf/13.swf
	deleted:    data/docs/swf/14.swf
	deleted:    data/docs/swf/15.swf
	deleted:    data/docs/swf/16.swf
	deleted:    data/docs/swf/17.swf
	deleted:    data/docs/swf/18.swf
	deleted:    data/docs/swf/19.swf
	deleted:    data/docs/swf/2.swf
	deleted:    data/docs/swf/21.swf
	deleted:    data/docs/swf/22.swf
	deleted:    data/docs/swf/23.swf
	deleted:    data/docs/swf/24.swf
	deleted:    data/docs/swf/25.swf
	deleted:    data/docs/swf/26.swf
	deleted:    data/docs/swf/27.swf
	deleted:    data/docs/swf/28.swf
	deleted:    data/docs/swf/29.swf
	deleted:    data/docs/swf/3.swf
	deleted:    data/docs/swf/30.swf
	deleted:    data/docs/swf/31.swf
	deleted:    data/docs/swf/4.swf
	deleted:    data/docs/swf/40.swf
	deleted:    data/docs/swf/5.swf
	deleted:    data/docs/swf/53.swf
	deleted:    data/docs/swf/6.swf
	deleted:    data/docs/swf/7.swf
	deleted:    data/docs/swf/8.swf
	deleted:    data/docs/swf/9.swf
	deleted:    data/maps/10000_0706131721X.swf
	deleted:    data/maps/10001_0706131721X.swf
	deleted:    data/maps/10002_0706131721X.swf
	deleted:    data/maps/10003_0706131721X.swf
	deleted:    data/maps/10004_0706131721X.swf
	deleted:    data/maps/10005_0706131721X.swf
	deleted:    data/maps/10006_0706131721X.swf
	deleted:    data/maps/10007_0706131721X.swf
	deleted:    data/maps/10008_0706131721X.swf
	deleted:    data/maps/10009_0706131721X.swf
	deleted:    data/maps/1000_0706131721X.swf
	deleted:    data/maps/10010_0706131721X.swf
	deleted:    data/maps/10011_0706131721X.swf
	deleted:    data/maps/10012_0706131721X.swf
	deleted:    data/maps/10013_0706131721X.swf
	deleted:    data/maps/10014_0706131721X.swf
	deleted:    data/maps/10015_0706131721X.swf
	deleted:    data/maps/10016_0706131721X.swf
	deleted:    data/maps/10017_0706131721X.swf
	deleted:    data/maps/10018_0706131721X.swf
	deleted:    data/maps/10019_0706131721X.swf
	deleted:    data/maps/1001_0706131721X.swf
	deleted:    data/maps/10020_0706131721X.swf
	deleted:    data/maps/10021_0712131221X.swf
	deleted:    data/maps/10022_0712131222X.swf
	deleted:    data/maps/10023_0712131223X.swf
	deleted:    data/maps/10024_0712131223X.swf
	deleted:    data/maps/10025_2109291746X.swf
	deleted:    data/maps/10026_0706131721X.swf
	deleted:    data/maps/10027_0706131721X.swf
	deleted:    data/maps/10028_0706131721X.swf
	deleted:    data/maps/10029_0706131721X.swf
	deleted:    data/maps/1002_0706131721X.swf
	deleted:    data/maps/10030_0706131721X.swf
	deleted:    data/maps/10031_0706131721X.swf
	deleted:    data/maps/10032_0706131721X.swf
	deleted:    data/maps/1003_0706131721X.swf
	deleted:    data/maps/1004_0706131721X.swf
	deleted:    data/maps/1005_0706131721X.swf
	deleted:    data/maps/1006_0706131721X.swf
	deleted:    data/maps/1007_0706131721X.swf
	deleted:    data/maps/10097_0706131721X.swf
	deleted:    data/maps/10098_2109291621X.swf
	deleted:    data/maps/10099_0706131721X.swf
	deleted:    data/maps/100_0706131721X.swf
	deleted:    data/maps/10100_0708171537X.swf
	deleted:    data/maps/10101_0706131721X.swf
	deleted:    data/maps/10102_0706131721X.swf
	deleted:    data/maps/10103_0706131721X.swf
	deleted:    data/maps/10106_0706131721X.swf
	deleted:    data/maps/10107_0706131721X.swf
	deleted:    data/maps/10109_0706131721X.swf
	deleted:    data/maps/1010_0706131721X.swf
	deleted:    data/maps/10110_0706131721X.swf
	deleted:    data/maps/10111_0706131721X.swf
	deleted:    data/maps/10112_0706131721X.swf
	deleted:    data/maps/10114_0907091136X.swf
	deleted:    data/maps/10115_0907091136X.swf
	deleted:    data/maps/10116_0907091136X.swf
	deleted:    data/maps/10117_0907091136X.swf
	deleted:    data/maps/10118_0909071113X.swf
	deleted:    data/maps/10119_0907091136X.swf
	deleted:    data/maps/1011_0706131721X.swf
	deleted:    data/maps/10120_0907091136X.swf
	deleted:    data/maps/10121_0907091136X.swf
	deleted:    data/maps/10122_0907091136X.swf
	deleted:    data/maps/10124_0710031216X.swf
	deleted:    data/maps/10125_0710031216X.swf
	deleted:    data/maps/10126_0710031216X.swf
	deleted:    data/maps/10127_0710031217X.swf
	deleted:    data/maps/10129_0907100943X.swf
	deleted:    data/maps/1012_0706131721X.swf
	deleted:    data/maps/10131_2109291738X.swf
	deleted:    data/maps/10132_2110061101X.swf
	deleted:    data/maps/10133_2109291742X.swf
	deleted:    data/maps/10134_2109291741X.swf
	deleted:    data/maps/10135_2109300955X.swf
	deleted:    data/maps/10136_2109300957X.swf
	deleted:    data/maps/10137_2109300952X.swf
	deleted:    data/maps/10138_2109300958X.swf
	deleted:    data/maps/10139_0706131721X.swf
	deleted:    data/maps/10140_0706131721X.swf
	deleted:    data/maps/10141_0706131721X.swf
	deleted:    data/maps/10142_0706131721X.swf
	deleted:    data/maps/10143_0706131721X.swf
	deleted:    data/maps/10144_0706131721X.swf
	deleted:    data/maps/10145_0706131721X.swf
	deleted:    data/maps/10146_0706131721X.swf
	deleted:    data/maps/10147_0706131721X.swf
	deleted:    data/maps/10148_0706131721X.swf
	deleted:    data/maps/10149_0706251205X.swf
	deleted:    data/maps/1014_0706131721X.swf
	deleted:    data/maps/10150_0706131721X.swf
	deleted:    data/maps/10151_0901201416X.swf
	deleted:    data/maps/10153_0706131721X.swf
	deleted:    data/maps/10154_0706131721X.swf
	deleted:    data/maps/10155_0706131721X.swf
	deleted:    data/maps/10156_0706131721X.swf
	deleted:    data/maps/10157_0706131721X.swf
	deleted:    data/maps/10158_0706131721X.swf
	deleted:    data/maps/10159_0706131721X.swf
	deleted:    data/maps/1015_0706131721X.swf
	deleted:    data/maps/10160_0706131721X.swf
	deleted:    data/maps/10161_0706131721X.swf
	deleted:    data/maps/10162_0706131721X.swf
	deleted:    data/maps/10163_0706131721X.swf
	deleted:    data/maps/10164_0810301309X.swf
	deleted:    data/maps/10165_0706131721X.swf
	deleted:    data/maps/10166_0706131721X.swf
	deleted:    data/maps/10167_0706131721X.swf
	deleted:    data/maps/10168_0706131721X.swf
	deleted:    data/maps/10169_0706131721X.swf
	deleted:    data/maps/1016_0706131721X.swf
	deleted:    data/maps/10170_0706131721X.swf
	deleted:    data/maps/10171_0706131721X.swf
	deleted:    data/maps/10172_0707161110X.swf
	deleted:    data/maps/10173_0706131721X.swf
	deleted:    data/maps/10174_0706131721X.swf
	deleted:    data/maps/10175_0706131721X.swf
	deleted:    data/maps/10176_0706131721X.swf
	deleted:    data/maps/10177_0706131721X.swf
	deleted:    data/maps/10178_0706131721X.swf
	deleted:    data/maps/10179_0706131721X.swf
	deleted:    data/maps/1017_0706131721X.swf
	deleted:    data/maps/10180_0706131721X.swf
	deleted:    data/maps/10181_0706131721X.swf
	deleted:    data/maps/10182_0706131721X.swf
	deleted:    data/maps/10183_0706131721X.swf
	deleted:    data/maps/10184_0706131721X.swf
	deleted:    data/maps/10185_0706271758X.swf
	deleted:    data/maps/10186_0706131721X.swf
	deleted:    data/maps/10187_0706131721X.swf
	deleted:    data/maps/10188_0706131721X.swf
	deleted:    data/maps/10189_0706260937X.swf
	deleted:    data/maps/1018_0706131721X.swf
	deleted:    data/maps/10190_0706131721X.swf
	deleted:    data/maps/10191_0706131721X.swf
	deleted:    data/maps/10192_0706131721X.swf
	deleted:    data/maps/10193_0706131721X.swf
	deleted:    data/maps/10194_0706131721X.swf
	deleted:    data/maps/10195_0706131721X.swf
	deleted:    data/maps/10196_0706131721X.swf
	deleted:    data/maps/10197_0706131721X.swf
	deleted:    data/maps/10198_0706131721X.swf
	deleted:    data/maps/10199_0706131721X.swf
	deleted:    data/maps/1019_0706131721X.swf
	deleted:    data/maps/101_0706131721X.swf
	deleted:    data/maps/10200_0706131721X.swf
	deleted:    data/maps/10201_0706131721X.swf
	deleted:    data/maps/10202_0706131721X.swf
	deleted:    data/maps/10203_0706131721X.swf
	deleted:    data/maps/10204_0706131721X.swf
	deleted:    data/maps/10205_0706131721X.swf
	deleted:    data/maps/10206_0706131721X.swf
	deleted:    data/maps/10207_0706131721X.swf
	deleted:    data/maps/10209_0706131721X.swf
	deleted:    data/maps/1020_0706131721X.swf
	deleted:    data/maps/10210_0706131721X.swf
	deleted:    data/maps/10211_0706131721X.swf
	deleted:    data/maps/10212_0706131721X.swf
	deleted:    data/maps/10213_0706131721X.swf
	deleted:    data/maps/10214_0909221716X.swf
	deleted:    data/maps/10215_0909221716X.swf
	deleted:    data/maps/10216_0905151930X.swf
	deleted:    data/maps/10217_0905151930X.swf
	deleted:    data/maps/1021_0706131721X.swf
	deleted:    data/maps/10222_0706131721X.swf
	deleted:    data/maps/10223_0706131721X.swf
	deleted:    data/maps/10224_0706141524X.swf
	deleted:    data/maps/10225_0706131721X.swf
	deleted:    data/maps/10226_0706131721X.swf
	deleted:    data/maps/10227_0706131721X.swf
	deleted:    data/maps/10228_0706131721X.swf
	deleted:    data/maps/10229_0706131721X.swf
	deleted:    data/maps/1022_0706131721X.swf
	deleted:    data/maps/10231_0706131721X.swf
	deleted:    data/maps/10232_0706131721X.swf
	deleted:    data/maps/10233_0706131721X.swf
	deleted:    data/maps/10234_0706131721X.swf
	deleted:    data/maps/10235_0706131721X.swf
	deleted:    data/maps/1023_0706131721X.swf
	deleted:    data/maps/10240_0706131721X.swf
	deleted:    data/maps/10241_0706131721X.swf
	deleted:    data/maps/10243_0706131721X.swf
	deleted:    data/maps/10244_0706131721X.swf
	deleted:    data/maps/10245_0706131721X.swf
	deleted:    data/maps/10247_0706131721X.swf
	deleted:    data/maps/10248_0706131721X.swf
	deleted:    data/maps/10249_0706131721X.swf
	deleted:    data/maps/1024_0706131721X.swf
	deleted:    data/maps/10251_0706131721X.swf
	deleted:    data/maps/10252_0706131721X.swf
	deleted:    data/maps/10253_0706131721X.swf
	deleted:    data/maps/10254_0910131031X.swf
	deleted:    data/maps/10255_0903120849X.swf
	deleted:    data/maps/10256_0706131721X.swf
	deleted:    data/maps/10257_0706131721X.swf
	deleted:    data/maps/10258_0802250905X.swf
	deleted:    data/maps/1025_0706131721X.swf
	deleted:    data/maps/1026_0706131721X.swf
	deleted:    data/maps/10271_2109291604X.swf
	deleted:    data/maps/10273_0802221754X.swf
	deleted:    data/maps/10275_0706131721X.swf
	deleted:    data/maps/10276_0802221753X.swf
	deleted:    data/maps/10277_0706131721X.swf
	deleted:    data/maps/10278_0706131721X.swf
	deleted:    data/maps/10279_0802221744X.swf
	deleted:    data/maps/1027_0706131721X.swf
	deleted:    data/maps/10280_0706131721X.swf
	deleted:    data/maps/10281_0706131721X.swf
	deleted:    data/maps/10282_0706131721X.swf
	deleted:    data/maps/10283_0802221739X.swf
	deleted:    data/maps/10284_0802221741X.swf
	deleted:    data/maps/10285_0802221749X.swf
	deleted:    data/maps/10286_0706131721X.swf
	deleted:    data/maps/10287_0706131721X.swf
	deleted:    data/maps/10288_0802221844X.swf
	deleted:    data/maps/10289_0802221748X.swf
	deleted:    data/maps/1028_0706131721X.swf
	deleted:    data/maps/10290_0706141524X.swf
	deleted:    data/maps/10291_0706131721X.swf
	deleted:    data/maps/10292_0802221742X.swf
	deleted:    data/maps/10293_0706131721X.swf
	deleted:    data/maps/10294_0802221747X.swf
	deleted:    data/maps/10295_0804041110X.swf
	deleted:    data/maps/10296_0802221743X.swf
	deleted:    data/maps/10297_0802221713X.swf
	deleted:    data/maps/10298_0802221745X.swf
	deleted:    data/maps/10299_0802221746X.swf
	deleted:    data/maps/1029_0706131721X.swf
	deleted:    data/maps/102_0706131721X.swf
	deleted:    data/maps/10300_0802221747X.swf
	deleted:    data/maps/10301_0909071138X.swf
	deleted:    data/maps/10302_0709271842X.swf
	deleted:    data/maps/10303_0706131721X.swf
	deleted:    data/maps/10304_0706131721X.swf
	deleted:    data/maps/10305_0802221754X.swf
	deleted:    data/maps/10306_0706131721X.swf
	deleted:    data/maps/10307_0706131721X.swf
	deleted:    data/maps/10308_0706131721X.swf
	deleted:    data/maps/10309_0706131721X.swf
	deleted:    data/maps/1030_0706131721X.swf
	deleted:    data/maps/10310_0706131721X.swf
	deleted:    data/maps/10311_0706131721X.swf
	deleted:    data/maps/10312_0706131721X.swf
	deleted:    data/maps/10313_0706131721X.swf
	deleted:    data/maps/10314_0706131721X.swf
	deleted:    data/maps/10315_0706131721X.swf
	deleted:    data/maps/10316_0706131721X.swf
	deleted:    data/maps/10317_0706131721X.swf
	deleted:    data/maps/10318_0801081546X.swf
	deleted:    data/maps/10319_0706131721X.swf
	deleted:    data/maps/1031_0706131721X.swf
	deleted:    data/maps/10321_0802221744X.swf
	deleted:    data/maps/10322_0802221740X.swf
	deleted:    data/maps/10323_0802221741X.swf
	deleted:    data/maps/10324_0802221749X.swf
	deleted:    data/maps/10325_0802221748X.swf
	deleted:    data/maps/10326_0802221742X.swf
	deleted:    data/maps/10327_0802221747X.swf
	deleted:    data/maps/10328_0802221743X.swf
	deleted:    data/maps/10329_0802221745X.swf
	deleted:    data/maps/1032_0706131721X.swf
	deleted:    data/maps/10330_0802250910X.swf
	deleted:    data/maps/10331_0802221747X.swf
	deleted:    data/maps/10332_0706131721X.swf
	deleted:    data/maps/10333_0706131721X.swf
	deleted:    data/maps/10334_0706131721X.swf
	deleted:    data/maps/10335_0706131721X.swf
	deleted:    data/maps/10336_0706131721X.swf
	deleted:    data/maps/10337_0802250906X.swf
	deleted:    data/maps/10338_0706131721X.swf
	deleted:    data/maps/10339_0706131721X.swf
	deleted:    data/maps/1033_0706131721X.swf
	deleted:    data/maps/10340_0706131721X.swf
	deleted:    data/maps/10341_0706131721X.swf
	deleted:    data/maps/10342_0706131721X.swf
	deleted:    data/maps/10343_0706131721X.swf
	deleted:    data/maps/10344_0706131721X.swf
	deleted:    data/maps/10345_0802221713X.swf
	deleted:    data/maps/10346_0706131721X.swf
	deleted:    data/maps/10347_0706131721X.swf
	deleted:    data/maps/10348_0706131721X.swf
	deleted:    data/maps/10349_0706131721X.swf
	deleted:    data/maps/1034_0706131721X.swf
	deleted:    data/maps/10351_0706131721X.swf
	deleted:    data/maps/10352_0712171151X.swf
	deleted:    data/maps/10353_0902201112X.swf
	deleted:    data/maps/10354_0909011153X.swf
	deleted:    data/maps/10355_0706131721X.swf
	deleted:    data/maps/10356_0706201810X.swf
	deleted:    data/maps/10357_0706141524X.swf
	deleted:    data/maps/10358_0706131721X.swf
	deleted:    data/maps/10359_0706131721X.swf
	deleted:    data/maps/1035_0706141524X.swf
	deleted:    data/maps/10360_0706131721X.swf
	deleted:    data/maps/10361_0706131721X.swf
	deleted:    data/maps/10362_0706131721X.swf
	deleted:    data/maps/10363_0706131721X.swf
	deleted:    data/maps/10364_0706131721X.swf
	deleted:    data/maps/10365_0706131721X.swf
	deleted:    data/maps/10368_0706131721X.swf
	deleted:    data/maps/1036_0706131721X.swf
	deleted:    data/maps/10370_0706131721X.swf
	deleted:    data/maps/10371_0706131721X.swf
	deleted:    data/maps/1037_0809241153X.swf
	deleted:    data/maps/1038_0706131721X.swf
	deleted:    data/maps/1039_0806171511X.swf
	deleted:    data/maps/103_0706131721X.swf
	deleted:    data/maps/1040_0706131721X.swf
	deleted:    data/maps/10415_0706131721X.swf
	deleted:    data/maps/10417_0801021739X.swf
	deleted:    data/maps/10418_0801021741X.swf
	deleted:    data/maps/10419_0801021742X.swf
	deleted:    data/maps/1041_0706131721X.swf
	deleted:    data/maps/10420_0706141524X.swf
	deleted:    data/maps/10421_0706131721X.swf
	deleted:    data/maps/10422_0706131721X.swf
	deleted:    data/maps/10423_0708081110X.swf
	deleted:    data/maps/10424_0706131721X.swf
	deleted:    data/maps/10425_0706141524X.swf
	deleted:    data/maps/10426_0706131721X.swf
	deleted:    data/maps/10427_0706131721X.swf
	deleted:    data/maps/10428_0709251446X.swf
	deleted:    data/maps/10429_0907291635X.swf
	deleted:    data/maps/1042_0706131721X.swf
	deleted:    data/maps/10430_0710011124X.swf
	deleted:    data/maps/10431_0710121202X.swf
	deleted:    data/maps/10432_0706131721X.swf
	deleted:    data/maps/10433_0706131721X.swf
	deleted:    data/maps/10434_0706141524X.swf
	deleted:    data/maps/10435_0706131721X.swf
	deleted:    data/maps/10436_0706131721X.swf
	deleted:    data/maps/10437_0708021100X.swf
	deleted:    data/maps/10438_0804231613X.swf
	deleted:    data/maps/10439_0804231614X.swf
	deleted:    data/maps/1043_0706131721X.swf
	deleted:    data/maps/10440_0804231614X.swf
	deleted:    data/maps/10441_0804231614X.swf
	deleted:    data/maps/10442_0706131721X.swf
	deleted:    data/maps/10443_0706131721X.swf
	deleted:    data/maps/10444_0707041002X.swf
	deleted:    data/maps/10445_0707041100X.swf
	deleted:    data/maps/10446_0708241415X.swf
	deleted:    data/maps/10447_0706131721X.swf
	deleted:    data/maps/10448_0710011019X.swf
	deleted:    data/maps/10449_0708241748X.swf
	deleted:    data/maps/1044_0706131721X.swf
	deleted:    data/maps/10450_0708241209X.swf
	deleted:    data/maps/10451_0706131721X.swf
	deleted:    data/maps/10452_0707041004X.swf
	deleted:    data/maps/10453_0707041054X.swf
	deleted:    data/maps/10454_0706131721X.swf
	deleted:    data/maps/10455_0706131721X.swf
	deleted:    data/maps/10456_0706131721X.swf
	deleted:    data/maps/10457_0707041007X.swf
	deleted:    data/maps/10458_0708241213X.swf
	deleted:    data/maps/10459_0706131721X.swf
	deleted:    data/maps/10460_0903161526X.swf
	deleted:    data/maps/10461_0902231010X.swf
	deleted:    data/maps/10462_0706131721X.swf
	deleted:    data/maps/10463_0707041009X.swf
	deleted:    data/maps/10464_0707041049X.swf
	deleted:    data/maps/10465_0708011624X.swf
	deleted:    data/maps/10466_0708271337X.swf
	deleted:    data/maps/10467_0706131721X.swf
	deleted:    data/maps/10468_0706131721X.swf
	deleted:    data/maps/10469_0708241207X.swf
	deleted:    data/maps/1046_0706131721X.swf
	deleted:    data/maps/10470_0707041012X.swf
	deleted:    data/maps/10471_0707041048X.swf
	deleted:    data/maps/10472_0706271212X.swf
	deleted:    data/maps/10473_0706131721X.swf
	deleted:    data/maps/10474_0706131721X.swf
	deleted:    data/maps/10475_0708221850X.swf
	deleted:    data/maps/10476_0710011018X.swf
	deleted:    data/maps/10477_0708241412X.swf
	deleted:    data/maps/10478_0706131721X.swf
	deleted:    data/maps/10479_0708241414X.swf
	deleted:    data/maps/1047_0901221630X.swf
	deleted:    data/maps/10480_0708241439X.swf
	deleted:    data/maps/10481_0707041016X.swf
	deleted:    data/maps/10482_0707041045X.swf
	deleted:    data/maps/10483_0706131721X.swf
	deleted:    data/maps/10484_0706131721X.swf
	deleted:    data/maps/10485_0707041017X.swf
	deleted:    data/maps/10486_0707181806X.swf
	deleted:    data/maps/10487_0707041044X.swf
	deleted:    data/maps/10488_0707181740X.swf
	deleted:    data/maps/10489_0708241416X.swf
	deleted:    data/maps/1048_0706131721X.swf
	deleted:    data/maps/10490_0706131721X.swf
	deleted:    data/maps/10491_0706271046X.swf
	deleted:    data/maps/10492_0708241425X.swf
	deleted:    data/maps/10493_0706271047X.swf
	deleted:    data/maps/10494_0706131721X.swf
	deleted:    data/maps/10495_0706131721X.swf
	deleted:    data/maps/10496_0708241208X.swf
	deleted:    data/maps/10497_0707041043X.swf
	deleted:    data/maps/10498_0706131721X.swf
	deleted:    data/maps/10499_0707171808X.swf
	deleted:    data/maps/1049_0706131721X.swf
	deleted:    data/maps/104_0706131721X.swf
	deleted:    data/maps/10500_0708241430X.swf
	deleted:    data/maps/10501_0706131721X.swf
	deleted:    data/maps/10502_0707041021X.swf
	deleted:    data/maps/10503_0706271116X.swf
	deleted:    data/maps/10504_0707041042X.swf
	deleted:    data/maps/10505_0706271109X.swf
	deleted:    data/maps/10506_0706131721X.swf
	deleted:    data/maps/10507_0706131721X.swf
	deleted:    data/maps/10508_0708241211X.swf
	deleted:    data/maps/10509_0708131620X.swf
	deleted:    data/maps/1050_0706131721X.swf
	deleted:    data/maps/10510_0706271045X.swf
	deleted:    data/maps/10511_0707041030X.swf
	deleted:    data/maps/10512_0707041025X.swf
	deleted:    data/maps/10513_0707181804X.swf
	deleted:    data/maps/10514_0707041037X.swf
	deleted:    data/maps/10515_0707181640X.swf
	deleted:    data/maps/10516_0707041035X.swf
	deleted:    data/maps/10517_0708241213X.swf
	deleted:    data/maps/10518_0707041034X.swf
	deleted:    data/maps/10519_0708141119X.swf
	deleted:    data/maps/1051_0706131721X.swf
	deleted:    data/maps/10520_0706271048X.swf
	deleted:    data/maps/10521_0707311408X.swf
	deleted:    data/maps/10522_0706271049X.swf
	deleted:    data/maps/10523_0710011433X.swf
	deleted:    data/maps/10524_0708011611X.swf
	deleted:    data/maps/10525_0709201855X.swf
	deleted:    data/maps/10526_0707181655X.swf
	deleted:    data/maps/10527_0707171117X.swf
	deleted:    data/maps/10528_0708241430X.swf
	deleted:    data/maps/10529_0707171122X.swf
	deleted:    data/maps/1052_0706131721X.swf
	deleted:    data/maps/10530_0707181658X.swf
	deleted:    data/maps/10531_0708101651X.swf
	deleted:    data/maps/10532_0707190958X.swf
	deleted:    data/maps/10533_0707181701X.swf
	deleted:    data/maps/10534_0806231120X.swf
	deleted:    data/maps/10535_0708241216X.swf
	deleted:    data/maps/10537_0707181704X.swf
	deleted:    data/maps/1053_0708201724X.swf
	deleted:    data/maps/10540_0707191128X.swf
	deleted:    data/maps/10541_0707311606X.swf
	deleted:    data/maps/10542_0707241018X.swf
	deleted:    data/maps/10544_0707181710X.swf
	deleted:    data/maps/10547_0708241210X.swf
	deleted:    data/maps/10548_0707200940X.swf
	deleted:    data/maps/10549_0706131721X.swf
	deleted:    data/maps/1054_0706131721X.swf
	deleted:    data/maps/10550_0707241015X.swf
	deleted:    data/maps/10552_0707040957X.swf
	deleted:    data/maps/10554_0811261025X.swf
	deleted:    data/maps/10556_0710011206X.swf
	deleted:    data/maps/10557_0811261019X.swf
	deleted:    data/maps/10558_0706131721X.swf
	deleted:    data/maps/10559_0811261013X.swf
	deleted:    data/maps/1055_0706131721X.swf
	deleted:    data/maps/10560_0706131721X.swf
	deleted:    data/maps/10561_0811261007X.swf
	deleted:    data/maps/10563_0706131721X.swf
	deleted:    data/maps/10564_0707021021X.swf
	deleted:    data/maps/10565_0706131721X.swf
	deleted:    data/maps/10566_0902111057X.swf
	deleted:    data/maps/10569_0707021016X.swf
	deleted:    data/maps/1056_0706131721X.swf
	deleted:    data/maps/10570_0706131721X.swf
	deleted:    data/maps/10571_0707181721X.swf
	deleted:    data/maps/10572_0707181756X.swf
	deleted:    data/maps/10573_0706131721X.swf
	deleted:    data/maps/10574_0710010923X.swf
	deleted:    data/maps/10575_0708141122X.swf
	deleted:    data/maps/10576_0707021017X.swf
	deleted:    data/maps/10577_0708241206X.swf
	deleted:    data/maps/10578_0707020953X.swf
	deleted:    data/maps/10579_0707020944X.swf
	deleted:    data/maps/1057_0706131721X.swf
	deleted:    data/maps/10580_0707020943X.swf
	deleted:    data/maps/10581_0708241209X.swf
	deleted:    data/maps/10582_0706271749X.swf
	deleted:    data/maps/10583_0707181728X.swf
	deleted:    data/maps/10584_0706271707X.swf
	deleted:    data/maps/10585_0707181731X.swf
	deleted:    data/maps/10586_0706271627X.swf
	deleted:    data/maps/10587_0707191003X.swf
	deleted:    data/maps/10588_0707181732X.swf
	deleted:    data/maps/10589_0710011131X.swf
	deleted:    data/maps/1058_0706131721X.swf
	deleted:    data/maps/10590_0709171119X.swf
	deleted:    data/maps/10591_0709131746X.swf
	deleted:    data/maps/10592_0707041047X.swf
	deleted:    data/maps/10593_0707191004X.swf
	deleted:    data/maps/10594_0707041044X.swf
	deleted:    data/maps/10595_0707311617X.swf
	deleted:    data/maps/10596_0709131747X.swf
	deleted:    data/maps/10597_0706271500X.swf
	deleted:    data/maps/10598_0707181735X.swf
	deleted:    data/maps/10599_0811261005X.swf
	deleted:    data/maps/1059_0909161435X.swf
	deleted:    data/maps/105_0706131721X.swf
	deleted:    data/maps/10600_0811261012X.swf
	deleted:    data/maps/10601_0811261016X.swf
	deleted:    data/maps/10602_0811261024X.swf
	deleted:    data/maps/10603_0710310947X.swf
	deleted:    data/maps/10604_0902111053X.swf
	deleted:    data/maps/10605_0707181728X.swf
	deleted:    data/maps/10606_0811261003X.swf
	deleted:    data/maps/10607_0811261009X.swf
	deleted:    data/maps/10608_0709171105X.swf
	deleted:    data/maps/10609_0811261015X.swf
	deleted:    data/maps/10610_0709171103X.swf
	deleted:    data/maps/10611_0811261022X.swf
	deleted:    data/maps/10612_0706271147X.swf
	deleted:    data/maps/10613_0706131721X.swf
	deleted:    data/maps/10614_0710310947X.swf
	deleted:    data/maps/10615_0709121622X.swf
	deleted:    data/maps/10616_0911031545X.swf
	deleted:    data/maps/10617_0708241214X.swf
	deleted:    data/maps/10618_0811261008X.swf
	deleted:    data/maps/10619_0706271111X.swf
	deleted:    data/maps/10620_0708231232X.swf
	deleted:    data/maps/10621_0706271105X.swf
	deleted:    data/maps/10622_0811261021X.swf
	deleted:    data/maps/10623_0706271015X.swf
	deleted:    data/maps/10624_0709121620X.swf
	deleted:    data/maps/10625_0707031738X.swf
	deleted:    data/maps/10626_0708101726X.swf
	deleted:    data/maps/10627_0708141630X.swf
	deleted:    data/maps/10628_0709171120X.swf
	deleted:    data/maps/10629_0706270958X.swf
	deleted:    data/maps/1062_0706131721X.swf
	deleted:    data/maps/10630_0811261014X.swf
	deleted:    data/maps/10631_0706261556X.swf
	deleted:    data/maps/10632_0707201119X.swf
	deleted:    data/maps/10633_0707171445X.swf
	deleted:    data/maps/10634_0706271101X.swf
	deleted:    data/maps/10635_0710011016X.swf
	deleted:    data/maps/10636_0710011434X.swf
	deleted:    data/maps/10637_0707241009X.swf
	deleted:    data/maps/10638_0708031119X.swf
	deleted:    data/maps/10639_0708241415X.swf
	deleted:    data/maps/1063_0706131721X.swf
	deleted:    data/maps/10640_0710011430X.swf
	deleted:    data/maps/10641_0710011418X.swf
	deleted:    data/maps/10642_0708081547X.swf
	deleted:    data/maps/10643_0905151930X.swf
	deleted:    data/maps/10644_0708091228X.swf
	deleted:    data/maps/10645_0806231119X.swf
	deleted:    data/maps/10646_0903301131X.swf
	deleted:    data/maps/10647_0708031139X.swf
	deleted:    data/maps/10648_0710011149X.swf
	deleted:    data/maps/10649_0708081535X.swf
	deleted:    data/maps/1064_0706131721X.swf
	deleted:    data/maps/10650_0708031140X.swf
	deleted:    data/maps/10651_0710011139X.swf
	deleted:    data/maps/10652_0706131721X.swf
	deleted:    data/maps/10653_0710011139X.swf
	deleted:    data/maps/10654_0710011133X.swf
	deleted:    data/maps/10655_0710011135X.swf
	deleted:    data/maps/1065_0706131721X.swf
	deleted:    data/maps/10662_0708021237X.swf
	deleted:    data/maps/10664_0706131721X.swf
	deleted:    data/maps/10667_0706131721X.swf
	deleted:    data/maps/10669_0801301150X.swf
	deleted:    data/maps/1066_0706131721X.swf
	deleted:    data/maps/10672_0711131713X.swf
	deleted:    data/maps/10674_0710151511X.swf
	deleted:    data/maps/10676_0710011114X.swf
	deleted:    data/maps/10677_0708241425X.swf
	deleted:    data/maps/10678_0706131721X.swf
	deleted:    data/maps/10679_0706131721X.swf
	deleted:    data/maps/1067_0706131721X.swf
	deleted:    data/maps/10680_0708011622X.swf
	deleted:    data/maps/10683_0708241211X.swf
	deleted:    data/maps/10684_0706131721X.swf
	deleted:    data/maps/10685_0706131721X.swf
	deleted:    data/maps/10686_0708241219X.swf
	deleted:    data/maps/10687_0706131721X.swf
	deleted:    data/maps/10688_0806271203X.swf
	deleted:    data/maps/10689_0706131721X.swf
	deleted:    data/maps/1068_0706131721X.swf
	deleted:    data/maps/10690_0706191135X.swf
	deleted:    data/maps/10691_0706191135X.swf
	deleted:    data/maps/10692_0708171729X.swf
	deleted:    data/maps/10693_0708241152X.swf
	deleted:    data/maps/10695_0709041219X.swf
	deleted:    data/maps/10696_0710051117X.swf
	deleted:    data/maps/10697_0706131721X.swf
	deleted:    data/maps/10698_0706131721X.swf
	deleted:    data/maps/10699_0706131721X.swf
	deleted:    data/maps/1069_0706131721X.swf
	deleted:    data/maps/10700_0712171838X.swf
	deleted:    data/maps/10701_0708241217X.swf
	deleted:    data/maps/10702_0708241212X.swf
	deleted:    data/maps/10703_0706131721X.swf
	deleted:    data/maps/10704_0708171729X.swf
	deleted:    data/maps/10705_0708140926X.swf
	deleted:    data/maps/10706_0706131721X.swf
	deleted:    data/maps/10707_0706131721X.swf
	deleted:    data/maps/10708_0708011620X.swf
	deleted:    data/maps/10709_0706131721X.swf
	deleted:    data/maps/1070_0706131721X.swf
	deleted:    data/maps/10710_0706131721X.swf
	deleted:    data/maps/10711_0706131721X.swf
	deleted:    data/maps/10712_0706131721X.swf
	deleted:    data/maps/10713_0707191002X.swf
	deleted:    data/maps/10714_0706131721X.swf
	deleted:    data/maps/10715_0706131721X.swf
	deleted:    data/maps/10716_0706131721X.swf
	deleted:    data/maps/10717_0706131721X.swf
	deleted:    data/maps/10718_0709131747X.swf
	deleted:    data/maps/10719_0708221739X.swf
	deleted:    data/maps/1071_0706131721X.swf
	deleted:    data/maps/10720_0706131721X.swf
	deleted:    data/maps/10721_0706131721X.swf
	deleted:    data/maps/10722_0710031811X.swf
	deleted:    data/maps/10723_0707311734X.swf
	deleted:    data/maps/10724_0706131721X.swf
	deleted:    data/maps/10725_0706131721X.swf
	deleted:    data/maps/10726_0707311734X.swf
	deleted:    data/maps/10727_0706131721X.swf
	deleted:    data/maps/10728_0706131721X.swf
	deleted:    data/maps/10729_0706131721X.swf
	deleted:    data/maps/1072_0706131721X.swf
	deleted:    data/maps/10730_0710011026X.swf
	deleted:    data/maps/10731_0706131721X.swf
	deleted:    data/maps/10732_0708241432X.swf
	deleted:    data/maps/10733_0706131721X.swf
	deleted:    data/maps/10734_0706271214X.swf
	deleted:    data/maps/10735_0804281442X.swf
	deleted:    data/maps/10736_0706131721X.swf
	deleted:    data/maps/10737_0706271216X.swf
	deleted:    data/maps/10738_0706270959X.swf
	deleted:    data/maps/10739_0708241428X.swf
	deleted:    data/maps/1073_0706131721X.swf
	deleted:    data/maps/10740_0708241434X.swf
	deleted:    data/maps/10741_0706261557X.swf
	deleted:    data/maps/10742_0706131721X.swf
	deleted:    data/maps/10743_0707171448X.swf
	deleted:    data/maps/10744_0906101452X.swf
	deleted:    data/maps/10745_0708031159X.swf
	deleted:    data/maps/10746_0708221656X.swf
	deleted:    data/maps/10747_0708031042X.swf
	deleted:    data/maps/10748_0708031132X.swf
	deleted:    data/maps/10749_0708200936X.swf
	deleted:    data/maps/1074_0706131721X.swf
	deleted:    data/maps/10750_0708031143X.swf
	deleted:    data/maps/10751_0708031145X.swf
	deleted:    data/maps/10752_0708241411X.swf
	deleted:    data/maps/10753_0708031032X.swf
	deleted:    data/maps/10754_0710011126X.swf
	deleted:    data/maps/10755_0907241428X.swf
	deleted:    data/maps/10756_0710011137X.swf
	deleted:    data/maps/10757_0806231118X.swf
	deleted:    data/maps/10758_0710011131X.swf
	deleted:    data/maps/10759_0710011126X.swf
	deleted:    data/maps/1075_0706131721X.swf
	deleted:    data/maps/10760_0710011121X.swf
	deleted:    data/maps/10761_0710011121X.swf
	deleted:    data/maps/10762_0809031655X.swf
	deleted:    data/maps/10763_0710011117X.swf
	deleted:    data/maps/10764_0710011114X.swf
	deleted:    data/maps/10765_0710011114X.swf
	deleted:    data/maps/10766_0710011113X.swf
	deleted:    data/maps/10767_0710011112X.swf
	deleted:    data/maps/10768_0710011112X.swf
	deleted:    data/maps/10769_0710011111X.swf
	deleted:    data/maps/1076_0706131721X.swf
	deleted:    data/maps/10770_0710011047X.swf
	deleted:    data/maps/10771_0710011046X.swf
	deleted:    data/maps/10772_0710011044X.swf
	deleted:    data/maps/10773_0710011044X.swf
	deleted:    data/maps/10774_0710011043X.swf
	deleted:    data/maps/10775_0706131721X.swf
	deleted:    data/maps/10776_0706131721X.swf
	deleted:    data/maps/10777_0710011046X.swf
	deleted:    data/maps/10778_0706131721X.swf
	deleted:    data/maps/10779_0706131721X.swf
	deleted:    data/maps/1077_0706131721X.swf
	deleted:    data/maps/10780_0710011046X.swf
	deleted:    data/maps/10781_0710011045X.swf
	deleted:    data/maps/10782_0708200927X.swf
	deleted:    data/maps/10783_0706201805X.swf
	deleted:    data/maps/10784_0706131721X.swf
	deleted:    data/maps/1078_0706131721X.swf
	deleted:    data/maps/10790_0708211726X.swf
	deleted:    data/maps/10791_0708211727X.swf
	deleted:    data/maps/1079_0806241734X.swf
	deleted:    data/maps/10800_0708091040X.swf
	deleted:    data/maps/10801_0708091043X.swf
	deleted:    data/maps/10802_0708091043X.swf
	deleted:    data/maps/10803_0708091043X.swf
	deleted:    data/maps/10804_0708091044X.swf
	deleted:    data/maps/10805_0708091047X.swf
	deleted:    data/maps/10806_0708091050X.swf
	deleted:    data/maps/10807_0708201042X.swf
	deleted:    data/maps/10808_0708131606X.swf
	deleted:    data/maps/10809_0708211156X.swf
	deleted:    data/maps/1080_0706131721X.swf
	deleted:    data/maps/10810_0708161024X.swf
	deleted:    data/maps/10811_0708131612X.swf
	deleted:    data/maps/10812_0709241753X.swf
	deleted:    data/maps/10813_0708131658X.swf
	deleted:    data/maps/10814_0708130943X.swf
	deleted:    data/maps/10815_0709171152X.swf
	deleted:    data/maps/10816_0706200950X.swf
	deleted:    data/maps/10817_0708011620X.swf
	deleted:    data/maps/10818_0804151100X.swf
	deleted:    data/maps/10819_0706201000X.swf
	deleted:    data/maps/1081_0706131721X.swf
	deleted:    data/maps/10821_0706200956X.swf
	deleted:    data/maps/10822_0706200959X.swf
	deleted:    data/maps/10823_0706200958X.swf
	deleted:    data/maps/10824_0706131721X.swf
	deleted:    data/maps/10825_0805271715X.swf
	deleted:    data/maps/10826_0706131721X.swf
	deleted:    data/maps/10827_0710011133X.swf
	deleted:    data/maps/10829_0707191004X.swf
	deleted:    data/maps/1082_0706131721X.swf
	deleted:    data/maps/10830_0707191117X.swf
	deleted:    data/maps/10831_0710011130X.swf
	deleted:    data/maps/10832_0707261031X.swf
	deleted:    data/maps/10833_0710011120X.swf
	deleted:    data/maps/10834_0710011119X.swf
	deleted:    data/maps/10835_0710011120X.swf
	deleted:    data/maps/10836_0901281036X.swf
	deleted:    data/maps/10837_0707261022X.swf
	deleted:    data/maps/10838_0707201003X.swf
	deleted:    data/maps/10839_0707201019X.swf
	deleted:    data/maps/1083_0706131721X.swf
	deleted:    data/maps/10840_0710011115X.swf
	deleted:    data/maps/10841_0707261003X.swf
	deleted:    data/maps/10842_0707201043X.swf
	deleted:    data/maps/10843_0707201443X.swf
	deleted:    data/maps/10844_0709121620X.swf
	deleted:    data/maps/10845_0707201443X.swf
	deleted:    data/maps/10846_0707201444X.swf
	deleted:    data/maps/10847_0707260940X.swf
	deleted:    data/maps/10848_0708241417X.swf
	deleted:    data/maps/10849_0707201152X.swf
	deleted:    data/maps/10850_0709260934X.swf
	deleted:    data/maps/10851_0707260930X.swf
	deleted:    data/maps/10852_0707241024X.swf
	deleted:    data/maps/10853_0709121533X.swf
	deleted:    data/maps/10854_0707201755X.swf
	deleted:    data/maps/10855_0707261006X.swf
	deleted:    data/maps/10858_0707201741X.swf
	deleted:    data/maps/10859_0708031108X.swf
	deleted:    data/maps/1085_0706131721X.swf
	deleted:    data/maps/10860_0708031107X.swf
	deleted:    data/maps/10861_0708031107X.swf
	deleted:    data/maps/10862_0707201741X.swf
	deleted:    data/maps/10864_0708031114X.swf
	deleted:    data/maps/10865_0707201741X.swf
	deleted:    data/maps/10866_0708031110X.swf
	deleted:    data/maps/10867_0708031110X.swf
	deleted:    data/maps/10868_0708031111X.swf
	deleted:    data/maps/10869_0707201742X.swf
	deleted:    data/maps/1086_0706131721X.swf
	deleted:    data/maps/10870_0708031115X.swf
	deleted:    data/maps/10871_0708031118X.swf
	deleted:    data/maps/10872_0708031118X.swf
	deleted:    data/maps/10873_0708031118X.swf
	deleted:    data/maps/10874_0708031117X.swf
	deleted:    data/maps/10875_0707201742X.swf
	deleted:    data/maps/10876_0708031121X.swf
	deleted:    data/maps/10877_0708031120X.swf
	deleted:    data/maps/10878_0708031120X.swf
	deleted:    data/maps/10879_0708031123X.swf
	deleted:    data/maps/1087_0706131721X.swf
	deleted:    data/maps/10880_0708031123X.swf
	deleted:    data/maps/10881_0707201742X.swf
	deleted:    data/maps/10882_0708031122X.swf
	deleted:    data/maps/10883_0707201740X.swf
	deleted:    data/maps/10884_0708031125X.swf
	deleted:    data/maps/10885_0707201740X.swf
	deleted:    data/maps/10886_0708031127X.swf
	deleted:    data/maps/10887_0708031037X.swf
	deleted:    data/maps/10888_0708031132X.swf
	deleted:    data/maps/10889_0708031133X.swf
	deleted:    data/maps/10890_0709201735X.swf
	deleted:    data/maps/10891_0708031135X.swf
	deleted:    data/maps/10892_0708031138X.swf
	deleted:    data/maps/10893_0708031140X.swf
	deleted:    data/maps/10894_0709201735X.swf
	deleted:    data/maps/10895_0708031142X.swf
	deleted:    data/maps/10896_0708031144X.swf
	deleted:    data/maps/10897_0708021811X.swf
	deleted:    data/maps/10898_0708031032X.swf
	deleted:    data/maps/10899_0708031034X.swf
	deleted:    data/maps/10900_0707201740X.swf
	deleted:    data/maps/10901_2110051142X.swf
	deleted:    data/maps/10902_0708161416X.swf
	deleted:    data/maps/10903_0708161416X.swf
	deleted:    data/maps/10904_0708031125X.swf
	deleted:    data/maps/10905_0708081535X.swf
	deleted:    data/maps/10906_0708031132X.swf
	deleted:    data/maps/10907_0708031133X.swf
	deleted:    data/maps/10908_0708031040X.swf
	deleted:    data/maps/10909_0708031040X.swf
	deleted:    data/maps/1090_0706131721X.swf
	deleted:    data/maps/10910_0708031140X.swf
	deleted:    data/maps/10911_0708031142X.swf
	deleted:    data/maps/10912_0708031144X.swf
	deleted:    data/maps/10913_0708031146X.swf
	deleted:    data/maps/10914_0708031032X.swf
	deleted:    data/maps/10915_0708031125X.swf
	deleted:    data/maps/10916_0708031127X.swf
	deleted:    data/maps/10917_0708031127X.swf
	deleted:    data/maps/10918_0708031042X.swf
	deleted:    data/maps/10919_0708031132X.swf
	deleted:    data/maps/1091_0706131721X.swf
	deleted:    data/maps/10920_0708031134X.swf
	deleted:    data/maps/10921_0708031135X.swf
	deleted:    data/maps/10922_0707201443X.swf
	deleted:    data/maps/10923_0708031138X.swf
	deleted:    data/maps/10924_0708031139X.swf
	deleted:    data/maps/10925_0708031140X.swf
	deleted:    data/maps/10926_0708031141X.swf
	deleted:    data/maps/10927_0708031142X.swf
	deleted:    data/maps/10928_0708031144X.swf
	deleted:    data/maps/10929_0708031144X.swf
	deleted:    data/maps/1092_2110261731X.swf
	deleted:    data/maps/10930_0707241102X.swf
	deleted:    data/maps/10931_0708031039X.swf
	deleted:    data/maps/10932_0708031031X.swf
	deleted:    data/maps/10933_0708031034X.swf
	deleted:    data/maps/10934_0707241011X.swf
	deleted:    data/maps/10935_0707241104X.swf
	deleted:    data/maps/10936_0707241106X.swf
	deleted:    data/maps/10937_0707241028X.swf
	deleted:    data/maps/10938_0707241106X.swf
	deleted:    data/maps/10939_0707241108X.swf
	deleted:    data/maps/1093_0706131721X.swf
	deleted:    data/maps/10940_0707241109X.swf
	deleted:    data/maps/10941_0707241111X.swf
	deleted:    data/maps/10942_0710011051X.swf
	deleted:    data/maps/10943_0710011051X.swf
	deleted:    data/maps/10944_0710011111X.swf
	deleted:    data/maps/10945_0710011050X.swf
	deleted:    data/maps/10946_0710011050X.swf
	deleted:    data/maps/10947_0710011046X.swf
	deleted:    data/maps/1095_0706131721X.swf
	deleted:    data/maps/10960_0707241028X.swf
	deleted:    data/maps/10961_0707241106X.swf
	deleted:    data/maps/10962_0707241108X.swf
	deleted:    data/maps/10963_0707241109X.swf
	deleted:    data/maps/10964_0707241111X.swf
	deleted:    data/maps/10965_0707241028X.swf
	deleted:    data/maps/10966_0707241106X.swf
	deleted:    data/maps/10967_0707241108X.swf
	deleted:    data/maps/10968_0707241109X.swf
	deleted:    data/maps/10969_0707241111X.swf
	deleted:    data/maps/1096_0706131721X.swf
	deleted:    data/maps/10975_0706131721X.swf
	deleted:    data/maps/10977_0706131721X.swf
	deleted:    data/maps/10978_0706131721X.swf
	deleted:    data/maps/10979_0706131721X.swf
	deleted:    data/maps/1097_0706131721X.swf
	deleted:    data/maps/10980_0908070919X.swf
	deleted:    data/maps/10981_0707241028X.swf
	deleted:    data/maps/10982_0707241106X.swf
	deleted:    data/maps/10983_0707241108X.swf
	deleted:    data/maps/10984_0707241109X.swf
	deleted:    data/maps/10985_0707241111X.swf
	deleted:    data/maps/10986_0706131721X.swf
	deleted:    data/maps/10987_0708031507X.swf
	deleted:    data/maps/10988_0708031438X.swf
	deleted:    data/maps/10989_0708031438X.swf
	deleted:    data/maps/1098_0706131721X.swf
	deleted:    data/maps/10990_0708031508X.swf
	deleted:    data/maps/10991_0708031508X.swf
	deleted:    data/maps/10992_0708031454X.swf
	deleted:    data/maps/10993_0708031454X.swf
	deleted:    data/maps/10994_0708031454X.swf
	deleted:    data/maps/10995_0708031454X.swf
	deleted:    data/maps/10996_0708031506X.swf
	deleted:    data/maps/10997_0708031519X.swf
	deleted:    data/maps/10998_0708031519X.swf
	deleted:    data/maps/10999_0708031519X.swf
	deleted:    data/maps/1099_0706131721X.swf
	deleted:    data/maps/11000_0708031519X.swf
	deleted:    data/maps/11001_0708031519X.swf
	deleted:    data/maps/11002_0708031533X.swf
	deleted:    data/maps/11003_0708031533X.swf
	deleted:    data/maps/11004_0708031533X.swf
	deleted:    data/maps/11005_0708031533X.swf
	deleted:    data/maps/11006_0708031533X.swf
	deleted:    data/maps/11007_0708031442X.swf
	deleted:    data/maps/11008_0708031441X.swf
	deleted:    data/maps/11009_0708031441X.swf
	deleted:    data/maps/1100_0706131721X.swf
	deleted:    data/maps/11010_0708031442X.swf
	deleted:    data/maps/11011_0708031536X.swf
	deleted:    data/maps/11012_0708031504X.swf
	deleted:    data/maps/11013_0708031504X.swf
	deleted:    data/maps/11014_0708031504X.swf
	deleted:    data/maps/11015_0708031504X.swf
	deleted:    data/maps/11016_0708031504X.swf
	deleted:    data/maps/11017_0708031516X.swf
	deleted:    data/maps/11018_0708031516X.swf
	deleted:    data/maps/11019_0708031516X.swf
	deleted:    data/maps/1101_0706131721X.swf
	deleted:    data/maps/11020_0708031516X.swf
	deleted:    data/maps/11021_0708031516X.swf
	deleted:    data/maps/11022_0708031529X.swf
	deleted:    data/maps/11023_0708031529X.swf
	deleted:    data/maps/11024_0708031529X.swf
	deleted:    data/maps/11025_0708031529X.swf
	deleted:    data/maps/11026_0708031529X.swf
	deleted:    data/maps/11027_0708031446X.swf
	deleted:    data/maps/11028_0708031446X.swf
	deleted:    data/maps/11029_0708031446X.swf
	deleted:    data/maps/1102_0706131721X.swf
	deleted:    data/maps/11030_0708031446X.swf
	deleted:    data/maps/11031_0708031457X.swf
	deleted:    data/maps/11032_0708031457X.swf
	deleted:    data/maps/11033_0708031457X.swf
	deleted:    data/maps/11034_0708031457X.swf
	deleted:    data/maps/11035_0708031513X.swf
	deleted:    data/maps/11036_0708031513X.swf
	deleted:    data/maps/11037_0708031513X.swf
	deleted:    data/maps/11038_0708031513X.swf
	deleted:    data/maps/11039_0708031525X.swf
	deleted:    data/maps/11040_0708031525X.swf
	deleted:    data/maps/11041_0708031525X.swf
	deleted:    data/maps/11042_0708031525X.swf
	deleted:    data/maps/11043_0708031450X.swf
	deleted:    data/maps/11044_0708031449X.swf
	deleted:    data/maps/11045_0708031449X.swf
	deleted:    data/maps/11046_0708031449X.swf
	deleted:    data/maps/11047_0708081532X.swf
	deleted:    data/maps/11048_0708081533X.swf
	deleted:    data/maps/11049_0708081533X.swf
	deleted:    data/maps/11050_0708081533X.swf
	deleted:    data/maps/11051_0708031510X.swf
	deleted:    data/maps/11052_0708031510X.swf
	deleted:    data/maps/11053_0708031510X.swf
	deleted:    data/maps/11054_0708031510X.swf
	deleted:    data/maps/11055_0708031522X.swf
	deleted:    data/maps/11056_0708031522X.swf
	deleted:    data/maps/11057_0708031522X.swf
	deleted:    data/maps/11058_0708031522X.swf
	deleted:    data/maps/11059_0708281730X.swf
	deleted:    data/maps/1105_0706131721X.swf
	deleted:    data/maps/11060_0708281729X.swf
	deleted:    data/maps/11062_0708281730X.swf
	deleted:    data/maps/11063_0708281729X.swf
	deleted:    data/maps/11065_0708281720X.swf
	deleted:    data/maps/11066_0710031813X.swf
	deleted:    data/maps/11067_0708281710X.swf
	deleted:    data/maps/11068_0708131202X.swf
	deleted:    data/maps/11069_0708281732X.swf
	deleted:    data/maps/1106_0706131721X.swf
	deleted:    data/maps/11071_0708131205X.swf
	deleted:    data/maps/11072_0708131227X.swf
	deleted:    data/maps/11073_0708281732X.swf
	deleted:    data/maps/11074_0708281713X.swf
	deleted:    data/maps/11075_0708130953X.swf
	deleted:    data/maps/11076_0708130955X.swf
	deleted:    data/maps/11077_0708141631X.swf
	deleted:    data/maps/11078_0710031433X.swf
	deleted:    data/maps/11079_0711071607X.swf
	deleted:    data/maps/11080_0708011620X.swf
	deleted:    data/maps/11081_0707311124X.swf
	deleted:    data/maps/11082_0708241419X.swf
	deleted:    data/maps/11083_0708021128X.swf
	deleted:    data/maps/11084_0708131613X.swf
	deleted:    data/maps/11085_0707311538X.swf
	deleted:    data/maps/11086_0709031105X.swf
	deleted:    data/maps/11087_0801241358X.swf
	deleted:    data/maps/11088_0707311533X.swf
	deleted:    data/maps/11089_0708021143X.swf
	deleted:    data/maps/1108_0706131721X.swf
	deleted:    data/maps/11090_0707311533X.swf
	deleted:    data/maps/11091_0708201007X.swf
	deleted:    data/maps/11093_0708201028X.swf
	deleted:    data/maps/11094_0708241616X.swf
	deleted:    data/maps/11095_0801090928X.swf
	deleted:    data/maps/11096_0708241209X.swf
	deleted:    data/maps/11097_0708021028X.swf
	deleted:    data/maps/11098_0708021438X.swf
	deleted:    data/maps/11099_0708021450X.swf
	deleted:    data/maps/1109_0706131721X.swf
	deleted:    data/maps/11100_0708031450X.swf
	deleted:    data/maps/11101_0708021048X.swf
	deleted:    data/maps/11102_0708021544X.swf
	deleted:    data/maps/11103_0708021213X.swf
	deleted:    data/maps/11104_0708281753X.swf
	deleted:    data/maps/11105_0708021216X.swf
	deleted:    data/maps/11106_0708241704X.swf
	deleted:    data/maps/11107_0708021725X.swf
	deleted:    data/maps/11108_0708222027X.swf
	deleted:    data/maps/11109_0708021745X.swf
	deleted:    data/maps/11110_0708021801X.swf
	deleted:    data/maps/11111_0708230908X.swf
	deleted:    data/maps/11112_0708030935X.swf
	deleted:    data/maps/11113_0708230909X.swf
	deleted:    data/maps/11114_0708030954X.swf
	deleted:    data/maps/11115_0708230910X.swf
	deleted:    data/maps/11116_0708031008X.swf
	deleted:    data/maps/11117_0708031019X.swf
	deleted:    data/maps/11118_0708241427X.swf
	deleted:    data/maps/11119_0708031053X.swf
	deleted:    data/maps/1111_0706131721X.swf
	deleted:    data/maps/11120_0710031443X.swf
	deleted:    data/maps/11121_0708230912X.swf
	deleted:    data/maps/11122_0708031124X.swf
	deleted:    data/maps/11123_0708031124X.swf
	deleted:    data/maps/11124_0708031132X.swf
	deleted:    data/maps/11125_0708090913X.swf
	deleted:    data/maps/11126_0708031225X.swf
	deleted:    data/maps/11127_0708230914X.swf
	deleted:    data/maps/11128_0709131455X.swf
	deleted:    data/maps/1112_0706141524X.swf
	deleted:    data/maps/11130_0708031159X.swf
	deleted:    data/maps/11131_0708071001X.swf
	deleted:    data/maps/11132_0708031611X.swf
	deleted:    data/maps/11133_0811121014X.swf
	deleted:    data/maps/11134_0708161751X.swf
	deleted:    data/maps/11135_0708201126X.swf
	deleted:    data/maps/11136_0708241955X.swf
	deleted:    data/maps/11137_0708241104X.swf
	deleted:    data/maps/11138_0708241105X.swf
	deleted:    data/maps/11139_0708061028X.swf
	deleted:    data/maps/1113_0903120854X.swf
	deleted:    data/maps/11140_0708071053X.swf
	deleted:    data/maps/11141_0708241742X.swf
	deleted:    data/maps/11142_0708241422X.swf
	deleted:    data/maps/11143_0708241106X.swf
	deleted:    data/maps/11144_0708061028X.swf
	deleted:    data/maps/11145_0708061049X.swf
	deleted:    data/maps/11146_0708241108X.swf
	deleted:    data/maps/11147_0708061058X.swf
	deleted:    data/maps/11148_0708061205X.swf
	deleted:    data/maps/11149_0708061224X.swf
	deleted:    data/maps/11150_0708231442X.swf
	deleted:    data/maps/11151_0708241109X.swf
	deleted:    data/maps/11152_0708061454X.swf
	deleted:    data/maps/11153_0710011409X.swf
	deleted:    data/maps/11154_0708061503X.swf
	deleted:    data/maps/11155_0708061454X.swf
	deleted:    data/maps/11156_0708061454X.swf
	deleted:    data/maps/11157_0805120938X.swf
	deleted:    data/maps/11158_0710011409X.swf
	deleted:    data/maps/11159_0708241112X.swf
	deleted:    data/maps/11160_0710031453X.swf
	deleted:    data/maps/11162_0708241114X.swf
	deleted:    data/maps/11163_0708241115X.swf
	deleted:    data/maps/11164_0708071119X.swf
	deleted:    data/maps/11165_0708241428X.swf
	deleted:    data/maps/11166_0708241115X.swf
	deleted:    data/maps/11167_0708101014X.swf
	deleted:    data/maps/11168_0708241424X.swf
	deleted:    data/maps/11169_0708071108X.swf
	deleted:    data/maps/1116_0706131721X.swf
	deleted:    data/maps/11170_0812091011X.swf
	deleted:    data/maps/11171_0708071119X.swf
	deleted:    data/maps/11172_0708241116X.swf
	deleted:    data/maps/11173_0708081134X.swf
	deleted:    data/maps/11174_0708241117X.swf
	deleted:    data/maps/11175_0708231224X.swf
	deleted:    data/maps/11176_0708241118X.swf
	deleted:    data/maps/11178_0708241119X.swf
	deleted:    data/maps/11179_0712201453X.swf
	deleted:    data/maps/1117_0706131721X.swf
	deleted:    data/maps/11180_0709171052X.swf
	deleted:    data/maps/11181_0712201453X.swf
	deleted:    data/maps/11182_0709101646X.swf
	deleted:    data/maps/11183_0708131719X.swf
	deleted:    data/maps/11184_0708241123X.swf
	deleted:    data/maps/11185_0708080949X.swf
	deleted:    data/maps/11186_0708231152X.swf
	deleted:    data/maps/11187_0708241124X.swf
	deleted:    data/maps/11188_0708291531X.swf
	deleted:    data/maps/11189_0708241125X.swf
	deleted:    data/maps/1118_0906290933X.swf
	deleted:    data/maps/11190_0708291530X.swf
	deleted:    data/maps/11191_0708241126X.swf
	deleted:    data/maps/11193_0708241127X.swf
	deleted:    data/maps/11194_0708081139X.swf
	deleted:    data/maps/11195_0708241128X.swf
	deleted:    data/maps/11196_0708241130X.swf
	deleted:    data/maps/11197_0905281728X.swf
	deleted:    data/maps/11198_0708081140X.swf
	deleted:    data/maps/11199_0708241139X.swf
	deleted:    data/maps/1119_0806171755X.swf
	deleted:    data/maps/11200_0708241140X.swf
	deleted:    data/maps/11201_0708071750X.swf
	deleted:    data/maps/11202_0708081154X.swf
	deleted:    data/maps/11203_0708241151X.swf
	deleted:    data/maps/11204_0708241152X.swf
	deleted:    data/maps/11205_0708241153X.swf
	deleted:    data/maps/11206_0708291529X.swf
	deleted:    data/maps/11207_0708241154X.swf
	deleted:    data/maps/11208_0708291530X.swf
	deleted:    data/maps/11209_0708241154X.swf
	deleted:    data/maps/11210_0709211605X.swf
	deleted:    data/maps/11211_0708241155X.swf
	deleted:    data/maps/11212_0708291528X.swf
	deleted:    data/maps/11213_0708241156X.swf
	deleted:    data/maps/11214_0708291526X.swf
	deleted:    data/maps/11215_0708291525X.swf
	deleted:    data/maps/11216_0708241157X.swf
	deleted:    data/maps/11217_0708241158X.swf
	deleted:    data/maps/11218_0709251442X.swf
	deleted:    data/maps/11219_0708231134X.swf
	deleted:    data/maps/11220_0708291525X.swf
	deleted:    data/maps/11221_0708241159X.swf
	deleted:    data/maps/11222_0708241159X.swf
	deleted:    data/maps/11223_0708241200X.swf
	deleted:    data/maps/11224_0708241201X.swf
	deleted:    data/maps/11225_0708241201X.swf
	deleted:    data/maps/11226_0708081545X.swf
	deleted:    data/maps/11227_0708241202X.swf
	deleted:    data/maps/11228_0708241203X.swf
	deleted:    data/maps/11229_0707201443X.swf
	deleted:    data/maps/11230_0708241204X.swf
	deleted:    data/maps/11231_0904091359X.swf
	deleted:    data/maps/11232_0904091400X.swf
	deleted:    data/maps/11233_0904091400X.swf
	deleted:    data/maps/11234_0711071607X.swf
	deleted:    data/maps/11235_0708131143X.swf
	deleted:    data/maps/11236_0708231552X.swf
	deleted:    data/maps/11237_0708201510X.swf
	deleted:    data/maps/11238_0708201510X.swf
	deleted:    data/maps/11242_0805221043X.swf
	deleted:    data/maps/11243_0909011200X.swf
	deleted:    data/maps/11244_0708131746X.swf
	deleted:    data/maps/11245_0803041201X.swf
	deleted:    data/maps/11246_0708141122X.swf
	deleted:    data/maps/11247_0708241610X.swf
	deleted:    data/maps/11248_0708241610X.swf
	deleted:    data/maps/11250_0708241610X.swf
	deleted:    data/maps/11251_0709111642X.swf
	deleted:    data/maps/11252_0708241429X.swf
	deleted:    data/maps/11253_0708141630X.swf
	deleted:    data/maps/11254_0708231745X.swf
	deleted:    data/maps/11255_0708231746X.swf
	deleted:    data/maps/11256_0708231747X.swf
	deleted:    data/maps/11257_0708231749X.swf
	deleted:    data/maps/11259_0708221647X.swf
	deleted:    data/maps/1125_0706131721X.swf
	deleted:    data/maps/11260_0708221543X.swf
	deleted:    data/maps/11261_0708171121X.swf
	deleted:    data/maps/11262_0708221649X.swf
	deleted:    data/maps/11263_0708221652X.swf
	deleted:    data/maps/11264_0708221653X.swf
	deleted:    data/maps/11265_0708221656X.swf
	deleted:    data/maps/11266_0708221658X.swf
	deleted:    data/maps/11267_0708221823X.swf
	deleted:    data/maps/11269_0708201511X.swf
	deleted:    data/maps/1126_0706131721X.swf
	deleted:    data/maps/11271_0708231114X.swf
	deleted:    data/maps/11272_0708201707X.swf
	deleted:    data/maps/11273_0708231117X.swf
	deleted:    data/maps/11274_0708231116X.swf
	deleted:    data/maps/11278_0708210910X.swf
	deleted:    data/maps/11279_0708231117X.swf
	deleted:    data/maps/1127_0706131721X.swf
	deleted:    data/maps/11280_0708210911X.swf
	deleted:    data/maps/11281_0708210922X.swf
	deleted:    data/maps/11282_0708231118X.swf
	deleted:    data/maps/11283_0708210930X.swf
	deleted:    data/maps/11284_0708231119X.swf
	deleted:    data/maps/11285_0708231120X.swf
	deleted:    data/maps/11286_0708231121X.swf
	deleted:    data/maps/11287_0708231122X.swf
	deleted:    data/maps/11288_0708231123X.swf
	deleted:    data/maps/11289_0708231123X.swf
	deleted:    data/maps/1128_0904020942X.swf
	deleted:    data/maps/11290_0708231123X.swf
	deleted:    data/maps/11291_0708231125X.swf
	deleted:    data/maps/11292_0708210957X.swf
	deleted:    data/maps/11293_0708231127X.swf
	deleted:    data/maps/11294_0708231127X.swf
	deleted:    data/maps/11295_0708211007X.swf
	deleted:    data/maps/11296_0708231128X.swf
	deleted:    data/maps/11297_0708211006X.swf
	deleted:    data/maps/11298_0708231129X.swf
	deleted:    data/maps/11299_0708231129X.swf
	deleted:    data/maps/1129_0810241156X.swf
	deleted:    data/maps/11301_0708231132X.swf
	deleted:    data/maps/11302_0708211022X.swf
	deleted:    data/maps/11303_0708231134X.swf
	deleted:    data/maps/11304_0708211022X.swf
	deleted:    data/maps/11305_0708231133X.swf
	deleted:    data/maps/11306_0708231133X.swf
	deleted:    data/maps/11307_0708211029X.swf
	deleted:    data/maps/11308_0708231136X.swf
	deleted:    data/maps/11309_0708231136X.swf
	deleted:    data/maps/1130_0901201051X.swf
	deleted:    data/maps/11310_0708211037X.swf
	deleted:    data/maps/11311_0708211042X.swf
	deleted:    data/maps/11312_0708231137X.swf
	deleted:    data/maps/11313_0708211042X.swf
	deleted:    data/maps/11314_0708231138X.swf
	deleted:    data/maps/11315_0708231139X.swf
	deleted:    data/maps/11316_0708211057X.swf
	deleted:    data/maps/11317_0708231139X.swf
	deleted:    data/maps/11318_0708211124X.swf
	deleted:    data/maps/11319_0708231140X.swf
	deleted:    data/maps/1131_0806181034X.swf
	deleted:    data/maps/11320_0708231144X.swf
	deleted:    data/maps/11321_0708211130X.swf
	deleted:    data/maps/11322_0708211140X.swf
	deleted:    data/maps/11323_0708231144X.swf
	deleted:    data/maps/11324_0708211140X.swf
	deleted:    data/maps/11325_0708231145X.swf
	deleted:    data/maps/11326_0708211149X.swf
	deleted:    data/maps/11327_0708231146X.swf
	deleted:    data/maps/11328_0708211149X.swf
	deleted:    data/maps/11329_0708231146X.swf
	deleted:    data/maps/1132_0706131721X.swf
	deleted:    data/maps/11330_0708211152X.swf
	deleted:    data/maps/11331_0708231147X.swf
	deleted:    data/maps/11332_0708231148X.swf
	deleted:    data/maps/11333_0708211157X.swf
	deleted:    data/maps/11334_0708211204X.swf
	deleted:    data/maps/11335_0708231148X.swf
	deleted:    data/maps/11336_0708211204X.swf
	deleted:    data/maps/11337_0708231151X.swf
	deleted:    data/maps/11338_0708211207X.swf
	deleted:    data/maps/11339_0708211211X.swf
	deleted:    data/maps/1133_0806231106X.swf
	deleted:    data/maps/11340_0708231151X.swf
	deleted:    data/maps/11341_0708211211X.swf
	deleted:    data/maps/11342_0708211216X.swf
	deleted:    data/maps/11343_0708231152X.swf
	deleted:    data/maps/11344_0708211216X.swf
	deleted:    data/maps/11345_0708231154X.swf
	deleted:    data/maps/11346_0708211226X.swf
	deleted:    data/maps/11347_0708211229X.swf
	deleted:    data/maps/11348_0708231154X.swf
	deleted:    data/maps/11349_0708211229X.swf
	deleted:    data/maps/11350_0708231156X.swf
	deleted:    data/maps/11351_0708211416X.swf
	deleted:    data/maps/11352_0708231156X.swf
	deleted:    data/maps/11353_0708211416X.swf
	deleted:    data/maps/11354_0708231159X.swf
	deleted:    data/maps/11355_0708231159X.swf
	deleted:    data/maps/11356_0708211430X.swf
	deleted:    data/maps/11357_0708231200X.swf
	deleted:    data/maps/11358_0708211430X.swf
	deleted:    data/maps/11359_0708231200X.swf
	deleted:    data/maps/11360_0708231202X.swf
	deleted:    data/maps/11361_0708231202X.swf
	deleted:    data/maps/11362_0708211438X.swf
	deleted:    data/maps/11363_0708231211X.swf
	deleted:    data/maps/11364_0708211445X.swf
	deleted:    data/maps/11365_0708231211X.swf
	deleted:    data/maps/11366_0708211445X.swf
	deleted:    data/maps/11367_0708231212X.swf
	deleted:    data/maps/11368_0708231211X.swf
	deleted:    data/maps/11369_0708231204X.swf
	deleted:    data/maps/11370_0708211457X.swf
	deleted:    data/maps/11371_0708231205X.swf
	deleted:    data/maps/11372_0708211457X.swf
	deleted:    data/maps/11373_0708231207X.swf
	deleted:    data/maps/11374_0708211512X.swf
	deleted:    data/maps/11375_0708231213X.swf
	deleted:    data/maps/11376_0708211512X.swf
	deleted:    data/maps/11377_0708231214X.swf
	deleted:    data/maps/11378_0708231214X.swf
	deleted:    data/maps/11379_0708211530X.swf
	deleted:    data/maps/11380_0708231216X.swf
	deleted:    data/maps/11381_0708211530X.swf
	deleted:    data/maps/11382_0708231215X.swf
	deleted:    data/maps/11383_0708211533X.swf
	deleted:    data/maps/11384_0708231216X.swf
	deleted:    data/maps/11385_0708231218X.swf
	deleted:    data/maps/11386_0708211542X.swf
	deleted:    data/maps/11387_0708231220X.swf
	deleted:    data/maps/11388_0708211544X.swf
	deleted:    data/maps/11389_0708231219X.swf
	deleted:    data/maps/11390_0708231218X.swf
	deleted:    data/maps/11391_0708211621X.swf
	deleted:    data/maps/11392_0708231221X.swf
	deleted:    data/maps/11393_0708211621X.swf
	deleted:    data/maps/11394_0708231221X.swf
	deleted:    data/maps/11395_0708231222X.swf
	deleted:    data/maps/11396_0708211630X.swf
	deleted:    data/maps/11397_0708231224X.swf
	deleted:    data/maps/11398_0708211630X.swf
	deleted:    data/maps/11399_0708231223X.swf
	deleted:    data/maps/11400_0708231226X.swf
	deleted:    data/maps/11401_0708211636X.swf
	deleted:    data/maps/11402_0708231225X.swf
	deleted:    data/maps/11403_0708231225X.swf
	deleted:    data/maps/11404_0708211643X.swf
	deleted:    data/maps/11405_0708231228X.swf
	deleted:    data/maps/11406_0708211650X.swf
	deleted:    data/maps/11407_0708231228X.swf
	deleted:    data/maps/11408_0708211650X.swf
	deleted:    data/maps/11409_0708231227X.swf
	deleted:    data/maps/1140_0710011719X.swf
	deleted:    data/maps/11410_0708211659X.swf
	deleted:    data/maps/11411_0708231230X.swf
	deleted:    data/maps/11412_0708211659X.swf
	deleted:    data/maps/11413_0708211705X.swf
	deleted:    data/maps/11414_0708231231X.swf
	deleted:    data/maps/11415_0708211705X.swf
	deleted:    data/maps/11416_0708231232X.swf
	deleted:    data/maps/11417_0708231233X.swf
	deleted:    data/maps/11418_0708211710X.swf
	deleted:    data/maps/11419_0708231233X.swf
	deleted:    data/maps/1141_0706131721X.swf
	deleted:    data/maps/11420_0708231409X.swf
	deleted:    data/maps/11421_0708231410X.swf
	deleted:    data/maps/11422_0708231410X.swf
	deleted:    data/maps/11423_0708231412X.swf
	deleted:    data/maps/11424_0708231412X.swf
	deleted:    data/maps/11425_0708211726X.swf
	deleted:    data/maps/11426_0708231413X.swf
	deleted:    data/maps/11427_0708231414X.swf
	deleted:    data/maps/11428_0708211738X.swf
	deleted:    data/maps/11429_0708231414X.swf
	deleted:    data/maps/11430_0708211738X.swf
	deleted:    data/maps/11431_0708231416X.swf
	deleted:    data/maps/11432_0708211741X.swf
	deleted:    data/maps/11433_0708231416X.swf
	deleted:    data/maps/11434_0708231414X.swf
	deleted:    data/maps/11435_0708231418X.swf
	deleted:    data/maps/11436_0708231417X.swf
	deleted:    data/maps/11437_0708211803X.swf
	deleted:    data/maps/11438_0708231417X.swf
	deleted:    data/maps/11439_0708211803X.swf
	deleted:    data/maps/1143_0706131721X.swf
	deleted:    data/maps/11440_0708231419X.swf
	deleted:    data/maps/11441_0708221201X.swf
	deleted:    data/maps/11442_0708231419X.swf
	deleted:    data/maps/11443_0708231421X.swf
	deleted:    data/maps/11444_0708221206X.swf
	deleted:    data/maps/11445_0708231420X.swf
	deleted:    data/maps/11446_0708231425X.swf
	deleted:    data/maps/11447_0708231423X.swf
	deleted:    data/maps/11448_0708221213X.swf
	deleted:    data/maps/11449_0708221216X.swf
	deleted:    data/maps/1144_0806181032X.swf
	deleted:    data/maps/11450_0708231423X.swf
	deleted:    data/maps/11451_0708221216X.swf
	deleted:    data/maps/11452_0708231425X.swf
	deleted:    data/maps/11453_0708231435X.swf
	deleted:    data/maps/11454_0708231435X.swf
	deleted:    data/maps/11455_0708231434X.swf
	deleted:    data/maps/11456_0708221420X.swf
	deleted:    data/maps/11457_0708231436X.swf
	deleted:    data/maps/11458_0708231436X.swf
	deleted:    data/maps/11459_0708221425X.swf
	deleted:    data/maps/11460_0708231437X.swf
	deleted:    data/maps/11461_0708221433X.swf
	deleted:    data/maps/11462_0708221438X.swf
	deleted:    data/maps/11463_0708231438X.swf
	deleted:    data/maps/11464_0708221438X.swf
	deleted:    data/maps/11465_0708231439X.swf
	deleted:    data/maps/11466_0708231440X.swf
	deleted:    data/maps/11467_0708221443X.swf
	deleted:    data/maps/11468_0708231441X.swf
	deleted:    data/maps/11469_0708231442X.swf
	deleted:    data/maps/1146_0706131721X.swf
	deleted:    data/maps/11470_0708221455X.swf
	deleted:    data/maps/11471_0708231442X.swf
	deleted:    data/maps/11472_0708221455X.swf
	deleted:    data/maps/11473_0708231441X.swf
	deleted:    data/maps/11474_0708221458X.swf
	deleted:    data/maps/11475_0708231445X.swf
	deleted:    data/maps/11476_0708221501X.swf
	deleted:    data/maps/11477_0708231445X.swf
	deleted:    data/maps/11478_0708221506X.swf
	deleted:    data/maps/11479_0708231444X.swf
	deleted:    data/maps/1147_0706131721X.swf
	deleted:    data/maps/11480_0708221506X.swf
	deleted:    data/maps/11481_0708241033X.swf
	deleted:    data/maps/11482_0708231443X.swf
	deleted:    data/maps/11485_0708231454X.swf
	deleted:    data/maps/11486_0708221710X.swf
	deleted:    data/maps/11487_0708231451X.swf
	deleted:    data/maps/11488_0708221710X.swf
	deleted:    data/maps/11489_0708231451X.swf
	deleted:    data/maps/11491_0708231453X.swf
	deleted:    data/maps/11492_0708221714X.swf
	deleted:    data/maps/11493_0708231453X.swf
	deleted:    data/maps/11494_0708231456X.swf
	deleted:    data/maps/11495_0708231456X.swf
	deleted:    data/maps/11496_0708221725X.swf
	deleted:    data/maps/11497_0708231455X.swf
	deleted:    data/maps/11498_0708221725X.swf
	deleted:    data/maps/11499_0708231455X.swf
	deleted:    data/maps/11500_0708221732X.swf
	deleted:    data/maps/11501_0708231458X.swf
	deleted:    data/maps/11502_0708221732X.swf
	deleted:    data/maps/11503_0708231458X.swf
	deleted:    data/maps/11504_0708221734X.swf
	deleted:    data/maps/11505_0708231500X.swf
	deleted:    data/maps/11506_0708231500X.swf
	deleted:    data/maps/11507_0708221739X.swf
	deleted:    data/maps/11508_0708231501X.swf
	deleted:    data/maps/11509_0708231502X.swf
	deleted:    data/maps/11510_0708231503X.swf
	deleted:    data/maps/11511_0708221747X.swf
	deleted:    data/maps/11512_0710011409X.swf
	deleted:    data/maps/11513_0708231504X.swf
	deleted:    data/maps/11514_0708231505X.swf
	deleted:    data/maps/11515_0708231505X.swf
	deleted:    data/maps/11516_0708221754X.swf
	deleted:    data/maps/11517_0708221824X.swf
	deleted:    data/maps/11518_0811121016X.swf
	deleted:    data/maps/11519_0708230904X.swf
	deleted:    data/maps/1151_0706131721X.swf
	deleted:    data/maps/11520_0708231508X.swf
	deleted:    data/maps/11521_0708230905X.swf
	deleted:    data/maps/11522_0708231508X.swf
	deleted:    data/maps/11523_0708230907X.swf
	deleted:    data/maps/11524_0708231507X.swf
	deleted:    data/maps/11525_0708231510X.swf
	deleted:    data/maps/11526_0708231509X.swf
	deleted:    data/maps/11527_0708230915X.swf
	deleted:    data/maps/11528_0708231509X.swf
	deleted:    data/maps/11529_0708230915X.swf
	deleted:    data/maps/1152_0706131721X.swf
	deleted:    data/maps/11530_0708231511X.swf
	deleted:    data/maps/11531_0708231511X.swf
	deleted:    data/maps/11532_0708231646X.swf
	deleted:    data/maps/11533_0708231512X.swf
	deleted:    data/maps/11534_0708231512X.swf
	deleted:    data/maps/11535_0708230925X.swf
	deleted:    data/maps/11536_0708230928X.swf
	deleted:    data/maps/11537_0708231514X.swf
	deleted:    data/maps/11538_0708230928X.swf
	deleted:    data/maps/11539_0708231514X.swf
	deleted:    data/maps/1153_0706131721X.swf
	deleted:    data/maps/11540_0708230930X.swf
	deleted:    data/maps/11541_0708231802X.swf
	deleted:    data/maps/11542_0708241033X.swf
	deleted:    data/maps/11543_0710171804X.swf
	deleted:    data/maps/11544_0710221647X.swf
	deleted:    data/maps/11545_0710161452X.swf
	deleted:    data/maps/11546_0710221730X.swf
	deleted:    data/maps/11547_0709101643X.swf
	deleted:    data/maps/11548_0709041221X.swf
	deleted:    data/maps/11549_0709041221X.swf
	deleted:    data/maps/1154_0706131721X.swf
	deleted:    data/maps/11550_0709041222X.swf
	deleted:    data/maps/11551_0709041222X.swf
	deleted:    data/maps/11552_0709051138X.swf
	deleted:    data/maps/11553_0709111641X.swf
	deleted:    data/maps/11554_0709111643X.swf
	deleted:    data/maps/11556_0709171104X.swf
	deleted:    data/maps/11557_0709181610X.swf
	deleted:    data/maps/11558_0709181611X.swf
	deleted:    data/maps/11559_0904171011X.swf
	deleted:    data/maps/1155_0706131721X.swf
	deleted:    data/maps/11561_0709181614X.swf
	deleted:    data/maps/11562_0709181615X.swf
	deleted:    data/maps/11563_0709181618X.swf
	deleted:    data/maps/11564_0709181619X.swf
	deleted:    data/maps/11565_0709181620X.swf
	deleted:    data/maps/11566_0709181621X.swf
	deleted:    data/maps/11567_0709181622X.swf
	deleted:    data/maps/11568_0709181623X.swf
	deleted:    data/maps/11569_0709181624X.swf
	deleted:    data/maps/1156_0706131721X.swf
	deleted:    data/maps/11570_0709181625X.swf
	deleted:    data/maps/11571_0709181626X.swf
	deleted:    data/maps/11572_0709181628X.swf
	deleted:    data/maps/11573_0709181629X.swf
	deleted:    data/maps/11574_0709181630X.swf
	deleted:    data/maps/11575_0709181630X.swf
	deleted:    data/maps/11576_0709181639X.swf
	deleted:    data/maps/11577_0709181631X.swf
	deleted:    data/maps/11578_0709181639X.swf
	deleted:    data/maps/11579_0709181620X.swf
	deleted:    data/maps/11580_0709181640X.swf
	deleted:    data/maps/11581_0709181641X.swf
	deleted:    data/maps/11582_0709181632X.swf
	deleted:    data/maps/11583_0709181633X.swf
	deleted:    data/maps/11584_0709181642X.swf
	deleted:    data/maps/11585_0709181634X.swf
	deleted:    data/maps/11586_0709181643X.swf
	deleted:    data/maps/11587_0709181644X.swf
	deleted:    data/maps/11588_0709181634X.swf
	deleted:    data/maps/11589_0902171626X.swf
	deleted:    data/maps/1158_0706131721X.swf
	deleted:    data/maps/11590_0709181636X.swf
	deleted:    data/maps/11591_0709181645X.swf
	deleted:    data/maps/11592_0709181646X.swf
	deleted:    data/maps/11593_0709181637X.swf
	deleted:    data/maps/11594_0709181637X.swf
	deleted:    data/maps/11595_0709181646X.swf
	deleted:    data/maps/11596_0709181638X.swf
	deleted:    data/maps/11597_0904171011X.swf
	deleted:    data/maps/11599_0710050928X.swf
	deleted:    data/maps/1159_0706131721X.swf
	deleted:    data/maps/11600_0710171425X.swf
	deleted:    data/maps/11601_0710161525X.swf
	deleted:    data/maps/11602_0710291706X.swf
	deleted:    data/maps/11603_0706131721X.swf
	deleted:    data/maps/11604_0706131721X.swf
	deleted:    data/maps/11605_0710161629X.swf
	deleted:    data/maps/11606_0710171428X.swf
	deleted:    data/maps/11607_0710301526X.swf
	deleted:    data/maps/11608_0710301526X.swf
	deleted:    data/maps/11609_0710161702X.swf
	deleted:    data/maps/1160_0706131721X.swf
	deleted:    data/maps/11610_0710171046X.swf
	deleted:    data/maps/11611_0710171046X.swf
	deleted:    data/maps/11612_0710171105X.swf
	deleted:    data/maps/11613_0710171105X.swf
	deleted:    data/maps/11614_0710171114X.swf
	deleted:    data/maps/11615_0710171114X.swf
	deleted:    data/maps/11616_0710171117X.swf
	deleted:    data/maps/11617_0710171117X.swf
	deleted:    data/maps/11618_0710171215X.swf
	deleted:    data/maps/11619_0710171215X.swf
	deleted:    data/maps/1161_0706131721X.swf
	deleted:    data/maps/11620_0710171445X.swf
	deleted:    data/maps/11621_0710171445X.swf
	deleted:    data/maps/11622_0710171444X.swf
	deleted:    data/maps/11623_0710171512X.swf
	deleted:    data/maps/11624_0710171512X.swf
	deleted:    data/maps/11625_0710291707X.swf
	deleted:    data/maps/11626_0710171517X.swf
	deleted:    data/maps/11627_0710171527X.swf
	deleted:    data/maps/11628_0710171527X.swf
	deleted:    data/maps/11629_0710171534X.swf
	deleted:    data/maps/1162_0706131721X.swf
	deleted:    data/maps/11630_0710171534X.swf
	deleted:    data/maps/11631_0710171538X.swf
	deleted:    data/maps/11632_0710171538X.swf
	deleted:    data/maps/11633_0710241626X.swf
	deleted:    data/maps/11634_0710171551X.swf
	deleted:    data/maps/11635_0710171551X.swf
	deleted:    data/maps/11636_0710171551X.swf
	deleted:    data/maps/11637_0710171650X.swf
	deleted:    data/maps/11638_0710171650X.swf
	deleted:    data/maps/11639_0710171714X.swf
	deleted:    data/maps/11640_0710171714X.swf
	deleted:    data/maps/11641_0710171735X.swf
	deleted:    data/maps/11642_0710171735X.swf
	deleted:    data/maps/11643_0710171742X.swf
	deleted:    data/maps/11644_0710171742X.swf
	deleted:    data/maps/11645_0710171742X.swf
	deleted:    data/maps/11646_0710180942X.swf
	deleted:    data/maps/11647_0710180942X.swf
	deleted:    data/maps/11648_0710300947X.swf
	deleted:    data/maps/11649_0710180952X.swf
	deleted:    data/maps/11650_0710180953X.swf
	deleted:    data/maps/11651_0710180957X.swf
	deleted:    data/maps/11652_0710180957X.swf
	deleted:    data/maps/11653_0710180957X.swf
	deleted:    data/maps/11654_0710181005X.swf
	deleted:    data/maps/11655_0710181005X.swf
	deleted:    data/maps/11656_0710181008X.swf
	deleted:    data/maps/11657_0710181010X.swf
	deleted:    data/maps/11658_0710181010X.swf
	deleted:    data/maps/11659_0710181010X.swf
	deleted:    data/maps/1165_0706131721X.swf
	deleted:    data/maps/11660_0710181015X.swf
	deleted:    data/maps/11661_0710181015X.swf
	deleted:    data/maps/11662_0710181015X.swf
	deleted:    data/maps/11663_0710181059X.swf
	deleted:    data/maps/11664_0710181059X.swf
	deleted:    data/maps/11665_0710181104X.swf
	deleted:    data/maps/11666_0710181104X.swf
	deleted:    data/maps/11667_0710181104X.swf
	deleted:    data/maps/11668_0710181126X.swf
	deleted:    data/maps/11669_0710181126X.swf
	deleted:    data/maps/1166_0706131721X.swf
	deleted:    data/maps/11670_0710181126X.swf
	deleted:    data/maps/11671_0710181150X.swf
	deleted:    data/maps/11672_0710301527X.swf
	deleted:    data/maps/11673_0710301527X.swf
	deleted:    data/maps/11674_0710181150X.swf
	deleted:    data/maps/11675_0710181443X.swf
	deleted:    data/maps/11676_0710181443X.swf
	deleted:    data/maps/11677_0710181458X.swf
	deleted:    data/maps/11678_0710181458X.swf
	deleted:    data/maps/11679_0710181458X.swf
	deleted:    data/maps/1167_0706131721X.swf
	deleted:    data/maps/11680_0710181510X.swf
	deleted:    data/maps/11681_0710301528X.swf
	deleted:    data/maps/11682_0710301528X.swf
	deleted:    data/maps/11683_0710181510X.swf
	deleted:    data/maps/11684_0710181518X.swf
	deleted:    data/maps/11685_0710181518X.swf
	deleted:    data/maps/11686_0710181518X.swf
	deleted:    data/maps/11687_0710181530X.swf
	deleted:    data/maps/11688_0710181530X.swf
	deleted:    data/maps/11689_0710181533X.swf
	deleted:    data/maps/11690_0710181533X.swf
	deleted:    data/maps/11691_0710181533X.swf
	deleted:    data/maps/11692_0710181548X.swf
	deleted:    data/maps/11693_0710181548X.swf
	deleted:    data/maps/11694_0710181551X.swf
	deleted:    data/maps/11695_0710181551X.swf
	deleted:    data/maps/11696_0710181629X.swf
	deleted:    data/maps/11697_0710181629X.swf
	deleted:    data/maps/11698_0710181629X.swf
	deleted:    data/maps/11699_0710181638X.swf
	deleted:    data/maps/1169_0706131721X.swf
	deleted:    data/maps/11700_0710181638X.swf
	deleted:    data/maps/11701_0710181638X.swf
	deleted:    data/maps/11702_0710181641X.swf
	deleted:    data/maps/11703_0710181641X.swf
	deleted:    data/maps/11704_0710191013X.swf
	deleted:    data/maps/11705_0710191013X.swf
	deleted:    data/maps/11706_0710191016X.swf
	deleted:    data/maps/11707_0710191016X.swf
	deleted:    data/maps/11708_0710191022X.swf
	deleted:    data/maps/11709_0710191022X.swf
	deleted:    data/maps/1170_0806181035X.swf
	deleted:    data/maps/11710_0710191024X.swf
	deleted:    data/maps/11711_0710191024X.swf
	deleted:    data/maps/11712_0710191031X.swf
	deleted:    data/maps/11713_0710301527X.swf
	deleted:    data/maps/11714_0710301527X.swf
	deleted:    data/maps/11715_0710191032X.swf
	deleted:    data/maps/11716_0710310918X.swf
	deleted:    data/maps/11717_0710310919X.swf
	deleted:    data/maps/11718_0710310918X.swf
	deleted:    data/maps/11719_0710310919X.swf
	deleted:    data/maps/11720_0710191118X.swf
	deleted:    data/maps/11721_0710191118X.swf
	deleted:    data/maps/11722_0710191118X.swf
	deleted:    data/maps/11723_0710191135X.swf
	deleted:    data/maps/11724_0710191135X.swf
	deleted:    data/maps/11725_0710191138X.swf
	deleted:    data/maps/11726_0710191138X.swf
	deleted:    data/maps/11727_0710191140X.swf
	deleted:    data/maps/11728_0710191140X.swf
	deleted:    data/maps/11729_0710191147X.swf
	deleted:    data/maps/11730_0710191147X.swf
	deleted:    data/maps/11731_0710191147X.swf
	deleted:    data/maps/11732_0710191216X.swf
	deleted:    data/maps/11733_0710191216X.swf
	deleted:    data/maps/11734_0710191221X.swf
	deleted:    data/maps/11735_0710191221X.swf
	deleted:    data/maps/11736_0710191520X.swf
	deleted:    data/maps/11737_0710191520X.swf
	deleted:    data/maps/11738_0710191518X.swf
	deleted:    data/maps/11739_0710191518X.swf
	deleted:    data/maps/11740_0710191532X.swf
	deleted:    data/maps/11741_0710191532X.swf
	deleted:    data/maps/11742_0708011620X.swf
	deleted:    data/maps/11743_0706131721X.swf
	deleted:    data/maps/11744_0710191548X.swf
	deleted:    data/maps/11745_0710191548X.swf
	deleted:    data/maps/11746_0710191549X.swf
	deleted:    data/maps/11747_0710191549X.swf
	deleted:    data/maps/11748_0710191555X.swf
	deleted:    data/maps/11749_0710191555X.swf
	deleted:    data/maps/1174_2110041717X.swf
	deleted:    data/maps/11750_0710191556X.swf
	deleted:    data/maps/11751_0710191556X.swf
	deleted:    data/maps/11752_0710191600X.swf
	deleted:    data/maps/11753_0710191600X.swf
	deleted:    data/maps/11754_0710191602X.swf
	deleted:    data/maps/11755_0710191602X.swf
	deleted:    data/maps/11756_0710191607X.swf
	deleted:    data/maps/11757_0710191607X.swf
	deleted:    data/maps/11758_0710191609X.swf
	deleted:    data/maps/11759_0710191609X.swf
	deleted:    data/maps/11760_0710191613X.swf
	deleted:    data/maps/11761_0710191613X.swf
	deleted:    data/maps/11762_0710191617X.swf
	deleted:    data/maps/11763_0710191617X.swf
	deleted:    data/maps/11764_0710191628X.swf
	deleted:    data/maps/11765_0710191628X.swf
	deleted:    data/maps/11766_0710191628X.swf
	deleted:    data/maps/11767_0710191628X.swf
	deleted:    data/maps/11768_0710191632X.swf
	deleted:    data/maps/11769_0710191632X.swf
	deleted:    data/maps/11770_0710221007X.swf
	deleted:    data/maps/11771_0710221013X.swf
	deleted:    data/maps/11772_0710221013X.swf
	deleted:    data/maps/11773_0710221035X.swf
	deleted:    data/maps/11774_0710221018X.swf
	deleted:    data/maps/11775_0710251644X.swf
	deleted:    data/maps/11776_0710221031X.swf
	deleted:    data/maps/11777_0710221031X.swf
	deleted:    data/maps/11778_0710221031X.swf
	deleted:    data/maps/11779_0710221042X.swf
	deleted:    data/maps/11780_0710221042X.swf
	deleted:    data/maps/11781_0710221041X.swf
	deleted:    data/maps/11782_0710221057X.swf
	deleted:    data/maps/11783_0710221150X.swf
	deleted:    data/maps/11784_0710221452X.swf
	deleted:    data/maps/11785_0710221452X.swf
	deleted:    data/maps/11786_0710221452X.swf
	deleted:    data/maps/11787_0710221508X.swf
	deleted:    data/maps/11788_0710221509X.swf
	deleted:    data/maps/11789_0710221508X.swf
	deleted:    data/maps/1178_0706131721X.swf
	deleted:    data/maps/11790_0710221513X.swf
	deleted:    data/maps/11791_0710221513X.swf
	deleted:    data/maps/11792_0710221513X.swf
	deleted:    data/maps/11793_0710221525X.swf
	deleted:    data/maps/11794_0710221525X.swf
	deleted:    data/maps/11795_0710221525X.swf
	deleted:    data/maps/11796_0710221531X.swf
	deleted:    data/maps/11797_0710221531X.swf
	deleted:    data/maps/11798_0710221531X.swf
	deleted:    data/maps/11799_0710221522X.swf
	deleted:    data/maps/117_0706131721X.swf
	deleted:    data/maps/11800_0710221553X.swf
	deleted:    data/maps/11801_0710221557X.swf
	deleted:    data/maps/11802_0710221557X.swf
	deleted:    data/maps/11803_0710221557X.swf
	deleted:    data/maps/11804_0710221604X.swf
	deleted:    data/maps/11805_0710221604X.swf
	deleted:    data/maps/11806_0710221604X.swf
	deleted:    data/maps/11807_0710221633X.swf
	deleted:    data/maps/11808_0710221633X.swf
	deleted:    data/maps/11809_0710241004X.swf
	deleted:    data/maps/1180_0912081642X.swf
	deleted:    data/maps/11810_0710241004X.swf
	deleted:    data/maps/11811_0710241004X.swf
	deleted:    data/maps/11812_0710221649X.swf
	deleted:    data/maps/11813_0710221706X.swf
	deleted:    data/maps/11814_0710221706X.swf
	deleted:    data/maps/11815_0710221706X.swf
	deleted:    data/maps/11816_0710221721X.swf
	deleted:    data/maps/11817_0710221721X.swf
	deleted:    data/maps/11818_0710221721X.swf
	deleted:    data/maps/11819_0710241009X.swf
	deleted:    data/maps/11820_0710241009X.swf
	deleted:    data/maps/11821_0710241009X.swf
	deleted:    data/maps/11822_0710241019X.swf
	deleted:    data/maps/11823_0710241019X.swf
	deleted:    data/maps/11824_0710241019X.swf
	deleted:    data/maps/11825_0710241022X.swf
	deleted:    data/maps/11826_0710241022X.swf
	deleted:    data/maps/11827_0710241022X.swf
	deleted:    data/maps/11828_0710241059X.swf
	deleted:    data/maps/11829_0710241101X.swf
	deleted:    data/maps/11830_0710241106X.swf
	deleted:    data/maps/11831_0710241106X.swf
	deleted:    data/maps/11832_0710241106X.swf
	deleted:    data/maps/11833_0710241123X.swf
	deleted:    data/maps/11834_0710241125X.swf
	deleted:    data/maps/11835_0710241125X.swf
	deleted:    data/maps/11836_0710241125X.swf
	deleted:    data/maps/11837_0710241146X.swf
	deleted:    data/maps/11838_0710241140X.swf
	deleted:    data/maps/11839_0710241141X.swf
	deleted:    data/maps/11840_0710241145X.swf
	deleted:    data/maps/11841_0710241145X.swf
	deleted:    data/maps/11842_0710241145X.swf
	deleted:    data/maps/11843_0710241200X.swf
	deleted:    data/maps/11844_0710241205X.swf
	deleted:    data/maps/11845_0710241205X.swf
	deleted:    data/maps/11846_0710241205X.swf
	deleted:    data/maps/11847_0710241215X.swf
	deleted:    data/maps/11848_0710241215X.swf
	deleted:    data/maps/11849_0710241215X.swf
	deleted:    data/maps/1184_0907281400X.swf
	deleted:    data/maps/11850_0710291747X.swf
	deleted:    data/maps/11851_0710241424X.swf
	deleted:    data/maps/11852_0710241424X.swf
	deleted:    data/maps/11853_0710241423X.swf
	deleted:    data/maps/11854_0710241532X.swf
	deleted:    data/maps/11855_0710241532X.swf
	deleted:    data/maps/11856_0710241532X.swf
	deleted:    data/maps/11857_0811071457X.swf
	deleted:    data/maps/11858_0811051407X.swf
	deleted:    data/maps/11859_0711211735X.swf
	deleted:    data/maps/11860_0710291613X.swf
	deleted:    data/maps/11861_0710291613X.swf
	deleted:    data/maps/11862_0711021506X.swf
	deleted:    data/maps/11863_0710291606X.swf
	deleted:    data/maps/11864_0710291606X.swf
	deleted:    data/maps/11865_0710301547X.swf
	deleted:    data/maps/11866_0711021503X.swf
	deleted:    data/maps/11867_0710311542X.swf
	deleted:    data/maps/11868_0710311543X.swf
	deleted:    data/maps/11869_0710311219X.swf
	deleted:    data/maps/1186_0908281552X.swf
	deleted:    data/maps/11870_0710311219X.swf
	deleted:    data/maps/11871_0710311533X.swf
	deleted:    data/maps/11872_0710311533X.swf
	deleted:    data/maps/11873_0710311533X.swf
	deleted:    data/maps/11877_0909091754X.swf
	deleted:    data/maps/11878_0906041104X.swf
	deleted:    data/maps/11879_0712051113X.swf
	deleted:    data/maps/1187_0805271204X.swf
	deleted:    data/maps/11880_0712061722X.swf
	deleted:    data/maps/11881_0712051145X.swf
	deleted:    data/maps/11882_0712051149X.swf
	deleted:    data/maps/11883_0712051152X.swf
	deleted:    data/maps/11884_0712051202X.swf
	deleted:    data/maps/11885_0712051208X.swf
	deleted:    data/maps/11886_0712051212X.swf
	deleted:    data/maps/11887_0712071734X.swf
	deleted:    data/maps/11888_0712071739X.swf
	deleted:    data/maps/11889_0712071736X.swf
	deleted:    data/maps/1188_0907291618X.swf
	deleted:    data/maps/11890_0712071737X.swf
	deleted:    data/maps/11891_0712051231X.swf
	deleted:    data/maps/11892_0712071740X.swf
	deleted:    data/maps/11893_0907071358X.swf
	deleted:    data/maps/11894_0907071402X.swf
	deleted:    data/maps/11895_0907071402X.swf
	deleted:    data/maps/11896_0907071405X.swf
	deleted:    data/maps/11897_0907071405X.swf
	deleted:    data/maps/11898_0907071359X.swf
	deleted:    data/maps/11899_0907071401X.swf
	deleted:    data/maps/11900_0907071402X.swf
	deleted:    data/maps/11901_0907071405X.swf
	deleted:    data/maps/11902_0907071405X.swf
	deleted:    data/maps/11903_0905121118X.swf
	deleted:    data/maps/11904_0907071359X.swf
	deleted:    data/maps/11905_0907071401X.swf
	deleted:    data/maps/11906_0907071402X.swf
	deleted:    data/maps/11907_0907071404X.swf
	deleted:    data/maps/11908_0907071406X.swf
	deleted:    data/maps/11909_0902251750X.swf
	deleted:    data/maps/11910_0902251752X.swf
	deleted:    data/maps/11911_0908201034X.swf
	deleted:    data/maps/11912_0903180927X.swf
	deleted:    data/maps/11913_0907071359X.swf
	deleted:    data/maps/11914_0907071401X.swf
	deleted:    data/maps/11915_0907071403X.swf
	deleted:    data/maps/11916_0907071404X.swf
	deleted:    data/maps/11917_0907071406X.swf
	deleted:    data/maps/11918_0907071400X.swf
	deleted:    data/maps/11919_0907071401X.swf
	deleted:    data/maps/1191_0902101042X.swf
	deleted:    data/maps/11920_0907071403X.swf
	deleted:    data/maps/11921_0907071404X.swf
	deleted:    data/maps/11922_0907071406X.swf
	deleted:    data/maps/11923_0907071400X.swf
	deleted:    data/maps/11924_0907071400X.swf
	deleted:    data/maps/11925_0907071403X.swf
	deleted:    data/maps/11926_0907071404X.swf
	deleted:    data/maps/11927_0907071407X.swf
	deleted:    data/maps/11928_0904071522X.swf
	deleted:    data/maps/11929_0906301203X.swf
	deleted:    data/maps/1192_0909241744X.swf
	deleted:    data/maps/11930_0904031533X.swf
	deleted:    data/maps/11931_0712051713X.swf
	deleted:    data/maps/11932_0712051724X.swf
	deleted:    data/maps/11933_0712051727X.swf
	deleted:    data/maps/11934_0712111110X.swf
	deleted:    data/maps/11935_0801171225X.swf
	deleted:    data/maps/11936_0712071210X.swf
	deleted:    data/maps/11937_0712071212X.swf
	deleted:    data/maps/11938_0712071211X.swf
	deleted:    data/maps/11939_0712071213X.swf
	deleted:    data/maps/1193_0706131721X.swf
	deleted:    data/maps/11940_0712051741X.swf
	deleted:    data/maps/11941_0905291618X.swf
	deleted:    data/maps/11942_0712051520X.swf
	deleted:    data/maps/11943_0712121722X.swf
	deleted:    data/maps/11944_0712121740X.swf
	deleted:    data/maps/11945_0712121746X.swf
	deleted:    data/maps/11946_0712131213X.swf
	deleted:    data/maps/11947_0712131213X.swf
	deleted:    data/maps/11948_0712131215X.swf
	deleted:    data/maps/11949_0712131215X.swf
	deleted:    data/maps/1194_0706131721X.swf
	deleted:    data/maps/11950_0712131216X.swf
	deleted:    data/maps/11951_2109291744X.swf
	deleted:    data/maps/11952_0706131721X.swf
	deleted:    data/maps/11953_0712131423X.swf
	deleted:    data/maps/11954_0712131423X.swf
	deleted:    data/maps/11955_0712131424X.swf
	deleted:    data/maps/11956_0712131426X.swf
	deleted:    data/maps/11957_0712131428X.swf
	deleted:    data/maps/11958_0712131429X.swf
	deleted:    data/maps/11959_0712131430X.swf
	deleted:    data/maps/1195_0904081453X.swf
	deleted:    data/maps/11960_0712131431X.swf
	deleted:    data/maps/11961_2109291746X.swf
	deleted:    data/maps/11962_0706131721X.swf
	deleted:    data/maps/11963_0903171658X.swf
	deleted:    data/maps/11964_0904081415X.swf
	deleted:    data/maps/11965_0904031215X.swf
	deleted:    data/maps/11966_0904031215X.swf
	deleted:    data/maps/11967_0904031214X.swf
	deleted:    data/maps/11968_0904141624X.swf
	deleted:    data/maps/11969_0804221807X.swf
	deleted:    data/maps/11970_0904271750X.swf
	deleted:    data/maps/11971_2109301048X.swf
	deleted:    data/maps/11972_0904091742X.swf
	deleted:    data/maps/11973_0904091748X.swf
	deleted:    data/maps/11974_0904031208X.swf
	deleted:    data/maps/11975_0904031217X.swf
	deleted:    data/maps/11976_0904301024X.swf
	deleted:    data/maps/11977_0909281551X.swf
	deleted:    data/maps/11978_0903121714X.swf
	deleted:    data/maps/11980_0905261558X.swf
	deleted:    data/maps/11981_0708091040X.swf
	deleted:    data/maps/11986_0810221640X.swf
	deleted:    data/maps/11987_0810290935X.swf
	deleted:    data/maps/11988_0907230952X.swf
	deleted:    data/maps/11989_0907230954X.swf
	deleted:    data/maps/1198_0706131721X.swf
	deleted:    data/maps/11990_0810221641X.swf
	deleted:    data/maps/11992_0910051205X.swf
	deleted:    data/maps/11993_0903131017X.swf
	deleted:    data/maps/11994_0903131018X.swf
	deleted:    data/maps/11995_0903131019X.swf
	deleted:    data/maps/11996_0904101423X.swf
	deleted:    data/maps/11997_0805271110X.swf
	deleted:    data/maps/11998_0811131527X.swf
	deleted:    data/maps/11999_0811131527X.swf
	deleted:    data/maps/12000_0811131527X.swf
	deleted:    data/maps/12001_0806180918X.swf
	deleted:    data/maps/12002_0806180919X.swf
	deleted:    data/maps/12003_0806121122X.swf
	deleted:    data/maps/12004_0806190936X.swf
	deleted:    data/maps/12005_0806111417X.swf
	deleted:    data/maps/12006_0806180949X.swf
	deleted:    data/maps/12007_0904141737X.swf
	deleted:    data/maps/12008_0904141652X.swf
	deleted:    data/maps/12009_0904141650X.swf
	deleted:    data/maps/1200_0909241720X.swf
	deleted:    data/maps/12010_0806131224X.swf
	deleted:    data/maps/12011_0806131424X.swf
	deleted:    data/maps/12012_0805271135X.swf
	deleted:    data/maps/12013_0806180933X.swf
	deleted:    data/maps/12014_0806180943X.swf
	deleted:    data/maps/12015_0806111140X.swf
	deleted:    data/maps/12016_0806180935X.swf
	deleted:    data/maps/12017_0806121117X.swf
	deleted:    data/maps/12018_0806190935X.swf
	deleted:    data/maps/12019_0806180944X.swf
	deleted:    data/maps/12020_0806190937X.swf
	deleted:    data/maps/12021_0904141645X.swf
	deleted:    data/maps/12022_0806190942X.swf
	deleted:    data/maps/12023_0806170902X.swf
	deleted:    data/maps/12024_0806180947X.swf
	deleted:    data/maps/12025_0809091542X.swf
	deleted:    data/maps/12026_0811131532X.swf
	deleted:    data/maps/12027_0811131532X.swf
	deleted:    data/maps/12028_0811131532X.swf
	deleted:    data/maps/1202_0706131721X.swf
	deleted:    data/maps/12032_0906231046X.swf
	deleted:    data/maps/12033_0808291134X.swf
	deleted:    data/maps/12034_0811041122X.swf
	deleted:    data/maps/12035_0808291135X.swf
	deleted:    data/maps/12036_0810171029X.swf
	deleted:    data/maps/12037_0904021404X.swf
	deleted:    data/maps/12038_0809011156X.swf
	deleted:    data/maps/12039_0810091506X.swf
	deleted:    data/maps/12040_0811031632X.swf
	deleted:    data/maps/12041_0903230907X.swf
	deleted:    data/maps/12042_0810281636X.swf
	deleted:    data/maps/12043_0810281637X.swf
	deleted:    data/maps/12044_0811121110X.swf
	deleted:    data/maps/12045_0809161546X.swf
	deleted:    data/maps/12047_0811121119X.swf
	deleted:    data/maps/12048_0908241451X.swf
	deleted:    data/maps/12050_0810281706X.swf
	deleted:    data/maps/12052_0903181411X.swf
	deleted:    data/maps/12053_0810311219X.swf
	deleted:    data/maps/12054_0810281744X.swf
	deleted:    data/maps/12055_0907071142X.swf
	deleted:    data/maps/12056_0810161759X.swf
	deleted:    data/maps/12057_0907221653X.swf
	deleted:    data/maps/12058_0809221027X.swf
	deleted:    data/maps/12059_0907071139X.swf
	deleted:    data/maps/12060_0809051009X.swf
	deleted:    data/maps/12061_0907211524X.swf
	deleted:    data/maps/12062_0811121036X.swf
	deleted:    data/maps/12063_0809251015X.swf
	deleted:    data/maps/12064_0811211548X.swf
	deleted:    data/maps/12065_0909031706X.swf
	deleted:    data/maps/12066_0906191728X.swf
	deleted:    data/maps/12067_0910051148X.swf
	deleted:    data/maps/12068_0910051159X.swf
	deleted:    data/maps/12069_0906290859X.swf
	deleted:    data/maps/12070_0904221114X.swf
	deleted:    data/maps/12071_0810171149X.swf
	deleted:    data/maps/12072_0904221115X.swf
	deleted:    data/maps/12073_0809181209X.swf
	deleted:    data/maps/12074_0811261552X.swf
	deleted:    data/maps/12075_0811141406X.swf
	deleted:    data/maps/12076_0903181401X.swf
	deleted:    data/maps/12077_0810301652X.swf
	deleted:    data/maps/12078_0810301645X.swf
	deleted:    data/maps/12079_0809191602X.swf
	deleted:    data/maps/1207_2111221352X.swf
	deleted:    data/maps/12080_0906250937X.swf
	deleted:    data/maps/12081_0809191656X.swf
	deleted:    data/maps/12082_0809191706X.swf
	deleted:    data/maps/12083_0907201358X.swf
	deleted:    data/maps/12084_0811121038X.swf
	deleted:    data/maps/12085_0907211052X.swf
	deleted:    data/maps/12086_0811051448X.swf
	deleted:    data/maps/12087_0811041548X.swf
	deleted:    data/maps/12088_0908281547X.swf
	deleted:    data/maps/12089_0907211623X.swf
	deleted:    data/maps/12090_0906291604X.swf
	deleted:    data/maps/12091_0906291605X.swf
	deleted:    data/maps/12092_0906291607X.swf
	deleted:    data/maps/12093_0906301516X.swf
	deleted:    data/maps/12094_0908281550X.swf
	deleted:    data/maps/12095_0905131019X.swf
	deleted:    data/maps/12096_0905131019X.swf
	deleted:    data/maps/12097_0905041502X.swf
	deleted:    data/maps/12098_0812241101X.swf
	deleted:    data/maps/12099_0903181215X.swf
	deleted:    data/maps/12100_0810131114X.swf
	deleted:    data/maps/12101_0904170958X.swf
	deleted:    data/maps/12102_0907071447X.swf
	deleted:    data/maps/12103_0903181206X.swf
	deleted:    data/maps/12104_0907230909X.swf
	deleted:    data/maps/12105_0907101152X.swf
	deleted:    data/maps/12106_0910051135X.swf
	deleted:    data/maps/12107_0903171007X.swf
	deleted:    data/maps/12108_0903171034X.swf
	deleted:    data/maps/12109_0903171016X.swf
	deleted:    data/maps/12110_0903171024X.swf
	deleted:    data/maps/12111_0903171033X.swf
	deleted:    data/maps/12112_0903171035X.swf
	deleted:    data/maps/12113_0903171035X.swf
	deleted:    data/maps/12114_0903171035X.swf
	deleted:    data/maps/12115_0903171035X.swf
	deleted:    data/maps/12116_0903171035X.swf
	deleted:    data/maps/12117_0903171044X.swf
	deleted:    data/maps/12118_0903171044X.swf
	deleted:    data/maps/12119_0903171044X.swf
	deleted:    data/maps/12120_0903171044X.swf
	deleted:    data/maps/12121_0903171045X.swf
	deleted:    data/maps/12122_0812081758X.swf
	deleted:    data/maps/12123_0910191106X.swf
	deleted:    data/maps/12124_0903171449X.swf
	deleted:    data/maps/12125_0903171446X.swf
	deleted:    data/maps/12126_0903171448X.swf
	deleted:    data/maps/12127_0903171448X.swf
	deleted:    data/maps/12128_0903171449X.swf
	deleted:    data/maps/12129_0903181155X.swf
	deleted:    data/maps/12130_0812091757X.swf
	deleted:    data/maps/12131_0811241744X.swf
	deleted:    data/maps/12132_0903120927X.swf
	deleted:    data/maps/12133_0811250951X.swf
	deleted:    data/maps/12134_0811261621X.swf
	deleted:    data/maps/12135_0812110942X.swf
	deleted:    data/maps/12136_0903190927X.swf
	deleted:    data/maps/12137_0901121027X.swf
	deleted:    data/maps/12138_0901121028X.swf
	deleted:    data/maps/12139_0901121029X.swf
	deleted:    data/maps/1213_0706131721X.swf
	deleted:    data/maps/12140_0901121030X.swf
	deleted:    data/maps/12141_0901121032X.swf
	deleted:    data/maps/12142_0901121033X.swf
	deleted:    data/maps/12143_0901121036X.swf
	deleted:    data/maps/12144_0901121037X.swf
	deleted:    data/maps/12145_0901121038X.swf
	deleted:    data/maps/12146_0902161001X.swf
	deleted:    data/maps/12147_0907281117X.swf
	deleted:    data/maps/12148_0907081538X.swf
	deleted:    data/maps/12149_0903120930X.swf
	deleted:    data/maps/12150_0907201428X.swf
	deleted:    data/maps/12151_0903231440X.swf
	deleted:    data/maps/12152_0904271646X.swf
	deleted:    data/maps/12153_0908271659X.swf
	deleted:    data/maps/12154_0903231437X.swf
	deleted:    data/maps/12155_0907201433X.swf
	deleted:    data/maps/12156_0904271649X.swf
	deleted:    data/maps/12157_0903231441X.swf
	deleted:    data/maps/12158_0903231442X.swf
	deleted:    data/maps/12159_0904271650X.swf
	deleted:    data/maps/12160_0901061627X.swf
	deleted:    data/maps/12161_0903120935X.swf
	deleted:    data/maps/12162_0901081417X.swf
	deleted:    data/maps/12163_0908251125X.swf
	deleted:    data/maps/12164_0903181140X.swf
	deleted:    data/maps/12165_0901201758X.swf
	deleted:    data/maps/12166_0908281106X.swf
	deleted:    data/maps/12167_0906171503X.swf
	deleted:    data/maps/12168_0906171504X.swf
	deleted:    data/maps/12169_0904090938X.swf
	deleted:    data/maps/12170_0904081453X.swf
	deleted:    data/maps/12171_0910091134X.swf
	deleted:    data/maps/12172_0910091134X.swf
	deleted:    data/maps/12173_0902101129X.swf
	deleted:    data/maps/12174_0902101127X.swf
	deleted:    data/maps/12175_0902241022X.swf
	deleted:    data/maps/12176_0902241026X.swf
	deleted:    data/maps/12177_0902121131X.swf
	deleted:    data/maps/12178_0902121515X.swf
	deleted:    data/maps/12179_0903311546X.swf
	deleted:    data/maps/12180_0910261040X.swf
	deleted:    data/maps/12181_0902161033X.swf
	deleted:    data/maps/12182_0902240954X.swf
	deleted:    data/maps/12183_0909181025X.swf
	deleted:    data/maps/12184_0909181120X.swf
	deleted:    data/maps/12185_0904171011X.swf
	deleted:    data/maps/12186_0902250956X.swf
	deleted:    data/maps/12187_0909181032X.swf
	deleted:    data/maps/12188_0904081700X.swf
	deleted:    data/maps/12189_0904150907X.swf
	deleted:    data/maps/1218_0706131721X.swf
	deleted:    data/maps/12190_0903131744X.swf
	deleted:    data/maps/12191_0903170930X.swf
	deleted:    data/maps/12192_0904081024X.swf
	deleted:    data/maps/12193_0908061052X.swf
	deleted:    data/maps/12194_0908061051X.swf
	deleted:    data/maps/12195_0908061058X.swf
	deleted:    data/maps/12196_0908060956X.swf
	deleted:    data/maps/12197_0903311438X.swf
	deleted:    data/maps/12198_0903311440X.swf
	deleted:    data/maps/12199_0903311441X.swf
	deleted:    data/maps/1219_0709181153X.swf
	deleted:    data/maps/12200_0904011552X.swf
	deleted:    data/maps/12201_0903311443X.swf
	deleted:    data/maps/12202_0903311451X.swf
	deleted:    data/maps/12203_0903271159X.swf
	deleted:    data/maps/12204_0903271200X.swf
	deleted:    data/maps/12205_0906171515X.swf
	deleted:    data/maps/12206_0903271019X.swf
	deleted:    data/maps/12207_0903271209X.swf
	deleted:    data/maps/12208_0903301747X.swf
	deleted:    data/maps/12209_0903301525X.swf
	deleted:    data/maps/12210_0908061052X.swf
	deleted:    data/maps/12211_0908061053X.swf
	deleted:    data/maps/12212_0908061058X.swf
	deleted:    data/maps/12213_0904300956X.swf
	deleted:    data/maps/12214_0904021016X.swf
	deleted:    data/maps/12215_0912141024X.swf
	deleted:    data/maps/12216_0904021026X.swf
	deleted:    data/maps/12217_0904021038X.swf
	deleted:    data/maps/12218_0904301001X.swf
	deleted:    data/maps/12219_0905131019X.swf
	deleted:    data/maps/12220_0904141411X.swf
	deleted:    data/maps/12221_0904241027X.swf
	deleted:    data/maps/12222_0905261455X.swf
	deleted:    data/maps/12223_0907021456X.swf
	deleted:    data/maps/12224_0907021410X.swf
	deleted:    data/maps/12225_0907021125X.swf
	deleted:    data/maps/12226_0907021126X.swf
	deleted:    data/maps/12227_0907021453X.swf
	deleted:    data/maps/12228_0907021459X.swf
	deleted:    data/maps/12229_0907021126X.swf
	deleted:    data/maps/1222_0706131721X.swf
	deleted:    data/maps/12230_0907021127X.swf
	deleted:    data/maps/12231_0908131127X.swf
	deleted:    data/maps/12232_0908131127X.swf
	deleted:    data/maps/12233_0908131128X.swf
	deleted:    data/maps/12234_0907281605X.swf
	deleted:    data/maps/12235_0907201035X.swf
	deleted:    data/maps/12236_0907201037X.swf
	deleted:    data/maps/12237_0907201039X.swf
	deleted:    data/maps/12238_0907201041X.swf
	deleted:    data/maps/12239_0907201034X.swf
	deleted:    data/maps/12240_0907201034X.swf
	deleted:    data/maps/12241_0907201035X.swf
	deleted:    data/maps/12242_0907201036X.swf
	deleted:    data/maps/12243_0907201036X.swf
	deleted:    data/maps/12244_0907310953X.swf
	deleted:    data/maps/12245_0907201040X.swf
	deleted:    data/maps/12246_0907201040X.swf
	deleted:    data/maps/12247_0907201040X.swf
	deleted:    data/maps/12248_0907201042X.swf
	deleted:    data/maps/12249_0907201042X.swf
	deleted:    data/maps/12250_0907201043X.swf
	deleted:    data/maps/12251_0907201038X.swf
	deleted:    data/maps/12252_0907201038X.swf
	deleted:    data/maps/12253_0907201039X.swf
	deleted:    data/maps/12254_0907271646X.swf
	deleted:    data/maps/12255_0907271647X.swf
	deleted:    data/maps/12256_0907271648X.swf
	deleted:    data/maps/12257_0907311004X.swf
	deleted:    data/maps/12258_0908071405X.swf
	deleted:    data/maps/12259_0909251031X.swf
	deleted:    data/maps/12260_0909251030X.swf
	deleted:    data/maps/12261_0908251041X.swf
	deleted:    data/maps/12262_0909031727X.swf
	deleted:    data/maps/12263_0909251028X.swf
	deleted:    data/maps/12264_0910271759X.swf
	deleted:    data/maps/12265_0909301637X.swf
	deleted:    data/maps/12266_0909291638X.swf
	deleted:    data/maps/12267_0909301205X.swf
	deleted:    data/maps/12268_0910300934X.swf
	deleted:    data/maps/12269_0910300934X.swf
	deleted:    data/maps/12270_0910300936X.swf
	deleted:    data/maps/12271_0910300937X.swf
	deleted:    data/maps/12272_0910300938X.swf
	deleted:    data/maps/12273_0910091134X.swf
	deleted:    data/maps/1242_0706131721X.swf
	deleted:    data/maps/1246_0805271449X.swf
	deleted:    data/maps/1247_0706131721X.swf
	deleted:    data/maps/1252_0805271219X.swf
	deleted:    data/maps/1253_0805271444X.swf
	deleted:    data/maps/1260_0706131721X.swf
	deleted:    data/maps/1261_0706131721X.swf
	deleted:    data/maps/1262_0805231633X.swf
	deleted:    data/maps/1263_0706131721X.swf
	deleted:    data/maps/1264_0805231636X.swf
	deleted:    data/maps/1265_0805271454X.swf
	deleted:    data/maps/1266_0706131721X.swf
	deleted:    data/maps/1267_0706131721X.swf
	deleted:    data/maps/1268_0706131721X.swf
	deleted:    data/maps/1269_0805271441X.swf
	deleted:    data/maps/126_0706131721X.swf
	deleted:    data/maps/1270_0706131721X.swf
	deleted:    data/maps/1272_0706131721X.swf
	deleted:    data/maps/1274_0706141524X.swf
	deleted:    data/maps/1275_0706131721X.swf
	deleted:    data/maps/1276_0706131721X.swf
	deleted:    data/maps/1278_0706131721X.swf
	deleted:    data/maps/1279_0706131721X.swf
	deleted:    data/maps/127_0706131721X.swf
	deleted:    data/maps/1280_0805271445X.swf
	deleted:    data/maps/1281_0906181200X.swf
	deleted:    data/maps/1282_0805271211X.swf
	deleted:    data/maps/1284_0805291545X.swf
	deleted:    data/maps/1285_0706141524X.swf
	deleted:    data/maps/1286_0706131721X.swf
	deleted:    data/maps/1287_0805271455X.swf
	deleted:    data/maps/1288_0805271213X.swf
	deleted:    data/maps/1289_0805291546X.swf
	deleted:    data/maps/1290_0805271459X.swf
	deleted:    data/maps/1293_0706131721X.swf
	deleted:    data/maps/1295_0706131721X.swf
	deleted:    data/maps/1296_0706131721X.swf
	deleted:    data/maps/1298_0706131721X.swf
	deleted:    data/maps/1299_0706131721X.swf
	deleted:    data/maps/13000_0706131721X.swf
	deleted:    data/maps/13001_0706131721X.swf
	deleted:    data/maps/13002_0908101407X.swf
	deleted:    data/maps/13003_0908101407X.swf
	deleted:    data/maps/13004_0810301309X.swf
	deleted:    data/maps/13005_0810301309X.swf
	deleted:    data/maps/13006_0809251043X.swf
	deleted:    data/maps/13007_0809251043X.swf
	deleted:    data/maps/13008_0706131721X.swf
	deleted:    data/maps/13009_0706131721X.swf
	deleted:    data/maps/1300_0805271450X.swf
	deleted:    data/maps/13010_0706131721X.swf
	deleted:    data/maps/13011_0706131721X.swf
	deleted:    data/maps/13012_0706131721X.swf
	deleted:    data/maps/13013_0706131721X.swf
	deleted:    data/maps/13014_0706131721X.swf
	deleted:    data/maps/13015_0706131721X.swf
	deleted:    data/maps/13016_0712071736X.swf
	deleted:    data/maps/13017_0712071736X.swf
	deleted:    data/maps/13018_0712071739X.swf
	deleted:    data/maps/13019_0712071739X.swf
	deleted:    data/maps/1301_0706131721X.swf
	deleted:    data/maps/13020_0712071737X.swf
	deleted:    data/maps/13021_0712071737X.swf
	deleted:    data/maps/13022_0712071734X.swf
	deleted:    data/maps/13023_0712071734X.swf
	deleted:    data/maps/13024_0706131721X.swf
	deleted:    data/maps/13025_0706131721X.swf
	deleted:    data/maps/13026_0706131721X.swf
	deleted:    data/maps/13027_0706131721X.swf
	deleted:    data/maps/13028_0706131721X.swf
	deleted:    data/maps/13029_0706131721X.swf
	deleted:    data/maps/1302_0706131721X.swf
	deleted:    data/maps/13030_0706131721X.swf
	deleted:    data/maps/13031_0706131721X.swf
	deleted:    data/maps/13032_0706131721X.swf
	deleted:    data/maps/13033_0706131721X.swf
	deleted:    data/maps/13034_0706131721X.swf
	deleted:    data/maps/13035_0706131721X.swf
	deleted:    data/maps/13036_0806231038X.swf
	deleted:    data/maps/13037_0806231038X.swf
	deleted:    data/maps/13038_0711071607X.swf
	deleted:    data/maps/13039_0711071607X.swf
	deleted:    data/maps/1303_0706131721X.swf
	deleted:    data/maps/13040_0706131721X.swf
	deleted:    data/maps/13041_0706131721X.swf
	deleted:    data/maps/13042_0710090930X.swf
	deleted:    data/maps/13043_0710090930X.swf
	deleted:    data/maps/13044_0708281732X.swf
	deleted:    data/maps/13045_0708281732X.swf
	deleted:    data/maps/13046_0706131721X.swf
	deleted:    data/maps/13047_0706131721X.swf
	deleted:    data/maps/13048_0706131721X.swf
	deleted:    data/maps/13049_0706131721X.swf
	deleted:    data/maps/1304_0706131721X.swf
	deleted:    data/maps/13050_0706131721X.swf
	deleted:    data/maps/13051_0706131721X.swf
	deleted:    data/maps/13052_0706131721X.swf
	deleted:    data/maps/13053_0706131721X.swf
	deleted:    data/maps/13054_0808251552X.swf
	deleted:    data/maps/13055_0808251552X.swf
	deleted:    data/maps/13056_0706131721X.swf
	deleted:    data/maps/13057_0706131721X.swf
	deleted:    data/maps/13058_0706131721X.swf
	deleted:    data/maps/13059_0706131721X.swf
	deleted:    data/maps/1305_0706131721X.swf
	deleted:    data/maps/13060_0708221823X.swf
	deleted:    data/maps/13061_0708221823X.swf
	deleted:    data/maps/13062_0712071740X.swf
	deleted:    data/maps/13063_0712071740X.swf
	deleted:    data/maps/13064_0706131721X.swf
	deleted:    data/maps/13065_0706131721X.swf
	deleted:    data/maps/13066_0706131721X.swf
	deleted:    data/maps/13067_0706131721X.swf
	deleted:    data/maps/13068_0706131721X.swf
	deleted:    data/maps/13069_0706131721X.swf
	deleted:    data/maps/1306_0805271219X.swf
	deleted:    data/maps/13070_0706131721X.swf
	deleted:    data/maps/13071_0706131721X.swf
	deleted:    data/maps/13072_0706131721X.swf
	deleted:    data/maps/13073_0706131721X.swf
	deleted:    data/maps/13074_0709241753X.swf
	deleted:    data/maps/13075_0709241753X.swf
	deleted:    data/maps/13076_0706131721X.swf
	deleted:    data/maps/13077_0706131721X.swf
	deleted:    data/maps/13078_0706251205X.swf
	deleted:    data/maps/13079_0706251205X.swf
	deleted:    data/maps/1307_0805271446X.swf
	deleted:    data/maps/13080_0706131721X.swf
	deleted:    data/maps/13081_0706131721X.swf
	deleted:    data/maps/13082_0811121014X.swf
	deleted:    data/maps/13083_0811121014X.swf
	deleted:    data/maps/13084_0706131721X.swf
	deleted:    data/maps/13085_0706131721X.swf
	deleted:    data/maps/13086_0905291618X.swf
	deleted:    data/maps/13087_0905291618X.swf
	deleted:    data/maps/13088_0912161020X.swf
	deleted:    data/maps/13089_0912161020X.swf
	deleted:    data/maps/1308_0706141524X.swf
	deleted:    data/maps/13090_0706131721X.swf
	deleted:    data/maps/13091_0706131721X.swf
	deleted:    data/maps/13092_0904301024X.swf
	deleted:    data/maps/13093_0904301024X.swf
	deleted:    data/maps/13094_0904031217X.swf
	deleted:    data/maps/13095_0904031217X.swf
	deleted:    data/maps/13096_0801090928X.swf
	deleted:    data/maps/13097_0801090928X.swf
	deleted:    data/maps/1309_0706131721X.swf
	deleted:    data/maps/1310_0706131721X.swf
	deleted:    data/maps/1311_0805271451X.swf
	deleted:    data/maps/1312_0706131721X.swf
	deleted:    data/maps/1314_0706131721X.swf
	deleted:    data/maps/1315_0810241124X.swf
	deleted:    data/maps/1316_0805271221X.swf
	deleted:    data/maps/1317_0706131721X.swf
	deleted:    data/maps/1319_0706131721X.swf
	deleted:    data/maps/1320_0706131721X.swf
	deleted:    data/maps/1321_0805271214X.swf
	deleted:    data/maps/1322_0706131721X.swf
	deleted:    data/maps/1323_0706131721X.swf
	deleted:    data/maps/1324_0706131721X.swf
	deleted:    data/maps/13250_0706131721X.swf
	deleted:    data/maps/13251_0706131721X.swf
	deleted:    data/maps/13252_0908101407X.swf
	deleted:    data/maps/13253_0908101407X.swf
	deleted:    data/maps/13254_0809251043X.swf
	deleted:    data/maps/13255_0809251043X.swf
	deleted:    data/maps/13256_0706131721X.swf
	deleted:    data/maps/13257_0706131721X.swf
	deleted:    data/maps/13258_0706131721X.swf
	deleted:    data/maps/13259_0706131721X.swf
	deleted:    data/maps/1325_0805271211X.swf
	deleted:    data/maps/13260_0706131721X.swf
	deleted:    data/maps/13261_0706131721X.swf
	deleted:    data/maps/13262_0706131721X.swf
	deleted:    data/maps/13263_0706131721X.swf
	deleted:    data/maps/13264_0712071736X.swf
	deleted:    data/maps/13265_0712071736X.swf
	deleted:    data/maps/13266_0806231038X.swf
	deleted:    data/maps/13267_0806231038X.swf
	deleted:    data/maps/13268_0708281732X.swf
	deleted:    data/maps/13269_0708281732X.swf
	deleted:    data/maps/1326_0706131721X.swf
	deleted:    data/maps/13270_0706131721X.swf
	deleted:    data/maps/13271_0706131721X.swf
	deleted:    data/maps/13272_0710090930X.swf
	deleted:    data/maps/13273_0710090930X.swf
	deleted:    data/maps/13274_0706131721X.swf
	deleted:    data/maps/13275_0706131721X.swf
	deleted:    data/maps/13276_0706131721X.swf
	deleted:    data/maps/13277_0706131721X.swf
	deleted:    data/maps/13278_0706131721X.swf
	deleted:    data/maps/13279_0706131721X.swf
	deleted:    data/maps/1327_0805271444X.swf
	deleted:    data/maps/13280_0706131721X.swf
	deleted:    data/maps/13281_0706131721X.swf
	deleted:    data/maps/13282_0706131721X.swf
	deleted:    data/maps/13283_0706131721X.swf
	deleted:    data/maps/13284_0706131721X.swf
	deleted:    data/maps/13285_0706131721X.swf
	deleted:    data/maps/13286_0706131721X.swf
	deleted:    data/maps/13287_0706131721X.swf
	deleted:    data/maps/13288_0706131721X.swf
	deleted:    data/maps/13289_0706131721X.swf
	deleted:    data/maps/1328_0706131721X.swf
	deleted:    data/maps/13290_0706131721X.swf
	deleted:    data/maps/13291_0706131721X.swf
	deleted:    data/maps/13292_0904031217X.swf
	deleted:    data/maps/13293_0904031217X.swf
	deleted:    data/maps/13294_0904301024X.swf
	deleted:    data/maps/13295_0904301024X.swf
	deleted:    data/maps/13296_0801090928X.swf
	deleted:    data/maps/13297_0801090928X.swf
	deleted:    data/maps/1329_0805271447X.swf
	deleted:    data/maps/1330_0706131721X.swf
	deleted:    data/maps/1331_0706131721X.swf
	deleted:    data/maps/1332_0806181024X.swf
	deleted:    data/maps/1335_0805271208X.swf
	deleted:    data/maps/1336_0805271209X.swf
	deleted:    data/maps/1337_0706131721X.swf
	deleted:    data/maps/1339_0706131721X.swf
	deleted:    data/maps/1340_0706131721X.swf
	deleted:    data/maps/1341_0706131721X.swf
	deleted:    data/maps/1343_0805271214X.swf
	deleted:    data/maps/1344_0706131721X.swf
	deleted:    data/maps/1345_0706131721X.swf
	deleted:    data/maps/1346_0805271208X.swf
	deleted:    data/maps/1347_0805271207X.swf
	deleted:    data/maps/1349_0706131721X.swf
	deleted:    data/maps/1350_0706131721X.swf
	deleted:    data/maps/1351_0706131721X.swf
	deleted:    data/maps/1352_0706131721X.swf
	deleted:    data/maps/1353_0805271206X.swf
	deleted:    data/maps/1354_0706131721X.swf
	deleted:    data/maps/1355_0706131721X.swf
	deleted:    data/maps/1356_0806181029X.swf
	deleted:    data/maps/1357_0706131721X.swf
	deleted:    data/maps/1359_0806181030X.swf
	deleted:    data/maps/1360_0812161752X.swf
	deleted:    data/maps/1361_0706131721X.swf
	deleted:    data/maps/1362_0706131721X.swf
	deleted:    data/maps/1363_0805271212X.swf
	deleted:    data/maps/1364_0806181029X.swf
	deleted:    data/maps/1365_0706131721X.swf
	deleted:    data/maps/1367_0805271204X.swf
	deleted:    data/maps/1368_0805271215X.swf
	deleted:    data/maps/1369_0706131721X.swf
	deleted:    data/maps/1370_0706131721X.swf
	deleted:    data/maps/1371_0706131721X.swf
	deleted:    data/maps/1372_0706131721X.swf
	deleted:    data/maps/1373_0805271216X.swf
	deleted:    data/maps/1374_0706131721X.swf
	deleted:    data/maps/1375_0706131721X.swf
	deleted:    data/maps/1376_0706131721X.swf
	deleted:    data/maps/1377_0706131721X.swf
	deleted:    data/maps/1378_0706131721X.swf
	deleted:    data/maps/1379_0706131721X.swf
	deleted:    data/maps/1380_0706131721X.swf
	deleted:    data/maps/1381_0706131721X.swf
	deleted:    data/maps/1382_0706131721X.swf
	deleted:    data/maps/1383_0710261033X.swf
	deleted:    data/maps/1384_0706131721X.swf
	deleted:    data/maps/1385_0706131721X.swf
	deleted:    data/maps/1386_0805271205X.swf
	deleted:    data/maps/1387_0805291548X.swf
	deleted:    data/maps/1388_0706131721X.swf
	deleted:    data/maps/1389_0706131721X.swf
	deleted:    data/maps/1390_0706131721X.swf
	deleted:    data/maps/1391_0706131721X.swf
	deleted:    data/maps/1392_0706131721X.swf
	deleted:    data/maps/1393_0706131721X.swf
	deleted:    data/maps/1394_0706131721X.swf
	deleted:    data/maps/1395_0706131721X.swf
	deleted:    data/maps/1396_0706131721X.swf
	deleted:    data/maps/1397_0706131721X.swf
	deleted:    data/maps/1398_0706131721X.swf
	deleted:    data/maps/1399_0706131721X.swf
	deleted:    data/maps/14000_2112221623X.swf
	deleted:    data/maps/14001_2110181553X.swf
	deleted:    data/maps/14002_2112221559X.swf
	deleted:    data/maps/14005_2201131750X.swf
	deleted:    data/maps/14006_2201131751X.swf
	deleted:    data/maps/14007_2201131751X.swf
	deleted:    data/maps/14008_2201131752X.swf
	deleted:    data/maps/14009_2201131756X.swf
	deleted:    data/maps/1400_0706131721X.swf
	deleted:    data/maps/1401_0706131721X.swf
	deleted:    data/maps/1402_0706131721X.swf
	deleted:    data/maps/1403_0806181025X.swf
	deleted:    data/maps/1404_0706131721X.swf
	deleted:    data/maps/1405_0710261035X.swf
	deleted:    data/maps/1407_0706131721X.swf
	deleted:    data/maps/1408_0710191718X.swf
	deleted:    data/maps/1409_0811181727X.swf
	deleted:    data/maps/1410_0806181022X.swf
	deleted:    data/maps/1411_0706131721X.swf
	deleted:    data/maps/1413_0706131721X.swf
	deleted:    data/maps/1414_0706131721X.swf
	deleted:    data/maps/1415_0706131721X.swf
	deleted:    data/maps/1416_0706131721X.swf
	deleted:    data/maps/1417_0806181034X.swf
	deleted:    data/maps/1418_0805271453X.swf
	deleted:    data/maps/1419_0706131721X.swf
	deleted:    data/maps/1420_0805271155X.swf
	deleted:    data/maps/1421_0706131721X.swf
	deleted:    data/maps/1422_0706131721X.swf
	deleted:    data/maps/1423_0710191741X.swf
	deleted:    data/maps/1424_0811181725X.swf
	deleted:    data/maps/1429_0710020919X.swf
	deleted:    data/maps/1433_0706131721X.swf
	deleted:    data/maps/1434_0706131721X.swf
	deleted:    data/maps/1435_0805271455X.swf
	deleted:    data/maps/1436_0706131721X.swf
	deleted:    data/maps/1437_0706131721X.swf
	deleted:    data/maps/1438_0710031508X.swf
	deleted:    data/maps/1439_0805271500X.swf
	deleted:    data/maps/1440_0810241123X.swf
	deleted:    data/maps/1441_0706131721X.swf
	deleted:    data/maps/1443_0805271154X.swf
	deleted:    data/maps/1444_0706131721X.swf
	deleted:    data/maps/1445_0706131721X.swf
	deleted:    data/maps/1446_0706131721X.swf
	deleted:    data/maps/1447_0706131721X.swf
	deleted:    data/maps/1448_0706131721X.swf
	deleted:    data/maps/1449_0706131721X.swf
	deleted:    data/maps/1450_0805271152X.swf
	deleted:    data/maps/1451_0706131721X.swf
	deleted:    data/maps/1452_0706131721X.swf
	deleted:    data/maps/1453_0907171437X.swf
	deleted:    data/maps/1454_0809251007X.swf
	deleted:    data/maps/1455_0706131721X.swf
	deleted:    data/maps/1456_0706131721X.swf
	deleted:    data/maps/1457_0706131721X.swf
	deleted:    data/maps/1458_0706141524X.swf
	deleted:    data/maps/1459_0706131721X.swf
	deleted:    data/maps/1461_0706131721X.swf
	deleted:    data/maps/1466_0903231039X.swf
	deleted:    data/maps/1469_0903231035X.swf
	deleted:    data/maps/1470_0903231034X.swf
	deleted:    data/maps/1474_0706131721X.swf
	deleted:    data/maps/1484_0706131721X.swf
	deleted:    data/maps/1488_0706131721X.swf
	deleted:    data/maps/1489_0706131721X.swf
	deleted:    data/maps/1490_0706131721X.swf
	deleted:    data/maps/1492_0706131721X.swf
	deleted:    data/maps/1493_0706131721X.swf
	deleted:    data/maps/1495_0706131721X.swf
	deleted:    data/maps/1496_0902101057X.swf
	deleted:    data/maps/1498_0902061618X.swf
	deleted:    data/maps/1499_0706131721X.swf
	deleted:    data/maps/1500_0706131721X.swf
	deleted:    data/maps/1502_0706131721X.swf
	deleted:    data/maps/1503_0706131721X.swf
	deleted:    data/maps/1504_0812101609X.swf
	deleted:    data/maps/1505_0706131721X.swf
	deleted:    data/maps/1506_0706131721X.swf
	deleted:    data/maps/1507_0706131721X.swf
	deleted:    data/maps/1509_0706131721X.swf
	deleted:    data/maps/1510_0902040948X.swf
	deleted:    data/maps/1513_0902041007X.swf
	deleted:    data/maps/1514_0902261017X.swf
	deleted:    data/maps/1517_0902041009X.swf
	deleted:    data/maps/1520_0706131721X.swf
	deleted:    data/maps/1521_0709181139X.swf
	deleted:    data/maps/1522_0709181140X.swf
	deleted:    data/maps/1524_0706131721X.swf
	deleted:    data/maps/1533_0706131721X.swf
	deleted:    data/maps/1535_0706131721X.swf
	deleted:    data/maps/1536_0706131721X.swf
	deleted:    data/maps/1538_0706131721X.swf
	deleted:    data/maps/1541_0706131721X.swf
	deleted:    data/maps/1542_0706131721X.swf
	deleted:    data/maps/1544_0903231037X.swf
	deleted:    data/maps/1546_0706131721X.swf
	deleted:    data/maps/1547_0905151930X.swf
	deleted:    data/maps/1549_2109271717X.swf
	deleted:    data/maps/1551_0706131721X.swf
	deleted:    data/maps/1553_0902041010X.swf
	deleted:    data/maps/1554_0903231033X.swf
	deleted:    data/maps/1556_0905151930X.swf
	deleted:    data/maps/1558_0903300949X.swf
	deleted:    data/maps/1559_0712061508X.swf
	deleted:    data/maps/1560_0706131721X.swf
	deleted:    data/maps/1561_0706131721X.swf
	deleted:    data/maps/1562_0706131721X.swf
	deleted:    data/maps/1565_0706131721X.swf
	deleted:    data/maps/1567_2202011850X.swf
	deleted:    data/maps/1568_0706131721X.swf
	deleted:    data/maps/1569_0706131721X.swf
	deleted:    data/maps/1570_0706131721X.swf
	deleted:    data/maps/1571_0706131721X.swf
	deleted:    data/maps/1572_0706141524X.swf
	deleted:    data/maps/1574_0706131721X.swf
	deleted:    data/maps/1575_0706131721X.swf
	deleted:    data/maps/1576_0706131721X.swf
	deleted:    data/maps/1577_0706131721X.swf
	deleted:    data/maps/1578_0706131721X.swf
	deleted:    data/maps/1579_0706131721X.swf
	deleted:    data/maps/1580_0706131721X.swf
	deleted:    data/maps/1582_0706131721X.swf
	deleted:    data/maps/1583_0706131721X.swf
	deleted:    data/maps/1584_0706131721X.swf
	deleted:    data/maps/1585_0706131721X.swf
	deleted:    data/maps/1586_0706131721X.swf
	deleted:    data/maps/1587_0706131721X.swf
	deleted:    data/maps/1588_0801080906X.swf
	deleted:    data/maps/1589_0706131721X.swf
	deleted:    data/maps/1590_0706131721X.swf
	deleted:    data/maps/1591_0706131721X.swf
	deleted:    data/maps/1592_0706131721X.swf
	deleted:    data/maps/1593_0706131721X.swf
	deleted:    data/maps/1594_0706131721X.swf
	deleted:    data/maps/1595_0706131721X.swf
	deleted:    data/maps/1596_0706131721X.swf
	deleted:    data/maps/1597_0706131721X.swf
	deleted:    data/maps/1598_0706131721X.swf
	deleted:    data/maps/1599_0706131721X.swf
	deleted:    data/maps/1600_0706131721X.swf
	deleted:    data/maps/1601_0706131721X.swf
	deleted:    data/maps/1602_0706131721X.swf
	deleted:    data/maps/1603_0706131721X.swf
	deleted:    data/maps/1605_0706131721X.swf
	deleted:    data/maps/1606_0706131721X.swf
	deleted:    data/maps/1607_0706131721X.swf
	deleted:    data/maps/1608_0706131721X.swf
	deleted:    data/maps/1609_0706131721X.swf
	deleted:    data/maps/160_0706131721X.swf
	deleted:    data/maps/1610_0706131721X.swf
	deleted:    data/maps/1611_0706131721X.swf
	deleted:    data/maps/1613_0706131721X.swf
	deleted:    data/maps/1614_0706131721X.swf
	deleted:    data/maps/1615_0706131721X.swf
	deleted:    data/maps/1616_0706131721X.swf
	deleted:    data/maps/1617_0706131721X.swf
	deleted:    data/maps/1619_0706131721X.swf
	deleted:    data/maps/161_0708131750X.swf
	deleted:    data/maps/1620_0706131721X.swf
	deleted:    data/maps/1621_0808220935X.swf
	deleted:    data/maps/1622_0706131721X.swf
	deleted:    data/maps/1624_0706131721X.swf
	deleted:    data/maps/1625_0706131721X.swf
	deleted:    data/maps/1626_0706131721X.swf
	deleted:    data/maps/1627_0706131721X.swf
	deleted:    data/maps/1628_0706131721X.swf
	deleted:    data/maps/1630_0706131721X.swf
	deleted:    data/maps/1631_0706131721X.swf
	deleted:    data/maps/1632_0706131721X.swf
	deleted:    data/maps/1633_0706131721X.swf
	deleted:    data/maps/1634_0706131721X.swf
	deleted:    data/maps/1635_0709181157X.swf
	deleted:    data/maps/1636_0706131721X.swf
	deleted:    data/maps/1637_0706131721X.swf
	deleted:    data/maps/1638_0706141524X.swf
	deleted:    data/maps/1639_0706131721X.swf
	deleted:    data/maps/1640_0706131721X.swf
	deleted:    data/maps/1641_0706131721X.swf
	deleted:    data/maps/1642_0706131721X.swf
	deleted:    data/maps/1643_0706141524X.swf
	deleted:    data/maps/1644_0706131721X.swf
	deleted:    data/maps/1645_0706131721X.swf
	deleted:    data/maps/1647_0706131721X.swf
	deleted:    data/maps/1648_0706141524X.swf
	deleted:    data/maps/1649_0706131721X.swf
	deleted:    data/maps/164_0706131721X.swf
	deleted:    data/maps/1651_0706131721X.swf
	deleted:    data/maps/1652_2111221324X.swf
	deleted:    data/maps/1653_2111221322X.swf
	deleted:    data/maps/1654_0706131721X.swf
	deleted:    data/maps/1655_0907071143X.swf
	deleted:    data/maps/1656_0809260924X.swf
	deleted:    data/maps/1657_2111221322X.swf
	deleted:    data/maps/1658_2111221323X.swf
	deleted:    data/maps/1659_0809260933X.swf
	deleted:    data/maps/165_0706141524X.swf
	deleted:    data/maps/1661_0809260932X.swf
	deleted:    data/maps/1663_2111221215X.swf
	deleted:    data/maps/1664_2111221319X.swf
	deleted:    data/maps/1665_0706131721X.swf
	deleted:    data/maps/1666_0706131721X.swf
	deleted:    data/maps/1667_0706131721X.swf
	deleted:    data/maps/1668_0706131721X.swf
	deleted:    data/maps/1669_0706131721X.swf
	deleted:    data/maps/166_0706141524X.swf
	deleted:    data/maps/1670_0706131721X.swf
	deleted:    data/maps/1674_0706131721X.swf
	deleted:    data/maps/1678_0706131721X.swf
	deleted:    data/maps/1679_0907071141X.swf
	deleted:    data/maps/167_0706131721X.swf
	deleted:    data/maps/1680_0706131721X.swf
	deleted:    data/maps/1681_0706131721X.swf
	deleted:    data/maps/1682_0706131721X.swf
	deleted:    data/maps/1683_0706131721X.swf
	deleted:    data/maps/1684_0706131721X.swf
	deleted:    data/maps/1685_0706131721X.swf
	deleted:    data/maps/1686_0706131721X.swf
	deleted:    data/maps/1687_0706131721X.swf
	deleted:    data/maps/1688_0805271458X.swf
	deleted:    data/maps/1689_0706131721X.swf
	deleted:    data/maps/1690_0905111209X.swf
	deleted:    data/maps/1691_0706131721X.swf
	deleted:    data/maps/1692_0706131721X.swf
	deleted:    data/maps/1693_0706131721X.swf
	deleted:    data/maps/1696_0706131721X.swf
	deleted:    data/maps/1697_0806170919X.swf
	deleted:    data/maps/1698_0806231113X.swf
	deleted:    data/maps/1699_0706131721X.swf
	deleted:    data/maps/1700_0706131721X.swf
	deleted:    data/maps/1701_0806231400X.swf
	deleted:    data/maps/1702_0806171753X.swf
	deleted:    data/maps/1703_0809301433X.swf
	deleted:    data/maps/1704_0806171749X.swf
	deleted:    data/maps/1705_0706131721X.swf
	deleted:    data/maps/1706_0706131721X.swf
	deleted:    data/maps/1708_0706141524X.swf
	deleted:    data/maps/1709_0706131721X.swf
	deleted:    data/maps/1711_0708271550X.swf
	deleted:    data/maps/1713_0706131721X.swf
	deleted:    data/maps/1714_0706131721X.swf
	deleted:    data/maps/1715_0909221138X.swf
	deleted:    data/maps/1716_0706131721X.swf
	deleted:    data/maps/1717_0706141524X.swf
	deleted:    data/maps/1718_0706131721X.swf
	deleted:    data/maps/1719_0706131721X.swf
	deleted:    data/maps/1720_0706131721X.swf
	deleted:    data/maps/1721_0706131721X.swf
	deleted:    data/maps/1722_0706131721X.swf
	deleted:    data/maps/1723_0706131721X.swf
	deleted:    data/maps/1724_0706131721X.swf
	deleted:    data/maps/1725_0706131721X.swf
	deleted:    data/maps/1726_0706131721X.swf
	deleted:    data/maps/1727_0706131721X.swf
	deleted:    data/maps/1728_0706131721X.swf
	deleted:    data/maps/1729_0706131721X.swf
	deleted:    data/maps/1730_0706131721X.swf
	deleted:    data/maps/1731_0706131721X.swf
	deleted:    data/maps/1732_0706131721X.swf
	deleted:    data/maps/1733_0706131721X.swf
	deleted:    data/maps/1734_0706131721X.swf
	deleted:    data/maps/1735_0706131721X.swf
	deleted:    data/maps/1736_0706131721X.swf
	deleted:    data/maps/1737_0706131721X.swf
	deleted:    data/maps/1738_0706131721X.swf
	deleted:    data/maps/1739_0706131721X.swf
	deleted:    data/maps/1740_0706131721X.swf
	deleted:    data/maps/1741_0706131721X.swf
	deleted:    data/maps/1742_0706131721X.swf
	deleted:    data/maps/1743_0706131721X.swf
	deleted:    data/maps/1744_0706131721X.swf
	deleted:    data/maps/1746_0706131721X.swf
	deleted:    data/maps/1747_0706131721X.swf
	deleted:    data/maps/1748_0706131721X.swf
	deleted:    data/maps/1749_0706131721X.swf
	deleted:    data/maps/174_0706141524X.swf
	deleted:    data/maps/1750_0706131721X.swf
	deleted:    data/maps/1751_0706141524X.swf
	deleted:    data/maps/1752_0706131721X.swf
	deleted:    data/maps/1753_2109301526X.swf
	deleted:    data/maps/1754_0706131721X.swf
	deleted:    data/maps/1755_0706131721X.swf
	deleted:    data/maps/1756_0706131721X.swf
	deleted:    data/maps/1757_0706131721X.swf
	deleted:    data/maps/1758_0706131721X.swf
	deleted:    data/maps/1759_0706131721X.swf
	deleted:    data/maps/1760_0706131721X.swf
	deleted:    data/maps/1761_0706131721X.swf
	deleted:    data/maps/1762_0706131721X.swf
	deleted:    data/maps/1763_0706131721X.swf
	deleted:    data/maps/1764_0706131721X.swf
	deleted:    data/maps/1765_0706131721X.swf
	deleted:    data/maps/1766_0710301749X.swf
	deleted:    data/maps/1767_0706131721X.swf
	deleted:    data/maps/1768_0706131721X.swf
	deleted:    data/maps/1769_0706131721X.swf
	deleted:    data/maps/176_0706131721X.swf
	deleted:    data/maps/1770_0706131721X.swf
	deleted:    data/maps/1771_0706131721X.swf
	deleted:    data/maps/1772_0706131721X.swf
	deleted:    data/maps/1773_0706131721X.swf
	deleted:    data/maps/1774_0806231038X.swf
	deleted:    data/maps/1775_0905140944X.swf
	deleted:    data/maps/1776_0706131721X.swf
	deleted:    data/maps/1777_0706131721X.swf
	deleted:    data/maps/1778_0706131721X.swf
	deleted:    data/maps/1779_0706131721X.swf
	deleted:    data/maps/177_0706131721X.swf
	deleted:    data/maps/1780_0706131721X.swf
	deleted:    data/maps/1781_0706131721X.swf
	deleted:    data/maps/1782_0706131721X.swf
	deleted:    data/maps/1783_0706131721X.swf
	deleted:    data/maps/1784_0706131721X.swf
	deleted:    data/maps/1785_0706131721X.swf
	deleted:    data/maps/1786_0706131721X.swf
	deleted:    data/maps/1787_0706131721X.swf
	deleted:    data/maps/1788_0706131721X.swf
	deleted:    data/maps/1789_0706131721X.swf
	deleted:    data/maps/178_0806231103X.swf
	deleted:    data/maps/1790_0706131721X.swf
	deleted:    data/maps/1791_0706131721X.swf
	deleted:    data/maps/1792_0806171803X.swf
	deleted:    data/maps/1793_0806171803X.swf
	deleted:    data/maps/1794_0806171804X.swf
	deleted:    data/maps/1795_0706131721X.swf
	deleted:    data/maps/1796_0706131721X.swf
	deleted:    data/maps/1797_0706131721X.swf
	deleted:    data/maps/1798_0706131721X.swf
	deleted:    data/maps/1799_0706131721X.swf
	deleted:    data/maps/179_0706131721X.swf
	deleted:    data/maps/1800_0806171807X.swf
	deleted:    data/maps/1801_0706131721X.swf
	deleted:    data/maps/1802_0706131721X.swf
	deleted:    data/maps/1803_0706131721X.swf
	deleted:    data/maps/1804_0806171810X.swf
	deleted:    data/maps/1805_0806171812X.swf
	deleted:    data/maps/1806_0909161627X.swf
	deleted:    data/maps/1807_0806171806X.swf
	deleted:    data/maps/1808_0806171805X.swf
	deleted:    data/maps/1809_0706131721X.swf
	deleted:    data/maps/1813_0706131721X.swf
	deleted:    data/maps/181_0706131721X.swf
	deleted:    data/maps/1827_0706131721X.swf
	deleted:    data/maps/1828_0706131721X.swf
	deleted:    data/maps/1829_0706131721X.swf
	deleted:    data/maps/182_0706131721X.swf
	deleted:    data/maps/1830_0706131721X.swf
	deleted:    data/maps/1831_0706131721X.swf
	deleted:    data/maps/1832_0706131721X.swf
	deleted:    data/maps/1833_0706131721X.swf
	deleted:    data/maps/1834_0706131721X.swf
	deleted:    data/maps/1835_0706131721X.swf
	deleted:    data/maps/1836_0808251552X.swf
	deleted:    data/maps/1837_0706131721X.swf
	deleted:    data/maps/1838_0706131721X.swf
	deleted:    data/maps/1839_0706131721X.swf
	deleted:    data/maps/183_0706131721X.swf
	deleted:    data/maps/1840_0706131721X.swf
	deleted:    data/maps/1841_0706131721X.swf
	deleted:    data/maps/1842_0808251513X.swf
	deleted:    data/maps/1843_0805280944X.swf
	deleted:    data/maps/1844_0706131721X.swf
	deleted:    data/maps/1845_0706141524X.swf
	deleted:    data/maps/1846_0706131721X.swf
	deleted:    data/maps/184_0706131721X.swf
	deleted:    data/maps/1850_0706131721X.swf
	deleted:    data/maps/1853_0706131721X.swf
	deleted:    data/maps/1854_0706131721X.swf
	deleted:    data/maps/1856_0901081440X.swf
	deleted:    data/maps/1857_0706131721X.swf
	deleted:    data/maps/1858_0706131721X.swf
	deleted:    data/maps/1859_0706131721X.swf
	deleted:    data/maps/185_0706131721X.swf
	deleted:    data/maps/1860_0804151640X.swf
	deleted:    data/maps/1861_0804151641X.swf
	deleted:    data/maps/1862_0804151642X.swf
	deleted:    data/maps/1863_0706131721X.swf
	deleted:    data/maps/1864_0706131721X.swf
	deleted:    data/maps/1866_2110011720X.swf
	deleted:    data/maps/1867_0706131721X.swf
	deleted:    data/maps/1868_0804231619X.swf
	deleted:    data/maps/1869_0804071122X.swf
	deleted:    data/maps/186_0706131721X.swf
	deleted:    data/maps/1871_0706131721X.swf
	deleted:    data/maps/1872_0706131721X.swf
	deleted:    data/maps/1873_0706131721X.swf
	deleted:    data/maps/1875_0706131721X.swf
	deleted:    data/maps/1876_0706131721X.swf
	deleted:    data/maps/1877_0706131721X.swf
	deleted:    data/maps/1878_0706131721X.swf
	deleted:    data/maps/1879_0706131721X.swf
	deleted:    data/maps/1880_0706131721X.swf
	deleted:    data/maps/1881_0706131721X.swf
	deleted:    data/maps/1882_0706131721X.swf
	deleted:    data/maps/1883_0706131721X.swf
	deleted:    data/maps/1884_0706131721X.swf
	deleted:    data/maps/1885_0706131721X.swf
	deleted:    data/maps/1886_0706131721X.swf
	deleted:    data/maps/1887_0706131721X.swf
	deleted:    data/maps/1888_0706131721X.swf
	deleted:    data/maps/1889_0706131721X.swf
	deleted:    data/maps/188_0706131721X.swf
	deleted:    data/maps/1890_0706131721X.swf
	deleted:    data/maps/1891_0706131721X.swf
	deleted:    data/maps/1892_0706131721X.swf
	deleted:    data/maps/1893_0706131721X.swf
	deleted:    data/maps/1894_0706131721X.swf
	deleted:    data/maps/1895_0706131721X.swf
	deleted:    data/maps/1896_0706131721X.swf
	deleted:    data/maps/1897_0706131721X.swf
	deleted:    data/maps/1898_0706131721X.swf
	deleted:    data/maps/1899_0706131721X.swf
	deleted:    data/maps/1902_0706131721X.swf
	deleted:    data/maps/1903_0706131721X.swf
	deleted:    data/maps/1904_0706131721X.swf
	deleted:    data/maps/1905_0706131721X.swf
	deleted:    data/maps/1906_0706131721X.swf
	deleted:    data/maps/1907_0706131721X.swf
	deleted:    data/maps/1908_0706131721X.swf
	deleted:    data/maps/1909_0706131721X.swf
	deleted:    data/maps/1910_0706131721X.swf
	deleted:    data/maps/1911_0706131721X.swf
	deleted:    data/maps/1912_0706131721X.swf
	deleted:    data/maps/1913_0706131721X.swf
	deleted:    data/maps/1914_0709181158X.swf
	deleted:    data/maps/1915_0706131721X.swf
	deleted:    data/maps/1916_0706131721X.swf
	deleted:    data/maps/1917_0706131721X.swf
	deleted:    data/maps/1918_0706131721X.swf
	deleted:    data/maps/1919_0706131721X.swf
	deleted:    data/maps/1920_0706131721X.swf
	deleted:    data/maps/1921_0706131721X.swf
	deleted:    data/maps/1922_0706131721X.swf
	deleted:    data/maps/1923_0706131721X.swf
	deleted:    data/maps/1924_0706131721X.swf
	deleted:    data/maps/1925_0706131721X.swf
	deleted:    data/maps/1926_0706131721X.swf
	deleted:    data/maps/1927_0706131721X.swf
	deleted:    data/maps/1928_0706131721X.swf
	deleted:    data/maps/1929_0706131721X.swf
	deleted:    data/maps/1930_0706131721X.swf
	deleted:    data/maps/1931_0706131721X.swf
	deleted:    data/maps/1932_0706131721X.swf
	deleted:    data/maps/1933_0706131721X.swf
	deleted:    data/maps/1934_0706131721X.swf
	deleted:    data/maps/1935_0706131721X.swf
	deleted:    data/maps/1936_0706131721X.swf
	deleted:    data/maps/1937_0706131721X.swf
	deleted:    data/maps/1938_0706131721X.swf
	deleted:    data/maps/1939_0706141524X.swf
	deleted:    data/maps/1940_0706131721X.swf
	deleted:    data/maps/1941_0706131721X.swf
	deleted:    data/maps/1942_0706131721X.swf
	deleted:    data/maps/1943_0706131721X.swf
	deleted:    data/maps/1944_0706131721X.swf
	deleted:    data/maps/1945_0706131721X.swf
	deleted:    data/maps/1946_0706131721X.swf
	deleted:    data/maps/1947_0706131721X.swf
	deleted:    data/maps/1948_0706131721X.swf
	deleted:    data/maps/1949_0706131721X.swf
	deleted:    data/maps/1950_0706131721X.swf
	deleted:    data/maps/1951_0706131721X.swf
	deleted:    data/maps/1952_0709181153X.swf
	deleted:    data/maps/1953_0706131721X.swf
	deleted:    data/maps/1954_0706131721X.swf
	deleted:    data/maps/1955_0706131721X.swf
	deleted:    data/maps/1956_0706131721X.swf
	deleted:    data/maps/1957_0706131721X.swf
	deleted:    data/maps/1958_0706131721X.swf
	deleted:    data/maps/1959_0706131721X.swf
	deleted:    data/maps/1960_0706131721X.swf
	deleted:    data/maps/1961_0706131721X.swf
	deleted:    data/maps/1962_0706131721X.swf
	deleted:    data/maps/1963_0706131721X.swf
	deleted:    data/maps/1964_0706131721X.swf
	deleted:    data/maps/1965_0706141524X.swf
	deleted:    data/maps/1966_0706131721X.swf
	deleted:    data/maps/1967_0706131721X.swf
	deleted:    data/maps/1968_0706131721X.swf
	deleted:    data/maps/1969_0706131721X.swf
	deleted:    data/maps/196_0706131721X.swf
	deleted:    data/maps/1971_0706131721X.swf
	deleted:    data/maps/1972_0706131721X.swf
	deleted:    data/maps/1973_0706131721X.swf
	deleted:    data/maps/1974_0706131721X.swf
	deleted:    data/maps/1975_0706131721X.swf
	deleted:    data/maps/1976_0709181158X.swf
	deleted:    data/maps/1977_0706131721X.swf
	deleted:    data/maps/1978_0706131721X.swf
	deleted:    data/maps/1979_0706141757X.swf
	deleted:    data/maps/1980_0706131721X.swf
	deleted:    data/maps/1981_0706141757X.swf
	deleted:    data/maps/1982_0706131721X.swf
	deleted:    data/maps/1983_0706131721X.swf
	deleted:    data/maps/1984_0706131721X.swf
	deleted:    data/maps/1985_0706131721X.swf
	deleted:    data/maps/1986_0706131721X.swf
	deleted:    data/maps/1989_0706131721X.swf
	deleted:    data/maps/1990_0706131721X.swf
	deleted:    data/maps/1991_0706131721X.swf
	deleted:    data/maps/1992_0706131721X.swf
	deleted:    data/maps/1993_0706131721X.swf
	deleted:    data/maps/1994_0706131721X.swf
	deleted:    data/maps/1995_0706131721X.swf
	deleted:    data/maps/1996_0706131721X.swf
	deleted:    data/maps/1997_0706131721X.swf
	deleted:    data/maps/1998_0706131721X.swf
	deleted:    data/maps/1999_0706131721X.swf
	deleted:    data/maps/2000_0706131721X.swf
	deleted:    data/maps/2001_0706131721X.swf
	deleted:    data/maps/2002_0706131721X.swf
	deleted:    data/maps/2003_0706131721X.swf
	deleted:    data/maps/2004_0706131721X.swf
	deleted:    data/maps/2005_0709181152X.swf
	deleted:    data/maps/2006_0706131721X.swf
	deleted:    data/maps/2007_0706131721X.swf
	deleted:    data/maps/2008_0706131721X.swf
	deleted:    data/maps/2009_0706131721X.swf
	deleted:    data/maps/2010_0706131721X.swf
	deleted:    data/maps/2011_0706131721X.swf
	deleted:    data/maps/2012_0706131721X.swf
	deleted:    data/maps/2013_0706131721X.swf
	deleted:    data/maps/2014_0706131721X.swf
	deleted:    data/maps/2015_0706131721X.swf
	deleted:    data/maps/2016_0706131721X.swf
	deleted:    data/maps/2017_0706131721X.swf
	deleted:    data/maps/2018_0706131721X.swf
	deleted:    data/maps/2019_0706131721X.swf
	deleted:    data/maps/2021_0706131721X.swf
	deleted:    data/maps/2022_0706131721X.swf
	deleted:    data/maps/2023_0706131721X.swf
	deleted:    data/maps/2024_0710291035X.swf
	deleted:    data/maps/2025_0706131721X.swf
	deleted:    data/maps/2026_0706131721X.swf
	deleted:    data/maps/2027_0706131721X.swf
	deleted:    data/maps/2028_0706141524X.swf
	deleted:    data/maps/2029_0706131721X.swf
	deleted:    data/maps/2032_0706131721X.swf
	deleted:    data/maps/2033_0706131721X.swf
	deleted:    data/maps/2034_0706131721X.swf
	deleted:    data/maps/2037_0706131721X.swf
	deleted:    data/maps/2038_0706131721X.swf
	deleted:    data/maps/2039_0706131721X.swf
	deleted:    data/maps/2045_0706131721X.swf
	deleted:    data/maps/2046_0706131721X.swf
	deleted:    data/maps/2047_0706131721X.swf
	deleted:    data/maps/2048_0706131721X.swf
	deleted:    data/maps/2049_0706131721X.swf
	deleted:    data/maps/2050_0706131721X.swf
	deleted:    data/maps/2051_0709131454X.swf
	deleted:    data/maps/2052_0706131721X.swf
	deleted:    data/maps/2053_0903120905X.swf
	deleted:    data/maps/2056_0706131721X.swf
	deleted:    data/maps/2057_0706131721X.swf
	deleted:    data/maps/2058_0904301207X.swf
	deleted:    data/maps/2059_0706131721X.swf
	deleted:    data/maps/2060_0810221426X.swf
	deleted:    data/maps/2061_0706131721X.swf
	deleted:    data/maps/2062_0902041004X.swf
	deleted:    data/maps/2063_0810271758X.swf
	deleted:    data/maps/2064_0902261017X.swf
	deleted:    data/maps/2065_0906231046X.swf
	deleted:    data/maps/2066_0706131721X.swf
	deleted:    data/maps/2067_0706131721X.swf
	deleted:    data/maps/2068_0706131721X.swf
	deleted:    data/maps/2069_0706131721X.swf
	deleted:    data/maps/206_0706131721X.swf
	deleted:    data/maps/2070_0806201725X.swf
	deleted:    data/maps/2071_0806201725X.swf
	deleted:    data/maps/2072_0805151439X.swf
	deleted:    data/maps/2073_0706141524X.swf
	deleted:    data/maps/2074_0706131721X.swf
	deleted:    data/maps/2075_0706131721X.swf
	deleted:    data/maps/2076_0706131721X.swf
	deleted:    data/maps/2077_0706131721X.swf
	deleted:    data/maps/2079_0706131721X.swf
	deleted:    data/maps/207_0706131721X.swf
	deleted:    data/maps/2080_0706131721X.swf
	deleted:    data/maps/2081_0706131721X.swf
	deleted:    data/maps/2082_0706141524X.swf
	deleted:    data/maps/2083_0809251043X.swf
	deleted:    data/maps/2084_0706131721X.swf
	deleted:    data/maps/2085_0706131721X.swf
	deleted:    data/maps/2086_0706131721X.swf
	deleted:    data/maps/2087_0706131721X.swf
	deleted:    data/maps/2088_0706131721X.swf
	deleted:    data/maps/2089_0706131721X.swf
	deleted:    data/maps/208_0706131721X.swf
	deleted:    data/maps/2090_0706131721X.swf
	deleted:    data/maps/2091_0706131721X.swf
	deleted:    data/maps/2094_0706131721X.swf
	deleted:    data/maps/2095_0706131721X.swf
	deleted:    data/maps/2096_0706131721X.swf
	deleted:    data/maps/2097_0706131721X.swf
	deleted:    data/maps/2098_0706131721X.swf
	deleted:    data/maps/2099_0706131721X.swf
	deleted:    data/maps/209_0706131721X.swf
	deleted:    data/maps/2100_0706131721X.swf
	deleted:    data/maps/2102_0706131721X.swf
	deleted:    data/maps/2103_0706131721X.swf
	deleted:    data/maps/2104_0706131721X.swf
	deleted:    data/maps/2105_0706131721X.swf
	deleted:    data/maps/2106_0706131721X.swf
	deleted:    data/maps/2107_0706131721X.swf
	deleted:    data/maps/2108_0706131721X.swf
	deleted:    data/maps/2109_0901201104X.swf
	deleted:    data/maps/210_0706131721X.swf
	deleted:    data/maps/2110_0706131721X.swf
	deleted:    data/maps/2111_0706131721X.swf
	deleted:    data/maps/2112_0706131721X.swf
	deleted:    data/maps/2113_0706131721X.swf
	deleted:    data/maps/2114_0706131721X.swf
	deleted:    data/maps/2115_0706131721X.swf
	deleted:    data/maps/2116_0706131721X.swf
	deleted:    data/maps/2117_0903120915X.swf
	deleted:    data/maps/2118_0809241657X.swf
	deleted:    data/maps/2119_0706131721X.swf
	deleted:    data/maps/211_0706131721X.swf
	deleted:    data/maps/2120_0805301529X.swf
	deleted:    data/maps/2121_0805301527X.swf
	deleted:    data/maps/2123_0805301529X.swf
	deleted:    data/maps/2124_0805301530X.swf
	deleted:    data/maps/2125_0706131721X.swf
	deleted:    data/maps/2126_0805301530X.swf
	deleted:    data/maps/2127_0805301532X.swf
	deleted:    data/maps/2128_0706131721X.swf
	deleted:    data/maps/212_0708230952X.swf
	deleted:    data/maps/2130_0706131721X.swf
	deleted:    data/maps/2131_0706131721X.swf
	deleted:    data/maps/2132_0706131721X.swf
	deleted:    data/maps/2133_0706131721X.swf
	deleted:    data/maps/2134_0706131721X.swf
	deleted:    data/maps/2135_0706131721X.swf
	deleted:    data/maps/2136_0706131721X.swf
	deleted:    data/maps/2137_0706131721X.swf
	deleted:    data/maps/2138_0806201713X.swf
	deleted:    data/maps/2139_0806201707X.swf
	deleted:    data/maps/213_0706131721X.swf
	deleted:    data/maps/2140_0706131721X.swf
	deleted:    data/maps/2141_0706131721X.swf
	deleted:    data/maps/2142_0706131721X.swf
	deleted:    data/maps/2143_0706131721X.swf
	deleted:    data/maps/2144_0706131721X.swf
	deleted:    data/maps/2145_0706131721X.swf
	deleted:    data/maps/2146_0810311054X.swf
	deleted:    data/maps/2147_0706131721X.swf
	deleted:    data/maps/2148_0706131721X.swf
	deleted:    data/maps/2149_0706131721X.swf
	deleted:    data/maps/214_0711291817X.swf
	deleted:    data/maps/2150_0706131721X.swf
	deleted:    data/maps/2151_0706131721X.swf
	deleted:    data/maps/2152_0706131721X.swf
	deleted:    data/maps/2153_0706131721X.swf
	deleted:    data/maps/2154_0706131721X.swf
	deleted:    data/maps/2155_0806201704X.swf
	deleted:    data/maps/2156_0706131721X.swf
	deleted:    data/maps/2157_0806201712X.swf
	deleted:    data/maps/2158_0706131721X.swf
	deleted:    data/maps/2159_0706131721X.swf
	deleted:    data/maps/215_0706131721X.swf
	deleted:    data/maps/2160_0706131721X.swf
	deleted:    data/maps/2161_0706131721X.swf
	deleted:    data/maps/2163_0706131721X.swf
	deleted:    data/maps/2164_0706131721X.swf
	deleted:    data/maps/2165_0706131721X.swf
	deleted:    data/maps/2167_0806201708X.swf
	deleted:    data/maps/2168_0706131721X.swf
	deleted:    data/maps/2169_0706131721X.swf
	deleted:    data/maps/216_0711291818X.swf
	deleted:    data/maps/2170_0806201705X.swf
	deleted:    data/maps/2171_0706131721X.swf
	deleted:    data/maps/2174_0806201712X.swf
	deleted:    data/maps/2177_0706131721X.swf
	deleted:    data/maps/2178_0806201711X.swf
	deleted:    data/maps/2179_0706131721X.swf
	deleted:    data/maps/217_0706131721X.swf
	deleted:    data/maps/2180_0706131721X.swf
	deleted:    data/maps/2181_0806201706X.swf
	deleted:    data/maps/2182_0706131721X.swf
	deleted:    data/maps/2183_0706131721X.swf
	deleted:    data/maps/2184_0907171110X.swf
	deleted:    data/maps/2185_0706131721X.swf
	deleted:    data/maps/2186_0806201714X.swf
	deleted:    data/maps/2187_0709131452X.swf
	deleted:    data/maps/2189_0706131721X.swf
	deleted:    data/maps/2191_0706131721X.swf
	deleted:    data/maps/2192_0706131721X.swf
	deleted:    data/maps/2195_0706131721X.swf
	deleted:    data/maps/2196_0706131721X.swf
	deleted:    data/maps/2198_0709131452X.swf
	deleted:    data/maps/2209_0706131721X.swf
	deleted:    data/maps/220_0706131721X.swf
	deleted:    data/maps/2210_0706131721X.swf
	deleted:    data/maps/2214_0706131721X.swf
	deleted:    data/maps/2215_0706131721X.swf
	deleted:    data/maps/2216_0706131721X.swf
	deleted:    data/maps/2218_0903181401X.swf
	deleted:    data/maps/221_0706131721X.swf
	deleted:    data/maps/2220_0706131721X.swf
	deleted:    data/maps/2221_0706131721X.swf
	deleted:    data/maps/222_0706131721X.swf
	deleted:    data/maps/226_0706131721X.swf
	deleted:    data/maps/249_0706131721X.swf
	deleted:    data/maps/250_0706131721X.swf
	deleted:    data/maps/251_0806241635X.swf
	deleted:    data/maps/2579_0706131721X.swf
	deleted:    data/maps/25_0706131721X.swf
	deleted:    data/maps/2610_0706131721X.swf
	deleted:    data/maps/2611_0706131721X.swf
	deleted:    data/maps/2612_0706131721X.swf
	deleted:    data/maps/2613_0706131721X.swf
	deleted:    data/maps/2614_0706131721X.swf
	deleted:    data/maps/2615_0706131721X.swf
	deleted:    data/maps/2616_0706131721X.swf
	deleted:    data/maps/2617_0706131721X.swf
	deleted:    data/maps/2618_0811141629X.swf
	deleted:    data/maps/261_0706131721X.swf
	deleted:    data/maps/2638_0706131721X.swf
	deleted:    data/maps/2639_0706131721X.swf
	deleted:    data/maps/2640_0706131721X.swf
	deleted:    data/maps/2641_0706131721X.swf
	deleted:    data/maps/2642_0706131721X.swf
	deleted:    data/maps/2643_0706131721X.swf
	deleted:    data/maps/2644_0706131721X.swf
	deleted:    data/maps/2645_0706131721X.swf
	deleted:    data/maps/2646_0706131721X.swf
	deleted:    data/maps/2647_0706131721X.swf
	deleted:    data/maps/2648_0811141630X.swf
	deleted:    data/maps/264_0706131721X.swf
	deleted:    data/maps/2668_0706131721X.swf
	deleted:    data/maps/2669_0706131721X.swf
	deleted:    data/maps/266_0706131721X.swf
	deleted:    data/maps/2670_0706131721X.swf
	deleted:    data/maps/2671_0706131721X.swf
	deleted:    data/maps/2672_0706131721X.swf
	deleted:    data/maps/2673_0706131721X.swf
	deleted:    data/maps/2674_0706131721X.swf
	deleted:    data/maps/2675_0706131721X.swf
	deleted:    data/maps/2676_0706131721X.swf
	deleted:    data/maps/2677_0706131721X.swf
	deleted:    data/maps/2678_0811141630X.swf
	deleted:    data/maps/2679_0810171436X.swf
	deleted:    data/maps/2684_0706131721X.swf
	deleted:    data/maps/2685_0706131721X.swf
	deleted:    data/maps/2686_0706131721X.swf
	deleted:    data/maps/2687_0810171434X.swf
	deleted:    data/maps/2688_0810171433X.swf
	deleted:    data/maps/2689_0706131721X.swf
	deleted:    data/maps/268_0706131721X.swf
	deleted:    data/maps/2690_0706131721X.swf
	deleted:    data/maps/2691_0706131721X.swf
	deleted:    data/maps/2692_0706131721X.swf
	deleted:    data/maps/2693_0706131721X.swf
	deleted:    data/maps/2694_0810171431X.swf
	deleted:    data/maps/2695_0706131721X.swf
	deleted:    data/maps/2698_0706131721X.swf
	deleted:    data/maps/2699_0706131721X.swf
	deleted:    data/maps/269_0901211105X.swf
	deleted:    data/maps/2700_0706141524X.swf
	deleted:    data/maps/2701_0706131721X.swf
	deleted:    data/maps/2702_0706131721X.swf
	deleted:    data/maps/2703_0706131721X.swf
	deleted:    data/maps/2704_0706131721X.swf
	deleted:    data/maps/2705_0706131721X.swf
	deleted:    data/maps/2706_0706131721X.swf
	deleted:    data/maps/2707_0811141631X.swf
	deleted:    data/maps/2708_0810171436X.swf
	deleted:    data/maps/2709_0811141631X.swf
	deleted:    data/maps/270_0706131721X.swf
	deleted:    data/maps/2713_0706131721X.swf
	deleted:    data/maps/2714_0706131721X.swf
	deleted:    data/maps/2715_0706131721X.swf
	deleted:    data/maps/2716_0706131721X.swf
	deleted:    data/maps/2717_0706131721X.swf
	deleted:    data/maps/2718_0706131721X.swf
	deleted:    data/maps/2719_0706131721X.swf
	deleted:    data/maps/271_0706131721X.swf
	deleted:    data/maps/2720_0706131721X.swf
	deleted:    data/maps/2721_0706131721X.swf
	deleted:    data/maps/2722_0706131721X.swf
	deleted:    data/maps/2723_0810171430X.swf
	deleted:    data/maps/2724_0706131721X.swf
	deleted:    data/maps/2725_0706131721X.swf
	deleted:    data/maps/2726_0706131721X.swf
	deleted:    data/maps/2727_0706131721X.swf
	deleted:    data/maps/2728_0706131721X.swf
	deleted:    data/maps/2729_0706141524X.swf
	deleted:    data/maps/272_0706131721X.swf
	deleted:    data/maps/2730_0706131721X.swf
	deleted:    data/maps/2731_0706131721X.swf
	deleted:    data/maps/2732_0706131721X.swf
	deleted:    data/maps/2733_0706131721X.swf
	deleted:    data/maps/2734_0706131721X.swf
	deleted:    data/maps/2735_0706131721X.swf
	deleted:    data/maps/2736_0706131721X.swf
	deleted:    data/maps/2737_0706131721X.swf
	deleted:    data/maps/2738_0706131721X.swf
	deleted:    data/maps/2739_0706131721X.swf
	deleted:    data/maps/273_0706131721X.swf
	deleted:    data/maps/2740_0706131721X.swf
	deleted:    data/maps/2741_0706131721X.swf
	deleted:    data/maps/2742_0706131721X.swf
	deleted:    data/maps/2743_0706131721X.swf
	deleted:    data/maps/2744_0706131721X.swf
	deleted:    data/maps/2745_0706131721X.swf
	deleted:    data/maps/2746_0706131721X.swf
	deleted:    data/maps/2747_0706131721X.swf
	deleted:    data/maps/2748_0706131721X.swf
	deleted:    data/maps/2749_0706131721X.swf
	deleted:    data/maps/274_0706131721X.swf
	deleted:    data/maps/2750_0706131721X.swf
	deleted:    data/maps/2751_0706131721X.swf
	deleted:    data/maps/2752_0706131721X.swf
	deleted:    data/maps/2753_0706131721X.swf
	deleted:    data/maps/2754_0706131721X.swf
	deleted:    data/maps/2755_0706131721X.swf
	deleted:    data/maps/2756_0706131721X.swf
	deleted:    data/maps/2757_0706131721X.swf
	deleted:    data/maps/2758_0706131721X.swf
	deleted:    data/maps/2759_0706131721X.swf
	deleted:    data/maps/275_0706131721X.swf
	deleted:    data/maps/2760_0706131721X.swf
	deleted:    data/maps/2761_0706131721X.swf
	deleted:    data/maps/2762_0706131721X.swf
	deleted:    data/maps/2763_0706131721X.swf
	deleted:    data/maps/2764_0706131721X.swf
	deleted:    data/maps/2765_0706131721X.swf
	deleted:    data/maps/2766_0706131721X.swf
	deleted:    data/maps/2767_0706131721X.swf
	deleted:    data/maps/2768_0706131721X.swf
	deleted:    data/maps/2769_0706131721X.swf
	deleted:    data/maps/276_0706131721X.swf
	deleted:    data/maps/2770_0908061415X.swf
	deleted:    data/maps/2771_0706131721X.swf
	deleted:    data/maps/2772_0706131721X.swf
	deleted:    data/maps/2773_0908050945X.swf
	deleted:    data/maps/277_0706131721X.swf
	deleted:    data/maps/2780_0706131721X.swf
	deleted:    data/maps/2781_0706131721X.swf
	deleted:    data/maps/2782_0706141524X.swf
	deleted:    data/maps/2783_0706131721X.swf
	deleted:    data/maps/2784_0706131721X.swf
	deleted:    data/maps/2785_0706131721X.swf
	deleted:    data/maps/2786_0706131721X.swf
	deleted:    data/maps/2787_0706131721X.swf
	deleted:    data/maps/2788_0706131721X.swf
	deleted:    data/maps/2789_0706131721X.swf
	deleted:    data/maps/278_0706131721X.swf
	deleted:    data/maps/2790_0706131721X.swf
	deleted:    data/maps/2791_0706131721X.swf
	deleted:    data/maps/2792_0811141632X.swf
	deleted:    data/maps/2793_0706131721X.swf
	deleted:    data/maps/2794_0706131721X.swf
	deleted:    data/maps/2795_0706131721X.swf
	deleted:    data/maps/279_0706131721X.swf
	deleted:    data/maps/280_0706131721X.swf
	deleted:    data/maps/2812_0706131721X.swf
	deleted:    data/maps/2813_0810161756X.swf
	deleted:    data/maps/2814_0811031136X.swf
	deleted:    data/maps/2815_0706131721X.swf
	deleted:    data/maps/2816_0809091022X.swf
	deleted:    data/maps/2817_0706131721X.swf
	deleted:    data/maps/2818_0706131721X.swf
	deleted:    data/maps/2819_0706131721X.swf
	deleted:    data/maps/281_0706131721X.swf
	deleted:    data/maps/2820_0706131721X.swf
	deleted:    data/maps/2821_0706131721X.swf
	deleted:    data/maps/2822_0706131721X.swf
	deleted:    data/maps/2823_0706131721X.swf
	deleted:    data/maps/282_0706131721X.swf
	deleted:    data/maps/283_0706131721X.swf
	deleted:    data/maps/2842_0810161755X.swf
	deleted:    data/maps/2843_0810161756X.swf
	deleted:    data/maps/2844_0706131721X.swf
	deleted:    data/maps/2845_0706131721X.swf
	deleted:    data/maps/2846_0706131721X.swf
	deleted:    data/maps/2847_0706131721X.swf
	deleted:    data/maps/2848_0706131721X.swf
	deleted:    data/maps/2849_0706131721X.swf
	deleted:    data/maps/284_0706131721X.swf
	deleted:    data/maps/2850_0706131721X.swf
	deleted:    data/maps/2851_0706131721X.swf
	deleted:    data/maps/2852_0706131721X.swf
	deleted:    data/maps/286_0706131721X.swf
	deleted:    data/maps/2871_0706131721X.swf
	deleted:    data/maps/2872_0706131721X.swf
	deleted:    data/maps/2873_0706131721X.swf
	deleted:    data/maps/2874_0706131721X.swf
	deleted:    data/maps/2875_0902061018X.swf
	deleted:    data/maps/2876_0706131721X.swf
	deleted:    data/maps/2877_0706131721X.swf
	deleted:    data/maps/2878_0706131721X.swf
	deleted:    data/maps/2879_0810171141X.swf
	deleted:    data/maps/287_0706131721X.swf
	deleted:    data/maps/2880_0810171203X.swf
	deleted:    data/maps/2881_0706131721X.swf
	deleted:    data/maps/288_0706131721X.swf
	deleted:    data/maps/289_0706131721X.swf
	deleted:    data/maps/2900_0706131721X.swf
	deleted:    data/maps/2901_0811141015X.swf
	deleted:    data/maps/2902_0706131721X.swf
	deleted:    data/maps/2903_0706131721X.swf
	deleted:    data/maps/2904_0706131721X.swf
	deleted:    data/maps/2905_0706131721X.swf
	deleted:    data/maps/2906_0706131721X.swf
	deleted:    data/maps/2907_0706131721X.swf
	deleted:    data/maps/2908_0706131721X.swf
	deleted:    data/maps/2909_0706131721X.swf
	deleted:    data/maps/290_0706131721X.swf
	deleted:    data/maps/2910_0706131721X.swf
	deleted:    data/maps/2911_0706131721X.swf
	deleted:    data/maps/2912_0706131721X.swf
	deleted:    data/maps/2913_0706131721X.swf
	deleted:    data/maps/2914_0706131721X.swf
	deleted:    data/maps/2915_0706131721X.swf
	deleted:    data/maps/2916_0706131721X.swf
	deleted:    data/maps/2917_0706131721X.swf
	deleted:    data/maps/2918_0706131721X.swf
	deleted:    data/maps/2919_0706131721X.swf
	deleted:    data/maps/2920_0706131721X.swf
	deleted:    data/maps/2921_0706131721X.swf
	deleted:    data/maps/2922_0706131721X.swf
	deleted:    data/maps/2923_0706131721X.swf
	deleted:    data/maps/2924_0810171141X.swf
	deleted:    data/maps/2925_0810171201X.swf
	deleted:    data/maps/2926_0706131721X.swf
	deleted:    data/maps/2945_0811141013X.swf
	deleted:    data/maps/2946_0811141013X.swf
	deleted:    data/maps/2947_0706131721X.swf
	deleted:    data/maps/2948_0811141014X.swf
	deleted:    data/maps/2949_0706131721X.swf
	deleted:    data/maps/294_0706131721X.swf
	deleted:    data/maps/2950_0706131721X.swf
	deleted:    data/maps/2951_0706131721X.swf
	deleted:    data/maps/2952_0706131721X.swf
	deleted:    data/maps/2953_0706131721X.swf
	deleted:    data/maps/2954_0706131721X.swf
	deleted:    data/maps/2955_0706131721X.swf
	deleted:    data/maps/2956_0706141524X.swf
	deleted:    data/maps/2957_0706131721X.swf
	deleted:    data/maps/2958_0706131721X.swf
	deleted:    data/maps/2959_0706131721X.swf
	deleted:    data/maps/295_0706131721X.swf
	deleted:    data/maps/2960_0811031159X.swf
	deleted:    data/maps/2961_0706131721X.swf
	deleted:    data/maps/2962_0706131721X.swf
	deleted:    data/maps/2963_0811141636X.swf
	deleted:    data/maps/2964_0706131721X.swf
	deleted:    data/maps/2965_0706131721X.swf
	deleted:    data/maps/2966_0706131721X.swf
	deleted:    data/maps/2977_0706131721X.swf
	deleted:    data/maps/2978_0706131721X.swf
	deleted:    data/maps/2979_0706131721X.swf
	deleted:    data/maps/297_0706131721X.swf
	deleted:    data/maps/2980_0706131721X.swf
	deleted:    data/maps/2981_0706131721X.swf
	deleted:    data/maps/2985_0706131721X.swf
	deleted:    data/maps/2986_0805301525X.swf
	deleted:    data/maps/2987_0811141011X.swf
	deleted:    data/maps/2988_0706131721X.swf
	deleted:    data/maps/2989_0706131721X.swf
	deleted:    data/maps/298_0706131721X.swf
	deleted:    data/maps/2991_0706131721X.swf
	deleted:    data/maps/2992_0706131721X.swf
	deleted:    data/maps/2993_0706131721X.swf
	deleted:    data/maps/2994_0706131721X.swf
	deleted:    data/maps/2995_0706131721X.swf
	deleted:    data/maps/2996_0706131721X.swf
	deleted:    data/maps/2997_0706131721X.swf
	deleted:    data/maps/2998_0706131721X.swf
	deleted:    data/maps/2999_0706131721X.swf
	deleted:    data/maps/299_0706131721X.swf
	deleted:    data/maps/3000_0706131721X.swf
	deleted:    data/maps/3001_0706131721X.swf
	deleted:    data/maps/3002_0706131721X.swf
	deleted:    data/maps/3003_0706131721X.swf
	deleted:    data/maps/3004_0811141637X.swf
	deleted:    data/maps/3005_0706131721X.swf
	deleted:    data/maps/3006_0706131721X.swf
	deleted:    data/maps/3007_0706131721X.swf
	deleted:    data/maps/3008_0909301231X.swf
	deleted:    data/maps/3009_0706131721X.swf
	deleted:    data/maps/300_0909241734X.swf
	deleted:    data/maps/3010_0805230950X.swf
	deleted:    data/maps/3014_0706131721X.swf
	deleted:    data/maps/3015_0706131721X.swf
	deleted:    data/maps/3016_0706131721X.swf
	deleted:    data/maps/3017_0706131721X.swf
	deleted:    data/maps/3018_0706131721X.swf
	deleted:    data/maps/3019_0706131721X.swf
	deleted:    data/maps/301_0706131721X.swf
	deleted:    data/maps/3020_0706131721X.swf
	deleted:    data/maps/3021_0706131721X.swf
	deleted:    data/maps/3022_0706131721X.swf
	deleted:    data/maps/3023_0707231729X.swf
	deleted:    data/maps/3024_0706131721X.swf
	deleted:    data/maps/3026_0805301524X.swf
	deleted:    data/maps/3027_0811141010X.swf
	deleted:    data/maps/3028_0706131721X.swf
	deleted:    data/maps/3029_0811141011X.swf
	deleted:    data/maps/3030_0805221111X.swf
	deleted:    data/maps/3031_0706131721X.swf
	deleted:    data/maps/3032_0706131721X.swf
	deleted:    data/maps/3033_0706131721X.swf
	deleted:    data/maps/3034_0706131721X.swf
	deleted:    data/maps/3035_0706131721X.swf
	deleted:    data/maps/3036_0706131721X.swf
	deleted:    data/maps/3037_0706131721X.swf
	deleted:    data/maps/3038_0811141644X.swf
	deleted:    data/maps/3039_0706131721X.swf
	deleted:    data/maps/303_0706131721X.swf
	deleted:    data/maps/3040_0706131721X.swf
	deleted:    data/maps/3041_0706131721X.swf
	deleted:    data/maps/3042_0706131721X.swf
	deleted:    data/maps/3043_0706131721X.swf
	deleted:    data/maps/3044_0811141640X.swf
	deleted:    data/maps/3045_0811031148X.swf
	deleted:    data/maps/3046_0706131721X.swf
	deleted:    data/maps/3047_0706131721X.swf
	deleted:    data/maps/3048_0706131721X.swf
	deleted:    data/maps/3049_0706131721X.swf
	deleted:    data/maps/304_0706131721X.swf
	deleted:    data/maps/3050_0706131721X.swf
	deleted:    data/maps/3051_0706131721X.swf
	deleted:    data/maps/3052_0706131721X.swf
	deleted:    data/maps/3053_0706131721X.swf
	deleted:    data/maps/3054_0706131721X.swf
	deleted:    data/maps/3055_0706131721X.swf
	deleted:    data/maps/3056_0706131721X.swf
	deleted:    data/maps/3057_0706131721X.swf
	deleted:    data/maps/3058_0706131721X.swf
	deleted:    data/maps/3059_0706131721X.swf
	deleted:    data/maps/305_0706131721X.swf
	deleted:    data/maps/3060_0706131721X.swf
	deleted:    data/maps/3061_0706131721X.swf
	deleted:    data/maps/3062_0706131721X.swf
	deleted:    data/maps/3063_0706131721X.swf
	deleted:    data/maps/3064_0706131721X.swf
	deleted:    data/maps/3065_0805301523X.swf
	deleted:    data/maps/3066_0805301524X.swf
	deleted:    data/maps/3067_0811141009X.swf
	deleted:    data/maps/3068_0706131721X.swf
	deleted:    data/maps/3069_0706131721X.swf
	deleted:    data/maps/3070_0706131721X.swf
	deleted:    data/maps/3071_0706131721X.swf
	deleted:    data/maps/3072_0810171004X.swf
	deleted:    data/maps/3073_0812161405X.swf
	deleted:    data/maps/3074_0706131721X.swf
	deleted:    data/maps/3075_0706131721X.swf
	deleted:    data/maps/3076_0706131721X.swf
	deleted:    data/maps/3077_0811141644X.swf
	deleted:    data/maps/3078_0706131721X.swf
	deleted:    data/maps/3079_0810171010X.swf
	deleted:    data/maps/307_0706131721X.swf
	deleted:    data/maps/3080_0811141643X.swf
	deleted:    data/maps/3081_0706131721X.swf
	deleted:    data/maps/3082_0811141642X.swf
	deleted:    data/maps/3083_0706131721X.swf
	deleted:    data/maps/3084_0706131721X.swf
	deleted:    data/maps/3085_0706131721X.swf
	deleted:    data/maps/3086_0706131721X.swf
	deleted:    data/maps/3087_0706131721X.swf
	deleted:    data/maps/3088_0706131721X.swf
	deleted:    data/maps/3089_0903311546X.swf
	deleted:    data/maps/308_0706141524X.swf
	deleted:    data/maps/3090_0903311545X.swf
	deleted:    data/maps/3091_0706131721X.swf
	deleted:    data/maps/3092_0706131721X.swf
	deleted:    data/maps/3093_0706131721X.swf
	deleted:    data/maps/3097_0706131721X.swf
	deleted:    data/maps/3098_0809051442X.swf
	deleted:    data/maps/3099_0706131721X.swf
	deleted:    data/maps/309_0706131721X.swf
	deleted:    data/maps/30_0706131721X.swf
	deleted:    data/maps/3100_0706131721X.swf
	deleted:    data/maps/3101_0706131721X.swf
	deleted:    data/maps/3102_0706131721X.swf
	deleted:    data/maps/3103_0706131721X.swf
	deleted:    data/maps/3104_0706131721X.swf
	deleted:    data/maps/3105_0805301522X.swf
	deleted:    data/maps/3106_0805301522X.swf
	deleted:    data/maps/3107_0706131721X.swf
	deleted:    data/maps/3108_0706131721X.swf
	deleted:    data/maps/3109_0706131721X.swf
	deleted:    data/maps/310_0806241633X.swf
	deleted:    data/maps/3110_0706131721X.swf
	deleted:    data/maps/3111_0706131721X.swf
	deleted:    data/maps/3112_0810161753X.swf
	deleted:    data/maps/3113_0810161754X.swf
	deleted:    data/maps/3114_0805231720X.swf
	deleted:    data/maps/3115_0706131721X.swf
	deleted:    data/maps/3116_0706131721X.swf
	deleted:    data/maps/3117_0706131721X.swf
	deleted:    data/maps/3118_0706131721X.swf
	deleted:    data/maps/3119_0810171008X.swf
	deleted:    data/maps/3120_0805231721X.swf
	deleted:    data/maps/3121_0706131721X.swf
	deleted:    data/maps/3122_0811141648X.swf
	deleted:    data/maps/3123_0811141649X.swf
	deleted:    data/maps/3124_0706141524X.swf
	deleted:    data/maps/3125_0706131721X.swf
	deleted:    data/maps/3126_0706131721X.swf
	deleted:    data/maps/3127_0706131721X.swf
	deleted:    data/maps/3128_0706131721X.swf
	deleted:    data/maps/3129_0706131721X.swf
	deleted:    data/maps/3137_0706131721X.swf
	deleted:    data/maps/3138_0706131721X.swf
	deleted:    data/maps/3139_0706131721X.swf
	deleted:    data/maps/3140_0706131721X.swf
	deleted:    data/maps/3141_0706131721X.swf
	deleted:    data/maps/3142_0810171422X.swf
	deleted:    data/maps/3143_0706131721X.swf
	deleted:    data/maps/3144_0706131721X.swf
	deleted:    data/maps/3145_0805301521X.swf
	deleted:    data/maps/3146_0706131721X.swf
	deleted:    data/maps/3147_0811141008X.swf
	deleted:    data/maps/3148_0706131721X.swf
	deleted:    data/maps/3149_0706131721X.swf
	deleted:    data/maps/314_0706131721X.swf
	deleted:    data/maps/3150_0706131721X.swf
	deleted:    data/maps/3151_0706131721X.swf
	deleted:    data/maps/3152_0706131721X.swf
	deleted:    data/maps/3153_0706131721X.swf
	deleted:    data/maps/3154_0706131721X.swf
	deleted:    data/maps/3155_0811140952X.swf
	deleted:    data/maps/3156_0706131721X.swf
	deleted:    data/maps/3157_0706131721X.swf
	deleted:    data/maps/3158_0805231726X.swf
	deleted:    data/maps/3159_0706131721X.swf
	deleted:    data/maps/3160_0706131721X.swf
	deleted:    data/maps/3161_0706131721X.swf
	deleted:    data/maps/3162_0805231724X.swf
	deleted:    data/maps/3163_0706131721X.swf
	deleted:    data/maps/3164_0706131721X.swf
	deleted:    data/maps/3165_0706131721X.swf
	deleted:    data/maps/3166_0706131721X.swf
	deleted:    data/maps/3167_0903120847X.swf
	deleted:    data/maps/3168_0706131721X.swf
	deleted:    data/maps/3169_0706131721X.swf
	deleted:    data/maps/316_0706131721X.swf
	deleted:    data/maps/3170_0811141650X.swf
	deleted:    data/maps/3171_0706131721X.swf
	deleted:    data/maps/3172_0706131721X.swf
	deleted:    data/maps/317_0706131721X.swf
	deleted:    data/maps/3182_0706131721X.swf
	deleted:    data/maps/3183_0706131721X.swf
	deleted:    data/maps/3184_0706131721X.swf
	deleted:    data/maps/3185_0706131721X.swf
	deleted:    data/maps/3186_0706131721X.swf
	deleted:    data/maps/3187_0810171420X.swf
	deleted:    data/maps/3188_0706131721X.swf
	deleted:    data/maps/318_0706131721X.swf
	deleted:    data/maps/3192_0811141007X.swf
	deleted:    data/maps/3193_0706131721X.swf
	deleted:    data/maps/3194_0811141005X.swf
	deleted:    data/maps/3195_0706131721X.swf
	deleted:    data/maps/3196_0706131721X.swf
	deleted:    data/maps/3197_0706131721X.swf
	deleted:    data/maps/3198_0811140958X.swf
	deleted:    data/maps/3199_0706131721X.swf
	deleted:    data/maps/319_0706131721X.swf
	deleted:    data/maps/31_0706131721X.swf
	deleted:    data/maps/3200_0706141524X.swf
	deleted:    data/maps/3201_0706131721X.swf
	deleted:    data/maps/3202_0706131721X.swf
	deleted:    data/maps/3203_0706131721X.swf
	deleted:    data/maps/3204_0908101543X.swf
	deleted:    data/maps/3205_0908101542X.swf
	deleted:    data/maps/3206_0908101545X.swf
	deleted:    data/maps/3207_0706131721X.swf
	deleted:    data/maps/3208_0805231728X.swf
	deleted:    data/maps/3209_0706131721X.swf
	deleted:    data/maps/320_0706131721X.swf
	deleted:    data/maps/3210_0706131721X.swf
	deleted:    data/maps/3211_0811141653X.swf
	deleted:    data/maps/3212_0811141653X.swf
	deleted:    data/maps/3213_0706131721X.swf
	deleted:    data/maps/3214_0706131721X.swf
	deleted:    data/maps/3215_0706131721X.swf
	deleted:    data/maps/3216_0706131721X.swf
	deleted:    data/maps/3217_0706131721X.swf
	deleted:    data/maps/321_0706131721X.swf
	deleted:    data/maps/3227_0706131721X.swf
	deleted:    data/maps/3228_0706131721X.swf
	deleted:    data/maps/3229_0706131721X.swf
	deleted:    data/maps/322_0706131721X.swf
	deleted:    data/maps/3230_0706131721X.swf
	deleted:    data/maps/3231_0706131721X.swf
	deleted:    data/maps/3232_0706131721X.swf
	deleted:    data/maps/3233_0706131721X.swf
	deleted:    data/maps/3239_0706131721X.swf
	deleted:    data/maps/323_0706131721X.swf
	deleted:    data/maps/3242_0810161753X.swf
	deleted:    data/maps/3243_0810161758X.swf
	deleted:    data/maps/3244_0706131721X.swf
	deleted:    data/maps/3245_0811140951X.swf
	deleted:    data/maps/3246_0706131721X.swf
	deleted:    data/maps/3247_0706131721X.swf
	deleted:    data/maps/3248_0706131721X.swf
	deleted:    data/maps/3249_0908101543X.swf
	deleted:    data/maps/3250_0706131721X.swf
	deleted:    data/maps/3251_0908101544X.swf
	deleted:    data/maps/3252_0805231731X.swf
	deleted:    data/maps/3253_0706131721X.swf
	deleted:    data/maps/3254_0805231723X.swf
	deleted:    data/maps/3255_0706131721X.swf
	deleted:    data/maps/3256_0809160857X.swf
	deleted:    data/maps/3257_0706131721X.swf
	deleted:    data/maps/3258_0706131721X.swf
	deleted:    data/maps/3259_0801090959X.swf
	deleted:    data/maps/325_0710090930X.swf
	deleted:    data/maps/3260_0706131721X.swf
	deleted:    data/maps/3261_0811031156X.swf
	deleted:    data/maps/3262_0706131721X.swf
	deleted:    data/maps/3265_0812151225X.swf
	deleted:    data/maps/3266_0706131721X.swf
	deleted:    data/maps/3267_0706131721X.swf
	deleted:    data/maps/3268_0706131721X.swf
	deleted:    data/maps/3269_0706131721X.swf
	deleted:    data/maps/3270_0706131721X.swf
	deleted:    data/maps/3271_0706131721X.swf
	deleted:    data/maps/3272_0706131721X.swf
	deleted:    data/maps/3273_0810171432X.swf
	deleted:    data/maps/3274_0706131721X.swf
	deleted:    data/maps/3275_0706131721X.swf
	deleted:    data/maps/3276_0706131721X.swf
	deleted:    data/maps/3277_0907290913X.swf
	deleted:    data/maps/3278_0706131721X.swf
	deleted:    data/maps/327_0706131721X.swf
	deleted:    data/maps/3281_0811141000X.swf
	deleted:    data/maps/3282_0706131721X.swf
	deleted:    data/maps/3283_0811141000X.swf
	deleted:    data/maps/3284_0706131721X.swf
	deleted:    data/maps/3285_0706131721X.swf
	deleted:    data/maps/3286_0706131721X.swf
	deleted:    data/maps/3287_0805231732X.swf
	deleted:    data/maps/3288_0706131721X.swf
	deleted:    data/maps/3289_0908101544X.swf
	deleted:    data/maps/328_0706131721X.swf
	deleted:    data/maps/3290_0805231733X.swf
	deleted:    data/maps/3291_0805231733X.swf
	deleted:    data/maps/3292_0706131721X.swf
	deleted:    data/maps/3293_0706131721X.swf
	deleted:    data/maps/3294_0706131721X.swf
	deleted:    data/maps/3295_0706131721X.swf
	deleted:    data/maps/3296_0706131721X.swf
	deleted:    data/maps/3297_0706131721X.swf
	deleted:    data/maps/3298_0706141524X.swf
	deleted:    data/maps/3299_0809160912X.swf
	deleted:    data/maps/329_0706131721X.swf
	deleted:    data/maps/32_0707161017X.swf
	deleted:    data/maps/3300_0706131721X.swf
	deleted:    data/maps/3301_0706131721X.swf
	deleted:    data/maps/3304_0706131721X.swf
	deleted:    data/maps/3305_0706131721X.swf
	deleted:    data/maps/3306_0706131721X.swf
	deleted:    data/maps/3307_0706131721X.swf
	deleted:    data/maps/3308_0706131721X.swf
	deleted:    data/maps/3309_0706131721X.swf
	deleted:    data/maps/330_0706131721X.swf
	deleted:    data/maps/3310_0706131721X.swf
	deleted:    data/maps/3311_0706131721X.swf
	deleted:    data/maps/3312_0810171432X.swf
	deleted:    data/maps/3313_0706131721X.swf
	deleted:    data/maps/3314_0706131721X.swf
	deleted:    data/maps/3315_0706131721X.swf
	deleted:    data/maps/3316_0706131721X.swf
	deleted:    data/maps/3317_0706131721X.swf
	deleted:    data/maps/331_0706131721X.swf
	deleted:    data/maps/3320_0811141002X.swf
	deleted:    data/maps/3321_0706131721X.swf
	deleted:    data/maps/3322_0811141001X.swf
	deleted:    data/maps/3323_0811141001X.swf
	deleted:    data/maps/3324_0706131721X.swf
	deleted:    data/maps/3325_0805231738X.swf
	deleted:    data/maps/3326_0706131721X.swf
	deleted:    data/maps/3327_0805231736X.swf
	deleted:    data/maps/3328_0810171006X.swf
	deleted:    data/maps/3329_0805231735X.swf
	deleted:    data/maps/332_0706131721X.swf
	deleted:    data/maps/3330_0805231735X.swf
	deleted:    data/maps/3331_0810301531X.swf
	deleted:    data/maps/3332_0706131721X.swf
	deleted:    data/maps/3333_0706131721X.swf
	deleted:    data/maps/3334_0706131721X.swf
	deleted:    data/maps/3335_0706131721X.swf
	deleted:    data/maps/3336_0706131721X.swf
	deleted:    data/maps/3337_0706131721X.swf
	deleted:    data/maps/3338_0809160911X.swf
	deleted:    data/maps/333_0706131721X.swf
	deleted:    data/maps/3340_0706131721X.swf
	deleted:    data/maps/3341_0706131721X.swf
	deleted:    data/maps/3342_0706131721X.swf
	deleted:    data/maps/3343_0706131721X.swf
	deleted:    data/maps/3344_0706131721X.swf
	deleted:    data/maps/3345_0706141524X.swf
	deleted:    data/maps/3346_0706131721X.swf
	deleted:    data/maps/3347_0706131721X.swf
	deleted:    data/maps/3348_0706131721X.swf
	deleted:    data/maps/3349_0706131721X.swf
	deleted:    data/maps/334_0706131721X.swf
	deleted:    data/maps/3350_0706131721X.swf
	deleted:    data/maps/3351_0706131721X.swf
	deleted:    data/maps/3352_0706131721X.swf
	deleted:    data/maps/3353_0706131721X.swf
	deleted:    data/maps/3354_0706131721X.swf
	deleted:    data/maps/3355_0706131721X.swf
	deleted:    data/maps/3356_0706131721X.swf
	deleted:    data/maps/3357_0706131721X.swf
	deleted:    data/maps/3359_0811141003X.swf
	deleted:    data/maps/335_0706131721X.swf
	deleted:    data/maps/3360_0706131721X.swf
	deleted:    data/maps/3361_0706131721X.swf
	deleted:    data/maps/3362_0706131721X.swf
	deleted:    data/maps/3363_0706131721X.swf
	deleted:    data/maps/3364_0706131721X.swf
	deleted:    data/maps/3365_0706131721X.swf
	deleted:    data/maps/3366_0706131721X.swf
	deleted:    data/maps/3367_0810171007X.swf
	deleted:    data/maps/3368_0706131721X.swf
	deleted:    data/maps/3369_0706131721X.swf
	deleted:    data/maps/3370_0706131721X.swf
	deleted:    data/maps/3371_0706131721X.swf
	deleted:    data/maps/3372_0809160902X.swf
	deleted:    data/maps/3373_0706131721X.swf
	deleted:    data/maps/3374_0706131721X.swf
	deleted:    data/maps/3375_0706131721X.swf
	deleted:    data/maps/3376_0706131721X.swf
	deleted:    data/maps/3378_0706131721X.swf
	deleted:    data/maps/3379_0706131721X.swf
	deleted:    data/maps/337_0706131721X.swf
	deleted:    data/maps/3380_0706131721X.swf
	deleted:    data/maps/3381_0706131721X.swf
	deleted:    data/maps/3382_0706131721X.swf
	deleted:    data/maps/3383_0706131721X.swf
	deleted:    data/maps/3384_0706131721X.swf
	deleted:    data/maps/3385_0706131721X.swf
	deleted:    data/maps/338_0706131721X.swf
	deleted:    data/maps/3391_0812151205X.swf
	deleted:    data/maps/3392_0706131721X.swf
	deleted:    data/maps/3393_0706131721X.swf
	deleted:    data/maps/3394_0706131721X.swf
	deleted:    data/maps/3395_0706131721X.swf
	deleted:    data/maps/3396_0706131721X.swf
	deleted:    data/maps/3398_0706131721X.swf
	deleted:    data/maps/3399_0706131721X.swf
	deleted:    data/maps/339_0706131721X.swf
	deleted:    data/maps/33_0708201725X.swf
	deleted:    data/maps/3400_0706131721X.swf
	deleted:    data/maps/3401_0706131721X.swf
	deleted:    data/maps/3402_0706131721X.swf
	deleted:    data/maps/3403_0706131721X.swf
	deleted:    data/maps/3404_0706131721X.swf
	deleted:    data/maps/3405_0706131721X.swf
	deleted:    data/maps/3406_0706131721X.swf
	deleted:    data/maps/3407_0706131721X.swf
	deleted:    data/maps/3408_0706131721X.swf
	deleted:    data/maps/3409_0706131721X.swf
	deleted:    data/maps/340_0706131721X.swf
	deleted:    data/maps/3410_0706131721X.swf
	deleted:    data/maps/3411_0809160903X.swf
	deleted:    data/maps/3412_0909011204X.swf
	deleted:    data/maps/3413_0706131721X.swf
	deleted:    data/maps/3414_0706131721X.swf
	deleted:    data/maps/3415_0706131721X.swf
	deleted:    data/maps/3416_0706131721X.swf
	deleted:    data/maps/3417_0706131721X.swf
	deleted:    data/maps/3418_2111221351X.swf
	deleted:    data/maps/3419_0706131721X.swf
	deleted:    data/maps/341_0706131721X.swf
	deleted:    data/maps/3420_0706131721X.swf
	deleted:    data/maps/342_0706131721X.swf
	deleted:    data/maps/3431_0706131721X.swf
	deleted:    data/maps/3432_0706131721X.swf
	deleted:    data/maps/3433_0810281201X.swf
	deleted:    data/maps/3434_0706131721X.swf
	deleted:    data/maps/3435_0706131721X.swf
	deleted:    data/maps/3437_0706131721X.swf
	deleted:    data/maps/3438_0706131721X.swf
	deleted:    data/maps/3439_0706131721X.swf
	deleted:    data/maps/3440_0810161750X.swf
	deleted:    data/maps/3441_0810161751X.swf
	deleted:    data/maps/3442_0706131721X.swf
	deleted:    data/maps/3443_0706131721X.swf
	deleted:    data/maps/3444_0706131721X.swf
	deleted:    data/maps/3445_0706131721X.swf
	deleted:    data/maps/3446_0706131721X.swf
	deleted:    data/maps/3447_0706131721X.swf
	deleted:    data/maps/3448_0706131721X.swf
	deleted:    data/maps/3449_0706141524X.swf
	deleted:    data/maps/3450_0809160904X.swf
	deleted:    data/maps/3451_0706131721X.swf
	deleted:    data/maps/3452_0706131721X.swf
	deleted:    data/maps/3453_0706131721X.swf
	deleted:    data/maps/3454_0706131721X.swf
	deleted:    data/maps/3455_0706131721X.swf
	deleted:    data/maps/3456_0706131721X.swf
	deleted:    data/maps/3457_0811031150X.swf
	deleted:    data/maps/3458_0706131721X.swf
	deleted:    data/maps/3459_0706131721X.swf
	deleted:    data/maps/345_0706131721X.swf
	deleted:    data/maps/3460_0810021021X.swf
	deleted:    data/maps/346_0706131721X.swf
	deleted:    data/maps/3470_0706131721X.swf
	deleted:    data/maps/3471_0706131721X.swf
	deleted:    data/maps/3472_0810281159X.swf
	deleted:    data/maps/3473_0706131721X.swf
	deleted:    data/maps/3474_0706131721X.swf
	deleted:    data/maps/3476_0706131721X.swf
	deleted:    data/maps/3477_0706131721X.swf
	deleted:    data/maps/3478_0706131721X.swf
	deleted:    data/maps/3479_0810161752X.swf
	deleted:    data/maps/347_0706131721X.swf
	deleted:    data/maps/3480_0810161757X.swf
	deleted:    data/maps/3481_0706131721X.swf
	deleted:    data/maps/3482_0706131721X.swf
	deleted:    data/maps/3483_0706131721X.swf
	deleted:    data/maps/3484_0706131721X.swf
	deleted:    data/maps/3485_0706131721X.swf
	deleted:    data/maps/3486_0706131721X.swf
	deleted:    data/maps/3487_0706131721X.swf
	deleted:    data/maps/3488_0810171017X.swf
	deleted:    data/maps/3489_0809160905X.swf
	deleted:    data/maps/348_0901291004X.swf
	deleted:    data/maps/3490_0706131721X.swf
	deleted:    data/maps/3491_0706131721X.swf
	deleted:    data/maps/3492_0706131721X.swf
	deleted:    data/maps/3493_0810171222X.swf
	deleted:    data/maps/3494_0706131721X.swf
	deleted:    data/maps/3495_0706141524X.swf
	deleted:    data/maps/3496_0706131721X.swf
	deleted:    data/maps/3497_0706131721X.swf
	deleted:    data/maps/3498_0706131721X.swf
	deleted:    data/maps/3499_0706131721X.swf
	deleted:    data/maps/349_0706131721X.swf
	deleted:    data/maps/34_0708201724X.swf
	deleted:    data/maps/3500_0706131721X.swf
	deleted:    data/maps/3501_0706131721X.swf
	deleted:    data/maps/3502_0706131721X.swf
	deleted:    data/maps/3503_0904021037X.swf
	deleted:    data/maps/3504_0706131721X.swf
	deleted:    data/maps/3505_0709051657X.swf
	deleted:    data/maps/3506_0706131721X.swf
	deleted:    data/maps/3507_0706131721X.swf
	deleted:    data/maps/3508_0706131721X.swf
	deleted:    data/maps/3509_0706131721X.swf
	deleted:    data/maps/350_0706131721X.swf
	deleted:    data/maps/3510_0706131721X.swf
	deleted:    data/maps/3511_0706131721X.swf
	deleted:    data/maps/3512_0706131721X.swf
	deleted:    data/maps/3513_0706131721X.swf
	deleted:    data/maps/351_0706131721X.swf
	deleted:    data/maps/3521_0706131721X.swf
	deleted:    data/maps/3522_0706131721X.swf
	deleted:    data/maps/3523_0706131721X.swf
	deleted:    data/maps/3524_0706131721X.swf
	deleted:    data/maps/3525_0706131721X.swf
	deleted:    data/maps/3526_0706131721X.swf
	deleted:    data/maps/3527_0706131721X.swf
	deleted:    data/maps/3528_0706131721X.swf
	deleted:    data/maps/3529_0810171017X.swf
	deleted:    data/maps/3530_0706131721X.swf
	deleted:    data/maps/3531_0706131721X.swf
	deleted:    data/maps/3532_0706131721X.swf
	deleted:    data/maps/3533_0706131721X.swf
	deleted:    data/maps/3534_0810171224X.swf
	deleted:    data/maps/3535_0706131721X.swf
	deleted:    data/maps/3536_0706131721X.swf
	deleted:    data/maps/3537_0706131721X.swf
	deleted:    data/maps/3538_0706131721X.swf
	deleted:    data/maps/3539_0706131721X.swf
	deleted:    data/maps/3540_0706131721X.swf
	deleted:    data/maps/3541_0706131721X.swf
	deleted:    data/maps/3542_0706131721X.swf
	deleted:    data/maps/3543_0706131721X.swf
	deleted:    data/maps/3544_0706131721X.swf
	deleted:    data/maps/3545_0706131721X.swf
	deleted:    data/maps/3546_0706131721X.swf
	deleted:    data/maps/3547_0706131721X.swf
	deleted:    data/maps/3548_0706131721X.swf
	deleted:    data/maps/3549_0706131721X.swf
	deleted:    data/maps/3550_0706131721X.swf
	deleted:    data/maps/3551_0706131721X.swf
	deleted:    data/maps/3552_0706131721X.swf
	deleted:    data/maps/3553_0706131721X.swf
	deleted:    data/maps/3554_0706131721X.swf
	deleted:    data/maps/355_0706131721X.swf
	deleted:    data/maps/3562_0706131721X.swf
	deleted:    data/maps/3563_0706131721X.swf
	deleted:    data/maps/3564_0706131721X.swf
	deleted:    data/maps/3565_0706131721X.swf
	deleted:    data/maps/3566_0706131721X.swf
	deleted:    data/maps/3567_0706141524X.swf
	deleted:    data/maps/3568_0706131721X.swf
	deleted:    data/maps/3569_0706131721X.swf
	deleted:    data/maps/356_0706141524X.swf
	deleted:    data/maps/3570_0706131721X.swf
	deleted:    data/maps/3571_0706131721X.swf
	deleted:    data/maps/3572_0706131721X.swf
	deleted:    data/maps/3573_0706131721X.swf
	deleted:    data/maps/3574_0706131721X.swf
	deleted:    data/maps/3575_0706131721X.swf
	deleted:    data/maps/3576_0706131721X.swf
	deleted:    data/maps/3577_0706131721X.swf
	deleted:    data/maps/3578_0706131721X.swf
	deleted:    data/maps/3579_0706131721X.swf
	deleted:    data/maps/357_0706131721X.swf
	deleted:    data/maps/3580_0706131721X.swf
	deleted:    data/maps/3581_0706131721X.swf
	deleted:    data/maps/3582_0811070944X.swf
	deleted:    data/maps/3583_0706131721X.swf
	deleted:    data/maps/3584_0706131721X.swf
	deleted:    data/maps/3585_0706131721X.swf
	deleted:    data/maps/3586_0706131721X.swf
	deleted:    data/maps/3587_0706131721X.swf
	deleted:    data/maps/3588_0706131721X.swf
	deleted:    data/maps/3589_0706131721X.swf
	deleted:    data/maps/358_0804101757X.swf
	deleted:    data/maps/3590_0706131721X.swf
	deleted:    data/maps/3591_0706131721X.swf
	deleted:    data/maps/3592_0706131721X.swf
	deleted:    data/maps/3593_0706131721X.swf
	deleted:    data/maps/3594_0706141524X.swf
	deleted:    data/maps/3595_0706131721X.swf
	deleted:    data/maps/3599_0706131721X.swf
	deleted:    data/maps/359_0706131721X.swf
	deleted:    data/maps/35_0706131721X.swf
	deleted:    data/maps/3600_0706131721X.swf
	deleted:    data/maps/3601_0706131721X.swf
	deleted:    data/maps/3602_0706131721X.swf
	deleted:    data/maps/3603_0706131721X.swf
	deleted:    data/maps/3604_0706131721X.swf
	deleted:    data/maps/3605_0706131721X.swf
	deleted:    data/maps/3606_0706131721X.swf
	deleted:    data/maps/3607_0706131721X.swf
	deleted:    data/maps/3608_0706131721X.swf
	deleted:    data/maps/3609_0706131721X.swf
	deleted:    data/maps/360_0706131721X.swf
	deleted:    data/maps/3610_0706131721X.swf
	deleted:    data/maps/3611_0706131721X.swf
	deleted:    data/maps/3612_0706131721X.swf
	deleted:    data/maps/3613_0706131721X.swf
	deleted:    data/maps/3614_0706131721X.swf
	deleted:    data/maps/3615_0706131721X.swf
	deleted:    data/maps/3616_0706131721X.swf
	deleted:    data/maps/3617_0706131721X.swf
	deleted:    data/maps/3618_0706131721X.swf
	deleted:    data/maps/3619_0706131721X.swf
	deleted:    data/maps/361_0706131721X.swf
	deleted:    data/maps/3620_0706141524X.swf
	deleted:    data/maps/3621_0706131721X.swf
	deleted:    data/maps/3622_0706131721X.swf
	deleted:    data/maps/3623_0706131721X.swf
	deleted:    data/maps/3624_0706131721X.swf
	deleted:    data/maps/3625_0706131721X.swf
	deleted:    data/maps/3626_0706131721X.swf
	deleted:    data/maps/3627_0706131721X.swf
	deleted:    data/maps/3628_0706131721X.swf
	deleted:    data/maps/3629_0706131721X.swf
	deleted:    data/maps/362_0706131721X.swf
	deleted:    data/maps/3630_0706131721X.swf
	deleted:    data/maps/3631_0811031200X.swf
	deleted:    data/maps/3632_0706131721X.swf
	deleted:    data/maps/3633_0706131721X.swf
	deleted:    data/maps/3634_0706131721X.swf
	deleted:    data/maps/3635_0706131721X.swf
	deleted:    data/maps/3636_0706131721X.swf
	deleted:    data/maps/3640_0706131721X.swf
	deleted:    data/maps/3641_0706131721X.swf
	deleted:    data/maps/3642_0706131721X.swf
	deleted:    data/maps/3643_0810171010X.swf
	deleted:    data/maps/3644_0810171012X.swf
	deleted:    data/maps/3645_0706131721X.swf
	deleted:    data/maps/3646_0706131721X.swf
	deleted:    data/maps/3647_0706131721X.swf
	deleted:    data/maps/3648_0706131721X.swf
	deleted:    data/maps/3649_0706131721X.swf
	deleted:    data/maps/364_0706131721X.swf
	deleted:    data/maps/3650_0706131721X.swf
	deleted:    data/maps/3651_0706131721X.swf
	deleted:    data/maps/3652_0706131721X.swf
	deleted:    data/maps/3653_0706131721X.swf
	deleted:    data/maps/3654_0706131721X.swf
	deleted:    data/maps/3655_0706131721X.swf
	deleted:    data/maps/3656_0706131721X.swf
	deleted:    data/maps/3657_0706131721X.swf
	deleted:    data/maps/3658_0706131721X.swf
	deleted:    data/maps/3659_0706131721X.swf
	deleted:    data/maps/365_0706131721X.swf
	deleted:    data/maps/3660_0706131721X.swf
	deleted:    data/maps/3661_0706141524X.swf
	deleted:    data/maps/3662_0706131721X.swf
	deleted:    data/maps/3663_0811241443X.swf
	deleted:    data/maps/3664_0810171734X.swf
	deleted:    data/maps/3665_0706131721X.swf
	deleted:    data/maps/3666_0706131721X.swf
	deleted:    data/maps/3667_0706131721X.swf
	deleted:    data/maps/3668_0706131721X.swf
	deleted:    data/maps/3669_0706131721X.swf
	deleted:    data/maps/366_0909161412X.swf
	deleted:    data/maps/3670_0706131721X.swf
	deleted:    data/maps/3671_0706131721X.swf
	deleted:    data/maps/3672_0810171420X.swf
	deleted:    data/maps/3673_0810171419X.swf
	deleted:    data/maps/3674_0706131721X.swf
	deleted:    data/maps/3675_0706131721X.swf
	deleted:    data/maps/3676_0706131721X.swf
	deleted:    data/maps/3677_0706131721X.swf
	deleted:    data/maps/367_0706131721X.swf
	deleted:    data/maps/3681_0806201654X.swf
	deleted:    data/maps/3682_0806201654X.swf
	deleted:    data/maps/3683_0806201654X.swf
	deleted:    data/maps/3684_0810171437X.swf
	deleted:    data/maps/3685_0810171014X.swf
	deleted:    data/maps/3686_0706131721X.swf
	deleted:    data/maps/3687_0706131721X.swf
	deleted:    data/maps/3688_0806201652X.swf
	deleted:    data/maps/3689_0706131721X.swf
	deleted:    data/maps/368_0706131721X.swf
	deleted:    data/maps/3690_0706131721X.swf
	deleted:    data/maps/3691_0706131721X.swf
	deleted:    data/maps/3692_0706131721X.swf
	deleted:    data/maps/3693_0706131721X.swf
	deleted:    data/maps/3694_0706131721X.swf
	deleted:    data/maps/3695_0706131721X.swf
	deleted:    data/maps/3696_0706131721X.swf
	deleted:    data/maps/3697_0706131721X.swf
	deleted:    data/maps/3698_0706131721X.swf
	deleted:    data/maps/3699_0706131721X.swf
	deleted:    data/maps/369_0706131721X.swf
	deleted:    data/maps/36_0706131721X.swf
	deleted:    data/maps/3700_0706131721X.swf
	deleted:    data/maps/3701_0706131721X.swf
	deleted:    data/maps/3702_0806201641X.swf
	deleted:    data/maps/3703_0706131721X.swf
	deleted:    data/maps/3704_0810171432X.swf
	deleted:    data/maps/3705_0810171435X.swf
	deleted:    data/maps/3706_0806201637X.swf
	deleted:    data/maps/3707_0706131721X.swf
	deleted:    data/maps/3708_0706131721X.swf
	deleted:    data/maps/3709_0706131721X.swf
	deleted:    data/maps/370_0706131721X.swf
	deleted:    data/maps/3710_0706131721X.swf
	deleted:    data/maps/3711_0706131721X.swf
	deleted:    data/maps/3712_0706131721X.swf
	deleted:    data/maps/3713_0810171431X.swf
	deleted:    data/maps/3714_0810171419X.swf
	deleted:    data/maps/3715_0706131721X.swf
	deleted:    data/maps/371_0706131721X.swf
	deleted:    data/maps/372_0706131721X.swf
	deleted:    data/maps/3730_0706131721X.swf
	deleted:    data/maps/3731_0706131721X.swf
	deleted:    data/maps/3732_0706131721X.swf
	deleted:    data/maps/3733_0706131721X.swf
	deleted:    data/maps/3734_0706131721X.swf
	deleted:    data/maps/3735_0706131721X.swf
	deleted:    data/maps/3736_0810171021X.swf
	deleted:    data/maps/3737_0810171011X.swf
	deleted:    data/maps/3738_0706131721X.swf
	deleted:    data/maps/3739_0706131721X.swf
	deleted:    data/maps/3740_0706131721X.swf
	deleted:    data/maps/3741_0811241433X.swf
	deleted:    data/maps/3771_0810171437X.swf
	deleted:    data/maps/3772_0810171015X.swf
	deleted:    data/maps/3773_0706131721X.swf
	deleted:    data/maps/3774_0706131721X.swf
	deleted:    data/maps/3775_0706131721X.swf
	deleted:    data/maps/3776_0706131721X.swf
	deleted:    data/maps/3777_0706131721X.swf
	deleted:    data/maps/3778_0706131721X.swf
	deleted:    data/maps/3779_0706131721X.swf
	deleted:    data/maps/377_0706131721X.swf
	deleted:    data/maps/3780_0706131721X.swf
	deleted:    data/maps/3781_0810171018X.swf
	deleted:    data/maps/3782_0810171020X.swf
	deleted:    data/maps/3783_0706131721X.swf
	deleted:    data/maps/3784_0811241429X.swf
	deleted:    data/maps/3785_0706131721X.swf
	deleted:    data/maps/3786_0810171208X.swf
	deleted:    data/maps/378_0706131721X.swf
	deleted:    data/maps/379_0706131721X.swf
	deleted:    data/maps/37_0904061612X.swf
	deleted:    data/maps/380_0706131721X.swf
	deleted:    data/maps/3814_0706131721X.swf
	deleted:    data/maps/3815_0706131721X.swf
	deleted:    data/maps/3816_0810171437X.swf
	deleted:    data/maps/3817_0810171021X.swf
	deleted:    data/maps/3818_0706131721X.swf
	deleted:    data/maps/3819_0806201644X.swf
	deleted:    data/maps/381_0804101731X.swf
	deleted:    data/maps/3820_0706131721X.swf
	deleted:    data/maps/3821_0810171213X.swf
	deleted:    data/maps/382_0706131721X.swf
	deleted:    data/maps/387_0706131721X.swf
	deleted:    data/maps/388_0706131721X.swf
	deleted:    data/maps/38_0906101450X.swf
	deleted:    data/maps/392_0804101744X.swf
	deleted:    data/maps/397_0706141524X.swf
	deleted:    data/maps/39_0706131721X.swf
	deleted:    data/maps/403_0706131721X.swf
	deleted:    data/maps/404_0706131721X.swf
	deleted:    data/maps/405_0706131721X.swf
	deleted:    data/maps/406_0706131721X.swf
	deleted:    data/maps/4070_0706131721X.swf
	deleted:    data/maps/4072_0706131721X.swf
	deleted:    data/maps/4073_0706131721X.swf
	deleted:    data/maps/4074_0706131721X.swf
	deleted:    data/maps/4077_0706131721X.swf
	deleted:    data/maps/4079_0903101708X.swf
	deleted:    data/maps/407_0706131721X.swf
	deleted:    data/maps/4080_0706131721X.swf
	deleted:    data/maps/4081_0706131721X.swf
	deleted:    data/maps/4082_0706131721X.swf
	deleted:    data/maps/4083_0706131721X.swf
	deleted:    data/maps/4085_0805271537X.swf
	deleted:    data/maps/4086_0706131721X.swf
	deleted:    data/maps/4087_0706141524X.swf
	deleted:    data/maps/4088_0706131721X.swf
	deleted:    data/maps/4089_0805271536X.swf
	deleted:    data/maps/408_0706141524X.swf
	deleted:    data/maps/4090_0708291006X.swf
	deleted:    data/maps/4091_0804241547X.swf
	deleted:    data/maps/4092_0706131721X.swf
	deleted:    data/maps/4093_0706131721X.swf
	deleted:    data/maps/4094_0706131721X.swf
	deleted:    data/maps/4095_0706131721X.swf
	deleted:    data/maps/4096_0804180946X.swf
	deleted:    data/maps/4097_0706131721X.swf
	deleted:    data/maps/4098_0706131721X.swf
	deleted:    data/maps/409_0706131721X.swf
	deleted:    data/maps/40_0810281438X.swf
	deleted:    data/maps/4100_0805271533X.swf
	deleted:    data/maps/4101_0805271534X.swf
	deleted:    data/maps/4102_0901071028X.swf
	deleted:    data/maps/4103_0805271535X.swf
	deleted:    data/maps/4104_0709181154X.swf
	deleted:    data/maps/4106_0706131721X.swf
	deleted:    data/maps/4107_0805271531X.swf
	deleted:    data/maps/4108_0706131721X.swf
	deleted:    data/maps/4109_0805271533X.swf
	deleted:    data/maps/410_0706131721X.swf
	deleted:    data/maps/4110_0706131721X.swf
	deleted:    data/maps/4111_0805271530X.swf
	deleted:    data/maps/4112_0805271530X.swf
	deleted:    data/maps/4113_0805271531X.swf
	deleted:    data/maps/4114_0706131721X.swf
	deleted:    data/maps/4115_0706131721X.swf
	deleted:    data/maps/4116_0706131721X.swf
	deleted:    data/maps/4117_0706131721X.swf
	deleted:    data/maps/4118_0706131721X.swf
	deleted:    data/maps/411_0706131721X.swf
	deleted:    data/maps/4121_0810171015X.swf
	deleted:    data/maps/4122_0810171016X.swf
	deleted:    data/maps/4123_0706131721X.swf
	deleted:    data/maps/4124_0706131721X.swf
	deleted:    data/maps/4125_0806201648X.swf
	deleted:    data/maps/4126_0806201648X.swf
	deleted:    data/maps/4127_0806201647X.swf
	deleted:    data/maps/4128_0706131721X.swf
	deleted:    data/maps/412_0706131721X.swf
	deleted:    data/maps/413_0706131721X.swf
	deleted:    data/maps/414_0706131721X.swf
	deleted:    data/maps/415_0909161413X.swf
	deleted:    data/maps/4169_0706131721X.swf
	deleted:    data/maps/416_0706131721X.swf
	deleted:    data/maps/4170_0706131721X.swf
	deleted:    data/maps/4171_0709181148X.swf
	deleted:    data/maps/4172_0804241629X.swf
	deleted:    data/maps/4173_0706131721X.swf
	deleted:    data/maps/4174_0706131721X.swf
	deleted:    data/maps/4175_0706131721X.swf
	deleted:    data/maps/4176_0706131721X.swf
	deleted:    data/maps/4177_0809191049X.swf
	deleted:    data/maps/4178_0706131721X.swf
	deleted:    data/maps/4179_0706131721X.swf
	deleted:    data/maps/417_0706131721X.swf
	deleted:    data/maps/4180_0706131721X.swf
	deleted:    data/maps/4181_0706131721X.swf
	deleted:    data/maps/4182_0706131721X.swf
	deleted:    data/maps/4183_0906101533X.swf
	deleted:    data/maps/4185_0706131721X.swf
	deleted:    data/maps/4186_0706131721X.swf
	deleted:    data/maps/4187_0706131721X.swf
	deleted:    data/maps/4188_0706131721X.swf
	deleted:    data/maps/4189_0706131721X.swf
	deleted:    data/maps/418_0706131721X.swf
	deleted:    data/maps/4190_0706131721X.swf
	deleted:    data/maps/4191_0804031607X.swf
	deleted:    data/maps/4192_0706131721X.swf
	deleted:    data/maps/4193_0706131721X.swf
	deleted:    data/maps/4194_0706131721X.swf
	deleted:    data/maps/4195_0801300950X.swf
	deleted:    data/maps/4196_0706131721X.swf
	deleted:    data/maps/4197_0706131721X.swf
	deleted:    data/maps/4198_0706131721X.swf
	deleted:    data/maps/4199_0706131721X.swf
	deleted:    data/maps/419_0706131721X.swf
	deleted:    data/maps/41_0906101451X.swf
	deleted:    data/maps/4200_0706131721X.swf
	deleted:    data/maps/4201_0706131721X.swf
	deleted:    data/maps/4202_0706131721X.swf
	deleted:    data/maps/4203_0706131721X.swf
	deleted:    data/maps/4204_0706131721X.swf
	deleted:    data/maps/4205_0706131721X.swf
	deleted:    data/maps/4206_0706131721X.swf
	deleted:    data/maps/4207_0706131721X.swf
	deleted:    data/maps/4208_0706131721X.swf
	deleted:    data/maps/4209_0706131721X.swf
	deleted:    data/maps/420_0706131721X.swf
	deleted:    data/maps/4210_0706131721X.swf
	deleted:    data/maps/4211_0903120853X.swf
	deleted:    data/maps/4212_0706131721X.swf
	deleted:    data/maps/4213_0706131721X.swf
	deleted:    data/maps/4214_0903120841X.swf
	deleted:    data/maps/4215_0802211559X.swf
	deleted:    data/maps/4216_0706131721X.swf
	deleted:    data/maps/4217_0706131721X.swf
	deleted:    data/maps/4218_0706131721X.swf
	deleted:    data/maps/4219_0710291638X.swf
	deleted:    data/maps/421_0706131721X.swf
	deleted:    data/maps/4221_0706131721X.swf
	deleted:    data/maps/4222_0706131721X.swf
	deleted:    data/maps/4223_0902131025X.swf
	deleted:    data/maps/4224_0706131721X.swf
	deleted:    data/maps/4225_0706131721X.swf
	deleted:    data/maps/4226_0706131721X.swf
	deleted:    data/maps/4227_0706131721X.swf
	deleted:    data/maps/4228_0905111710X.swf
	deleted:    data/maps/4229_0706131721X.swf
	deleted:    data/maps/4230_0706141524X.swf
	deleted:    data/maps/4231_0811190949X.swf
	deleted:    data/maps/4232_0706131721X.swf
	deleted:    data/maps/4233_0706131721X.swf
	deleted:    data/maps/4234_0706131721X.swf
	deleted:    data/maps/4235_0905111714X.swf
	deleted:    data/maps/4236_0811181721X.swf
	deleted:    data/maps/4237_0706131721X.swf
	deleted:    data/maps/4238_0706131721X.swf
	deleted:    data/maps/4239_0706131721X.swf
	deleted:    data/maps/4240_0706131721X.swf
	deleted:    data/maps/4241_0706131721X.swf
	deleted:    data/maps/4242_0706131721X.swf
	deleted:    data/maps/4243_0706131721X.swf
	deleted:    data/maps/4244_0706131721X.swf
	deleted:    data/maps/4245_0706131721X.swf
	deleted:    data/maps/4246_0904091019X.swf
	deleted:    data/maps/4247_0706131721X.swf
	deleted:    data/maps/4248_0706131721X.swf
	deleted:    data/maps/4249_0706131721X.swf
	deleted:    data/maps/424_0809101128X.swf
	deleted:    data/maps/4250_0706131721X.swf
	deleted:    data/maps/4252_0809191050X.swf
	deleted:    data/maps/4258_0706131721X.swf
	deleted:    data/maps/4259_0706131721X.swf
	deleted:    data/maps/425_0706131721X.swf
	deleted:    data/maps/4260_0706131721X.swf
	deleted:    data/maps/4261_0706131721X.swf
	deleted:    data/maps/4262_0706131721X.swf
	deleted:    data/maps/4263_0706131721X.swf
	deleted:    data/maps/4264_0706131721X.swf
	deleted:    data/maps/4265_0706131721X.swf
	deleted:    data/maps/4266_0706131721X.swf
	deleted:    data/maps/4267_0706131721X.swf
	deleted:    data/maps/4268_0706131721X.swf
	deleted:    data/maps/4269_0706131721X.swf
	deleted:    data/maps/4270_0706131721X.swf
	deleted:    data/maps/4271_0706131721X.swf
	deleted:    data/maps/4272_0706131721X.swf
	deleted:    data/maps/4273_0706131721X.swf
	deleted:    data/maps/4274_0706131721X.swf
	deleted:    data/maps/4275_0706131721X.swf
	deleted:    data/maps/4276_0706131721X.swf
	deleted:    data/maps/4277_0706131721X.swf
	deleted:    data/maps/4278_0706131721X.swf
	deleted:    data/maps/4279_0706141524X.swf
	deleted:    data/maps/427_0806171755X.swf
	deleted:    data/maps/4280_0706131721X.swf
	deleted:    data/maps/4281_0706131721X.swf
	deleted:    data/maps/4282_0706131721X.swf
	deleted:    data/maps/4283_0706131721X.swf
	deleted:    data/maps/4284_0706131721X.swf
	deleted:    data/maps/4285_0706141524X.swf
	deleted:    data/maps/4286_0706131721X.swf
	deleted:    data/maps/4287_0906101618X.swf
	deleted:    data/maps/4288_0706131721X.swf
	deleted:    data/maps/4289_0706131721X.swf
	deleted:    data/maps/428_0808260916X.swf
	deleted:    data/maps/4290_0706131721X.swf
	deleted:    data/maps/4291_0706131721X.swf
	deleted:    data/maps/4292_0706131721X.swf
	deleted:    data/maps/4293_0706131721X.swf
	deleted:    data/maps/4294_0706131721X.swf
	deleted:    data/maps/4295_0706131721X.swf
	deleted:    data/maps/4296_0706141524X.swf
	deleted:    data/maps/4297_0706131721X.swf
	deleted:    data/maps/4298_0905151930X.swf
	deleted:    data/maps/4299_0811041217X.swf
	deleted:    data/maps/42_0706131721X.swf
	deleted:    data/maps/4300_0706131721X.swf
	deleted:    data/maps/4301_0706131721X.swf
	deleted:    data/maps/4302_0904091620X.swf
	deleted:    data/maps/4303_0706131721X.swf
	deleted:    data/maps/4304_0903120848X.swf
	deleted:    data/maps/4305_0706131721X.swf
	deleted:    data/maps/4306_0706131721X.swf
	deleted:    data/maps/4307_0706131721X.swf
	deleted:    data/maps/4308_0709071453X.swf
	deleted:    data/maps/4309_0809191051X.swf
	deleted:    data/maps/430_0706131721X.swf
	deleted:    data/maps/4310_0706131721X.swf
	deleted:    data/maps/4311_0811141018X.swf
	deleted:    data/maps/4312_0706131721X.swf
	deleted:    data/maps/4313_0706131721X.swf
	deleted:    data/maps/4314_0706131721X.swf
	deleted:    data/maps/4315_0706131721X.swf
	deleted:    data/maps/4316_0706131721X.swf
	deleted:    data/maps/4317_0805231707X.swf
	deleted:    data/maps/4318_0706131721X.swf
	deleted:    data/maps/4319_0706131721X.swf
	deleted:    data/maps/4320_0706131721X.swf
	deleted:    data/maps/4321_0706131721X.swf
	deleted:    data/maps/4322_0706131721X.swf
	deleted:    data/maps/4323_0706131721X.swf
	deleted:    data/maps/4324_0706131721X.swf
	deleted:    data/maps/4325_0706131721X.swf
	deleted:    data/maps/4326_0811141016X.swf
	deleted:    data/maps/4327_0706131721X.swf
	deleted:    data/maps/4328_0706131721X.swf
	deleted:    data/maps/4329_0706131721X.swf
	deleted:    data/maps/4330_0706131721X.swf
	deleted:    data/maps/4331_0706131721X.swf
	deleted:    data/maps/4332_0805231654X.swf
	deleted:    data/maps/4333_0805231647X.swf
	deleted:    data/maps/4334_0706131721X.swf
	deleted:    data/maps/4335_0710311543X.swf
	deleted:    data/maps/4336_0902181440X.swf
	deleted:    data/maps/4337_0902190903X.swf
	deleted:    data/maps/4338_0902161633X.swf
	deleted:    data/maps/4339_0706131721X.swf
	deleted:    data/maps/433_0706131721X.swf
	deleted:    data/maps/4340_0706131721X.swf
	deleted:    data/maps/4341_0706131721X.swf
	deleted:    data/maps/4342_0706131721X.swf
	deleted:    data/maps/4343_0706131721X.swf
	deleted:    data/maps/4344_0706131721X.swf
	deleted:    data/maps/4345_0706131721X.swf
	deleted:    data/maps/4346_0706131721X.swf
	deleted:    data/maps/4347_0706131721X.swf
	deleted:    data/maps/4348_0706131721X.swf
	deleted:    data/maps/4349_0706131721X.swf
	deleted:    data/maps/4350_0706131721X.swf
	deleted:    data/maps/4351_0706131721X.swf
	deleted:    data/maps/4352_0706131721X.swf
	deleted:    data/maps/4353_0805231655X.swf
	deleted:    data/maps/4354_0706131721X.swf
	deleted:    data/maps/4355_0706131721X.swf
	deleted:    data/maps/4356_0706131721X.swf
	deleted:    data/maps/4357_0706131721X.swf
	deleted:    data/maps/4358_0811141019X.swf
	deleted:    data/maps/4359_0706131721X.swf
	deleted:    data/maps/435_0706131721X.swf
	deleted:    data/maps/4360_0706131721X.swf
	deleted:    data/maps/4361_0706131721X.swf
	deleted:    data/maps/4362_0805231658X.swf
	deleted:    data/maps/4363_0706131721X.swf
	deleted:    data/maps/4364_0706131721X.swf
	deleted:    data/maps/4365_0805231659X.swf
	deleted:    data/maps/4366_0805071740X.swf
	deleted:    data/maps/4367_0706131721X.swf
	deleted:    data/maps/4368_0706131721X.swf
	deleted:    data/maps/4369_0706131721X.swf
	deleted:    data/maps/436_0706131721X.swf
	deleted:    data/maps/4370_0805231700X.swf
	deleted:    data/maps/4371_0706131721X.swf
	deleted:    data/maps/4372_0706131721X.swf
	deleted:    data/maps/4373_0706131721X.swf
	deleted:    data/maps/4374_0706131721X.swf
	deleted:    data/maps/4375_0706131721X.swf
	deleted:    data/maps/4376_0706131721X.swf
	deleted:    data/maps/4377_0706131721X.swf
	deleted:    data/maps/4378_0706141524X.swf
	deleted:    data/maps/4379_0706131721X.swf
	deleted:    data/maps/437_0806170921X.swf
	deleted:    data/maps/4380_0706131721X.swf
	deleted:    data/maps/4381_0706131721X.swf
	deleted:    data/maps/4382_0706131721X.swf
	deleted:    data/maps/4383_0907131631X.swf
	deleted:    data/maps/4384_0706131721X.swf
	deleted:    data/maps/4385_0706131721X.swf
	deleted:    data/maps/4386_0706131721X.swf
	deleted:    data/maps/4387_0804251723X.swf
	deleted:    data/maps/4388_0706131721X.swf
	deleted:    data/maps/4389_0706131721X.swf
	deleted:    data/maps/4390_0706131721X.swf
	deleted:    data/maps/4391_0706131721X.swf
	deleted:    data/maps/4392_0706131721X.swf
	deleted:    data/maps/4393_0706131721X.swf
	deleted:    data/maps/4394_0706131721X.swf
	deleted:    data/maps/4395_0706131721X.swf
	deleted:    data/maps/4396_0706131721X.swf
	deleted:    data/maps/4397_0706131721X.swf
	deleted:    data/maps/4398_0903120851X.swf
	deleted:    data/maps/4399_0706131721X.swf
	deleted:    data/maps/43_0706131721X.swf
	deleted:    data/maps/4400_0706131721X.swf
	deleted:    data/maps/4401_0706131721X.swf
	deleted:    data/maps/4402_0706131721X.swf
	deleted:    data/maps/4403_0706131721X.swf
	deleted:    data/maps/4404_0706131721X.swf
	deleted:    data/maps/4405_0706131721X.swf
	deleted:    data/maps/4406_0706131721X.swf
	deleted:    data/maps/4407_0706131721X.swf
	deleted:    data/maps/4408_0706131721X.swf
	deleted:    data/maps/4409_0706131721X.swf
	deleted:    data/maps/4410_0706131721X.swf
	deleted:    data/maps/4411_0706131721X.swf
	deleted:    data/maps/4412_0706131721X.swf
	deleted:    data/maps/4413_0706131721X.swf
	deleted:    data/maps/4414_0706131721X.swf
	deleted:    data/maps/4415_0706131721X.swf
	deleted:    data/maps/4416_0711121054X.swf
	deleted:    data/maps/4417_0706131721X.swf
	deleted:    data/maps/4419_0706131721X.swf
	deleted:    data/maps/4420_0706131721X.swf
	deleted:    data/maps/4421_0706131721X.swf
	deleted:    data/maps/4422_0706131721X.swf
	deleted:    data/maps/4423_0706131721X.swf
	deleted:    data/maps/4424_0706131721X.swf
	deleted:    data/maps/4425_0706131721X.swf
	deleted:    data/maps/4426_0706131721X.swf
	deleted:    data/maps/4428_0706131721X.swf
	deleted:    data/maps/4429_0706131721X.swf
	deleted:    data/maps/4430_0706131721X.swf
	deleted:    data/maps/4431_0706131721X.swf
	deleted:    data/maps/4432_0810171418X.swf
	deleted:    data/maps/4433_0706131721X.swf
	deleted:    data/maps/4434_0706131721X.swf
	deleted:    data/maps/4436_0810171226X.swf
	deleted:    data/maps/4437_0706131721X.swf
	deleted:    data/maps/4438_0706131721X.swf
	deleted:    data/maps/4439_0810171721X.swf
	deleted:    data/maps/4440_0810171720X.swf
	deleted:    data/maps/4441_0810171719X.swf
	deleted:    data/maps/4442_0810171720X.swf
	deleted:    data/maps/4443_0706131721X.swf
	deleted:    data/maps/4444_0706131721X.swf
	deleted:    data/maps/4445_0706131721X.swf
	deleted:    data/maps/4447_0706131721X.swf
	deleted:    data/maps/4448_0706131721X.swf
	deleted:    data/maps/4449_0706131721X.swf
	deleted:    data/maps/4450_0706131721X.swf
	deleted:    data/maps/4451_0706131721X.swf
	deleted:    data/maps/4452_0706131721X.swf
	deleted:    data/maps/4453_0706131721X.swf
	deleted:    data/maps/4454_0706131721X.swf
	deleted:    data/maps/4455_0706131721X.swf
	deleted:    data/maps/4456_0806231111X.swf
	deleted:    data/maps/4457_0706131721X.swf
	deleted:    data/maps/4458_0706131721X.swf
	deleted:    data/maps/4459_0706141524X.swf
	deleted:    data/maps/4460_0706131721X.swf
	deleted:    data/maps/4461_0706131721X.swf
	deleted:    data/maps/4463_0706131721X.swf
	deleted:    data/maps/4464_0706131721X.swf
	deleted:    data/maps/4465_0706131721X.swf
	deleted:    data/maps/4466_0909031709X.swf
	deleted:    data/maps/4467_0706131721X.swf
	deleted:    data/maps/4468_0810171222X.swf
	deleted:    data/maps/4469_0810171717X.swf
	deleted:    data/maps/4470_0706131721X.swf
	deleted:    data/maps/4471_0810171219X.swf
	deleted:    data/maps/4472_0706131721X.swf
	deleted:    data/maps/4473_0706131721X.swf
	deleted:    data/maps/4474_0706131721X.swf
	deleted:    data/maps/4475_0806241626X.swf
	deleted:    data/maps/4476_0706131721X.swf
	deleted:    data/maps/4478_0706131721X.swf
	deleted:    data/maps/4479_0706131721X.swf
	deleted:    data/maps/4480_0706131721X.swf
	deleted:    data/maps/4481_0706131721X.swf
	deleted:    data/maps/4482_0706131721X.swf
	deleted:    data/maps/4483_0706131721X.swf
	deleted:    data/maps/4484_0706131721X.swf
	deleted:    data/maps/4485_0810171220X.swf
	deleted:    data/maps/4486_0706131721X.swf
	deleted:    data/maps/4487_0706131721X.swf
	deleted:    data/maps/4488_0810171225X.swf
	deleted:    data/maps/4489_0810171220X.swf
	deleted:    data/maps/4490_0810171717X.swf
	deleted:    data/maps/4491_0810171223X.swf
	deleted:    data/maps/4492_0706131721X.swf
	deleted:    data/maps/4493_0706131721X.swf
	deleted:    data/maps/4494_0706131721X.swf
	deleted:    data/maps/4495_0706131721X.swf
	deleted:    data/maps/4496_0706131721X.swf
	deleted:    data/maps/4497_0805301443X.swf
	deleted:    data/maps/4498_0706131721X.swf
	deleted:    data/maps/4499_0706131721X.swf
	deleted:    data/maps/44_0706131721X.swf
	deleted:    data/maps/4500_0706131721X.swf
	deleted:    data/maps/4501_0706131721X.swf
	deleted:    data/maps/4502_0706131721X.swf
	deleted:    data/maps/4503_0706131721X.swf
	deleted:    data/maps/4504_0706131721X.swf
	deleted:    data/maps/4505_0706131721X.swf
	deleted:    data/maps/4506_0706131721X.swf
	deleted:    data/maps/4507_0706131721X.swf
	deleted:    data/maps/4509_0706131721X.swf
	deleted:    data/maps/4510_0706131721X.swf
	deleted:    data/maps/4511_0706131721X.swf
	deleted:    data/maps/4512_0706131721X.swf
	deleted:    data/maps/4513_0706131721X.swf
	deleted:    data/maps/4514_0706131721X.swf
	deleted:    data/maps/4515_0706131721X.swf
	deleted:    data/maps/4516_0706131721X.swf
	deleted:    data/maps/4517_0805301448X.swf
	deleted:    data/maps/4518_0706131721X.swf
	deleted:    data/maps/4519_0805301448X.swf
	deleted:    data/maps/4520_0706131721X.swf
	deleted:    data/maps/4521_0706131721X.swf
	deleted:    data/maps/4522_0706131721X.swf
	deleted:    data/maps/4523_0706131721X.swf
	deleted:    data/maps/4524_0706131721X.swf
	deleted:    data/maps/4525_0805301448X.swf
	deleted:    data/maps/4526_0706131721X.swf
	deleted:    data/maps/4527_0805301446X.swf
	deleted:    data/maps/4528_0706131721X.swf
	deleted:    data/maps/4529_0706131721X.swf
	deleted:    data/maps/4530_0805301446X.swf
	deleted:    data/maps/4531_0805301450X.swf
	deleted:    data/maps/4532_0706131721X.swf
	deleted:    data/maps/4533_0805301445X.swf
	deleted:    data/maps/4534_0805301450X.swf
	deleted:    data/maps/4535_0706131721X.swf
	deleted:    data/maps/4536_0706131721X.swf
	deleted:    data/maps/4537_0706131721X.swf
	deleted:    data/maps/4538_0706131721X.swf
	deleted:    data/maps/4539_0706131721X.swf
	deleted:    data/maps/4540_0706131721X.swf
	deleted:    data/maps/4542_0706131721X.swf
	deleted:    data/maps/4543_0706131721X.swf
	deleted:    data/maps/4544_0810171218X.swf
	deleted:    data/maps/4545_0810171217X.swf
	deleted:    data/maps/4546_0810171217X.swf
	deleted:    data/maps/4547_0810171216X.swf
	deleted:    data/maps/4548_0706131721X.swf
	deleted:    data/maps/4549_0811251503X.swf
	deleted:    data/maps/4550_0706131721X.swf
	deleted:    data/maps/4551_0811251505X.swf
	deleted:    data/maps/4552_0706131721X.swf
	deleted:    data/maps/4553_0706141524X.swf
	deleted:    data/maps/4554_0706131721X.swf
	deleted:    data/maps/4555_0706131721X.swf
	deleted:    data/maps/4556_0706131721X.swf
	deleted:    data/maps/4557_0706131721X.swf
	deleted:    data/maps/4558_0706131721X.swf
	deleted:    data/maps/4559_0706131721X.swf
	deleted:    data/maps/4560_0706131721X.swf
	deleted:    data/maps/4561_0706131721X.swf
	deleted:    data/maps/4562_0710191147X.swf
	deleted:    data/maps/4563_0706131721X.swf
	deleted:    data/maps/4564_0706131721X.swf
	deleted:    data/maps/4565_0706131721X.swf
	deleted:    data/maps/4566_0706131721X.swf
	deleted:    data/maps/4567_0706131721X.swf
	deleted:    data/maps/4568_0706131721X.swf
	deleted:    data/maps/4569_0706131721X.swf
	deleted:    data/maps/4570_0706131721X.swf
	deleted:    data/maps/4571_0706131721X.swf
	deleted:    data/maps/4572_0706131721X.swf
	deleted:    data/maps/4573_0706131721X.swf
	deleted:    data/maps/4574_0706131721X.swf
	deleted:    data/maps/4575_0706131721X.swf
	deleted:    data/maps/4576_0706131721X.swf
	deleted:    data/maps/4579_0811261555X.swf
	deleted:    data/maps/4580_0706131721X.swf
	deleted:    data/maps/4581_0810171016X.swf
	deleted:    data/maps/4582_0710181510X.swf
	deleted:    data/maps/4583_0810311128X.swf
	deleted:    data/maps/4584_0810061230X.swf
	deleted:    data/maps/4585_0810171207X.swf
	deleted:    data/maps/4586_0706131721X.swf
	deleted:    data/maps/4588_0706131721X.swf
	deleted:    data/maps/4589_0811251506X.swf
	deleted:    data/maps/4590_0811251501X.swf
	deleted:    data/maps/4591_0710171651X.swf
	deleted:    data/maps/4592_0706131721X.swf
	deleted:    data/maps/4593_0706131721X.swf
	deleted:    data/maps/4594_0810061229X.swf
	deleted:    data/maps/4595_0706131721X.swf
	deleted:    data/maps/4596_0706131721X.swf
	deleted:    data/maps/4597_0811251504X.swf
	deleted:    data/maps/4598_0710180957X.swf
	deleted:    data/maps/4599_0706131721X.swf
	deleted:    data/maps/45_0810231131X.swf
	deleted:    data/maps/4600_0706131721X.swf
	deleted:    data/maps/4601_0810061231X.swf
	deleted:    data/maps/4602_0909161712X.swf
	deleted:    data/maps/4603_0706131721X.swf
	deleted:    data/maps/4604_0902231106X.swf
	deleted:    data/maps/4605_0706131721X.swf
	deleted:    data/maps/4606_0706131721X.swf
	deleted:    data/maps/4607_0710181443X.swf
	deleted:    data/maps/4608_0903120928X.swf
	deleted:    data/maps/4609_0710181552X.swf
	deleted:    data/maps/4610_0706131721X.swf
	deleted:    data/maps/4611_0706131721X.swf
	deleted:    data/maps/4612_0811121011X.swf
	deleted:    data/maps/4613_0810171714X.swf
	deleted:    data/maps/4614_0706131721X.swf
	deleted:    data/maps/4615_0706131721X.swf
	deleted:    data/maps/4616_0706131721X.swf
	deleted:    data/maps/4617_0811251513X.swf
	deleted:    data/maps/4618_0906051707X.swf
	deleted:    data/maps/4619_0810171713X.swf
	deleted:    data/maps/461_0706131721X.swf
	deleted:    data/maps/4620_0706131721X.swf
	deleted:    data/maps/4621_0710171742X.swf
	deleted:    data/maps/4622_0706131721X.swf
	deleted:    data/maps/4623_0706131721X.swf
	deleted:    data/maps/4624_0809190857X.swf
	deleted:    data/maps/4625_0706131721X.swf
	deleted:    data/maps/4626_0811251509X.swf
	deleted:    data/maps/4627_0710300947X.swf
	deleted:    data/maps/4628_0811251512X.swf
	deleted:    data/maps/4629_0710181518X.swf
	deleted:    data/maps/462_0706131721X.swf
	deleted:    data/maps/4630_0909071353X.swf
	deleted:    data/maps/4631_0706131721X.swf
	deleted:    data/maps/4633_0811251607X.swf
	deleted:    data/maps/4634_0810171207X.swf
	deleted:    data/maps/4635_0706131721X.swf
	deleted:    data/maps/4636_0706131721X.swf
	deleted:    data/maps/4637_0706131721X.swf
	deleted:    data/maps/4638_0706131721X.swf
	deleted:    data/maps/4639_0706131721X.swf
	deleted:    data/maps/463_0706131721X.swf
	deleted:    data/maps/4640_0706131721X.swf
	deleted:    data/maps/4641_0706131721X.swf
	deleted:    data/maps/4642_0706141524X.swf
	deleted:    data/maps/4644_0706131721X.swf
	deleted:    data/maps/4646_0706131721X.swf
	deleted:    data/maps/4647_0706131721X.swf
	deleted:    data/maps/4648_0706131721X.swf
	deleted:    data/maps/4649_0706131721X.swf
	deleted:    data/maps/464_0706131721X.swf
	deleted:    data/maps/4651_0706131721X.swf
	deleted:    data/maps/4652_0706131721X.swf
	deleted:    data/maps/4653_0706131721X.swf
	deleted:    data/maps/4654_0706131721X.swf
	deleted:    data/maps/4655_0706131721X.swf
	deleted:    data/maps/4656_0706131721X.swf
	deleted:    data/maps/4657_0706141524X.swf
	deleted:    data/maps/4658_0706131721X.swf
	deleted:    data/maps/4659_0706131721X.swf
	deleted:    data/maps/465_0706131721X.swf
	deleted:    data/maps/4660_0706131721X.swf
	deleted:    data/maps/4661_0706131721X.swf
	deleted:    data/maps/4662_0706131721X.swf
	deleted:    data/maps/4663_0706131721X.swf
	deleted:    data/maps/4664_0706131721X.swf
	deleted:    data/maps/4665_0706131721X.swf
	deleted:    data/maps/4666_0710221514X.swf
	deleted:    data/maps/4667_0706131721X.swf
	deleted:    data/maps/4668_0706131721X.swf
	deleted:    data/maps/4669_0706131721X.swf
	deleted:    data/maps/4670_0706131721X.swf
	deleted:    data/maps/4671_0706131721X.swf
	deleted:    data/maps/4672_0706131721X.swf
	deleted:    data/maps/4673_0706131721X.swf
	deleted:    data/maps/4674_0706131721X.swf
	deleted:    data/maps/4675_0706131721X.swf
	deleted:    data/maps/4676_0706131721X.swf
	deleted:    data/maps/4677_0706131721X.swf
	deleted:    data/maps/4678_0706131721X.swf
	deleted:    data/maps/4679_0706131721X.swf
	deleted:    data/maps/4680_0706131721X.swf
	deleted:    data/maps/4681_0706131721X.swf
	deleted:    data/maps/4682_0706131721X.swf
	deleted:    data/maps/4683_0909161745X.swf
	deleted:    data/maps/4684_0706131721X.swf
	deleted:    data/maps/4685_0706131721X.swf
	deleted:    data/maps/4686_0706131721X.swf
	deleted:    data/maps/4687_0706131721X.swf
	deleted:    data/maps/4688_0706131721X.swf
	deleted:    data/maps/4689_0706131721X.swf
	deleted:    data/maps/4690_0710191609X.swf
	deleted:    data/maps/4691_0706131721X.swf
	deleted:    data/maps/4692_0706131721X.swf
	deleted:    data/maps/4693_0804181011X.swf
	deleted:    data/maps/4694_0706131721X.swf
	deleted:    data/maps/4695_0706131721X.swf
	deleted:    data/maps/4696_0706131721X.swf
	deleted:    data/maps/4697_0706131721X.swf
	deleted:    data/maps/4698_0706131721X.swf
	deleted:    data/maps/4699_0706131721X.swf
	deleted:    data/maps/46_0903171527X.swf
	deleted:    data/maps/4700_0706131721X.swf
	deleted:    data/maps/4701_0706131721X.swf
	deleted:    data/maps/4702_0706131721X.swf
	deleted:    data/maps/4703_0706131721X.swf
	deleted:    data/maps/4704_0706131721X.swf
	deleted:    data/maps/4705_0710101037X.swf
	deleted:    data/maps/4706_0706131721X.swf
	deleted:    data/maps/4707_0706131721X.swf
	deleted:    data/maps/4708_0706131721X.swf
	deleted:    data/maps/4709_0706131721X.swf
	deleted:    data/maps/4710_0706131721X.swf
	deleted:    data/maps/4711_0710101039X.swf
	deleted:    data/maps/4712_0706131721X.swf
	deleted:    data/maps/4713_0706131721X.swf
	deleted:    data/maps/4714_0804181011X.swf
	deleted:    data/maps/4715_0706131721X.swf
	deleted:    data/maps/4716_0706131721X.swf
	deleted:    data/maps/4717_0706131721X.swf
	deleted:    data/maps/4718_0807300938X.swf
	deleted:    data/maps/4719_0706131721X.swf
	deleted:    data/maps/4720_0710101024X.swf
	deleted:    data/maps/4721_0706131721X.swf
	deleted:    data/maps/4722_0706131721X.swf
	deleted:    data/maps/4723_0710101035X.swf
	deleted:    data/maps/4724_0706131721X.swf
	deleted:    data/maps/4725_0706131721X.swf
	deleted:    data/maps/4726_0706131721X.swf
	deleted:    data/maps/4727_0706131721X.swf
	deleted:    data/maps/4728_0706131721X.swf
	deleted:    data/maps/4729_0710101032X.swf
	deleted:    data/maps/4730_0706131721X.swf
	deleted:    data/maps/4731_0706131721X.swf
	deleted:    data/maps/4732_0706131721X.swf
	deleted:    data/maps/4733_0706131721X.swf
	deleted:    data/maps/4734_0706131721X.swf
	deleted:    data/maps/4735_0805301511X.swf
	deleted:    data/maps/4736_0706131721X.swf
	deleted:    data/maps/4737_0706131721X.swf
	deleted:    data/maps/4738_0706131721X.swf
	deleted:    data/maps/4739_0808011526X.swf
	deleted:    data/maps/4740_0706131721X.swf
	deleted:    data/maps/4741_0805301518X.swf
	deleted:    data/maps/4742_0706131721X.swf
	deleted:    data/maps/4743_0706131721X.swf
	deleted:    data/maps/4744_0706131721X.swf
	deleted:    data/maps/4746_0805301514X.swf
	deleted:    data/maps/4747_0809160915X.swf
	deleted:    data/maps/4748_0706131721X.swf
	deleted:    data/maps/4749_0805301457X.swf
	deleted:    data/maps/4750_0805301459X.swf
	deleted:    data/maps/4751_0706131721X.swf
	deleted:    data/maps/4752_0805301514X.swf
	deleted:    data/maps/4754_0706131721X.swf
	deleted:    data/maps/4755_0706131721X.swf
	deleted:    data/maps/4756_0706131721X.swf
	deleted:    data/maps/4757_0810171206X.swf
	deleted:    data/maps/4758_0706131721X.swf
	deleted:    data/maps/4759_0706131721X.swf
	deleted:    data/maps/4760_0706131721X.swf
	deleted:    data/maps/4761_0805301508X.swf
	deleted:    data/maps/4762_0805301459X.swf
	deleted:    data/maps/4763_0706131721X.swf
	deleted:    data/maps/4764_0805301517X.swf
	deleted:    data/maps/4765_0706131721X.swf
	deleted:    data/maps/4766_0805301501X.swf
	deleted:    data/maps/4767_0706131721X.swf
	deleted:    data/maps/4768_0805301507X.swf
	deleted:    data/maps/4769_0706131721X.swf
	deleted:    data/maps/4770_0706141524X.swf
	deleted:    data/maps/4772_0706131721X.swf
	deleted:    data/maps/4774_0805301513X.swf
	deleted:    data/maps/4775_0805301502X.swf
	deleted:    data/maps/4776_0706131721X.swf
	deleted:    data/maps/4777_0706131721X.swf
	deleted:    data/maps/4778_0706131721X.swf
	deleted:    data/maps/4779_0706131721X.swf
	deleted:    data/maps/477_0706131721X.swf
	deleted:    data/maps/4780_0810070902X.swf
	deleted:    data/maps/4781_0706131721X.swf
	deleted:    data/maps/4782_0706131721X.swf
	deleted:    data/maps/4783_0706131721X.swf
	deleted:    data/maps/4784_0706131721X.swf
	deleted:    data/maps/4785_0706131721X.swf
	deleted:    data/maps/4786_0904091057X.swf
	deleted:    data/maps/4788_0706131721X.swf
	deleted:    data/maps/478_0706131721X.swf
	deleted:    data/maps/4790_0706131721X.swf
	deleted:    data/maps/4791_0706131721X.swf
	deleted:    data/maps/4792_0805301516X.swf
	deleted:    data/maps/4793_0706131721X.swf
	deleted:    data/maps/4795_0805301512X.swf
	deleted:    data/maps/4796_0706131721X.swf
	deleted:    data/maps/4797_0706131721X.swf
	deleted:    data/maps/4798_0706131721X.swf
	deleted:    data/maps/4799_0706131721X.swf
	deleted:    data/maps/479_0706131721X.swf
	deleted:    data/maps/4800_0706131721X.swf
	deleted:    data/maps/4801_0706131721X.swf
	deleted:    data/maps/4802_0706131721X.swf
	deleted:    data/maps/4803_0801211125X.swf
	deleted:    data/maps/4804_0706131721X.swf
	deleted:    data/maps/4805_0710101047X.swf
	deleted:    data/maps/4806_0710101049X.swf
	deleted:    data/maps/4807_0706131721X.swf
	deleted:    data/maps/4808_0706131721X.swf
	deleted:    data/maps/4809_0710101045X.swf
	deleted:    data/maps/480_0706131721X.swf
	deleted:    data/maps/4810_0710101042X.swf
	deleted:    data/maps/4811_0706131721X.swf
	deleted:    data/maps/4812_0706131721X.swf
	deleted:    data/maps/4813_0706131721X.swf
	deleted:    data/maps/4814_0706131721X.swf
	deleted:    data/maps/4815_0706131721X.swf
	deleted:    data/maps/4816_0706131721X.swf
	deleted:    data/maps/4817_0706131721X.swf
	deleted:    data/maps/4818_0706131721X.swf
	deleted:    data/maps/4819_0706131721X.swf
	deleted:    data/maps/4820_0706131721X.swf
	deleted:    data/maps/4821_0706131721X.swf
	deleted:    data/maps/4822_0706131721X.swf
	deleted:    data/maps/4823_0706131721X.swf
	deleted:    data/maps/4824_0706131721X.swf
	deleted:    data/maps/4825_0706131721X.swf
	deleted:    data/maps/4826_0706131721X.swf
	deleted:    data/maps/4827_0706131721X.swf
	deleted:    data/maps/4828_0706131721X.swf
	deleted:    data/maps/4829_0706131721X.swf
	deleted:    data/maps/482_0706131721X.swf
	deleted:    data/maps/4830_0706141524X.swf
	deleted:    data/maps/4831_0706131721X.swf
	deleted:    data/maps/4832_0706131721X.swf
	deleted:    data/maps/4833_0706131721X.swf
	deleted:    data/maps/4834_0706131721X.swf
	deleted:    data/maps/4835_0706131721X.swf
	deleted:    data/maps/4836_0706131721X.swf
	deleted:    data/maps/4837_0706131721X.swf
	deleted:    data/maps/4838_0706131721X.swf
	deleted:    data/maps/4839_0706131721X.swf
	deleted:    data/maps/483_0706131721X.swf
	deleted:    data/maps/4840_0706131721X.swf
	deleted:    data/maps/4841_0706131721X.swf
	deleted:    data/maps/4842_0706131721X.swf
	deleted:    data/maps/4843_0706131721X.swf
	deleted:    data/maps/4844_0706131721X.swf
	deleted:    data/maps/4845_0706141524X.swf
	deleted:    data/maps/4846_0706131721X.swf
	deleted:    data/maps/4847_0706131721X.swf
	deleted:    data/maps/4848_0706131721X.swf
	deleted:    data/maps/4849_0706131721X.swf
	deleted:    data/maps/484_0706131721X.swf
	deleted:    data/maps/4850_0706131721X.swf
	deleted:    data/maps/4851_0710101029X.swf
	deleted:    data/maps/4852_0710101030X.swf
	deleted:    data/maps/4853_0902111128X.swf
	deleted:    data/maps/4854_0706131721X.swf
	deleted:    data/maps/4855_0710101026X.swf
	deleted:    data/maps/4856_0710101022X.swf
	deleted:    data/maps/4857_0706131721X.swf
	deleted:    data/maps/4858_0805301520X.swf
	deleted:    data/maps/4859_0706131721X.swf
	deleted:    data/maps/485_0706131721X.swf
	deleted:    data/maps/4860_0706131721X.swf
	deleted:    data/maps/4861_0706131721X.swf
	deleted:    data/maps/4862_0706131721X.swf
	deleted:    data/maps/4863_0706131721X.swf
	deleted:    data/maps/4864_0706131721X.swf
	deleted:    data/maps/4865_0706131721X.swf
	deleted:    data/maps/4866_0706131721X.swf
	deleted:    data/maps/4867_0706131721X.swf
	deleted:    data/maps/4868_0706131721X.swf
	deleted:    data/maps/4869_0706131721X.swf
	deleted:    data/maps/486_0706131721X.swf
	deleted:    data/maps/4870_0706131721X.swf
	deleted:    data/maps/4871_0805301519X.swf
	deleted:    data/maps/4872_0706131721X.swf
	deleted:    data/maps/4873_0706131721X.swf
	deleted:    data/maps/4874_0706131721X.swf
	deleted:    data/maps/4875_0706131721X.swf
	deleted:    data/maps/4876_0706131721X.swf
	deleted:    data/maps/4877_0706131721X.swf
	deleted:    data/maps/4878_0706131721X.swf
	deleted:    data/maps/487_2110261748X.swf
	deleted:    data/maps/4880_0706131721X.swf
	deleted:    data/maps/4881_0706131721X.swf
	deleted:    data/maps/4882_0706131721X.swf
	deleted:    data/maps/4883_0706131721X.swf
	deleted:    data/maps/4884_0706131721X.swf
	deleted:    data/maps/4885_0706131721X.swf
	deleted:    data/maps/4886_0706131721X.swf
	deleted:    data/maps/4887_0706131721X.swf
	deleted:    data/maps/4888_0706131721X.swf
	deleted:    data/maps/4889_0706131721X.swf
	deleted:    data/maps/488_0706131721X.swf
	deleted:    data/maps/4890_0706131721X.swf
	deleted:    data/maps/4891_0706131721X.swf
	deleted:    data/maps/4892_0706131721X.swf
	deleted:    data/maps/4893_0706131721X.swf
	deleted:    data/maps/4894_0706131721X.swf
	deleted:    data/maps/4895_0812101756X.swf
	deleted:    data/maps/4896_0812101800X.swf
	deleted:    data/maps/4897_0812101755X.swf
	deleted:    data/maps/4898_0812101754X.swf
	deleted:    data/maps/4899_0706131721X.swf
	deleted:    data/maps/489_0806241737X.swf
	deleted:    data/maps/48_0706131721X.swf
	deleted:    data/maps/4900_0706131721X.swf
	deleted:    data/maps/4901_0706131721X.swf
	deleted:    data/maps/4902_0706131721X.swf
	deleted:    data/maps/4904_0706131721X.swf
	deleted:    data/maps/4905_0706131721X.swf
	deleted:    data/maps/4906_0706131721X.swf
	deleted:    data/maps/4907_0706131721X.swf
	deleted:    data/maps/4908_0706131721X.swf
	deleted:    data/maps/4909_0706131721X.swf
	deleted:    data/maps/490_0902260915X.swf
	deleted:    data/maps/4910_0706131721X.swf
	deleted:    data/maps/4911_0903181133X.swf
	deleted:    data/maps/4912_0706131721X.swf
	deleted:    data/maps/4913_0706131721X.swf
	deleted:    data/maps/4914_0706131721X.swf
	deleted:    data/maps/4915_0812101751X.swf
	deleted:    data/maps/4916_0706141524X.swf
	deleted:    data/maps/4918_0706131721X.swf
	deleted:    data/maps/4919_2110051357X.swf
	deleted:    data/maps/491_0706131721X.swf
	deleted:    data/maps/4920_0706131721X.swf
	deleted:    data/maps/4921_0706131721X.swf
	deleted:    data/maps/4922_0706131721X.swf
	deleted:    data/maps/4923_0706131721X.swf
	deleted:    data/maps/4924_0706131721X.swf
	deleted:    data/maps/4925_0706131721X.swf
	deleted:    data/maps/4926_0805261031X.swf
	deleted:    data/maps/4927_0706131721X.swf
	deleted:    data/maps/4928_0706131721X.swf
	deleted:    data/maps/4929_0706131721X.swf
	deleted:    data/maps/492_0706131721X.swf
	deleted:    data/maps/4930_0811261058X.swf
	deleted:    data/maps/4931_0710181630X.swf
	deleted:    data/maps/4932_0710191140X.swf
	deleted:    data/maps/4933_0706131721X.swf
	deleted:    data/maps/4934_0811251510X.swf
	deleted:    data/maps/4935_0811251605X.swf
	deleted:    data/maps/4936_0706131721X.swf
	deleted:    data/maps/4937_0810151155X.swf
	deleted:    data/maps/4939_0706131721X.swf
	deleted:    data/maps/493_0706131721X.swf
	deleted:    data/maps/4940_0706131721X.swf
	deleted:    data/maps/4941_0706131721X.swf
	deleted:    data/maps/4942_0706131721X.swf
	deleted:    data/maps/4943_0812101750X.swf
	deleted:    data/maps/4944_0812101750X.swf
	deleted:    data/maps/4945_0706131721X.swf
	deleted:    data/maps/4946_0706131721X.swf
	deleted:    data/maps/4947_0706131721X.swf
	deleted:    data/maps/4948_0706131721X.swf
	deleted:    data/maps/4949_0706131721X.swf
	deleted:    data/maps/494_0806201617X.swf
	deleted:    data/maps/4950_0706131721X.swf
	deleted:    data/maps/4951_0706131721X.swf
	deleted:    data/maps/4952_0706131721X.swf
	deleted:    data/maps/4953_0706131721X.swf
	deleted:    data/maps/4954_0706131721X.swf
	deleted:    data/maps/4955_0902060941X.swf
	deleted:    data/maps/4956_0706131721X.swf
	deleted:    data/maps/4957_0709051650X.swf
	deleted:    data/maps/4958_0706131721X.swf
	deleted:    data/maps/4959_0706131721X.swf
	deleted:    data/maps/495_0706131721X.swf
	deleted:    data/maps/4960_0706131721X.swf
	deleted:    data/maps/4961_0706131721X.swf
	deleted:    data/maps/4962_0706131721X.swf
	deleted:    data/maps/4963_0706131721X.swf
	deleted:    data/maps/4964_0706131721X.swf
	deleted:    data/maps/4965_0706131721X.swf
	deleted:    data/maps/4966_0710101023X.swf
	deleted:    data/maps/4967_0710101023X.swf
	deleted:    data/maps/4968_0706131721X.swf
	deleted:    data/maps/4969_0706131721X.swf
	deleted:    data/maps/496_0706131721X.swf
	deleted:    data/maps/4970_0706131721X.swf
	deleted:    data/maps/4971_0706131721X.swf
	deleted:    data/maps/4972_0706131721X.swf
	deleted:    data/maps/4973_0706131721X.swf
	deleted:    data/maps/4974_0706131721X.swf
	deleted:    data/maps/4975_0706131721X.swf
	deleted:    data/maps/4976_0706131721X.swf
	deleted:    data/maps/4977_0706131721X.swf
	deleted:    data/maps/4978_0706131721X.swf
	deleted:    data/maps/4979_0706131721X.swf
	deleted:    data/maps/497_0706131721X.swf
	deleted:    data/maps/4980_0706131721X.swf
	deleted:    data/maps/4981_0706131721X.swf
	deleted:    data/maps/4982_0706131721X.swf
	deleted:    data/maps/4983_0706131721X.swf
	deleted:    data/maps/4984_0706131721X.swf
	deleted:    data/maps/4985_0706131721X.swf
	deleted:    data/maps/4986_0706131721X.swf
	deleted:    data/maps/4987_0706131721X.swf
	deleted:    data/maps/4988_0706131721X.swf
	deleted:    data/maps/4989_0706131721X.swf
	deleted:    data/maps/498_0706131721X.swf
	deleted:    data/maps/4990_0706131721X.swf
	deleted:    data/maps/4991_0706131721X.swf
	deleted:    data/maps/4992_0706131721X.swf
	deleted:    data/maps/4993_0706131721X.swf
	deleted:    data/maps/4994_0706131721X.swf
	deleted:    data/maps/4995_0706131721X.swf
	deleted:    data/maps/4996_0706131721X.swf
	deleted:    data/maps/4997_0706131721X.swf
	deleted:    data/maps/4998_0706131721X.swf
	deleted:    data/maps/4999_0706141524X.swf
	deleted:    data/maps/499_0706131721X.swf
	deleted:    data/maps/49_0706131721X.swf
	deleted:    data/maps/4_0706131721X.swf
	deleted:    data/maps/5000_0706131721X.swf
	deleted:    data/maps/5001_0706131721X.swf
	deleted:    data/maps/5002_0706131721X.swf
	deleted:    data/maps/5004_0706131721X.swf
	deleted:    data/maps/5005_0706141524X.swf
	deleted:    data/maps/5006_0706131721X.swf
	deleted:    data/maps/5007_0706131721X.swf
	deleted:    data/maps/5008_0706131721X.swf
	deleted:    data/maps/5009_0706131721X.swf
	deleted:    data/maps/500_0706131721X.swf
	deleted:    data/maps/5010_0706131721X.swf
	deleted:    data/maps/5011_0706131721X.swf
	deleted:    data/maps/5012_0706131721X.swf
	deleted:    data/maps/5013_0706131721X.swf
	deleted:    data/maps/5014_0706131721X.swf
	deleted:    data/maps/5015_0706131721X.swf
	deleted:    data/maps/5016_0706131721X.swf
	deleted:    data/maps/5017_0706131721X.swf
	deleted:    data/maps/5018_0706131721X.swf
	deleted:    data/maps/5019_0706131721X.swf
	deleted:    data/maps/501_0706131721X.swf
	deleted:    data/maps/5020_0706131721X.swf
	deleted:    data/maps/5021_0706131721X.swf
	deleted:    data/maps/5022_0706131721X.swf
	deleted:    data/maps/5023_0706131721X.swf
	deleted:    data/maps/5024_0706131721X.swf
	deleted:    data/maps/5027_0706131721X.swf
	deleted:    data/maps/5028_0706131721X.swf
	deleted:    data/maps/5029_0706131721X.swf
	deleted:    data/maps/5030_0909161758X.swf
	deleted:    data/maps/5031_0706131721X.swf
	deleted:    data/maps/5032_0706131721X.swf
	deleted:    data/maps/5033_0706131721X.swf
	deleted:    data/maps/5034_0807300937X.swf
	deleted:    data/maps/5035_0909161759X.swf
	deleted:    data/maps/5036_0710101024X.swf
	deleted:    data/maps/5037_0706131721X.swf
	deleted:    data/maps/5038_0706131721X.swf
	deleted:    data/maps/5039_0706131721X.swf
	deleted:    data/maps/503_0706131721X.swf
	deleted:    data/maps/5040_0706131721X.swf
	deleted:    data/maps/5041_0706131721X.swf
	deleted:    data/maps/5042_0706131721X.swf
	deleted:    data/maps/5043_0706131721X.swf
	deleted:    data/maps/5044_0711231429X.swf
	deleted:    data/maps/5045_0706131721X.swf
	deleted:    data/maps/5046_0706131721X.swf
	deleted:    data/maps/5047_0706131721X.swf
	deleted:    data/maps/5048_0706131721X.swf
	deleted:    data/maps/5049_0706131721X.swf
	deleted:    data/maps/504_0706131721X.swf
	deleted:    data/maps/5050_0706131721X.swf
	deleted:    data/maps/5051_0706131721X.swf
	deleted:    data/maps/5052_0706131721X.swf
	deleted:    data/maps/5053_0706131721X.swf
	deleted:    data/maps/5054_0706131721X.swf
	deleted:    data/maps/5055_0810011450X.swf
	deleted:    data/maps/5056_0706131721X.swf
	deleted:    data/maps/5057_0706131721X.swf
	deleted:    data/maps/505_0706131721X.swf
	deleted:    data/maps/506_0706131721X.swf
	deleted:    data/maps/507_0706131721X.swf
	deleted:    data/maps/508_0706131721X.swf
	deleted:    data/maps/509_0706131721X.swf
	deleted:    data/maps/50_0706131721X.swf
	deleted:    data/maps/5108_0706131721X.swf
	deleted:    data/maps/5109_0706131721X.swf
	deleted:    data/maps/510_0706131721X.swf
	deleted:    data/maps/5110_0706131721X.swf
	deleted:    data/maps/5111_0710191602X.swf
	deleted:    data/maps/5112_0902231032X.swf
	deleted:    data/maps/5113_0710191628X.swf
	deleted:    data/maps/5116_0810171709X.swf
	deleted:    data/maps/5117_0706131721X.swf
	deleted:    data/maps/5118_0706131721X.swf
	deleted:    data/maps/511_0706131721X.swf
	deleted:    data/maps/5120_0706131721X.swf
	deleted:    data/maps/5122_0706131721X.swf
	deleted:    data/maps/5124_0706131721X.swf
	deleted:    data/maps/5125_0706131721X.swf
	deleted:    data/maps/5126_0706131721X.swf
	deleted:    data/maps/5127_0710181641X.swf
	deleted:    data/maps/5128_0706141524X.swf
	deleted:    data/maps/5129_0706131721X.swf
	deleted:    data/maps/512_0706131721X.swf
	deleted:    data/maps/5130_0706131721X.swf
	deleted:    data/maps/5131_0706131721X.swf
	deleted:    data/maps/5132_0706131721X.swf
	deleted:    data/maps/5133_0710191016X.swf
	deleted:    data/maps/5134_0706131721X.swf
	deleted:    data/maps/5135_0706131721X.swf
	deleted:    data/maps/5136_0706131721X.swf
	deleted:    data/maps/5138_0706131721X.swf
	deleted:    data/maps/5139_0811251511X.swf
	deleted:    data/maps/513_0706131721X.swf
	deleted:    data/maps/5140_0706131721X.swf
	deleted:    data/maps/5141_0706131721X.swf
	deleted:    data/maps/5142_0706131721X.swf
	deleted:    data/maps/5143_0706131721X.swf
	deleted:    data/maps/5144_0706131721X.swf
	deleted:    data/maps/5145_0706141524X.swf
	deleted:    data/maps/5146_0706131721X.swf
	deleted:    data/maps/5147_0710181103X.swf
	deleted:    data/maps/5148_0706131721X.swf
	deleted:    data/maps/5149_0810171712X.swf
	deleted:    data/maps/514_0706131721X.swf
	deleted:    data/maps/5150_0806261333X.swf
	deleted:    data/maps/5151_0805271502X.swf
	deleted:    data/maps/5154_0706131721X.swf
	deleted:    data/maps/5155_0706131721X.swf
	deleted:    data/maps/5156_0706131721X.swf
	deleted:    data/maps/5157_0706131721X.swf
	deleted:    data/maps/5158_0706131721X.swf
	deleted:    data/maps/5159_0706141524X.swf
	deleted:    data/maps/515_0706131721X.swf
	deleted:    data/maps/5160_0706131721X.swf
	deleted:    data/maps/5164_0706131721X.swf
	deleted:    data/maps/5165_0706131721X.swf
	deleted:    data/maps/5166_0706131721X.swf
	deleted:    data/maps/5167_0706131721X.swf
	deleted:    data/maps/5168_0706131721X.swf
	deleted:    data/maps/5169_0706131721X.swf
	deleted:    data/maps/516_0706131721X.swf
	deleted:    data/maps/5170_0706131721X.swf
	deleted:    data/maps/5174_0706131721X.swf
	deleted:    data/maps/5175_0706131721X.swf
	deleted:    data/maps/5176_0706131721X.swf
	deleted:    data/maps/5177_0706131721X.swf
	deleted:    data/maps/5178_0706131721X.swf
	deleted:    data/maps/5179_0706131721X.swf
	deleted:    data/maps/517_0706131721X.swf
	deleted:    data/maps/5180_0706131721X.swf
	deleted:    data/maps/5181_0706131721X.swf
	deleted:    data/maps/5182_0706131721X.swf
	deleted:    data/maps/5183_0706131721X.swf
	deleted:    data/maps/5187_0706131721X.swf
	deleted:    data/maps/5188_0706131721X.swf
	deleted:    data/maps/5189_0706141524X.swf
	deleted:    data/maps/518_0706131721X.swf
	deleted:    data/maps/5190_0706131721X.swf
	deleted:    data/maps/5191_0706131721X.swf
	deleted:    data/maps/5192_0706131721X.swf
	deleted:    data/maps/5193_0706131721X.swf
	deleted:    data/maps/5194_0706131721X.swf
	deleted:    data/maps/5195_0706131721X.swf
	deleted:    data/maps/5196_0706131721X.swf
	deleted:    data/maps/5197_0706131721X.swf
	deleted:    data/maps/5198_0706131721X.swf
	deleted:    data/maps/519_0706131721X.swf
	deleted:    data/maps/51_0706131721X.swf
	deleted:    data/maps/5201_0706131721X.swf
	deleted:    data/maps/5202_0706131721X.swf
	deleted:    data/maps/5203_0706131721X.swf
	deleted:    data/maps/5204_0706131721X.swf
	deleted:    data/maps/5205_0706131721X.swf
	deleted:    data/maps/5206_0706131721X.swf
	deleted:    data/maps/5207_0706131721X.swf
	deleted:    data/maps/5208_0706131721X.swf
	deleted:    data/maps/5209_0706131721X.swf
	deleted:    data/maps/520_0706131721X.swf
	deleted:    data/maps/5210_0706131721X.swf
	deleted:    data/maps/5211_0706131721X.swf
	deleted:    data/maps/5216_0901051428X.swf
	deleted:    data/maps/5217_0706131721X.swf
	deleted:    data/maps/5218_0706131721X.swf
	deleted:    data/maps/5219_0801211120X.swf
	deleted:    data/maps/521_0706131721X.swf
	deleted:    data/maps/5220_0706131721X.swf
	deleted:    data/maps/5221_0706131721X.swf
	deleted:    data/maps/5222_0706131721X.swf
	deleted:    data/maps/5223_0706131721X.swf
	deleted:    data/maps/5229_0706131721X.swf
	deleted:    data/maps/522_0706131721X.swf
	deleted:    data/maps/5230_0706131721X.swf
	deleted:    data/maps/5231_0706131721X.swf
	deleted:    data/maps/5232_0706141524X.swf
	deleted:    data/maps/5233_0706131721X.swf
	deleted:    data/maps/5234_0706131721X.swf
	deleted:    data/maps/5236_0706141524X.swf
	deleted:    data/maps/523_0706131721X.swf
	deleted:    data/maps/5241_0706131721X.swf
	deleted:    data/maps/5242_0706141524X.swf
	deleted:    data/maps/5243_0706131721X.swf
	deleted:    data/maps/5244_0706131721X.swf
	deleted:    data/maps/5245_0706131721X.swf
	deleted:    data/maps/5246_0706131721X.swf
	deleted:    data/maps/5248_0706131721X.swf
	deleted:    data/maps/524_0706131721X.swf
	deleted:    data/maps/5252_0706131721X.swf
	deleted:    data/maps/5253_0706131721X.swf
	deleted:    data/maps/5254_0706131721X.swf
	deleted:    data/maps/5255_0706131721X.swf
	deleted:    data/maps/5256_0706131721X.swf
	deleted:    data/maps/5257_0706131721X.swf
	deleted:    data/maps/5258_0706131721X.swf
	deleted:    data/maps/5259_0706131721X.swf
	deleted:    data/maps/525_0706131721X.swf
	deleted:    data/maps/5262_0706131721X.swf
	deleted:    data/maps/5263_0706131721X.swf
	deleted:    data/maps/5264_0706131721X.swf
	deleted:    data/maps/5265_0706131721X.swf
	deleted:    data/maps/5266_0706131721X.swf
	deleted:    data/maps/5267_0706131721X.swf
	deleted:    data/maps/5268_0706131721X.swf
	deleted:    data/maps/5269_0706131721X.swf
	deleted:    data/maps/526_0806201619X.swf
	deleted:    data/maps/5277_0706131721X.swf
	deleted:    data/maps/5278_0710191032X.swf
	deleted:    data/maps/5279_0706131721X.swf
	deleted:    data/maps/527_0706131721X.swf
	deleted:    data/maps/5280_0706131721X.swf
	deleted:    data/maps/5281_0706131721X.swf
	deleted:    data/maps/5282_0805280954X.swf
	deleted:    data/maps/5283_0706131721X.swf
	deleted:    data/maps/5284_0706131721X.swf
	deleted:    data/maps/5285_0706131721X.swf
	deleted:    data/maps/5286_0902251616X.swf
	deleted:    data/maps/5287_0706131721X.swf
	deleted:    data/maps/5288_0805280957X.swf
	deleted:    data/maps/5289_0805280958X.swf
	deleted:    data/maps/528_2110261807X.swf
	deleted:    data/maps/5290_0805280953X.swf
	deleted:    data/maps/5291_0805280956X.swf
	deleted:    data/maps/5292_0805280951X.swf
	deleted:    data/maps/5294_0706131721X.swf
	deleted:    data/maps/5295_0710191024X.swf
	deleted:    data/maps/5296_0706131721X.swf
	deleted:    data/maps/5297_0706131721X.swf
	deleted:    data/maps/5298_0805280952X.swf
	deleted:    data/maps/5299_0706131721X.swf
	deleted:    data/maps/529_0706131721X.swf
	deleted:    data/maps/52_0909161216X.swf
	deleted:    data/maps/5300_0706131721X.swf
	deleted:    data/maps/5301_0706131721X.swf
	deleted:    data/maps/5302_0706131721X.swf
	deleted:    data/maps/5303_0706131721X.swf
	deleted:    data/maps/5304_0811251517X.swf
	deleted:    data/maps/5305_0706131721X.swf
	deleted:    data/maps/5306_0706131721X.swf
	deleted:    data/maps/5307_0706131721X.swf
	deleted:    data/maps/5308_0706131721X.swf
	deleted:    data/maps/5309_0706131721X.swf
	deleted:    data/maps/530_0706131721X.swf
	deleted:    data/maps/5310_0706131721X.swf
	deleted:    data/maps/5311_0906250938X.swf
	deleted:    data/maps/5312_0706131721X.swf
	deleted:    data/maps/5313_0706131721X.swf
	deleted:    data/maps/5314_0706131721X.swf
	deleted:    data/maps/5315_0706131721X.swf
	deleted:    data/maps/5316_0706131721X.swf
	deleted:    data/maps/5317_0706131721X.swf
	deleted:    data/maps/5318_0709181141X.swf
	deleted:    data/maps/5319_0706131721X.swf
	deleted:    data/maps/531_0903091558X.swf
	deleted:    data/maps/5320_0706131721X.swf
	deleted:    data/maps/5321_0709181142X.swf
	deleted:    data/maps/5322_0706131721X.swf
	deleted:    data/maps/5323_0706131721X.swf
	deleted:    data/maps/5324_0706131721X.swf
	deleted:    data/maps/5325_0709181149X.swf
	deleted:    data/maps/5326_0706131721X.swf
	deleted:    data/maps/5327_0709181148X.swf
	deleted:    data/maps/5328_0706131721X.swf
	deleted:    data/maps/5329_0706131721X.swf
	deleted:    data/maps/532_0806241736X.swf
	deleted:    data/maps/5330_0706131721X.swf
	deleted:    data/maps/5331_0706131721X.swf
	deleted:    data/maps/5332_0710241711X.swf
	deleted:    data/maps/5333_0710191520X.swf
	deleted:    data/maps/5334_0710191127X.swf
	deleted:    data/maps/5336_0706131721X.swf
	deleted:    data/maps/5337_0706131721X.swf
	deleted:    data/maps/5338_0706131721X.swf
	deleted:    data/maps/5339_0706131721X.swf
	deleted:    data/maps/5340_0706131721X.swf
	deleted:    data/maps/5341_0706131721X.swf
	deleted:    data/maps/5342_0706131721X.swf
	deleted:    data/maps/5343_0706131721X.swf
	deleted:    data/maps/5344_0706131721X.swf
	deleted:    data/maps/5345_0706131721X.swf
	deleted:    data/maps/5346_0706131721X.swf
	deleted:    data/maps/5347_0706131721X.swf
	deleted:    data/maps/5348_0706131721X.swf
	deleted:    data/maps/5349_0706131721X.swf
	deleted:    data/maps/534_0706131721X.swf
	deleted:    data/maps/5350_0706131721X.swf
	deleted:    data/maps/5351_0706131721X.swf
	deleted:    data/maps/5352_0706131721X.swf
	deleted:    data/maps/5353_0706131721X.swf
	deleted:    data/maps/5354_0706131721X.swf
	deleted:    data/maps/5355_0706131721X.swf
	deleted:    data/maps/5356_0706131721X.swf
	deleted:    data/maps/5357_0706131721X.swf
	deleted:    data/maps/5358_0706131721X.swf
	deleted:    data/maps/5359_0706131721X.swf
	deleted:    data/maps/535_0706131721X.swf
	deleted:    data/maps/5360_0706131721X.swf
	deleted:    data/maps/5362_0706131721X.swf
	deleted:    data/maps/5365_0706141524X.swf
	deleted:    data/maps/5366_0706131721X.swf
	deleted:    data/maps/5367_0706131721X.swf
	deleted:    data/maps/5368_0706131721X.swf
	deleted:    data/maps/5369_0706131721X.swf
	deleted:    data/maps/536_0806241735X.swf
	deleted:    data/maps/5370_0706131721X.swf
	deleted:    data/maps/5371_0706131721X.swf
	deleted:    data/maps/5372_0706131721X.swf
	deleted:    data/maps/5373_0706131721X.swf
	deleted:    data/maps/5374_0706131721X.swf
	deleted:    data/maps/5375_0706131721X.swf
	deleted:    data/maps/5376_0706131721X.swf
	deleted:    data/maps/5377_0706131721X.swf
	deleted:    data/maps/5378_0706131721X.swf
	deleted:    data/maps/5379_0706131721X.swf
	deleted:    data/maps/537_0706131721X.swf
	deleted:    data/maps/5380_0706131721X.swf
	deleted:    data/maps/5381_0908101449X.swf
	deleted:    data/maps/5382_0706131721X.swf
	deleted:    data/maps/5383_0807231016X.swf
	deleted:    data/maps/5384_0706131721X.swf
	deleted:    data/maps/5385_0706131721X.swf
	deleted:    data/maps/5386_0706131721X.swf
	deleted:    data/maps/5387_0706131721X.swf
	deleted:    data/maps/5388_0706131721X.swf
	deleted:    data/maps/5389_0706131721X.swf
	deleted:    data/maps/538_0706131721X.swf
	deleted:    data/maps/5390_0706131721X.swf
	deleted:    data/maps/5391_0706131721X.swf
	deleted:    data/maps/5392_0706131721X.swf
	deleted:    data/maps/5393_0706131721X.swf
	deleted:    data/maps/5394_0706131721X.swf
	deleted:    data/maps/5395_0706131721X.swf
	deleted:    data/maps/5396_0706141524X.swf
	deleted:    data/maps/5397_0706131721X.swf
	deleted:    data/maps/5398_0706131721X.swf
	deleted:    data/maps/5399_0706131721X.swf
	deleted:    data/maps/539_0706131721X.swf
	deleted:    data/maps/53_0706131721X.swf
	deleted:    data/maps/5400_0706131721X.swf
	deleted:    data/maps/5401_0706131721X.swf
	deleted:    data/maps/5402_0706131721X.swf
	deleted:    data/maps/5403_0706131721X.swf
	deleted:    data/maps/5404_0706131721X.swf
	deleted:    data/maps/5405_0706131721X.swf
	deleted:    data/maps/5406_0706131721X.swf
	deleted:    data/maps/5407_0706131721X.swf
	deleted:    data/maps/5408_0706131721X.swf
	deleted:    data/maps/5409_0706131721X.swf
	deleted:    data/maps/540_0706131721X.swf
	deleted:    data/maps/5410_0706131721X.swf
	deleted:    data/maps/5411_0706131721X.swf
	deleted:    data/maps/5412_0706131721X.swf
	deleted:    data/maps/5413_0706131721X.swf
	deleted:    data/maps/5414_0706131721X.swf
	deleted:    data/maps/5415_0706131721X.swf
	deleted:    data/maps/5416_0706131721X.swf
	deleted:    data/maps/5417_0706131721X.swf
	deleted:    data/maps/5418_0706131721X.swf
	deleted:    data/maps/5419_0706131721X.swf
	deleted:    data/maps/541_0904061603X.swf
	deleted:    data/maps/5420_0706131721X.swf
	deleted:    data/maps/5421_0706131721X.swf
	deleted:    data/maps/5422_0706131721X.swf
	deleted:    data/maps/5423_0706131721X.swf
	deleted:    data/maps/5424_0706131721X.swf
	deleted:    data/maps/5425_0706131721X.swf
	deleted:    data/maps/5426_0706131721X.swf
	deleted:    data/maps/5427_0706131721X.swf
	deleted:    data/maps/5428_0706131721X.swf
	deleted:    data/maps/5429_0706131721X.swf
	deleted:    data/maps/542_0706131721X.swf
	deleted:    data/maps/5430_0706131721X.swf
	deleted:    data/maps/5431_0706131721X.swf
	deleted:    data/maps/5432_0706131721X.swf
	deleted:    data/maps/5433_0706131721X.swf
	deleted:    data/maps/5434_0706131721X.swf
	deleted:    data/maps/5435_0706131721X.swf
	deleted:    data/maps/5436_0706131721X.swf
	deleted:    data/maps/5437_0706131721X.swf
	deleted:    data/maps/5438_0706131721X.swf
	deleted:    data/maps/5439_0706131721X.swf
	deleted:    data/maps/543_0706131721X.swf
	deleted:    data/maps/5440_0706131721X.swf
	deleted:    data/maps/5441_0706131721X.swf
	deleted:    data/maps/5442_0706131721X.swf
	deleted:    data/maps/5443_0706131721X.swf
	deleted:    data/maps/5444_0706131721X.swf
	deleted:    data/maps/5445_0706131721X.swf
	deleted:    data/maps/5446_0706131721X.swf
	deleted:    data/maps/5447_0706131721X.swf
	deleted:    data/maps/5448_0706131721X.swf
	deleted:    data/maps/5449_0706131721X.swf
	deleted:    data/maps/544_0706131721X.swf
	deleted:    data/maps/5450_0706131721X.swf
	deleted:    data/maps/5451_0706131721X.swf
	deleted:    data/maps/5452_0706131721X.swf
	deleted:    data/maps/5453_0706131721X.swf
	deleted:    data/maps/5454_0706131721X.swf
	deleted:    data/maps/5455_0706131721X.swf
	deleted:    data/maps/5456_0706131721X.swf
	deleted:    data/maps/5457_0706131721X.swf
	deleted:    data/maps/5458_0706131721X.swf
	deleted:    data/maps/5459_0706131721X.swf
	deleted:    data/maps/545_0706131721X.swf
	deleted:    data/maps/5460_0706131721X.swf
	deleted:    data/maps/5461_0706131721X.swf
	deleted:    data/maps/5462_0706131721X.swf
	deleted:    data/maps/5463_0706131721X.swf
	deleted:    data/maps/5464_0706131721X.swf
	deleted:    data/maps/5465_0706131721X.swf
	deleted:    data/maps/5466_0706141524X.swf
	deleted:    data/maps/5467_0706131721X.swf
	deleted:    data/maps/5468_0706141524X.swf
	deleted:    data/maps/5469_0706131721X.swf
	deleted:    data/maps/546_0706131721X.swf
	deleted:    data/maps/5470_0706131721X.swf
	deleted:    data/maps/5471_0706131721X.swf
	deleted:    data/maps/5472_0706131721X.swf
	deleted:    data/maps/5473_0706131721X.swf
	deleted:    data/maps/5474_0706131721X.swf
	deleted:    data/maps/5475_0706131721X.swf
	deleted:    data/maps/5477_0706131721X.swf
	deleted:    data/maps/5478_0706131721X.swf
	deleted:    data/maps/5479_0706131721X.swf
	deleted:    data/maps/547_0706131721X.swf
	deleted:    data/maps/5480_0706131721X.swf
	deleted:    data/maps/5481_0706131721X.swf
	deleted:    data/maps/5482_0706131721X.swf
	deleted:    data/maps/5483_0706131721X.swf
	deleted:    data/maps/5485_0706131721X.swf
	deleted:    data/maps/5486_0706131721X.swf
	deleted:    data/maps/5487_0706131721X.swf
	deleted:    data/maps/5488_0706131721X.swf
	deleted:    data/maps/5489_0706131721X.swf
	deleted:    data/maps/548_0706131721X.swf
	deleted:    data/maps/5490_0706131721X.swf
	deleted:    data/maps/5491_0706131721X.swf
	deleted:    data/maps/5492_0706131721X.swf
	deleted:    data/maps/5493_0706141524X.swf
	deleted:    data/maps/5494_0706131721X.swf
	deleted:    data/maps/5495_0706131721X.swf
	deleted:    data/maps/5496_0706131721X.swf
	deleted:    data/maps/5497_0706131721X.swf
	deleted:    data/maps/5498_0706131721X.swf
	deleted:    data/maps/5499_0706131721X.swf
	deleted:    data/maps/549_0706131721X.swf
	deleted:    data/maps/54_2110261753X.swf
	deleted:    data/maps/5500_0706131721X.swf
	deleted:    data/maps/5501_0706131721X.swf
	deleted:    data/maps/5502_0706131721X.swf
	deleted:    data/maps/5503_0706131721X.swf
	deleted:    data/maps/5504_0706131721X.swf
	deleted:    data/maps/5505_0706131721X.swf
	deleted:    data/maps/5506_0706131721X.swf
	deleted:    data/maps/5507_0706131721X.swf
	deleted:    data/maps/5508_0706131721X.swf
	deleted:    data/maps/5509_0706131721X.swf
	deleted:    data/maps/550_0706131721X.swf
	deleted:    data/maps/5510_0706131721X.swf
	deleted:    data/maps/5511_0706131721X.swf
	deleted:    data/maps/5512_0706131721X.swf
	deleted:    data/maps/5513_0706131721X.swf
	deleted:    data/maps/5514_0706131721X.swf
	deleted:    data/maps/5515_0706131721X.swf
	deleted:    data/maps/5516_0706131721X.swf
	deleted:    data/maps/5517_0706131721X.swf
	deleted:    data/maps/5518_0706131721X.swf
	deleted:    data/maps/5519_0706131721X.swf
	deleted:    data/maps/551_0711161215X.swf
	deleted:    data/maps/5520_0706131721X.swf
	deleted:    data/maps/5521_0706131721X.swf
	deleted:    data/maps/5523_0706131721X.swf
	deleted:    data/maps/5526_0706131721X.swf
	deleted:    data/maps/5527_0706131721X.swf
	deleted:    data/maps/5528_0706131721X.swf
	deleted:    data/maps/5529_0706131721X.swf
	deleted:    data/maps/552_0706131721X.swf
	deleted:    data/maps/5530_0706131721X.swf
	deleted:    data/maps/5531_0706131721X.swf
	deleted:    data/maps/5532_0706131721X.swf
	deleted:    data/maps/5533_0706131721X.swf
	deleted:    data/maps/5535_0706131721X.swf
	deleted:    data/maps/5536_0706131721X.swf
	deleted:    data/maps/5537_0706131721X.swf
	deleted:    data/maps/5538_0706131721X.swf
	deleted:    data/maps/5539_0706131721X.swf
	deleted:    data/maps/5540_0706131721X.swf
	deleted:    data/maps/5541_0706131721X.swf
	deleted:    data/maps/5542_0706131721X.swf
	deleted:    data/maps/5543_0706131721X.swf
	deleted:    data/maps/5544_0706131721X.swf
	deleted:    data/maps/5545_0706131721X.swf
	deleted:    data/maps/5546_0706131721X.swf
	deleted:    data/maps/5547_0706131721X.swf
	deleted:    data/maps/5548_0706131721X.swf
	deleted:    data/maps/5549_0706131721X.swf
	deleted:    data/maps/554_0706131721X.swf
	deleted:    data/maps/5550_0706131721X.swf
	deleted:    data/maps/5551_0706131721X.swf
	deleted:    data/maps/5552_0706131721X.swf
	deleted:    data/maps/5553_0706131721X.swf
	deleted:    data/maps/5554_0706131721X.swf
	deleted:    data/maps/5555_0706131721X.swf
	deleted:    data/maps/5556_0706131721X.swf
	deleted:    data/maps/5557_0706131721X.swf
	deleted:    data/maps/5558_0706131721X.swf
	deleted:    data/maps/5559_0706131721X.swf
	deleted:    data/maps/555_0706131721X.swf
	deleted:    data/maps/5560_0706131721X.swf
	deleted:    data/maps/5561_0706131721X.swf
	deleted:    data/maps/5562_0706131721X.swf
	deleted:    data/maps/5563_0706131721X.swf
	deleted:    data/maps/5564_0706131721X.swf
	deleted:    data/maps/5565_0706131721X.swf
	deleted:    data/maps/5566_0706131721X.swf
	deleted:    data/maps/5567_0706131721X.swf
	deleted:    data/maps/5568_0706131721X.swf
	deleted:    data/maps/5569_0706131721X.swf
	deleted:    data/maps/5570_0706131721X.swf
	deleted:    data/maps/5571_0706131721X.swf
	deleted:    data/maps/5572_0706131721X.swf
	deleted:    data/maps/5573_0706131721X.swf
	deleted:    data/maps/5574_0706131721X.swf
	deleted:    data/maps/5575_0706131721X.swf
	deleted:    data/maps/5576_0706131721X.swf
	deleted:    data/maps/5577_0706131721X.swf
	deleted:    data/maps/5578_0706131721X.swf
	deleted:    data/maps/5579_0706131721X.swf
	deleted:    data/maps/557_0706131721X.swf
	deleted:    data/maps/5580_0706131721X.swf
	deleted:    data/maps/5581_0706131721X.swf
	deleted:    data/maps/5582_0706131721X.swf
	deleted:    data/maps/5583_0706131721X.swf
	deleted:    data/maps/5584_0706131721X.swf
	deleted:    data/maps/5585_0706131721X.swf
	deleted:    data/maps/5586_0706131721X.swf
	deleted:    data/maps/5587_0706131721X.swf
	deleted:    data/maps/5588_0706131721X.swf
	deleted:    data/maps/5589_0706131721X.swf
	deleted:    data/maps/558_0706131721X.swf
	deleted:    data/maps/5590_0706131721X.swf
	deleted:    data/maps/5591_0706131721X.swf
	deleted:    data/maps/5592_0706131721X.swf
	deleted:    data/maps/5593_0706131721X.swf
	deleted:    data/maps/5594_0706131721X.swf
	deleted:    data/maps/5595_0706131721X.swf
	deleted:    data/maps/5596_0706131721X.swf
	deleted:    data/maps/5597_0706131721X.swf
	deleted:    data/maps/5598_0706131721X.swf
	deleted:    data/maps/5599_0903121125X.swf
	deleted:    data/maps/559_0706131721X.swf
	deleted:    data/maps/55_0809241522X.swf
	deleted:    data/maps/5600_0706131721X.swf
	deleted:    data/maps/5601_0706131721X.swf
	deleted:    data/maps/5602_0706131721X.swf
	deleted:    data/maps/5603_0706131721X.swf
	deleted:    data/maps/5604_0706131721X.swf
	deleted:    data/maps/5605_0706131721X.swf
	deleted:    data/maps/5606_0706131721X.swf
	deleted:    data/maps/5607_0706131721X.swf
	deleted:    data/maps/5608_0706131721X.swf
	deleted:    data/maps/5609_0706131721X.swf
	deleted:    data/maps/560_0706131721X.swf
	deleted:    data/maps/5610_0706131721X.swf
	deleted:    data/maps/5611_0706131721X.swf
	deleted:    data/maps/5612_0706131721X.swf
	deleted:    data/maps/5613_0706131721X.swf
	deleted:    data/maps/5614_0706131721X.swf
	deleted:    data/maps/5615_0706131721X.swf
	deleted:    data/maps/5616_0706141524X.swf
	deleted:    data/maps/5617_0706131721X.swf
	deleted:    data/maps/5618_0706131721X.swf
	deleted:    data/maps/5619_0706131721X.swf
	deleted:    data/maps/561_0706131721X.swf
	deleted:    data/maps/5620_0706131721X.swf
	deleted:    data/maps/5621_0706131721X.swf
	deleted:    data/maps/5622_0706131721X.swf
	deleted:    data/maps/5623_0706131721X.swf
	deleted:    data/maps/5624_0706141524X.swf
	deleted:    data/maps/5625_0706131721X.swf
	deleted:    data/maps/5626_0706131721X.swf
	deleted:    data/maps/5627_0706131721X.swf
	deleted:    data/maps/5628_0706131721X.swf
	deleted:    data/maps/5629_0706131721X.swf
	deleted:    data/maps/5630_0706131721X.swf
	deleted:    data/maps/5631_0706131721X.swf
	deleted:    data/maps/5632_0706131721X.swf
	deleted:    data/maps/5633_0706131721X.swf
	deleted:    data/maps/5634_0706131721X.swf
	deleted:    data/maps/5635_0706131721X.swf
	deleted:    data/maps/5636_0706131721X.swf
	deleted:    data/maps/5637_0706131721X.swf
	deleted:    data/maps/5638_0706131721X.swf
	deleted:    data/maps/5639_0706131721X.swf
	deleted:    data/maps/563_0706131721X.swf
	deleted:    data/maps/5640_0706131721X.swf
	deleted:    data/maps/5641_0706141524X.swf
	deleted:    data/maps/5642_0706131721X.swf
	deleted:    data/maps/5643_0706131721X.swf
	deleted:    data/maps/5644_0706131721X.swf
	deleted:    data/maps/5645_0706131721X.swf
	deleted:    data/maps/5646_0706131721X.swf
	deleted:    data/maps/5647_0706131721X.swf
	deleted:    data/maps/5648_0706131721X.swf
	deleted:    data/maps/5649_0706131721X.swf
	deleted:    data/maps/564_0706131721X.swf
	deleted:    data/maps/5650_0706131721X.swf
	deleted:    data/maps/5651_0706131721X.swf
	deleted:    data/maps/5652_0706131721X.swf
	deleted:    data/maps/5653_0706131721X.swf
	deleted:    data/maps/5654_0706131721X.swf
	deleted:    data/maps/5655_0706131721X.swf
	deleted:    data/maps/5656_0706131721X.swf
	deleted:    data/maps/5657_0706131721X.swf
	deleted:    data/maps/5658_0706131721X.swf
	deleted:    data/maps/5659_0706131721X.swf
	deleted:    data/maps/565_0706131721X.swf
	deleted:    data/maps/5660_0706131721X.swf
	deleted:    data/maps/5661_0706131721X.swf
	deleted:    data/maps/5662_0706131721X.swf
	deleted:    data/maps/5663_0706131721X.swf
	deleted:    data/maps/5664_0706131721X.swf
	deleted:    data/maps/5665_0706131721X.swf
	deleted:    data/maps/5666_0706131721X.swf
	deleted:    data/maps/5667_0706131721X.swf
	deleted:    data/maps/5668_0706131721X.swf
	deleted:    data/maps/5669_0706131721X.swf
	deleted:    data/maps/566_0706131721X.swf
	deleted:    data/maps/5670_0706131721X.swf
	deleted:    data/maps/5671_0706131721X.swf
	deleted:    data/maps/5672_0706131721X.swf
	deleted:    data/maps/5673_0706131721X.swf
	deleted:    data/maps/5674_0706131721X.swf
	deleted:    data/maps/5675_0706131721X.swf
	deleted:    data/maps/5676_0706131721X.swf
	deleted:    data/maps/5677_0706131721X.swf
	deleted:    data/maps/5678_0706131721X.swf
	deleted:    data/maps/5679_0706131721X.swf
	deleted:    data/maps/567_0706131721X.swf
	deleted:    data/maps/5680_0706131721X.swf
	deleted:    data/maps/5681_0706131721X.swf
	deleted:    data/maps/5682_0706131721X.swf
	deleted:    data/maps/5683_0706131721X.swf
	deleted:    data/maps/5684_0706131721X.swf
	deleted:    data/maps/5685_0706131721X.swf
	deleted:    data/maps/5686_0706131721X.swf
	deleted:    data/maps/5687_0706131721X.swf
	deleted:    data/maps/5688_0706131721X.swf
	deleted:    data/maps/568_0706131721X.swf
	deleted:    data/maps/5690_0706131721X.swf
	deleted:    data/maps/5691_0706131721X.swf
	deleted:    data/maps/5692_0706131721X.swf
	deleted:    data/maps/5693_0706131721X.swf
	deleted:    data/maps/5694_0706131721X.swf
	deleted:    data/maps/5695_0706131721X.swf
	deleted:    data/maps/5696_0706131721X.swf
	deleted:    data/maps/5698_0706131721X.swf
	deleted:    data/maps/5699_0903121125X.swf
	deleted:    data/maps/569_0706131721X.swf
	deleted:    data/maps/5700_0903121126X.swf
	deleted:    data/maps/5702_0811251525X.swf
	deleted:    data/maps/5703_0909221715X.swf
	deleted:    data/maps/5704_0706131721X.swf
	deleted:    data/maps/5705_0706131721X.swf
	deleted:    data/maps/5707_0706131721X.swf
	deleted:    data/maps/5708_0706131721X.swf
	deleted:    data/maps/5709_0706131721X.swf
	deleted:    data/maps/570_0706131721X.swf
	deleted:    data/maps/5710_0706131721X.swf
	deleted:    data/maps/5711_0811051556X.swf
	deleted:    data/maps/5712_0706131721X.swf
	deleted:    data/maps/5713_0706131721X.swf
	deleted:    data/maps/5714_0706131721X.swf
	deleted:    data/maps/5715_0706131721X.swf
	deleted:    data/maps/5716_0706131721X.swf
	deleted:    data/maps/5717_0902191605X.swf
	deleted:    data/maps/5718_0706131721X.swf
	deleted:    data/maps/5719_0706131721X.swf
	deleted:    data/maps/5720_0706131721X.swf
	deleted:    data/maps/5721_0706131721X.swf
	deleted:    data/maps/5722_0706131721X.swf
	deleted:    data/maps/5723_0706131721X.swf
	deleted:    data/maps/5724_0706131721X.swf
	deleted:    data/maps/5725_0706131721X.swf
	deleted:    data/maps/5726_0706131721X.swf
	deleted:    data/maps/5727_0706131721X.swf
	deleted:    data/maps/5728_0706131721X.swf
	deleted:    data/maps/5729_0706131721X.swf
	deleted:    data/maps/5730_0706131721X.swf
	deleted:    data/maps/5731_0706131721X.swf
	deleted:    data/maps/5732_0706131721X.swf
	deleted:    data/maps/5733_0706131721X.swf
	deleted:    data/maps/5734_0706131721X.swf
	deleted:    data/maps/5735_0706131721X.swf
	deleted:    data/maps/5736_0706131721X.swf
	deleted:    data/maps/5737_0706131721X.swf
	deleted:    data/maps/5738_0706131721X.swf
	deleted:    data/maps/5739_0706131721X.swf
	deleted:    data/maps/5740_0706131721X.swf
	deleted:    data/maps/5741_0706131721X.swf
	deleted:    data/maps/5742_0706131721X.swf
	deleted:    data/maps/5743_0706131721X.swf
	deleted:    data/maps/5744_0706131721X.swf
	deleted:    data/maps/5745_0706131721X.swf
	deleted:    data/maps/5746_0706131721X.swf
	deleted:    data/maps/5747_0706141524X.swf
	deleted:    data/maps/5748_0706131721X.swf
	deleted:    data/maps/5749_0706131721X.swf
	deleted:    data/maps/5750_0706131721X.swf
	deleted:    data/maps/5751_0706131721X.swf
	deleted:    data/maps/5752_0706131721X.swf
	deleted:    data/maps/5753_0706131721X.swf
	deleted:    data/maps/5754_0706131721X.swf
	deleted:    data/maps/5755_0706131721X.swf
	deleted:    data/maps/5756_0706131721X.swf
	deleted:    data/maps/5757_0706131721X.swf
	deleted:    data/maps/5758_0706131721X.swf
	deleted:    data/maps/5759_0706131721X.swf
	deleted:    data/maps/5760_0706131721X.swf
	deleted:    data/maps/5761_0706131721X.swf
	deleted:    data/maps/5762_0706131721X.swf
	deleted:    data/maps/5763_0706131721X.swf
	deleted:    data/maps/5764_0706131721X.swf
	deleted:    data/maps/5765_0706131721X.swf
	deleted:    data/maps/5766_0706131721X.swf
	deleted:    data/maps/5767_0706141524X.swf
	deleted:    data/maps/5768_0706131721X.swf
	deleted:    data/maps/5769_0709181155X.swf
	deleted:    data/maps/5770_0706131721X.swf
	deleted:    data/maps/5771_0706131721X.swf
	deleted:    data/maps/5772_0709181155X.swf
	deleted:    data/maps/5773_0706131721X.swf
	deleted:    data/maps/5774_0706131721X.swf
	deleted:    data/maps/5775_0706131721X.swf
	deleted:    data/maps/5776_0706131721X.swf
	deleted:    data/maps/5777_0706131721X.swf
	deleted:    data/maps/5778_0706131721X.swf
	deleted:    data/maps/5779_0706131721X.swf
	deleted:    data/maps/577_0706131721X.swf
	deleted:    data/maps/5781_0706131721X.swf
	deleted:    data/maps/5782_0706131721X.swf
	deleted:    data/maps/5783_0706131721X.swf
	deleted:    data/maps/5784_0706131721X.swf
	deleted:    data/maps/5785_0706131721X.swf
	deleted:    data/maps/5786_0706131721X.swf
	deleted:    data/maps/5787_0706131721X.swf
	deleted:    data/maps/5788_0706131721X.swf
	deleted:    data/maps/5789_0706131721X.swf
	deleted:    data/maps/578_0706131721X.swf
	deleted:    data/maps/5790_0706131721X.swf
	deleted:    data/maps/5791_0706131721X.swf
	deleted:    data/maps/5792_0706131721X.swf
	deleted:    data/maps/5793_0706131721X.swf
	deleted:    data/maps/5794_0706131721X.swf
	deleted:    data/maps/5795_0706131721X.swf
	deleted:    data/maps/5796_0706131721X.swf
	deleted:    data/maps/5797_0706131721X.swf
	deleted:    data/maps/5798_0706131721X.swf
	deleted:    data/maps/5799_0706131721X.swf
	deleted:    data/maps/579_0706131721X.swf
	deleted:    data/maps/57_0706131721X.swf
	deleted:    data/maps/5802_0706131721X.swf
	deleted:    data/maps/5803_0708161702X.swf
	deleted:    data/maps/5804_0706131721X.swf
	deleted:    data/maps/5805_0706131721X.swf
	deleted:    data/maps/5806_0706131721X.swf
	deleted:    data/maps/5807_0706131721X.swf
	deleted:    data/maps/5808_0706131721X.swf
	deleted:    data/maps/5809_0706131721X.swf
	deleted:    data/maps/580_0706131721X.swf
	deleted:    data/maps/5810_0805271720X.swf
	deleted:    data/maps/5811_0706131721X.swf
	deleted:    data/maps/5812_0706131721X.swf
	deleted:    data/maps/5813_0706131721X.swf
	deleted:    data/maps/5814_0706131721X.swf
	deleted:    data/maps/5815_0706131721X.swf
	deleted:    data/maps/5816_0706131721X.swf
	deleted:    data/maps/5817_0706131721X.swf
	deleted:    data/maps/5818_0706131721X.swf
	deleted:    data/maps/5819_0706131721X.swf
	deleted:    data/maps/581_0706141524X.swf
	deleted:    data/maps/5820_0706131721X.swf
	deleted:    data/maps/5821_0706131721X.swf
	deleted:    data/maps/5822_0706131721X.swf
	deleted:    data/maps/5823_0706131721X.swf
	deleted:    data/maps/5824_0706131721X.swf
	deleted:    data/maps/5825_0706131721X.swf
	deleted:    data/maps/5826_0706131721X.swf
	deleted:    data/maps/5827_0706131721X.swf
	deleted:    data/maps/5828_0706131721X.swf
	deleted:    data/maps/5829_0706131721X.swf
	deleted:    data/maps/582_0706131721X.swf
	deleted:    data/maps/5830_0706131721X.swf
	deleted:    data/maps/5831_0706131721X.swf
	deleted:    data/maps/5832_0706131721X.swf
	deleted:    data/maps/5833_0706131721X.swf
	deleted:    data/maps/5834_0706131721X.swf
	deleted:    data/maps/5836_0706131721X.swf
	deleted:    data/maps/5837_0706131721X.swf
	deleted:    data/maps/5838_0706131721X.swf
	deleted:    data/maps/5839_0706131721X.swf
	deleted:    data/maps/583_0706131721X.swf
	deleted:    data/maps/5840_0706131721X.swf
	deleted:    data/maps/5841_0706131721X.swf
	deleted:    data/maps/5842_0706131721X.swf
	deleted:    data/maps/5843_0706131721X.swf
	deleted:    data/maps/5844_0706131721X.swf
	deleted:    data/maps/5845_0706131721X.swf
	deleted:    data/maps/5846_0706131721X.swf
	deleted:    data/maps/5847_0706131721X.swf
	deleted:    data/maps/5849_0706131721X.swf
	deleted:    data/maps/584_0706131721X.swf
	deleted:    data/maps/5851_0706131721X.swf
	deleted:    data/maps/5852_0706131721X.swf
	deleted:    data/maps/5853_0706131721X.swf
	deleted:    data/maps/5854_0706131721X.swf
	deleted:    data/maps/5855_0706131721X.swf
	deleted:    data/maps/5856_0706131721X.swf
	deleted:    data/maps/5857_0706131721X.swf
	deleted:    data/maps/5858_0706131721X.swf
	deleted:    data/maps/5859_0706131721X.swf
	deleted:    data/maps/585_0706131721X.swf
	deleted:    data/maps/5860_0706131721X.swf
	deleted:    data/maps/5862_0706131721X.swf
	deleted:    data/maps/5863_0706131721X.swf
	deleted:    data/maps/5864_0706131721X.swf
	deleted:    data/maps/5865_0706131721X.swf
	deleted:    data/maps/5866_0706131721X.swf
	deleted:    data/maps/5867_0902061203X.swf
	deleted:    data/maps/5868_0706131721X.swf
	deleted:    data/maps/5869_0706131721X.swf
	deleted:    data/maps/586_0706131721X.swf
	deleted:    data/maps/5870_0706141524X.swf
	deleted:    data/maps/5871_0706131721X.swf
	deleted:    data/maps/5872_0706131721X.swf
	deleted:    data/maps/5873_0706131721X.swf
	deleted:    data/maps/5874_0706131721X.swf
	deleted:    data/maps/5875_0706131721X.swf
	deleted:    data/maps/5876_0706131721X.swf
	deleted:    data/maps/5877_0706131721X.swf
	deleted:    data/maps/5878_0706131721X.swf
	deleted:    data/maps/5879_0706131721X.swf
	deleted:    data/maps/587_0706131721X.swf
	deleted:    data/maps/5880_0706131721X.swf
	deleted:    data/maps/5881_0706131721X.swf
	deleted:    data/maps/5882_0706131721X.swf
	deleted:    data/maps/5883_0706131721X.swf
	deleted:    data/maps/5884_0706131721X.swf
	deleted:    data/maps/5885_0706131721X.swf
	deleted:    data/maps/5886_0706131721X.swf
	deleted:    data/maps/5887_0706131721X.swf
	deleted:    data/maps/5888_0706131721X.swf
	deleted:    data/maps/5889_0706131721X.swf
	deleted:    data/maps/588_0706131721X.swf
	deleted:    data/maps/5890_0706131721X.swf
	deleted:    data/maps/5891_0706131721X.swf
	deleted:    data/maps/5892_0706131721X.swf
	deleted:    data/maps/5893_0706131721X.swf
	deleted:    data/maps/5894_0706131721X.swf
	deleted:    data/maps/5895_0706131721X.swf
	deleted:    data/maps/5896_0706131721X.swf
	deleted:    data/maps/5897_0706131721X.swf
	deleted:    data/maps/5898_0706131721X.swf
	deleted:    data/maps/5899_0706131721X.swf
	deleted:    data/maps/589_0706131721X.swf
	deleted:    data/maps/5900_0706131721X.swf
	deleted:    data/maps/5901_0706131721X.swf
	deleted:    data/maps/5902_0706131721X.swf
	deleted:    data/maps/5903_0706131721X.swf
	deleted:    data/maps/5904_0706131721X.swf
	deleted:    data/maps/5905_0706131721X.swf
	deleted:    data/maps/5906_0706131721X.swf
	deleted:    data/maps/5907_0706141524X.swf
	deleted:    data/maps/5908_0706131721X.swf
	deleted:    data/maps/5909_0706131721X.swf
	deleted:    data/maps/590_0706131721X.swf
	deleted:    data/maps/5910_0706131721X.swf
	deleted:    data/maps/5911_0706131721X.swf
	deleted:    data/maps/5912_0706131721X.swf
	deleted:    data/maps/5913_0706131721X.swf
	deleted:    data/maps/5914_0706131721X.swf
	deleted:    data/maps/5915_0706131721X.swf
	deleted:    data/maps/5916_0706131721X.swf
	deleted:    data/maps/5917_0706131721X.swf
	deleted:    data/maps/5918_0706131721X.swf
	deleted:    data/maps/5919_0706131721X.swf
	deleted:    data/maps/591_0706131721X.swf
	deleted:    data/maps/5920_0706131721X.swf
	deleted:    data/maps/5921_0706131721X.swf
	deleted:    data/maps/5922_0706131721X.swf
	deleted:    data/maps/5923_0706131721X.swf
	deleted:    data/maps/5924_0706131721X.swf
	deleted:    data/maps/5925_0706131721X.swf
	deleted:    data/maps/5926_0706131721X.swf
	deleted:    data/maps/5927_0706131721X.swf
	deleted:    data/maps/5928_0706131721X.swf
	deleted:    data/maps/5929_0706131721X.swf
	deleted:    data/maps/592_0706131721X.swf
	deleted:    data/maps/5930_0706131721X.swf
	deleted:    data/maps/5931_0706131721X.swf
	deleted:    data/maps/5932_0706131721X.swf
	deleted:    data/maps/5933_0706131721X.swf
	deleted:    data/maps/5934_0706131721X.swf
	deleted:    data/maps/5935_0706131721X.swf
	deleted:    data/maps/5936_0706131721X.swf
	deleted:    data/maps/5937_0706131721X.swf
	deleted:    data/maps/5938_0706131721X.swf
	deleted:    data/maps/5939_0706131721X.swf
	deleted:    data/maps/593_0706131721X.swf
	deleted:    data/maps/5940_0706131721X.swf
	deleted:    data/maps/5941_0706131721X.swf
	deleted:    data/maps/5942_0706131721X.swf
	deleted:    data/maps/5943_0706131721X.swf
	deleted:    data/maps/5944_0706131721X.swf
	deleted:    data/maps/5945_0706131721X.swf
	deleted:    data/maps/5946_0706131721X.swf
	deleted:    data/maps/5947_0706131721X.swf
	deleted:    data/maps/5948_0706131721X.swf
	deleted:    data/maps/5949_0706131721X.swf
	deleted:    data/maps/594_0706131721X.swf
	deleted:    data/maps/5950_0706131721X.swf
	deleted:    data/maps/5951_0706131721X.swf
	deleted:    data/maps/5952_0706131721X.swf
	deleted:    data/maps/5953_0706131721X.swf
	deleted:    data/maps/5955_0706131721X.swf
	deleted:    data/maps/5957_0706131721X.swf
	deleted:    data/maps/5958_0706131721X.swf
	deleted:    data/maps/5959_0706131721X.swf
	deleted:    data/maps/595_0706131721X.swf
	deleted:    data/maps/5960_0706131721X.swf
	deleted:    data/maps/5961_0706141524X.swf
	deleted:    data/maps/5963_0706131721X.swf
	deleted:    data/maps/5965_0706131721X.swf
	deleted:    data/maps/5967_0706131721X.swf
	deleted:    data/maps/5968_0706131721X.swf
	deleted:    data/maps/5969_0706131721X.swf
	deleted:    data/maps/596_0706131721X.swf
	deleted:    data/maps/5970_0706131721X.swf
	deleted:    data/maps/5971_0706131721X.swf
	deleted:    data/maps/5972_0706131721X.swf
	deleted:    data/maps/5973_0706131721X.swf
	deleted:    data/maps/5974_0706131721X.swf
	deleted:    data/maps/5975_0706131721X.swf
	deleted:    data/maps/5976_0706131721X.swf
	deleted:    data/maps/5977_0706131721X.swf
	deleted:    data/maps/5978_0706131721X.swf
	deleted:    data/maps/5979_0706131721X.swf
	deleted:    data/maps/597_0706131721X.swf
	deleted:    data/maps/5980_0706131721X.swf
	deleted:    data/maps/5981_0706131721X.swf
	deleted:    data/maps/5982_0706131721X.swf
	deleted:    data/maps/5983_0706131721X.swf
	deleted:    data/maps/5984_0706131721X.swf
	deleted:    data/maps/5985_0706141524X.swf
	deleted:    data/maps/5986_0706131721X.swf
	deleted:    data/maps/5987_0706131721X.swf
	deleted:    data/maps/5988_0706131721X.swf
	deleted:    data/maps/5989_0706131721X.swf
	deleted:    data/maps/598_0706141524X.swf
	deleted:    data/maps/5990_0706131721X.swf
	deleted:    data/maps/5991_0706131721X.swf
	deleted:    data/maps/5992_0706131721X.swf
	deleted:    data/maps/5993_0706131721X.swf
	deleted:    data/maps/5994_0706131721X.swf
	deleted:    data/maps/5995_0706131721X.swf
	deleted:    data/maps/5996_0706131721X.swf
	deleted:    data/maps/5997_0706141524X.swf
	deleted:    data/maps/5998_0706131721X.swf
	deleted:    data/maps/599_0706131721X.swf
	deleted:    data/maps/5_0905071014X.swf
	deleted:    data/maps/6000_0706131721X.swf
	deleted:    data/maps/6001_0706131721X.swf
	deleted:    data/maps/6002_0706131721X.swf
	deleted:    data/maps/6003_0706131721X.swf
	deleted:    data/maps/6004_0706131721X.swf
	deleted:    data/maps/6005_0706131721X.swf
	deleted:    data/maps/6006_0706131721X.swf
	deleted:    data/maps/6007_0706131721X.swf
	deleted:    data/maps/6008_0706131721X.swf
	deleted:    data/maps/6009_0806101703X.swf
	deleted:    data/maps/600_0902111222X.swf
	deleted:    data/maps/6010_0706131721X.swf
	deleted:    data/maps/6011_0706131721X.swf
	deleted:    data/maps/6012_0706131721X.swf
	deleted:    data/maps/6013_0706131721X.swf
	deleted:    data/maps/6014_0706131721X.swf
	deleted:    data/maps/6015_0706131721X.swf
	deleted:    data/maps/6017_0706131721X.swf
	deleted:    data/maps/6018_0706131721X.swf
	deleted:    data/maps/6019_0706131721X.swf
	deleted:    data/maps/601_0706131721X.swf
	deleted:    data/maps/6020_0706131721X.swf
	deleted:    data/maps/6021_0706131721X.swf
	deleted:    data/maps/6022_0706131721X.swf
	deleted:    data/maps/6023_0706131721X.swf
	deleted:    data/maps/6024_0706131721X.swf
	deleted:    data/maps/6026_0706131721X.swf
	deleted:    data/maps/6027_0706131721X.swf
	deleted:    data/maps/6028_0706131721X.swf
	deleted:    data/maps/6029_0706131721X.swf
	deleted:    data/maps/6030_0706131721X.swf
	deleted:    data/maps/6031_0706131721X.swf
	deleted:    data/maps/6032_0706131721X.swf
	deleted:    data/maps/6033_0706131721X.swf
	deleted:    data/maps/6034_0706131721X.swf
	deleted:    data/maps/6035_0706131721X.swf
	deleted:    data/maps/6036_0706131721X.swf
	deleted:    data/maps/6037_0706131721X.swf
	deleted:    data/maps/6038_0706131721X.swf
	deleted:    data/maps/6039_0706131721X.swf
	deleted:    data/maps/603_0706131721X.swf
	deleted:    data/maps/6040_0706131721X.swf
	deleted:    data/maps/6041_0706131721X.swf
	deleted:    data/maps/6044_0905141555X.swf
	deleted:    data/maps/6046_0706131721X.swf
	deleted:    data/maps/6047_0706131721X.swf
	deleted:    data/maps/6048_0706131721X.swf
	deleted:    data/maps/6049_0804241650X.swf
	deleted:    data/maps/604_0706131721X.swf
	deleted:    data/maps/6050_0706131721X.swf
	deleted:    data/maps/6051_0706131721X.swf
	deleted:    data/maps/6052_0706131721X.swf
	deleted:    data/maps/6053_0706131721X.swf
	deleted:    data/maps/6054_0706131721X.swf
	deleted:    data/maps/6055_0706131721X.swf
	deleted:    data/maps/6056_0706131721X.swf
	deleted:    data/maps/6057_0706131721X.swf
	deleted:    data/maps/6058_0706131721X.swf
	deleted:    data/maps/6059_0706131721X.swf
	deleted:    data/maps/605_0706131721X.swf
	deleted:    data/maps/6060_0706131721X.swf
	deleted:    data/maps/6062_0706131721X.swf
	deleted:    data/maps/6063_0706131721X.swf
	deleted:    data/maps/6064_0903120847X.swf
	deleted:    data/maps/6065_0706131721X.swf
	deleted:    data/maps/6066_0706131721X.swf
	deleted:    data/maps/6067_0706131721X.swf
	deleted:    data/maps/6068_0706131721X.swf
	deleted:    data/maps/6069_0706131721X.swf
	deleted:    data/maps/606_0706131721X.swf
	deleted:    data/maps/6070_0706131721X.swf
	deleted:    data/maps/6071_0706131721X.swf
	deleted:    data/maps/6074_0706131721X.swf
	deleted:    data/maps/6075_0706131721X.swf
	deleted:    data/maps/6076_0706131721X.swf
	deleted:    data/maps/6077_0706131721X.swf
	deleted:    data/maps/6078_0706131721X.swf
	deleted:    data/maps/6079_0810161000X.swf
	deleted:    data/maps/607_0706131721X.swf
	deleted:    data/maps/6080_0706131721X.swf
	deleted:    data/maps/6081_0706131721X.swf
	deleted:    data/maps/6085_0706131721X.swf
	deleted:    data/maps/6087_0706131721X.swf
	deleted:    data/maps/6088_0706131721X.swf
	deleted:    data/maps/6089_0706131721X.swf
	deleted:    data/maps/608_0706131721X.swf
	deleted:    data/maps/6091_0706131721X.swf
	deleted:    data/maps/6092_0706131721X.swf
	deleted:    data/maps/6093_0706131721X.swf
	deleted:    data/maps/6094_0706131721X.swf
	deleted:    data/maps/6095_0706131721X.swf
	deleted:    data/maps/6096_0706131721X.swf
	deleted:    data/maps/6097_0706131721X.swf
	deleted:    data/maps/6098_0706131721X.swf
	deleted:    data/maps/6099_0706131721X.swf
	deleted:    data/maps/609_0706131721X.swf
	deleted:    data/maps/6100_0706131721X.swf
	deleted:    data/maps/6101_0706131721X.swf
	deleted:    data/maps/6103_0706131721X.swf
	deleted:    data/maps/6104_0706131721X.swf
	deleted:    data/maps/6105_0706131721X.swf
	deleted:    data/maps/6106_0706131721X.swf
	deleted:    data/maps/6107_0706131721X.swf
	deleted:    data/maps/6108_0706131721X.swf
	deleted:    data/maps/6109_0903271209X.swf
	deleted:    data/maps/610_0904061605X.swf
	deleted:    data/maps/6110_0903120943X.swf
	deleted:    data/maps/6111_0903261526X.swf
	deleted:    data/maps/6112_0706131721X.swf
	deleted:    data/maps/6113_0904031507X.swf
	deleted:    data/maps/6116_0910131219X.swf
	deleted:    data/maps/6117_0706131721X.swf
	deleted:    data/maps/6118_0706131721X.swf
	deleted:    data/maps/6119_0706131721X.swf
	deleted:    data/maps/611_0706131721X.swf
	deleted:    data/maps/6121_0706131721X.swf
	deleted:    data/maps/6122_0706131721X.swf
	deleted:    data/maps/6124_0706131721X.swf
	deleted:    data/maps/6126_0811041159X.swf
	deleted:    data/maps/6127_0706131721X.swf
	deleted:    data/maps/6129_0706131721X.swf
	deleted:    data/maps/612_0706131721X.swf
	deleted:    data/maps/6130_0706131721X.swf
	deleted:    data/maps/6131_0805280948X.swf
	deleted:    data/maps/6132_0805280950X.swf
	deleted:    data/maps/6133_0706131721X.swf
	deleted:    data/maps/6134_0805280949X.swf
	deleted:    data/maps/6135_0706131721X.swf
	deleted:    data/maps/6136_0805280948X.swf
	deleted:    data/maps/6137_0709211605X.swf
	deleted:    data/maps/6138_0706131721X.swf
	deleted:    data/maps/6139_0706131721X.swf
	deleted:    data/maps/6140_0706131721X.swf
	deleted:    data/maps/6141_0706131721X.swf
	deleted:    data/maps/6142_0706131721X.swf
	deleted:    data/maps/6143_0706131721X.swf
	deleted:    data/maps/6145_0706131721X.swf
	deleted:    data/maps/6146_0710011622X.swf
	deleted:    data/maps/6147_0706131721X.swf
	deleted:    data/maps/6148_0706131721X.swf
	deleted:    data/maps/6149_0905151930X.swf
	deleted:    data/maps/6150_0902061017X.swf
	deleted:    data/maps/6152_0810101734X.swf
	deleted:    data/maps/6154_0706131721X.swf
	deleted:    data/maps/6155_0706131721X.swf
	deleted:    data/maps/6156_0706131721X.swf
	deleted:    data/maps/6157_0706131721X.swf
	deleted:    data/maps/6158_1001211021X.swf
	deleted:    data/maps/6159_0902061141X.swf
	deleted:    data/maps/6160_0902061057X.swf
	deleted:    data/maps/6161_0706131721X.swf
	deleted:    data/maps/6162_0706131721X.swf
	deleted:    data/maps/6163_0903120906X.swf
	deleted:    data/maps/6164_0906101524X.swf
	deleted:    data/maps/6165_0904031505X.swf
	deleted:    data/maps/6166_0904071430X.swf
	deleted:    data/maps/6167_0902181031X.swf
	deleted:    data/maps/6168_0907211703X.swf
	deleted:    data/maps/6169_0806181800X.swf
	deleted:    data/maps/6170_0902131040X.swf
	deleted:    data/maps/6171_0903120942X.swf
	deleted:    data/maps/6172_0905151930X.swf
	deleted:    data/maps/6173_0706131721X.swf
	deleted:    data/maps/6174_0903121141X.swf
	deleted:    data/maps/6175_0801141448X.swf
	deleted:    data/maps/6178_0706131721X.swf
	deleted:    data/maps/617_0706131721X.swf
	deleted:    data/maps/6181_0706131721X.swf
	deleted:    data/maps/6188_0706131721X.swf
	deleted:    data/maps/618_0706131721X.swf
	deleted:    data/maps/6191_0706131721X.swf
	deleted:    data/maps/6194_0903261006X.swf
	deleted:    data/maps/6195_0902031525X.swf
	deleted:    data/maps/6196_0711231639X.swf
	deleted:    data/maps/6197_0706131721X.swf
	deleted:    data/maps/6198_0706131721X.swf
	deleted:    data/maps/6199_0706131721X.swf
	deleted:    data/maps/619_0706131721X.swf
	deleted:    data/maps/6200_0706131721X.swf
	deleted:    data/maps/6201_0706131721X.swf
	deleted:    data/maps/6202_0706131721X.swf
	deleted:    data/maps/6203_0706131721X.swf
	deleted:    data/maps/6204_0706131721X.swf
	deleted:    data/maps/6205_0706131721X.swf
	deleted:    data/maps/6206_0706131721X.swf
	deleted:    data/maps/6207_0706131721X.swf
	deleted:    data/maps/6208_0706131721X.swf
	deleted:    data/maps/620_0706131721X.swf
	deleted:    data/maps/6212_0706131721X.swf
	deleted:    data/maps/6213_0706131721X.swf
	deleted:    data/maps/6214_0706131721X.swf
	deleted:    data/maps/6215_0706131721X.swf
	deleted:    data/maps/6216_0706131721X.swf
	deleted:    data/maps/6217_0706131721X.swf
	deleted:    data/maps/6218_0706131721X.swf
	deleted:    data/maps/6219_0706131721X.swf
	deleted:    data/maps/621_0806241634X.swf
	deleted:    data/maps/6220_0706131721X.swf
	deleted:    data/maps/6221_0706131721X.swf
	deleted:    data/maps/6222_0706131721X.swf
	deleted:    data/maps/6223_0706131721X.swf
	deleted:    data/maps/6224_0706131721X.swf
	deleted:    data/maps/6225_0706131721X.swf
	deleted:    data/maps/6226_0706131721X.swf
	deleted:    data/maps/6227_0706131721X.swf
	deleted:    data/maps/6228_0706131721X.swf
	deleted:    data/maps/6229_2202071424X.swf
	deleted:    data/maps/6230_0706131721X.swf
	deleted:    data/maps/6231_0706131721X.swf
	deleted:    data/maps/6232_0706131721X.swf
	deleted:    data/maps/6233_0706131721X.swf
	deleted:    data/maps/6234_0706131721X.swf
	deleted:    data/maps/6235_0706131721X.swf
	deleted:    data/maps/6236_0706131721X.swf
	deleted:    data/maps/6237_0706131721X.swf
	deleted:    data/maps/6238_0706131721X.swf
	deleted:    data/maps/6239_0706131721X.swf
	deleted:    data/maps/6240_0706131721X.swf
	deleted:    data/maps/6241_0706131721X.swf
	deleted:    data/maps/6242_0706131721X.swf
	deleted:    data/maps/6243_0706131721X.swf
	deleted:    data/maps/6244_0706131721X.swf
	deleted:    data/maps/6245_0706131721X.swf
	deleted:    data/maps/6246_0706131721X.swf
	deleted:    data/maps/6247_0706131721X.swf
	deleted:    data/maps/6248_0706131721X.swf
	deleted:    data/maps/6249_0706131721X.swf
	deleted:    data/maps/624_0706131721X.swf
	deleted:    data/maps/6250_0706131721X.swf
	deleted:    data/maps/6251_0706131721X.swf
	deleted:    data/maps/6252_0706131721X.swf
	deleted:    data/maps/6253_0706131721X.swf
	deleted:    data/maps/6254_0903131009X.swf
	deleted:    data/maps/6255_0909241516X.swf
	deleted:    data/maps/6256_0903131020X.swf
	deleted:    data/maps/6259_0908251155X.swf
	deleted:    data/maps/625_0706131721X.swf
	deleted:    data/maps/6260_0803171549X.swf
	deleted:    data/maps/6261_0706131721X.swf
	deleted:    data/maps/6265_0706131721X.swf
	deleted:    data/maps/6269_0810171446X.swf
	deleted:    data/maps/6270_0807300957X.swf
	deleted:    data/maps/6271_0706131721X.swf
	deleted:    data/maps/6272_0706131721X.swf
	deleted:    data/maps/6277_0706131721X.swf
	deleted:    data/maps/6278_0706131721X.swf
	deleted:    data/maps/6279_0706131721X.swf
	deleted:    data/maps/6280_0706131721X.swf
	deleted:    data/maps/6281_0706131721X.swf
	deleted:    data/maps/6282_0706131721X.swf
	deleted:    data/maps/6283_0706131721X.swf
	deleted:    data/maps/6284_0706131721X.swf
	deleted:    data/maps/6285_0706131721X.swf
	deleted:    data/maps/6286_0706131721X.swf
	deleted:    data/maps/6287_0706131721X.swf
	deleted:    data/maps/6288_0706131721X.swf
	deleted:    data/maps/6289_0706131721X.swf
	deleted:    data/maps/6290_0706131721X.swf
	deleted:    data/maps/6291_0706131721X.swf
	deleted:    data/maps/6292_0706131721X.swf
	deleted:    data/maps/6293_0706131721X.swf
	deleted:    data/maps/6294_0706131721X.swf
	deleted:    data/maps/6295_0706131721X.swf
	deleted:    data/maps/6296_0706131721X.swf
	deleted:    data/maps/6297_0706131721X.swf
	deleted:    data/maps/6298_0706131721X.swf
	deleted:    data/maps/6299_0706131721X.swf
	deleted:    data/maps/6300_0706131721X.swf
	deleted:    data/maps/6301_0706131721X.swf
	deleted:    data/maps/6302_0706131721X.swf
	deleted:    data/maps/6303_0706131721X.swf
	deleted:    data/maps/6305_0706131721X.swf
	deleted:    data/maps/6306_0706131721X.swf
	deleted:    data/maps/6307_0706131721X.swf
	deleted:    data/maps/6308_0706131721X.swf
	deleted:    data/maps/6309_0706131721X.swf
	deleted:    data/maps/6310_0706131721X.swf
	deleted:    data/maps/6311_0706131721X.swf
	deleted:    data/maps/6312_0706131721X.swf
	deleted:    data/maps/6313_0706131721X.swf
	deleted:    data/maps/6314_0706131721X.swf
	deleted:    data/maps/6315_0706131721X.swf
	deleted:    data/maps/6316_0706131721X.swf
	deleted:    data/maps/6317_0706131721X.swf
	deleted:    data/maps/6318_0706131721X.swf
	deleted:    data/maps/6319_0706131721X.swf
	deleted:    data/maps/6320_0706131721X.swf
	deleted:    data/maps/6321_0706131721X.swf
	deleted:    data/maps/6322_0706131721X.swf
	deleted:    data/maps/6323_0706131721X.swf
	deleted:    data/maps/6324_0706131721X.swf
	deleted:    data/maps/6325_0706131721X.swf
	deleted:    data/maps/6326_0706131721X.swf
	deleted:    data/maps/6327_0706131721X.swf
	deleted:    data/maps/6328_0706131721X.swf
	deleted:    data/maps/6329_0706131721X.swf
	deleted:    data/maps/6330_0706131721X.swf
	deleted:    data/maps/6331_0706131721X.swf
	deleted:    data/maps/6332_0706131721X.swf
	deleted:    data/maps/6333_0706131721X.swf
	deleted:    data/maps/6334_0706131721X.swf
	deleted:    data/maps/6335_0706131721X.swf
	deleted:    data/maps/6336_0706131721X.swf
	deleted:    data/maps/6337_0706131721X.swf
	deleted:    data/maps/6338_0706131721X.swf
	deleted:    data/maps/6339_0706131721X.swf
	deleted:    data/maps/6340_0706131721X.swf
	deleted:    data/maps/6341_0706131721X.swf
	deleted:    data/maps/6342_0706131721X.swf
	deleted:    data/maps/6343_0706131721X.swf
	deleted:    data/maps/6344_0706131721X.swf
	deleted:    data/maps/6345_0706131721X.swf
	deleted:    data/maps/6346_0706131721X.swf
	deleted:    data/maps/6347_0801171753X.swf
	deleted:    data/maps/6348_0706131721X.swf
	deleted:    data/maps/6349_0706131721X.swf
	deleted:    data/maps/6350_0706131721X.swf
	deleted:    data/maps/6351_0706131721X.swf
	deleted:    data/maps/6352_0706131721X.swf
	deleted:    data/maps/6353_0706131721X.swf
	deleted:    data/maps/6354_0706131721X.swf
	deleted:    data/maps/6355_0706131721X.swf
	deleted:    data/maps/6356_0706131721X.swf
	deleted:    data/maps/6357_0706131721X.swf
	deleted:    data/maps/6358_0706131721X.swf
	deleted:    data/maps/6359_0706131721X.swf
	deleted:    data/maps/6360_0904031520X.swf
	deleted:    data/maps/6361_0904031514X.swf
	deleted:    data/maps/6367_0706131721X.swf
	deleted:    data/maps/6368_0706181033X.swf
	deleted:    data/maps/6370_0706131721X.swf
	deleted:    data/maps/6371_0706181056X.swf
	deleted:    data/maps/6375_0706131721X.swf
	deleted:    data/maps/6376_0706131721X.swf
	deleted:    data/maps/6377_0706181033X.swf
	deleted:    data/maps/6379_0706131721X.swf
	deleted:    data/maps/6380_0706131721X.swf
	deleted:    data/maps/6391_0706131721X.swf
	deleted:    data/maps/641_0706131721X.swf
	deleted:    data/maps/642_0706131721X.swf
	deleted:    data/maps/6439_0706131721X.swf
	deleted:    data/maps/643_0706131721X.swf
	deleted:    data/maps/6447_0706131721X.swf
	deleted:    data/maps/6458_0706131721X.swf
	deleted:    data/maps/645_0706131721X.swf
	deleted:    data/maps/6468_0706131721X.swf
	deleted:    data/maps/646_0706131721X.swf
	deleted:    data/maps/6476_0706181031X.swf
	deleted:    data/maps/6477_0706131721X.swf
	deleted:    data/maps/6478_0905111117X.swf
	deleted:    data/maps/647_0706141524X.swf
	deleted:    data/maps/6480_0706131721X.swf
	deleted:    data/maps/6481_0706181049X.swf
	deleted:    data/maps/6482_0706141524X.swf
	deleted:    data/maps/6483_0706181057X.swf
	deleted:    data/maps/6484_0905111119X.swf
	deleted:    data/maps/6485_0905111119X.swf
	deleted:    data/maps/6486_0706131721X.swf
	deleted:    data/maps/6487_0706181101X.swf
	deleted:    data/maps/6488_0706181100X.swf
	deleted:    data/maps/6489_0706131721X.swf
	deleted:    data/maps/648_0804161656X.swf
	deleted:    data/maps/6490_0706131721X.swf
	deleted:    data/maps/6491_0706131721X.swf
	deleted:    data/maps/6492_0905111122X.swf
	deleted:    data/maps/6493_0706131721X.swf
	deleted:    data/maps/6494_0706181037X.swf
	deleted:    data/maps/6495_0706131721X.swf
	deleted:    data/maps/6496_0706181038X.swf
	deleted:    data/maps/6497_0706131721X.swf
	deleted:    data/maps/6498_0706181047X.swf
	deleted:    data/maps/6499_0706131721X.swf
	deleted:    data/maps/649_0706131721X.swf
	deleted:    data/maps/6500_0706181101X.swf
	deleted:    data/maps/6501_0706131721X.swf
	deleted:    data/maps/6502_0706131721X.swf
	deleted:    data/maps/6503_0706131721X.swf
	deleted:    data/maps/6504_0706131721X.swf
	deleted:    data/maps/6505_0706131721X.swf
	deleted:    data/maps/6506_0706131721X.swf
	deleted:    data/maps/6507_0706181104X.swf
	deleted:    data/maps/6508_0706131721X.swf
	deleted:    data/maps/6509_0905111124X.swf
	deleted:    data/maps/650_0706131721X.swf
	deleted:    data/maps/6510_0706181102X.swf
	deleted:    data/maps/6511_0706181053X.swf
	deleted:    data/maps/6512_0706131721X.swf
	deleted:    data/maps/6513_0811201526X.swf
	deleted:    data/maps/6514_0706181059X.swf
	deleted:    data/maps/6515_0706131721X.swf
	deleted:    data/maps/6516_0706131721X.swf
	deleted:    data/maps/6517_0706131721X.swf
	deleted:    data/maps/6518_0706181104X.swf
	deleted:    data/maps/6519_0706131721X.swf
	deleted:    data/maps/651_0706131721X.swf
	deleted:    data/maps/6520_0706131721X.swf
	deleted:    data/maps/6522_0706131721X.swf
	deleted:    data/maps/6523_0706181052X.swf
	deleted:    data/maps/6524_0706131721X.swf
	deleted:    data/maps/6525_0706131721X.swf
	deleted:    data/maps/6526_0706131721X.swf
	deleted:    data/maps/6527_0706181050X.swf
	deleted:    data/maps/6528_0706131721X.swf
	deleted:    data/maps/6529_0706131721X.swf
	deleted:    data/maps/652_0706131721X.swf
	deleted:    data/maps/6530_0706181048X.swf
	deleted:    data/maps/6531_0706131721X.swf
	deleted:    data/maps/6532_0706181103X.swf
	deleted:    data/maps/6533_0706131721X.swf
	deleted:    data/maps/6534_0706131721X.swf
	deleted:    data/maps/6535_0706131721X.swf
	deleted:    data/maps/6536_0706131721X.swf
	deleted:    data/maps/6538_0706131721X.swf
	deleted:    data/maps/6539_0706131721X.swf
	deleted:    data/maps/653_0706131721X.swf
	deleted:    data/maps/6540_0706131721X.swf
	deleted:    data/maps/6541_0706261410X.swf
	deleted:    data/maps/6542_0706181101X.swf
	deleted:    data/maps/6543_0706131721X.swf
	deleted:    data/maps/6544_0706131721X.swf
	deleted:    data/maps/6545_0706181049X.swf
	deleted:    data/maps/6546_0706131721X.swf
	deleted:    data/maps/6547_0706131721X.swf
	deleted:    data/maps/654_0706131721X.swf
	deleted:    data/maps/6554_0810171444X.swf
	deleted:    data/maps/6555_0706131721X.swf
	deleted:    data/maps/6557_0901231418X.swf
	deleted:    data/maps/6559_0902131040X.swf
	deleted:    data/maps/655_0706131721X.swf
	deleted:    data/maps/6567_0706131721X.swf
	deleted:    data/maps/6569_0903120931X.swf
	deleted:    data/maps/656_0706131721X.swf
	deleted:    data/maps/6570_0812171056X.swf
	deleted:    data/maps/6572_0706131721X.swf
	deleted:    data/maps/6573_0706131721X.swf
	deleted:    data/maps/6575_0706131721X.swf
	deleted:    data/maps/6576_0706131721X.swf
	deleted:    data/maps/6577_0706131721X.swf
	deleted:    data/maps/6578_0706131721X.swf
	deleted:    data/maps/6579_0706131721X.swf
	deleted:    data/maps/657_0901221716X.swf
	deleted:    data/maps/6580_0706131721X.swf
	deleted:    data/maps/6581_0706131721X.swf
	deleted:    data/maps/6582_0706131721X.swf
	deleted:    data/maps/6583_0706131721X.swf
	deleted:    data/maps/6584_0706131721X.swf
	deleted:    data/maps/6585_0706131721X.swf
	deleted:    data/maps/6586_0706131721X.swf
	deleted:    data/maps/6587_0706131721X.swf
	deleted:    data/maps/6588_0706131721X.swf
	deleted:    data/maps/6589_0706131721X.swf
	deleted:    data/maps/6590_0706131721X.swf
	deleted:    data/maps/6591_0706131721X.swf
	deleted:    data/maps/6592_0706131721X.swf
	deleted:    data/maps/6593_0706131721X.swf
	deleted:    data/maps/6594_0706131721X.swf
	deleted:    data/maps/6595_0706131721X.swf
	deleted:    data/maps/6596_0706131721X.swf
	deleted:    data/maps/6597_0706131721X.swf
	deleted:    data/maps/6598_0706131721X.swf
	deleted:    data/maps/6599_0706131721X.swf
	deleted:    data/maps/6600_0706131721X.swf
	deleted:    data/maps/6601_0706131721X.swf
	deleted:    data/maps/6602_0706131721X.swf
	deleted:    data/maps/6603_0706131721X.swf
	deleted:    data/maps/6604_0706131721X.swf
	deleted:    data/maps/6605_0706131721X.swf
	deleted:    data/maps/6606_0706131721X.swf
	deleted:    data/maps/6607_0706131721X.swf
	deleted:    data/maps/6608_0706131721X.swf
	deleted:    data/maps/6609_0706131721X.swf
	deleted:    data/maps/660_0706131721X.swf
	deleted:    data/maps/6610_0706131721X.swf
	deleted:    data/maps/6611_0706131721X.swf
	deleted:    data/maps/6612_0706131721X.swf
	deleted:    data/maps/6613_0706131721X.swf
	deleted:    data/maps/6614_0706131721X.swf
	deleted:    data/maps/6615_0706131721X.swf
	deleted:    data/maps/6616_0706131721X.swf
	deleted:    data/maps/6617_0706131721X.swf
	deleted:    data/maps/6618_0706141524X.swf
	deleted:    data/maps/6619_0706131721X.swf
	deleted:    data/maps/661_0706131721X.swf
	deleted:    data/maps/6620_0706131721X.swf
	deleted:    data/maps/6621_0706131721X.swf
	deleted:    data/maps/6622_0706131721X.swf
	deleted:    data/maps/6623_0706131721X.swf
	deleted:    data/maps/6624_0706131721X.swf
	deleted:    data/maps/6625_0706131721X.swf
	deleted:    data/maps/6626_0706131721X.swf
	deleted:    data/maps/6627_0706131721X.swf
	deleted:    data/maps/6628_0706131721X.swf
	deleted:    data/maps/6629_0706131721X.swf
	deleted:    data/maps/662_0706131721X.swf
	deleted:    data/maps/6630_0706131721X.swf
	deleted:    data/maps/6631_0706131721X.swf
	deleted:    data/maps/6632_0706131721X.swf
	deleted:    data/maps/6633_0706131721X.swf
	deleted:    data/maps/6634_0706131721X.swf
	deleted:    data/maps/6635_0706131721X.swf
	deleted:    data/maps/6636_0706131721X.swf
	deleted:    data/maps/6637_0706131721X.swf
	deleted:    data/maps/6638_0706131721X.swf
	deleted:    data/maps/6639_0706131721X.swf
	deleted:    data/maps/663_0706131721X.swf
	deleted:    data/maps/6640_0706131721X.swf
	deleted:    data/maps/6641_0706131721X.swf
	deleted:    data/maps/6642_0706131721X.swf
	deleted:    data/maps/6643_0706131721X.swf
	deleted:    data/maps/6644_0706131721X.swf
	deleted:    data/maps/6645_0706131721X.swf
	deleted:    data/maps/6646_0706131721X.swf
	deleted:    data/maps/6647_0706131721X.swf
	deleted:    data/maps/6648_0706131721X.swf
	deleted:    data/maps/6649_0706131721X.swf
	deleted:    data/maps/664_0706131721X.swf
	deleted:    data/maps/6650_0706131721X.swf
	deleted:    data/maps/6651_0706131721X.swf
	deleted:    data/maps/6652_0706131721X.swf
	deleted:    data/maps/6653_0706131721X.swf
	deleted:    data/maps/6654_0706131721X.swf
	deleted:    data/maps/6655_0706131721X.swf
	deleted:    data/maps/6656_0706131721X.swf
	deleted:    data/maps/6657_0706131721X.swf
	deleted:    data/maps/6658_0706131721X.swf
	deleted:    data/maps/6659_0706131721X.swf
	deleted:    data/maps/665_0903120925X.swf
	deleted:    data/maps/6660_0706131721X.swf
	deleted:    data/maps/6661_0706131721X.swf
	deleted:    data/maps/6662_0706131721X.swf
	deleted:    data/maps/6663_0706131721X.swf
	deleted:    data/maps/6664_0706131721X.swf
	deleted:    data/maps/6665_0706131721X.swf
	deleted:    data/maps/6666_0706131721X.swf
	deleted:    data/maps/6667_0706131721X.swf
	deleted:    data/maps/6668_0706141524X.swf
	deleted:    data/maps/6669_0706131721X.swf
	deleted:    data/maps/666_0708021108X.swf
	deleted:    data/maps/6670_0706131721X.swf
	deleted:    data/maps/6671_0706131721X.swf
	deleted:    data/maps/6672_0706131721X.swf
	deleted:    data/maps/6673_0706131721X.swf
	deleted:    data/maps/6674_0706131721X.swf
	deleted:    data/maps/6675_0706131721X.swf
	deleted:    data/maps/6676_0706131721X.swf
	deleted:    data/maps/6677_0706131721X.swf
	deleted:    data/maps/6678_0706131721X.swf
	deleted:    data/maps/6679_0706131721X.swf
	deleted:    data/maps/6680_0810280917X.swf
	deleted:    data/maps/6681_0706131721X.swf
	deleted:    data/maps/6682_0706131721X.swf
	deleted:    data/maps/6683_0810151103X.swf
	deleted:    data/maps/6684_0706131721X.swf
	deleted:    data/maps/6685_0706131721X.swf
	deleted:    data/maps/6686_0809191030X.swf
	deleted:    data/maps/6687_0809191029X.swf
	deleted:    data/maps/6688_0903120850X.swf
	deleted:    data/maps/6689_0706131721X.swf
	deleted:    data/maps/668_0706131721X.swf
	deleted:    data/maps/6690_0706141524X.swf
	deleted:    data/maps/6691_0706131721X.swf
	deleted:    data/maps/6692_0706131721X.swf
	deleted:    data/maps/6693_0909281521X.swf
	deleted:    data/maps/6694_0902041712X.swf
	deleted:    data/maps/6695_0902031119X.swf
	deleted:    data/maps/6696_0909211428X.swf
	deleted:    data/maps/6697_0909211429X.swf
	deleted:    data/maps/6698_0810171451X.swf
	deleted:    data/maps/6699_0802211649X.swf
	deleted:    data/maps/669_0706131721X.swf
	deleted:    data/maps/6700_0706131721X.swf
	deleted:    data/maps/6701_0706131721X.swf
	deleted:    data/maps/6702_0906101423X.swf
	deleted:    data/maps/6703_0706141524X.swf
	deleted:    data/maps/6704_0711141530X.swf
	deleted:    data/maps/6705_0906011509X.swf
	deleted:    data/maps/6706_0811251026X.swf
	deleted:    data/maps/6707_0903120908X.swf
	deleted:    data/maps/6708_0706131721X.swf
	deleted:    data/maps/6709_0706141524X.swf
	deleted:    data/maps/670_0712061508X.swf
	deleted:    data/maps/6710_0706131721X.swf
	deleted:    data/maps/6711_0910281431X.swf
	deleted:    data/maps/6712_0706131721X.swf
	deleted:    data/maps/6716_0706131721X.swf
	deleted:    data/maps/6717_0907071433X.swf
	deleted:    data/maps/6719_0901211056X.swf
	deleted:    data/maps/671_0706131721X.swf
	deleted:    data/maps/6720_0706131721X.swf
	deleted:    data/maps/6721_0706131721X.swf
	deleted:    data/maps/6722_0706131721X.swf
	deleted:    data/maps/6723_0706131721X.swf
	deleted:    data/maps/6730_0706131721X.swf
	deleted:    data/maps/6731_0706131721X.swf
	deleted:    data/maps/6732_0706181126X.swf
	deleted:    data/maps/6733_0706181116X.swf
	deleted:    data/maps/6734_0706181131X.swf
	deleted:    data/maps/6735_0706181131X.swf
	deleted:    data/maps/6736_0706181132X.swf
	deleted:    data/maps/6738_0706131721X.swf
	deleted:    data/maps/6739_0706181121X.swf
	deleted:    data/maps/673_0706131721X.swf
	deleted:    data/maps/6740_0706181141X.swf
	deleted:    data/maps/6741_0706181109X.swf
	deleted:    data/maps/6742_0706181122X.swf
	deleted:    data/maps/6743_0706131721X.swf
	deleted:    data/maps/6744_0706181110X.swf
	deleted:    data/maps/6745_0706181114X.swf
	deleted:    data/maps/6746_0706181116X.swf
	deleted:    data/maps/6747_0706181120X.swf
	deleted:    data/maps/6748_0706181120X.swf
	deleted:    data/maps/6749_0706181108X.swf
	deleted:    data/maps/674_0706131721X.swf
	deleted:    data/maps/6750_0706141524X.swf
	deleted:    data/maps/6751_0706181127X.swf
	deleted:    data/maps/6752_0706181107X.swf
	deleted:    data/maps/6753_0706181123X.swf
	deleted:    data/maps/6754_0706131721X.swf
	deleted:    data/maps/6755_0706181211X.swf
	deleted:    data/maps/6756_0706181115X.swf
	deleted:    data/maps/6757_0706181106X.swf
	deleted:    data/maps/6758_0706131721X.swf
	deleted:    data/maps/6759_0706131721X.swf
	deleted:    data/maps/675_0903111217X.swf
	deleted:    data/maps/6760_0706131721X.swf
	deleted:    data/maps/6761_0706141524X.swf
	deleted:    data/maps/6762_0706181135X.swf
	deleted:    data/maps/6763_0706131721X.swf
	deleted:    data/maps/6764_0706181137X.swf
	deleted:    data/maps/6765_0706181117X.swf
	deleted:    data/maps/6766_0706181211X.swf
	deleted:    data/maps/6767_0706181210X.swf
	deleted:    data/maps/6768_0706181130X.swf
	deleted:    data/maps/6769_0706181139X.swf
	deleted:    data/maps/676_0706131721X.swf
	deleted:    data/maps/6770_0706181122X.swf
	deleted:    data/maps/6771_0706181138X.swf
	deleted:    data/maps/6772_0706181111X.swf
	deleted:    data/maps/6773_0706181111X.swf
	deleted:    data/maps/6774_0706131721X.swf
	deleted:    data/maps/6775_0706181129X.swf
	deleted:    data/maps/6776_0706131721X.swf
	deleted:    data/maps/6778_0706181113X.swf
	deleted:    data/maps/6779_0706181112X.swf
	deleted:    data/maps/677_0706131721X.swf
	deleted:    data/maps/6780_0706181112X.swf
	deleted:    data/maps/6782_0706181114X.swf
	deleted:    data/maps/6783_0706131721X.swf
	deleted:    data/maps/6784_0706131721X.swf
	deleted:    data/maps/6785_0706131721X.swf
	deleted:    data/maps/6786_0706131721X.swf
	deleted:    data/maps/6787_0706131721X.swf
	deleted:    data/maps/6788_0706181132X.swf
	deleted:    data/maps/6789_0706181135X.swf
	deleted:    data/maps/678_0806241636X.swf
	deleted:    data/maps/6790_0706181136X.swf
	deleted:    data/maps/6791_0706181109X.swf
	deleted:    data/maps/6792_0706181125X.swf
	deleted:    data/maps/6793_0706131721X.swf
	deleted:    data/maps/6794_0706131721X.swf
	deleted:    data/maps/6795_0706131721X.swf
	deleted:    data/maps/6796_0706131721X.swf
	deleted:    data/maps/6797_0706131721X.swf
	deleted:    data/maps/6798_0706131721X.swf
	deleted:    data/maps/6799_0706181105X.swf
	deleted:    data/maps/679_0706131721X.swf
	deleted:    data/maps/6800_0706131721X.swf
	deleted:    data/maps/6801_0706131721X.swf
	deleted:    data/maps/6802_0706131721X.swf
	deleted:    data/maps/6803_0706181130X.swf
	deleted:    data/maps/6804_0706181134X.swf
	deleted:    data/maps/6805_0706131721X.swf
	deleted:    data/maps/6806_0706131721X.swf
	deleted:    data/maps/6807_0706181115X.swf
	deleted:    data/maps/6808_0706181118X.swf
	deleted:    data/maps/6809_0706181118X.swf
	deleted:    data/maps/680_0706131721X.swf
	deleted:    data/maps/6810_0706131721X.swf
	deleted:    data/maps/6811_0706131721X.swf
	deleted:    data/maps/6812_0706131721X.swf
	deleted:    data/maps/6813_0706131721X.swf
	deleted:    data/maps/6814_0908101031X.swf
	deleted:    data/maps/6815_0908101031X.swf
	deleted:    data/maps/6816_0908101031X.swf
	deleted:    data/maps/6817_0908101031X.swf
	deleted:    data/maps/6818_0908101032X.swf
	deleted:    data/maps/6819_0908101032X.swf
	deleted:    data/maps/681_0706141524X.swf
	deleted:    data/maps/6820_0908101032X.swf
	deleted:    data/maps/6821_0908101032X.swf
	deleted:    data/maps/6822_0908101032X.swf
	deleted:    data/maps/6823_0908101032X.swf
	deleted:    data/maps/6824_0706131721X.swf
	deleted:    data/maps/6825_0706131721X.swf
	deleted:    data/maps/6826_0706131721X.swf
	deleted:    data/maps/6828_0706131721X.swf
	deleted:    data/maps/6829_0706131721X.swf
	deleted:    data/maps/6830_0706131721X.swf
	deleted:    data/maps/6831_0706131721X.swf
	deleted:    data/maps/6832_0706131721X.swf
	deleted:    data/maps/6833_0706131721X.swf
	deleted:    data/maps/6834_0706131721X.swf
	deleted:    data/maps/6835_0706131721X.swf
	deleted:    data/maps/6836_0706131721X.swf
	deleted:    data/maps/6838_0706131721X.swf
	deleted:    data/maps/6839_0706131721X.swf
	deleted:    data/maps/6840_0706131721X.swf
	deleted:    data/maps/6841_0706131721X.swf
	deleted:    data/maps/6842_0706131721X.swf
	deleted:    data/maps/6843_0706131721X.swf
	deleted:    data/maps/6844_0706131721X.swf
	deleted:    data/maps/6845_0706131721X.swf
	deleted:    data/maps/6846_0706131721X.swf
	deleted:    data/maps/6847_0706131721X.swf
	deleted:    data/maps/6848_0807211116X.swf
	deleted:    data/maps/6849_0706131721X.swf
	deleted:    data/maps/684_0806231648X.swf
	deleted:    data/maps/6850_0706131721X.swf
	deleted:    data/maps/6851_0706131721X.swf
	deleted:    data/maps/6852_0706131721X.swf
	deleted:    data/maps/6853_0706131721X.swf
	deleted:    data/maps/6854_0706131721X.swf
	deleted:    data/maps/6855_0706131721X.swf
	deleted:    data/maps/6856_0706141524X.swf
	deleted:    data/maps/6857_0706131721X.swf
	deleted:    data/maps/6858_0706131721X.swf
	deleted:    data/maps/6859_0706131721X.swf
	deleted:    data/maps/6860_0706131721X.swf
	deleted:    data/maps/6861_0706131721X.swf
	deleted:    data/maps/6862_0706131721X.swf
	deleted:    data/maps/6863_0706131721X.swf
	deleted:    data/maps/6864_0706131721X.swf
	deleted:    data/maps/6866_0706131721X.swf
	deleted:    data/maps/6867_0706131721X.swf
	deleted:    data/maps/6869_0706131721X.swf
	deleted:    data/maps/686_0907101145X.swf
	deleted:    data/maps/6875_0706131721X.swf
	deleted:    data/maps/6876_0706131721X.swf
	deleted:    data/maps/6877_0706131721X.swf
	deleted:    data/maps/6878_0706131721X.swf
	deleted:    data/maps/6879_0706131721X.swf
	deleted:    data/maps/687_0706131721X.swf
	deleted:    data/maps/6880_0706131721X.swf
	deleted:    data/maps/6881_0706131721X.swf
	deleted:    data/maps/6882_0706131721X.swf
	deleted:    data/maps/6883_0706131721X.swf
	deleted:    data/maps/6884_0706131721X.swf
	deleted:    data/maps/6885_0706131721X.swf
	deleted:    data/maps/6886_0706131721X.swf
	deleted:    data/maps/6887_0706131721X.swf
	deleted:    data/maps/6888_0706131721X.swf
	deleted:    data/maps/6889_0706131721X.swf
	deleted:    data/maps/688_0706131721X.swf
	deleted:    data/maps/6890_0706131721X.swf
	deleted:    data/maps/6891_0706131721X.swf
	deleted:    data/maps/6892_0706131721X.swf
	deleted:    data/maps/6893_0706131721X.swf
	deleted:    data/maps/6894_0706131721X.swf
	deleted:    data/maps/6895_0706131721X.swf
	deleted:    data/maps/6896_0706131721X.swf
	deleted:    data/maps/6898_0706131721X.swf
	deleted:    data/maps/6899_0905111201X.swf
	deleted:    data/maps/6900_0706131721X.swf
	deleted:    data/maps/6901_0706131721X.swf
	deleted:    data/maps/6902_0706131721X.swf
	deleted:    data/maps/6903_0706131721X.swf
	deleted:    data/maps/6904_0706131721X.swf
	deleted:    data/maps/6905_0706131721X.swf
	deleted:    data/maps/6906_0706131721X.swf
	deleted:    data/maps/6907_0706131721X.swf
	deleted:    data/maps/6908_0706131721X.swf
	deleted:    data/maps/6909_0706131721X.swf
	deleted:    data/maps/690_0706131721X.swf
	deleted:    data/maps/6910_0706131721X.swf
	deleted:    data/maps/6911_0706131721X.swf
	deleted:    data/maps/6912_0706131721X.swf
	deleted:    data/maps/6913_0706141524X.swf
	deleted:    data/maps/6914_0706131721X.swf
	deleted:    data/maps/6915_0706131721X.swf
	deleted:    data/maps/6916_0706131721X.swf
	deleted:    data/maps/6917_0706131721X.swf
	deleted:    data/maps/6918_0706131721X.swf
	deleted:    data/maps/6919_0706131721X.swf
	deleted:    data/maps/6920_0706131721X.swf
	deleted:    data/maps/6921_0706131721X.swf
	deleted:    data/maps/6922_0706131721X.swf
	deleted:    data/maps/6923_0706131721X.swf
	deleted:    data/maps/6924_0706131721X.swf
	deleted:    data/maps/6925_0706131721X.swf
	deleted:    data/maps/6926_2109291816X.swf
	deleted:    data/maps/6928_0903231037X.swf
	deleted:    data/maps/692_0706131721X.swf
	deleted:    data/maps/6930_0905151930X.swf
	deleted:    data/maps/6939_0706131721X.swf
	deleted:    data/maps/6942_0706131721X.swf
	deleted:    data/maps/6945_0706131721X.swf
	deleted:    data/maps/6946_0706131721X.swf
	deleted:    data/maps/6947_0906101447X.swf
	deleted:    data/maps/6949_0903231039X.swf
	deleted:    data/maps/6950_0706131721X.swf
	deleted:    data/maps/6951_0706131721X.swf
	deleted:    data/maps/6952_0706131721X.swf
	deleted:    data/maps/6953_0706131721X.swf
	deleted:    data/maps/6954_0706131721X.swf
	deleted:    data/maps/6955_0706131721X.swf
	deleted:    data/maps/6959_0706131721X.swf
	deleted:    data/maps/6960_0706131721X.swf
	deleted:    data/maps/6961_0804151643X.swf
	deleted:    data/maps/6962_0708081311X.swf
	deleted:    data/maps/6963_0804151638X.swf
	deleted:    data/maps/6982_0706131721X.swf
	deleted:    data/maps/6_0912241550X.swf
	deleted:    data/maps/700_0706131721X.swf
	deleted:    data/maps/701_0706131721X.swf
	deleted:    data/maps/702_0706131721X.swf
	deleted:    data/maps/703_0706131721X.swf
	deleted:    data/maps/705_0810151630X.swf
	deleted:    data/maps/707_0810151624X.swf
	deleted:    data/maps/708_0810151625X.swf
	deleted:    data/maps/709_0706131721X.swf
	deleted:    data/maps/710_0803171716X.swf
	deleted:    data/maps/713_0706131721X.swf
	deleted:    data/maps/714_0706131721X.swf
	deleted:    data/maps/715_0909221147X.swf
	deleted:    data/maps/716_0706131721X.swf
	deleted:    data/maps/717_0706131721X.swf
	deleted:    data/maps/718_0706131721X.swf
	deleted:    data/maps/719_0706131721X.swf
	deleted:    data/maps/71_2202241027X.swf
	deleted:    data/maps/720_0706131721X.swf
	deleted:    data/maps/721_0706131721X.swf
	deleted:    data/maps/722_0706131721X.swf
	deleted:    data/maps/723_0706131721X.swf
	deleted:    data/maps/724_0905281730X.swf
	deleted:    data/maps/725_0901271556X.swf
	deleted:    data/maps/7270_0706131721X.swf
	deleted:    data/maps/7280_0706131721X.swf
	deleted:    data/maps/7281_0706131721X.swf
	deleted:    data/maps/7282_0706131721X.swf
	deleted:    data/maps/7283_0706131721X.swf
	deleted:    data/maps/7285_2110050927X.swf
	deleted:    data/maps/7286_0706131721X.swf
	deleted:    data/maps/7288_0706131721X.swf
	deleted:    data/maps/7289_0905131019X.swf
	deleted:    data/maps/7298_0706131721X.swf
	deleted:    data/maps/7299_0706131721X.swf
	deleted:    data/maps/7300_0706131721X.swf
	deleted:    data/maps/7301_0706131721X.swf
	deleted:    data/maps/7302_0706131721X.swf
	deleted:    data/maps/7303_0706131721X.swf
	deleted:    data/maps/7304_0706131721X.swf
	deleted:    data/maps/7305_0806241623X.swf
	deleted:    data/maps/7311_0706131721X.swf
	deleted:    data/maps/7312_0706131721X.swf
	deleted:    data/maps/7313_0706131721X.swf
	deleted:    data/maps/7314_0710091226X.swf
	deleted:    data/maps/7315_0706131721X.swf
	deleted:    data/maps/7316_0706131721X.swf
	deleted:    data/maps/7317_0706131721X.swf
	deleted:    data/maps/7318_0706131721X.swf
	deleted:    data/maps/7319_0706131721X.swf
	deleted:    data/maps/731_2202071024X.swf
	deleted:    data/maps/7320_0706131721X.swf
	deleted:    data/maps/7321_0706131721X.swf
	deleted:    data/maps/7323_0706131721X.swf
	deleted:    data/maps/7328_0706131721X.swf
	deleted:    data/maps/7329_0905131019X.swf
	deleted:    data/maps/7330_0905131019X.swf
	deleted:    data/maps/7331_0905131019X.swf
	deleted:    data/maps/7332_0706131721X.swf
	deleted:    data/maps/7334_0905131019X.swf
	deleted:    data/maps/7335_0905131019X.swf
	deleted:    data/maps/7336_0908261120X.swf
	deleted:    data/maps/7337_0710181126X.swf
	deleted:    data/maps/7338_0706131721X.swf
	deleted:    data/maps/7339_0706131721X.swf
	deleted:    data/maps/733_0809091525X.swf
	deleted:    data/maps/7340_0706131721X.swf
	deleted:    data/maps/7341_0707121424X.swf
	deleted:    data/maps/7342_0706131721X.swf
	deleted:    data/maps/7344_0905131019X.swf
	deleted:    data/maps/7345_0905131019X.swf
	deleted:    data/maps/7346_0905131019X.swf
	deleted:    data/maps/7347_0905131019X.swf
	deleted:    data/maps/7348_0905131019X.swf
	deleted:    data/maps/7349_0905131019X.swf
	deleted:    data/maps/7350_0905131019X.swf
	deleted:    data/maps/7351_0905131019X.swf
	deleted:    data/maps/7352_0905131019X.swf
	deleted:    data/maps/7353_0706131721X.swf
	deleted:    data/maps/7354_0706131721X.swf
	deleted:    data/maps/7355_0706131721X.swf
	deleted:    data/maps/7356_0706131721X.swf
	deleted:    data/maps/7357_0706131721X.swf
	deleted:    data/maps/7358_0706131721X.swf
	deleted:    data/maps/7359_0706131721X.swf
	deleted:    data/maps/735_0909221148X.swf
	deleted:    data/maps/7360_0905131019X.swf
	deleted:    data/maps/7361_0908261119X.swf
	deleted:    data/maps/7362_0905131019X.swf
	deleted:    data/maps/7363_0905131019X.swf
	deleted:    data/maps/7364_0905131019X.swf
	deleted:    data/maps/7365_0905131019X.swf
	deleted:    data/maps/7366_0905131019X.swf
	deleted:    data/maps/7367_0905131019X.swf
	deleted:    data/maps/7368_0905131019X.swf
	deleted:    data/maps/7369_0706131721X.swf
	deleted:    data/maps/736_0706131721X.swf
	deleted:    data/maps/7370_0706131721X.swf
	deleted:    data/maps/7371_0706131721X.swf
	deleted:    data/maps/7372_0706131721X.swf
	deleted:    data/maps/7373_0706131721X.swf
	deleted:    data/maps/7374_0706131721X.swf
	deleted:    data/maps/7375_0706131721X.swf
	deleted:    data/maps/7376_0905131019X.swf
	deleted:    data/maps/7377_0905131019X.swf
	deleted:    data/maps/7378_0908261118X.swf
	deleted:    data/maps/7379_0905131019X.swf
	deleted:    data/maps/7380_0905131019X.swf
	deleted:    data/maps/7381_0905131019X.swf
	deleted:    data/maps/7382_0905131019X.swf
	deleted:    data/maps/7383_0905131019X.swf
	deleted:    data/maps/7384_0905131019X.swf
	deleted:    data/maps/7385_0706131721X.swf
	deleted:    data/maps/7386_0706131721X.swf
	deleted:    data/maps/7387_0706131721X.swf
	deleted:    data/maps/7388_0706131721X.swf
	deleted:    data/maps/7389_0706131721X.swf
	deleted:    data/maps/7390_0806241738X.swf
	deleted:    data/maps/7391_0706131721X.swf
	deleted:    data/maps/7392_0908261116X.swf
	deleted:    data/maps/7394_0905131019X.swf
	deleted:    data/maps/7395_0908261118X.swf
	deleted:    data/maps/7396_0905131019X.swf
	deleted:    data/maps/7397_0905131019X.swf
	deleted:    data/maps/7398_0908261118X.swf
	deleted:    data/maps/7399_0905131019X.swf
	deleted:    data/maps/7400_0905131019X.swf
	deleted:    data/maps/7401_0706131721X.swf
	deleted:    data/maps/7402_0706131721X.swf
	deleted:    data/maps/7403_0706131721X.swf
	deleted:    data/maps/7404_0706131721X.swf
	deleted:    data/maps/7405_0706131721X.swf
	deleted:    data/maps/7406_0706131721X.swf
	deleted:    data/maps/7407_0806231050X.swf
	deleted:    data/maps/7408_0905131019X.swf
	deleted:    data/maps/7409_0905131019X.swf
	deleted:    data/maps/740_0706131721X.swf
	deleted:    data/maps/7410_0907071142X.swf
	deleted:    data/maps/7411_0711291819X.swf
	deleted:    data/maps/7412_0905131019X.swf
	deleted:    data/maps/7413_0905131019X.swf
	deleted:    data/maps/7414_0909011150X.swf
	deleted:    data/maps/7415_0905131019X.swf
	deleted:    data/maps/7416_0905131019X.swf
	deleted:    data/maps/7417_0706131721X.swf
	deleted:    data/maps/7418_0706131721X.swf
	deleted:    data/maps/7419_0706131721X.swf
	deleted:    data/maps/741_0901261413X.swf
	deleted:    data/maps/7420_0706131721X.swf
	deleted:    data/maps/7421_0706131721X.swf
	deleted:    data/maps/7422_0706131721X.swf
	deleted:    data/maps/7423_0806231049X.swf
	deleted:    data/maps/7424_0905131019X.swf
	deleted:    data/maps/7425_0905131019X.swf
	deleted:    data/maps/7426_0905131019X.swf
	deleted:    data/maps/7427_0908261117X.swf
	deleted:    data/maps/7428_0909011132X.swf
	deleted:    data/maps/7429_0905131019X.swf
	deleted:    data/maps/742_0706131721X.swf
	deleted:    data/maps/7430_0905131019X.swf
	deleted:    data/maps/7431_0905131019X.swf
	deleted:    data/maps/7432_0706131721X.swf
	deleted:    data/maps/7433_0706131721X.swf
	deleted:    data/maps/7434_0804301427X.swf
	deleted:    data/maps/7435_0706131721X.swf
	deleted:    data/maps/7436_0706131721X.swf
	deleted:    data/maps/7437_0706131721X.swf
	deleted:    data/maps/7438_0706131721X.swf
	deleted:    data/maps/7440_0706131721X.swf
	deleted:    data/maps/7441_0905131019X.swf
	deleted:    data/maps/7442_0908261117X.swf
	deleted:    data/maps/7443_0905131019X.swf
	deleted:    data/maps/7444_0905131019X.swf
	deleted:    data/maps/7445_0905131019X.swf
	deleted:    data/maps/7446_0908261116X.swf
	deleted:    data/maps/7447_0905131019X.swf
	deleted:    data/maps/7448_0706131721X.swf
	deleted:    data/maps/7449_0706131721X.swf
	deleted:    data/maps/744_0901281609X.swf
	deleted:    data/maps/7450_0904141024X.swf
	deleted:    data/maps/7451_0805191153X.swf
	deleted:    data/maps/7452_0706131721X.swf
	deleted:    data/maps/7453_0810270907X.swf
	deleted:    data/maps/7454_0706131721X.swf
	deleted:    data/maps/7455_0706131721X.swf
	deleted:    data/maps/7456_0706131721X.swf
	deleted:    data/maps/7457_0905131019X.swf
	deleted:    data/maps/7458_0905131019X.swf
	deleted:    data/maps/7459_0905131019X.swf
	deleted:    data/maps/745_0706131721X.swf
	deleted:    data/maps/7460_0905131019X.swf
	deleted:    data/maps/7461_0905131019X.swf
	deleted:    data/maps/7462_0905131019X.swf
	deleted:    data/maps/7463_0905131019X.swf
	deleted:    data/maps/7464_0706141524X.swf
	deleted:    data/maps/7468_0810300939X.swf
	deleted:    data/maps/7469_0706131721X.swf
	deleted:    data/maps/7470_0806231056X.swf
	deleted:    data/maps/7471_0706131721X.swf
	deleted:    data/maps/7472_0706131721X.swf
	deleted:    data/maps/7473_0706131721X.swf
	deleted:    data/maps/7474_0706131721X.swf
	deleted:    data/maps/747_0706131721X.swf
	deleted:    data/maps/7485_0706131721X.swf
	deleted:    data/maps/7486_0706131721X.swf
	deleted:    data/maps/7487_0706131721X.swf
	deleted:    data/maps/7488_0706131721X.swf
	deleted:    data/maps/7489_0706131721X.swf
	deleted:    data/maps/748_0901261412X.swf
	deleted:    data/maps/749_0903160941X.swf
	deleted:    data/maps/7501_0905131019X.swf
	deleted:    data/maps/750_0902260915X.swf
	deleted:    data/maps/7510_0905131019X.swf
	deleted:    data/maps/7511_0905131019X.swf
	deleted:    data/maps/7512_0905131019X.swf
	deleted:    data/maps/7513_0905131019X.swf
	deleted:    data/maps/7514_0905131019X.swf
	deleted:    data/maps/7515_0905131019X.swf
	deleted:    data/maps/7516_0905131019X.swf
	deleted:    data/maps/7518_0912161019X.swf
	deleted:    data/maps/7519_0912161019X.swf
	deleted:    data/maps/751_0706131721X.swf
	deleted:    data/maps/7520_0912161019X.swf
	deleted:    data/maps/7521_0912161019X.swf
	deleted:    data/maps/7522_0912161019X.swf
	deleted:    data/maps/7523_0912161018X.swf
	deleted:    data/maps/7524_0912161020X.swf
	deleted:    data/maps/7525_0912161020X.swf
	deleted:    data/maps/7526_0912161020X.swf
	deleted:    data/maps/7527_0905131019X.swf
	deleted:    data/maps/7528_0911271754X.swf
	deleted:    data/maps/7529_0905131019X.swf
	deleted:    data/maps/752_0904151433X.swf
	deleted:    data/maps/7530_0912161020X.swf
	deleted:    data/maps/7531_0912161020X.swf
	deleted:    data/maps/7532_0912161021X.swf
	deleted:    data/maps/7533_0912161021X.swf
	deleted:    data/maps/7534_0912161021X.swf
	deleted:    data/maps/7535_0912161021X.swf
	deleted:    data/maps/7536_0912161021X.swf
	deleted:    data/maps/7537_0912161022X.swf
	deleted:    data/maps/7538_0912161022X.swf
	deleted:    data/maps/7539_0912161022X.swf
	deleted:    data/maps/753_0901271629X.swf
	deleted:    data/maps/7543_1001051731X.swf
	deleted:    data/maps/7544_0905131019X.swf
	deleted:    data/maps/7545_0908261120X.swf
	deleted:    data/maps/7546_0905131019X.swf
	deleted:    data/maps/7547_0905131019X.swf
	deleted:    data/maps/7548_0905131019X.swf
	deleted:    data/maps/7549_0706131721X.swf
	deleted:    data/maps/754_0706131721X.swf
	deleted:    data/maps/7550_0905131019X.swf
	deleted:    data/maps/7551_0905131019X.swf
	deleted:    data/maps/7552_0905131019X.swf
	deleted:    data/maps/7553_0905131019X.swf
	deleted:    data/maps/7554_0905131019X.swf
	deleted:    data/maps/7555_0905131019X.swf
	deleted:    data/maps/7556_0903160854X.swf
	deleted:    data/maps/7557_0706131721X.swf
	deleted:    data/maps/7558_0706131721X.swf
	deleted:    data/maps/7559_0706131721X.swf
	deleted:    data/maps/755_0711211450X.swf
	deleted:    data/maps/7560_0706131721X.swf
	deleted:    data/maps/7561_0706131721X.swf
	deleted:    data/maps/7562_0706131721X.swf
	deleted:    data/maps/7563_0706131721X.swf
	deleted:    data/maps/7564_0706131721X.swf
	deleted:    data/maps/7565_0706131721X.swf
	deleted:    data/maps/7566_0706131721X.swf
	deleted:    data/maps/7568_0706131721X.swf
	deleted:    data/maps/7569_0903161438X.swf
	deleted:    data/maps/7571_0810021014X.swf
	deleted:    data/maps/7572_0905131019X.swf
	deleted:    data/maps/7573_0808281607X.swf
	deleted:    data/maps/7574_0905131019X.swf
	deleted:    data/maps/7575_0706131721X.swf
	deleted:    data/maps/7576_0905131019X.swf
	deleted:    data/maps/7577_0905131019X.swf
	deleted:    data/maps/757_0706131721X.swf
	deleted:    data/maps/7580_0905131019X.swf
	deleted:    data/maps/7581_0905131019X.swf
	deleted:    data/maps/7582_0905131019X.swf
	deleted:    data/maps/7583_0905131019X.swf
	deleted:    data/maps/7584_0905131019X.swf
	deleted:    data/maps/7596_0905131019X.swf
	deleted:    data/maps/7598_0904021356X.swf
	deleted:    data/maps/7599_0706131721X.swf
	deleted:    data/maps/7600_0706131721X.swf
	deleted:    data/maps/7601_0901300916X.swf
	deleted:    data/maps/7602_0905131019X.swf
	deleted:    data/maps/7603_0706131721X.swf
	deleted:    data/maps/7604_0706131721X.swf
	deleted:    data/maps/7605_0706131721X.swf
	deleted:    data/maps/7606_0905131019X.swf
	deleted:    data/maps/7607_0706131721X.swf
	deleted:    data/maps/7608_0706131721X.swf
	deleted:    data/maps/7609_0706131721X.swf
	deleted:    data/maps/7610_0706131721X.swf
	deleted:    data/maps/7611_0706131721X.swf
	deleted:    data/maps/7612_0706131721X.swf
	deleted:    data/maps/7613_0706131721X.swf
	deleted:    data/maps/7614_0905131019X.swf
	deleted:    data/maps/7615_0905131019X.swf
	deleted:    data/maps/7616_0905131019X.swf
	deleted:    data/maps/7617_0905131019X.swf
	deleted:    data/maps/7618_0905131019X.swf
	deleted:    data/maps/7619_0905131019X.swf
	deleted:    data/maps/761_0706131721X.swf
	deleted:    data/maps/7620_0905131019X.swf
	deleted:    data/maps/7621_0905131019X.swf
	deleted:    data/maps/7622_0905131019X.swf
	deleted:    data/maps/7623_0905131019X.swf
	deleted:    data/maps/7624_0905131019X.swf
	deleted:    data/maps/7625_0905131019X.swf
	deleted:    data/maps/7626_0905131019X.swf
	deleted:    data/maps/7627_0905131019X.swf
	deleted:    data/maps/7628_0905131019X.swf
	deleted:    data/maps/7629_0905131019X.swf
	deleted:    data/maps/7630_0905131019X.swf
	deleted:    data/maps/7631_0905131019X.swf
	deleted:    data/maps/7632_0905131019X.swf
	deleted:    data/maps/7633_0905131019X.swf
	deleted:    data/maps/7634_0905131019X.swf
	deleted:    data/maps/7635_0905131019X.swf
	deleted:    data/maps/7636_0905131019X.swf
	deleted:    data/maps/7637_2110291145X.swf
	deleted:    data/maps/7638_0905131019X.swf
	deleted:    data/maps/7639_0905131019X.swf
	deleted:    data/maps/763_0706131721X.swf
	deleted:    data/maps/7640_0905131019X.swf
	deleted:    data/maps/7641_0905131019X.swf
	deleted:    data/maps/7642_0905131019X.swf
	deleted:    data/maps/7643_0905131019X.swf
	deleted:    data/maps/7644_2110291145X.swf
	deleted:    data/maps/7645_0905131019X.swf
	deleted:    data/maps/7646_0905131019X.swf
	deleted:    data/maps/7647_0905131019X.swf
	deleted:    data/maps/7648_2110291145X.swf
	deleted:    data/maps/7649_0905131019X.swf
	deleted:    data/maps/7650_0905131019X.swf
	deleted:    data/maps/7651_0905131019X.swf
	deleted:    data/maps/7652_0905131019X.swf
	deleted:    data/maps/7653_2110291145X.swf
	deleted:    data/maps/7654_0905131019X.swf
	deleted:    data/maps/7655_0905131019X.swf
	deleted:    data/maps/7656_0905131019X.swf
	deleted:    data/maps/7657_0905131019X.swf
	deleted:    data/maps/7658_0905131019X.swf
	deleted:    data/maps/7659_0905131019X.swf
	deleted:    data/maps/765_0706131721X.swf
	deleted:    data/maps/7660_0905131019X.swf
	deleted:    data/maps/7661_0905131019X.swf
	deleted:    data/maps/7662_0905131019X.swf
	deleted:    data/maps/7663_0905131019X.swf
	deleted:    data/maps/7664_0905131019X.swf
	deleted:    data/maps/7665_0905131019X.swf
	deleted:    data/maps/7666_2110291145X.swf
	deleted:    data/maps/7667_0905131019X.swf
	deleted:    data/maps/7668_0905131019X.swf
	deleted:    data/maps/7669_0905131019X.swf
	deleted:    data/maps/766_0706131721X.swf
	deleted:    data/maps/7670_0905131019X.swf
	deleted:    data/maps/7671_0905131019X.swf
	deleted:    data/maps/7672_0905131019X.swf
	deleted:    data/maps/7673_0905131019X.swf
	deleted:    data/maps/7674_0905131019X.swf
	deleted:    data/maps/7675_0905131019X.swf
	deleted:    data/maps/7676_0905131019X.swf
	deleted:    data/maps/7677_0905131019X.swf
	deleted:    data/maps/7678_0905131019X.swf
	deleted:    data/maps/7679_0905131019X.swf
	deleted:    data/maps/7680_0905131019X.swf
	deleted:    data/maps/7681_0905131019X.swf
	deleted:    data/maps/7682_0905131019X.swf
	deleted:    data/maps/7683_0905131019X.swf
	deleted:    data/maps/7684_0905131019X.swf
	deleted:    data/maps/7685_0905131019X.swf
	deleted:    data/maps/7686_0905131019X.swf
	deleted:    data/maps/7687_0905131019X.swf
	deleted:    data/maps/7688_0905131019X.swf
	deleted:    data/maps/7689_0905131019X.swf
	deleted:    data/maps/7690_0905131019X.swf
	deleted:    data/maps/7691_0905131019X.swf
	deleted:    data/maps/7692_0905131019X.swf
	deleted:    data/maps/7693_2110291145X.swf
	deleted:    data/maps/7694_0905131019X.swf
	deleted:    data/maps/7695_2110291145X.swf
	deleted:    data/maps/7696_0905131019X.swf
	deleted:    data/maps/7697_0905131019X.swf
	deleted:    data/maps/7698_2110291145X.swf
	deleted:    data/maps/7699_0905131019X.swf
	deleted:    data/maps/7700_0905131019X.swf
	deleted:    data/maps/7701_0905131019X.swf
	deleted:    data/maps/7702_0905131019X.swf
	deleted:    data/maps/7703_0905131019X.swf
	deleted:    data/maps/7704_0903120843X.swf
	deleted:    data/maps/7705_0706131721X.swf
	deleted:    data/maps/7707_0905131019X.swf
	deleted:    data/maps/7708_0905131019X.swf
	deleted:    data/maps/7709_0905131019X.swf
	deleted:    data/maps/7710_0905131019X.swf
	deleted:    data/maps/7711_0905131019X.swf
	deleted:    data/maps/7712_0905131019X.swf
	deleted:    data/maps/7713_0905131019X.swf
	deleted:    data/maps/7714_0905131019X.swf
	deleted:    data/maps/7715_0905131019X.swf
	deleted:    data/maps/7716_0905131019X.swf
	deleted:    data/maps/7717_0905131019X.swf
	deleted:    data/maps/7718_0905131019X.swf
	deleted:    data/maps/7719_0905131019X.swf
	deleted:    data/maps/771_0706131721X.swf
	deleted:    data/maps/7720_0905131019X.swf
	deleted:    data/maps/7721_0905131019X.swf
	deleted:    data/maps/7722_0905131019X.swf
	deleted:    data/maps/7723_0905131019X.swf
	deleted:    data/maps/7724_0905131019X.swf
	deleted:    data/maps/7725_0905131019X.swf
	deleted:    data/maps/7726_0905131019X.swf
	deleted:    data/maps/7727_0905131019X.swf
	deleted:    data/maps/7728_0905131019X.swf
	deleted:    data/maps/7729_0905131019X.swf
	deleted:    data/maps/7730_2110291145X.swf
	deleted:    data/maps/7731_0905131019X.swf
	deleted:    data/maps/7732_0905131019X.swf
	deleted:    data/maps/7733_0905131019X.swf
	deleted:    data/maps/7734_0905131019X.swf
	deleted:    data/maps/7735_0905131019X.swf
	deleted:    data/maps/7736_2110291145X.swf
	deleted:    data/maps/7737_0801141448X.swf
	deleted:    data/maps/7738_0801181126X.swf
	deleted:    data/maps/7739_0801141437X.swf
	deleted:    data/maps/7740_0905131019X.swf
	deleted:    data/maps/7741_0905131019X.swf
	deleted:    data/maps/7742_0905131019X.swf
	deleted:    data/maps/7743_2110291145X.swf
	deleted:    data/maps/7744_0905131019X.swf
	deleted:    data/maps/7745_0905131019X.swf
	deleted:    data/maps/7746_0905131019X.swf
	deleted:    data/maps/7749_2110291145X.swf
	deleted:    data/maps/7750_0905131019X.swf
	deleted:    data/maps/7751_0905131019X.swf
	deleted:    data/maps/7752_0905131019X.swf
	deleted:    data/maps/7753_0905131019X.swf
	deleted:    data/maps/7754_0905131019X.swf
	deleted:    data/maps/7755_0905131019X.swf
	deleted:    data/maps/7756_0905131019X.swf
	deleted:    data/maps/7757_0905131019X.swf
	deleted:    data/maps/7758_2110291145X.swf
	deleted:    data/maps/7759_0905131019X.swf
	deleted:    data/maps/7760_0905131019X.swf
	deleted:    data/maps/7761_0706131721X.swf
	deleted:    data/maps/7762_0706131721X.swf
	deleted:    data/maps/7763_0706131721X.swf
	deleted:    data/maps/7764_0706131721X.swf
	deleted:    data/maps/7765_0810281525X.swf
	deleted:    data/maps/7766_0706131721X.swf
	deleted:    data/maps/7767_0902031522X.swf
	deleted:    data/maps/7768_0706131721X.swf
	deleted:    data/maps/7770_0706131721X.swf
	deleted:    data/maps/7771_0706131721X.swf
	deleted:    data/maps/7772_0706141524X.swf
	deleted:    data/maps/7773_0706131721X.swf
	deleted:    data/maps/7774_0706131721X.swf
	deleted:    data/maps/7775_0706131721X.swf
	deleted:    data/maps/7776_0706131721X.swf
	deleted:    data/maps/7777_0706131721X.swf
	deleted:    data/maps/7778_0905131019X.swf
	deleted:    data/maps/7779_0905131019X.swf
	deleted:    data/maps/7780_0706131721X.swf
	deleted:    data/maps/7781_0706131721X.swf
	deleted:    data/maps/7782_0706131721X.swf
	deleted:    data/maps/7784_0706131721X.swf
	deleted:    data/maps/7785_0706131721X.swf
	deleted:    data/maps/7786_0706131721X.swf
	deleted:    data/maps/7787_0706131721X.swf
	deleted:    data/maps/7788_0706131721X.swf
	deleted:    data/maps/7789_0706131721X.swf
	deleted:    data/maps/7790_0706131721X.swf
	deleted:    data/maps/7791_0706131721X.swf
	deleted:    data/maps/7792_0706131721X.swf
	deleted:    data/maps/7793_0907281007X.swf
	deleted:    data/maps/7794_0706131721X.swf
	deleted:    data/maps/7795_0706131721X.swf
	deleted:    data/maps/7796_0706131721X.swf
	deleted:    data/maps/7798_0706131721X.swf
	deleted:    data/maps/7799_0706131721X.swf
	deleted:    data/maps/7800_0706131721X.swf
	deleted:    data/maps/7801_0706131721X.swf
	deleted:    data/maps/7802_0706131721X.swf
	deleted:    data/maps/7804_0706131721X.swf
	deleted:    data/maps/7805_0706131721X.swf
	deleted:    data/maps/7806_0706131721X.swf
	deleted:    data/maps/7807_0706131721X.swf
	deleted:    data/maps/7809_0706131721X.swf
	deleted:    data/maps/7810_0706131721X.swf
	deleted:    data/maps/7811_0806241733X.swf
	deleted:    data/maps/7812_0706131721X.swf
	deleted:    data/maps/7829_0706131721X.swf
	deleted:    data/maps/7830_0805231744X.swf
	deleted:    data/maps/7831_0805231741X.swf
	deleted:    data/maps/7832_0706131721X.swf
	deleted:    data/maps/7833_0706131721X.swf
	deleted:    data/maps/7834_0902111649X.swf
	deleted:    data/maps/7835_0706131721X.swf
	deleted:    data/maps/7836_0706131721X.swf
	deleted:    data/maps/7837_0805231749X.swf
	deleted:    data/maps/7838_0706131721X.swf
	deleted:    data/maps/7839_0706131721X.swf
	deleted:    data/maps/783_0706131721X.swf
	deleted:    data/maps/7840_0805231745X.swf
	deleted:    data/maps/7841_0706131721X.swf
	deleted:    data/maps/7842_0805231743X.swf
	deleted:    data/maps/7843_0805231743X.swf
	deleted:    data/maps/7844_0805231748X.swf
	deleted:    data/maps/7845_0805231746X.swf
	deleted:    data/maps/7846_0706131721X.swf
	deleted:    data/maps/7847_0706131721X.swf
	deleted:    data/maps/784_0909031705X.swf
	deleted:    data/maps/7850_0805231747X.swf
	deleted:    data/maps/7851_0805231748X.swf
	deleted:    data/maps/7852_0805231750X.swf
	deleted:    data/maps/7853_0706131721X.swf
	deleted:    data/maps/7855_0706131721X.swf
	deleted:    data/maps/7856_0811241446X.swf
	deleted:    data/maps/7857_0706131721X.swf
	deleted:    data/maps/7858_0706131721X.swf
	deleted:    data/maps/785_0805281459X.swf
	deleted:    data/maps/7882_0706131721X.swf
	deleted:    data/maps/7883_0706131721X.swf
	deleted:    data/maps/7884_0706131721X.swf
	deleted:    data/maps/7885_0706131721X.swf
	deleted:    data/maps/7891_0709181625X.swf
	deleted:    data/maps/7892_0706131721X.swf
	deleted:    data/maps/7893_0706131721X.swf
	deleted:    data/maps/7895_0709181645X.swf
	deleted:    data/maps/7896_0706131721X.swf
	deleted:    data/maps/7897_0708031853X.swf
	deleted:    data/maps/7898_0706191126X.swf
	deleted:    data/maps/7899_0903120941X.swf
	deleted:    data/maps/7900_0709181624X.swf
	deleted:    data/maps/7901_0706131721X.swf
	deleted:    data/maps/7902_0710311745X.swf
	deleted:    data/maps/7903_0810201740X.swf
	deleted:    data/maps/7904_0706131721X.swf
	deleted:    data/maps/7905_0810201746X.swf
	deleted:    data/maps/7906_0810171754X.swf
	deleted:    data/maps/7907_0810171754X.swf
	deleted:    data/maps/7908_0706131721X.swf
	deleted:    data/maps/7909_0706131721X.swf
	deleted:    data/maps/7910_0810201739X.swf
	deleted:    data/maps/7911_0706131721X.swf
	deleted:    data/maps/7912_0706131721X.swf
	deleted:    data/maps/7913_0706131721X.swf
	deleted:    data/maps/7914_0706131721X.swf
	deleted:    data/maps/7915_0810171753X.swf
	deleted:    data/maps/7916_0709191729X.swf
	deleted:    data/maps/7917_0810201203X.swf
	deleted:    data/maps/7918_0706131721X.swf
	deleted:    data/maps/7919_0706131721X.swf
	deleted:    data/maps/7920_0810171752X.swf
	deleted:    data/maps/7921_0706131721X.swf
	deleted:    data/maps/7922_0706131721X.swf
	deleted:    data/maps/7923_0709101231X.swf
	deleted:    data/maps/7924_0706131721X.swf
	deleted:    data/maps/7925_0810171751X.swf
	deleted:    data/maps/7926_0706131721X.swf
	deleted:    data/maps/7927_0706131721X.swf
	deleted:    data/maps/7928_0709130958X.swf
	deleted:    data/maps/7929_0810201736X.swf
	deleted:    data/maps/7930_0810171751X.swf
	deleted:    data/maps/7931_0810171750X.swf
	deleted:    data/maps/7932_0706131721X.swf
	deleted:    data/maps/7935_0706131721X.swf
	deleted:    data/maps/7936_0706131721X.swf
	deleted:    data/maps/7937_0706131721X.swf
	deleted:    data/maps/7941_0706131721X.swf
	deleted:    data/maps/7942_0707241407X.swf
	deleted:    data/maps/7943_0706141524X.swf
	deleted:    data/maps/7944_0706131721X.swf
	deleted:    data/maps/7945_0706131721X.swf
	deleted:    data/maps/7946_0706131721X.swf
	deleted:    data/maps/7947_0706131721X.swf
	deleted:    data/maps/7948_0706131721X.swf
	deleted:    data/maps/7949_0706131721X.swf
	deleted:    data/maps/7950_0706131721X.swf
	deleted:    data/maps/7951_0708281133X.swf
	deleted:    data/maps/7952_0706131721X.swf
	deleted:    data/maps/7953_0706131721X.swf
	deleted:    data/maps/7954_0706141524X.swf
	deleted:    data/maps/7956_0706131721X.swf
	deleted:    data/maps/7957_0706131721X.swf
	deleted:    data/maps/7958_0706131721X.swf
	deleted:    data/maps/7959_0706131721X.swf
	deleted:    data/maps/7960_0706131721X.swf
	deleted:    data/maps/7961_0707201044X.swf
	deleted:    data/maps/7962_0706131721X.swf
	deleted:    data/maps/7963_0706131721X.swf
	deleted:    data/maps/7964_0706131721X.swf
	deleted:    data/maps/7965_0706131721X.swf
	deleted:    data/maps/7966_0810201752X.swf
	deleted:    data/maps/7967_0706131721X.swf
	deleted:    data/maps/7968_0810201755X.swf
	deleted:    data/maps/7969_0706131721X.swf
	deleted:    data/maps/7970_0810171756X.swf
	deleted:    data/maps/7971_0706131721X.swf
	deleted:    data/maps/7972_0706131721X.swf
	deleted:    data/maps/7973_0706131721X.swf
	deleted:    data/maps/7974_0706131721X.swf
	deleted:    data/maps/7975_0810171757X.swf
	deleted:    data/maps/7976_0810201750X.swf
	deleted:    data/maps/7977_0706131721X.swf
	deleted:    data/maps/7978_0706131721X.swf
	deleted:    data/maps/7979_0706131721X.swf
	deleted:    data/maps/797_0805281459X.swf
	deleted:    data/maps/7980_0706131721X.swf
	deleted:    data/maps/7981_0706131721X.swf
	deleted:    data/maps/7982_0706131721X.swf
	deleted:    data/maps/7983_0706131721X.swf
	deleted:    data/maps/7984_0706131721X.swf
	deleted:    data/maps/7985_0903120845X.swf
	deleted:    data/maps/7986_0706131721X.swf
	deleted:    data/maps/7987_0706131721X.swf
	deleted:    data/maps/7988_0706131721X.swf
	deleted:    data/maps/7989_0706131721X.swf
	deleted:    data/maps/798_0706131721X.swf
	deleted:    data/maps/7990_0706131721X.swf
	deleted:    data/maps/7991_0810171758X.swf
	deleted:    data/maps/7992_0706131721X.swf
	deleted:    data/maps/7993_0706131721X.swf
	deleted:    data/maps/7994_0706131721X.swf
	deleted:    data/maps/7995_0706131721X.swf
	deleted:    data/maps/7998_0706131721X.swf
	deleted:    data/maps/7999_0706131721X.swf
	deleted:    data/maps/7_0706131721X.swf
	deleted:    data/maps/8000_0706131721X.swf
	deleted:    data/maps/8001_0706131721X.swf
	deleted:    data/maps/8002_0706131721X.swf
	deleted:    data/maps/8003_0706131721X.swf
	deleted:    data/maps/8004_0810171758X.swf
	deleted:    data/maps/8005_0810171759X.swf
	deleted:    data/maps/8007_0706131721X.swf
	deleted:    data/maps/800_0805281408X.swf
	deleted:    data/maps/8011_0706131721X.swf
	deleted:    data/maps/8012_0706131721X.swf
	deleted:    data/maps/8014_0706131721X.swf
	deleted:    data/maps/8015_0706131721X.swf
	deleted:    data/maps/8016_0706131721X.swf
	deleted:    data/maps/8017_0810171759X.swf
	deleted:    data/maps/8018_0706131721X.swf
	deleted:    data/maps/8019_0706131721X.swf
	deleted:    data/maps/801_0805281409X.swf
	deleted:    data/maps/8020_0706131721X.swf
	deleted:    data/maps/8024_0706131721X.swf
	deleted:    data/maps/8025_0706131721X.swf
	deleted:    data/maps/8026_0706131721X.swf
	deleted:    data/maps/8027_0706131721X.swf
	deleted:    data/maps/8028_0706131721X.swf
	deleted:    data/maps/8029_0810171801X.swf
	deleted:    data/maps/802_0706131721X.swf
	deleted:    data/maps/8030_0706131721X.swf
	deleted:    data/maps/8031_0706131721X.swf
	deleted:    data/maps/8032_0706131721X.swf
	deleted:    data/maps/8033_0706131721X.swf
	deleted:    data/maps/8034_0706131721X.swf
	deleted:    data/maps/8035_0908261122X.swf
	deleted:    data/maps/8036_0706131721X.swf
	deleted:    data/maps/8037_0706131721X.swf
	deleted:    data/maps/8038_0706141524X.swf
	deleted:    data/maps/8039_0706131721X.swf
	deleted:    data/maps/803_0706131721X.swf
	deleted:    data/maps/8040_0706131721X.swf
	deleted:    data/maps/8041_0706131721X.swf
	deleted:    data/maps/8042_0706131721X.swf
	deleted:    data/maps/8043_0706131721X.swf
	deleted:    data/maps/8044_0706131721X.swf
	deleted:    data/maps/8045_0706131721X.swf
	deleted:    data/maps/8046_0706131721X.swf
	deleted:    data/maps/8047_0810201736X.swf
	deleted:    data/maps/8048_0706131721X.swf
	deleted:    data/maps/8049_0810171747X.swf
	deleted:    data/maps/804_0706131721X.swf
	deleted:    data/maps/8050_0810171735X.swf
	deleted:    data/maps/8051_0706131721X.swf
	deleted:    data/maps/8052_0810171747X.swf
	deleted:    data/maps/8053_0706131721X.swf
	deleted:    data/maps/8054_0805271721X.swf
	deleted:    data/maps/8055_0706131721X.swf
	deleted:    data/maps/8056_0810171801X.swf
	deleted:    data/maps/8057_0706131721X.swf
	deleted:    data/maps/8058_0706131721X.swf
	deleted:    data/maps/8059_0706131721X.swf
	deleted:    data/maps/8060_0810171749X.swf
	deleted:    data/maps/8061_0706131721X.swf
	deleted:    data/maps/8062_0706131721X.swf
	deleted:    data/maps/8063_0706131721X.swf
	deleted:    data/maps/8064_0706131721X.swf
	deleted:    data/maps/8065_0706131721X.swf
	deleted:    data/maps/8066_0706131721X.swf
	deleted:    data/maps/8067_0706131721X.swf
	deleted:    data/maps/8068_0706131721X.swf
	deleted:    data/maps/8069_0810201749X.swf
	deleted:    data/maps/8070_0810201749X.swf
	deleted:    data/maps/8073_0706131721X.swf
	deleted:    data/maps/8074_0707300908X.swf
	deleted:    data/maps/8075_0709181621X.swf
	deleted:    data/maps/8076_0709181633X.swf
	deleted:    data/maps/8077_0709181642X.swf
	deleted:    data/maps/8078_0709181622X.swf
	deleted:    data/maps/8079_0706131721X.swf
	deleted:    data/maps/8080_0706131721X.swf
	deleted:    data/maps/8081_0706131721X.swf
	deleted:    data/maps/8082_0706131721X.swf
	deleted:    data/maps/8086_0707241228X.swf
	deleted:    data/maps/8087_0709181623X.swf
	deleted:    data/maps/8088_0709181634X.swf
	deleted:    data/maps/8089_0706131721X.swf
	deleted:    data/maps/808_0706131721X.swf
	deleted:    data/maps/8090_0709181644X.swf
	deleted:    data/maps/8091_0901091559X.swf
	deleted:    data/maps/8092_0709181634X.swf
	deleted:    data/maps/8093_0706131721X.swf
	deleted:    data/maps/8094_0706131721X.swf
	deleted:    data/maps/809_0908061045X.swf
	deleted:    data/maps/8109_0706131721X.swf
	deleted:    data/maps/810_0706131721X.swf
	deleted:    data/maps/8115_0709181631X.swf
	deleted:    data/maps/8116_0709181639X.swf
	deleted:    data/maps/8117_0706131721X.swf
	deleted:    data/maps/8120_0706131721X.swf
	deleted:    data/maps/8121_0709181640X.swf
	deleted:    data/maps/8122_0903120937X.swf
	deleted:    data/maps/8123_0709181632X.swf
	deleted:    data/maps/8124_0709181620X.swf
	deleted:    data/maps/8125_0709181618X.swf
	deleted:    data/maps/8127_0706131721X.swf
	deleted:    data/maps/8128_0706131721X.swf
	deleted:    data/maps/8129_0901221502X.swf
	deleted:    data/maps/812_0706131721X.swf
	deleted:    data/maps/8130_0706131721X.swf
	deleted:    data/maps/8131_0706131721X.swf
	deleted:    data/maps/8134_0706131721X.swf
	deleted:    data/maps/8135_0706131721X.swf
	deleted:    data/maps/8136_0901071701X.swf
	deleted:    data/maps/8137_0901071705X.swf
	deleted:    data/maps/8139_0706131721X.swf
	deleted:    data/maps/813_0805281411X.swf
	deleted:    data/maps/8141_0706131721X.swf
	deleted:    data/maps/8142_0706131721X.swf
	deleted:    data/maps/8143_0706141524X.swf
	deleted:    data/maps/8144_0807250933X.swf
	deleted:    data/maps/8145_0706131721X.swf
	deleted:    data/maps/814_0805281411X.swf
	deleted:    data/maps/8150_0709181628X.swf
	deleted:    data/maps/8151_0706131721X.swf
	deleted:    data/maps/8152_0709201750X.swf
	deleted:    data/maps/8153_0709181630X.swf
	deleted:    data/maps/8154_0706131721X.swf
	deleted:    data/maps/8155_0707021412X.swf
	deleted:    data/maps/8157_0902171654X.swf
	deleted:    data/maps/8158_0907151356X.swf
	deleted:    data/maps/8159_0709181639X.swf
	deleted:    data/maps/815_0706131721X.swf
	deleted:    data/maps/8160_0902171154X.swf
	deleted:    data/maps/8161_0709181611X.swf
	deleted:    data/maps/8162_0706131721X.swf
	deleted:    data/maps/8163_0706131721X.swf
	deleted:    data/maps/8164_0706141524X.swf
	deleted:    data/maps/8165_0706131721X.swf
	deleted:    data/maps/8166_0706131721X.swf
	deleted:    data/maps/8167_0907151356X.swf
	deleted:    data/maps/8168_0706131721X.swf
	deleted:    data/maps/8169_0706131721X.swf
	deleted:    data/maps/816_0805281422X.swf
	deleted:    data/maps/8170_0709181616X.swf
	deleted:    data/maps/8171_0709181614X.swf
	deleted:    data/maps/8172_0709181630X.swf
	deleted:    data/maps/8173_0706131721X.swf
	deleted:    data/maps/8174_0706131721X.swf
	deleted:    data/maps/8175_0706131721X.swf
	deleted:    data/maps/8176_0706131721X.swf
	deleted:    data/maps/8177_0706131721X.swf
	deleted:    data/maps/8179_0706131721X.swf
	deleted:    data/maps/817_0706131721X.swf
	deleted:    data/maps/8180_0706131721X.swf
	deleted:    data/maps/8181_0706131721X.swf
	deleted:    data/maps/8182_0706131721X.swf
	deleted:    data/maps/8184_0706131721X.swf
	deleted:    data/maps/8185_0706131721X.swf
	deleted:    data/maps/8186_0706131721X.swf
	deleted:    data/maps/8187_0706131721X.swf
	deleted:    data/maps/818_0706131721X.swf
	deleted:    data/maps/8195_0811181640X.swf
	deleted:    data/maps/8196_0903120840X.swf
	deleted:    data/maps/8199_0706131721X.swf
	deleted:    data/maps/819_0706131721X.swf
	deleted:    data/maps/8200_0905271039X.swf
	deleted:    data/maps/8201_0706131721X.swf
	deleted:    data/maps/8202_0709181629X.swf
	deleted:    data/maps/8203_0706131721X.swf
	deleted:    data/maps/8204_0709141307X.swf
	deleted:    data/maps/8205_0709141312X.swf
	deleted:    data/maps/8206_0710050924X.swf
	deleted:    data/maps/8207_0706131721X.swf
	deleted:    data/maps/8208_0706131721X.swf
	deleted:    data/maps/8209_0902171624X.swf
	deleted:    data/maps/8210_0706131721X.swf
	deleted:    data/maps/8211_0706131721X.swf
	deleted:    data/maps/8212_0706131721X.swf
	deleted:    data/maps/8213_0706131721X.swf
	deleted:    data/maps/8214_0706131721X.swf
	deleted:    data/maps/8215_0706131721X.swf
	deleted:    data/maps/8216_0706131721X.swf
	deleted:    data/maps/8217_0706131721X.swf
	deleted:    data/maps/8218_0706131721X.swf
	deleted:    data/maps/8219_0706131721X.swf
	deleted:    data/maps/821_0706131721X.swf
	deleted:    data/maps/8221_0706131721X.swf
	deleted:    data/maps/8223_0706141524X.swf
	deleted:    data/maps/8224_0706131721X.swf
	deleted:    data/maps/8225_0706131721X.swf
	deleted:    data/maps/8226_0706131721X.swf
	deleted:    data/maps/8227_0706131721X.swf
	deleted:    data/maps/8228_0706131721X.swf
	deleted:    data/maps/8229_0706131721X.swf
	deleted:    data/maps/822_0908061044X.swf
	deleted:    data/maps/8230_0706131721X.swf
	deleted:    data/maps/8231_0706131721X.swf
	deleted:    data/maps/8232_0706131721X.swf
	deleted:    data/maps/8233_0706131721X.swf
	deleted:    data/maps/8234_0706131721X.swf
	deleted:    data/maps/8235_0706131721X.swf
	deleted:    data/maps/8236_0706131721X.swf
	deleted:    data/maps/8237_0810201747X.swf
	deleted:    data/maps/8238_0706131721X.swf
	deleted:    data/maps/8239_0706131721X.swf
	deleted:    data/maps/823_0706131721X.swf
	deleted:    data/maps/8240_0707241407X.swf
	deleted:    data/maps/8241_0706131721X.swf
	deleted:    data/maps/8242_0706131721X.swf
	deleted:    data/maps/8243_0706131721X.swf
	deleted:    data/maps/8244_0901201202X.swf
	deleted:    data/maps/8245_0706131721X.swf
	deleted:    data/maps/8246_0706131721X.swf
	deleted:    data/maps/8247_0706131721X.swf
	deleted:    data/maps/8248_0706131721X.swf
	deleted:    data/maps/8249_0706131721X.swf
	deleted:    data/maps/8250_0706131721X.swf
	deleted:    data/maps/8251_0706131721X.swf
	deleted:    data/maps/8252_0706131721X.swf
	deleted:    data/maps/8253_0706131721X.swf
	deleted:    data/maps/8254_0706131721X.swf
	deleted:    data/maps/8255_0706131721X.swf
	deleted:    data/maps/8256_0706131721X.swf
	deleted:    data/maps/8257_0706131721X.swf
	deleted:    data/maps/8258_0706131721X.swf
	deleted:    data/maps/825_0706131721X.swf
	deleted:    data/maps/8260_0706131721X.swf
	deleted:    data/maps/8261_0711230924X.swf
	deleted:    data/maps/8262_0804021212X.swf
	deleted:    data/maps/8263_0706131721X.swf
	deleted:    data/maps/8265_0706131721X.swf
	deleted:    data/maps/8266_0901071737X.swf
	deleted:    data/maps/8268_0706131721X.swf
	deleted:    data/maps/8269_0706131721X.swf
	deleted:    data/maps/826_0706131721X.swf
	deleted:    data/maps/8271_0706131721X.swf
	deleted:    data/maps/8272_0706131721X.swf
	deleted:    data/maps/8273_0706131721X.swf
	deleted:    data/maps/8274_0706131721X.swf
	deleted:    data/maps/8275_0706131721X.swf
	deleted:    data/maps/8276_0706131721X.swf
	deleted:    data/maps/8277_0706131721X.swf
	deleted:    data/maps/8278_0706131721X.swf
	deleted:    data/maps/8279_0706131721X.swf
	deleted:    data/maps/827_0706131721X.swf
	deleted:    data/maps/8282_0706131721X.swf
	deleted:    data/maps/8285_0706131721X.swf
	deleted:    data/maps/8286_0706131721X.swf
	deleted:    data/maps/8288_0710152002X.swf
	deleted:    data/maps/8289_0711050954X.swf
	deleted:    data/maps/8290_0706131721X.swf
	deleted:    data/maps/8291_0706131721X.swf
	deleted:    data/maps/8293_0706131721X.swf
	deleted:    data/maps/8294_0706131721X.swf
	deleted:    data/maps/8295_0706131721X.swf
	deleted:    data/maps/8296_0706131721X.swf
	deleted:    data/maps/8297_0706131721X.swf
	deleted:    data/maps/8298_0706131721X.swf
	deleted:    data/maps/829_0706131721X.swf
	deleted:    data/maps/8303_0706131721X.swf
	deleted:    data/maps/8304_0706131721X.swf
	deleted:    data/maps/8305_0706131721X.swf
	deleted:    data/maps/8306_0706131721X.swf
	deleted:    data/maps/8307_0706131721X.swf
	deleted:    data/maps/8308_0706131721X.swf
	deleted:    data/maps/8309_0908251440X.swf
	deleted:    data/maps/830_0706131721X.swf
	deleted:    data/maps/8310_0706131721X.swf
	deleted:    data/maps/8311_0706131721X.swf
	deleted:    data/maps/8312_0706141524X.swf
	deleted:    data/maps/8313_0706131721X.swf
	deleted:    data/maps/8314_0706131721X.swf
	deleted:    data/maps/8315_0811131654X.swf
	deleted:    data/maps/8316_0811131655X.swf
	deleted:    data/maps/8317_0706131721X.swf
	deleted:    data/maps/831_0906101419X.swf
	deleted:    data/maps/8320_0706131721X.swf
	deleted:    data/maps/8321_0706131721X.swf
	deleted:    data/maps/8322_0706131721X.swf
	deleted:    data/maps/8323_0706131721X.swf
	deleted:    data/maps/8325_0807211113X.swf
	deleted:    data/maps/8326_0706131721X.swf
	deleted:    data/maps/8327_0706131721X.swf
	deleted:    data/maps/8328_0706141524X.swf
	deleted:    data/maps/8329_0706131721X.swf
	deleted:    data/maps/832_0706131721X.swf
	deleted:    data/maps/8330_0706131721X.swf
	deleted:    data/maps/8331_0706131721X.swf
	deleted:    data/maps/8332_0905151930X.swf
	deleted:    data/maps/8333_0905151930X.swf
	deleted:    data/maps/8334_0905151930X.swf
	deleted:    data/maps/8335_0706141524X.swf
	deleted:    data/maps/8336_0706131721X.swf
	deleted:    data/maps/8337_0706131721X.swf
	deleted:    data/maps/8338_0706131721X.swf
	deleted:    data/maps/833_0706131721X.swf
	deleted:    data/maps/8340_0706131721X.swf
	deleted:    data/maps/8341_0709181626X.swf
	deleted:    data/maps/8342_0706131721X.swf
	deleted:    data/maps/8343_0902061741X.swf
	deleted:    data/maps/8344_0708161043X.swf
	deleted:    data/maps/8345_0706131721X.swf
	deleted:    data/maps/8346_0709181646X.swf
	deleted:    data/maps/8347_0706131721X.swf
	deleted:    data/maps/8348_0905151930X.swf
	deleted:    data/maps/8349_0706131721X.swf
	deleted:    data/maps/834_0908061043X.swf
	deleted:    data/maps/8350_0706131721X.swf
	deleted:    data/maps/8351_0706141524X.swf
	deleted:    data/maps/8352_0709181638X.swf
	deleted:    data/maps/8353_0709181646X.swf
	deleted:    data/maps/8354_0910220933X.swf
	deleted:    data/maps/8355_0706131721X.swf
	deleted:    data/maps/8356_0706131721X.swf
	deleted:    data/maps/8357_0706131721X.swf
	deleted:    data/maps/8358_0706131721X.swf
	deleted:    data/maps/8359_0706131721X.swf
	deleted:    data/maps/835_0706131721X.swf
	deleted:    data/maps/8360_0709181637X.swf
	deleted:    data/maps/8361_0706131721X.swf
	deleted:    data/maps/8362_0904071039X.swf
	deleted:    data/maps/8364_0706131721X.swf
	deleted:    data/maps/8365_0706131721X.swf
	deleted:    data/maps/8366_0706131721X.swf
	deleted:    data/maps/8367_0807211114X.swf
	deleted:    data/maps/8368_0807211115X.swf
	deleted:    data/maps/8369_0807211114X.swf
	deleted:    data/maps/836_0706131721X.swf
	deleted:    data/maps/8370_0706131721X.swf
	deleted:    data/maps/8371_0706131721X.swf
	deleted:    data/maps/8372_0706131721X.swf
	deleted:    data/maps/8373_0706131721X.swf
	deleted:    data/maps/8375_0706131721X.swf
	deleted:    data/maps/8376_0706131721X.swf
	deleted:    data/maps/8377_0706141524X.swf
	deleted:    data/maps/8378_0706131721X.swf
	deleted:    data/maps/8379_0706131721X.swf
	deleted:    data/maps/8380_0706131721X.swf
	deleted:    data/maps/8381_0706131721X.swf
	deleted:    data/maps/8383_0706131721X.swf
	deleted:    data/maps/8384_0706131721X.swf
	deleted:    data/maps/8385_0706131721X.swf
	deleted:    data/maps/8386_0706131721X.swf
	deleted:    data/maps/8387_0706131721X.swf
	deleted:    data/maps/8388_0706131721X.swf
	deleted:    data/maps/8389_0706131721X.swf
	deleted:    data/maps/838_0805281428X.swf
	deleted:    data/maps/8390_0706131721X.swf
	deleted:    data/maps/8391_0706131721X.swf
	deleted:    data/maps/8392_0706131721X.swf
	deleted:    data/maps/8393_0706131721X.swf
	deleted:    data/maps/8394_0706131721X.swf
	deleted:    data/maps/8395_0706131721X.swf
	deleted:    data/maps/8396_0706131721X.swf
	deleted:    data/maps/8397_0706131721X.swf
	deleted:    data/maps/8398_0706131721X.swf
	deleted:    data/maps/8399_0706131721X.swf
	deleted:    data/maps/839_0706131721X.swf
	deleted:    data/maps/8400_0706131721X.swf
	deleted:    data/maps/8401_0706131721X.swf
	deleted:    data/maps/8402_0706131721X.swf
	deleted:    data/maps/8403_0706131721X.swf
	deleted:    data/maps/8404_0706131721X.swf
	deleted:    data/maps/8405_0706131721X.swf
	deleted:    data/maps/8406_0706131721X.swf
	deleted:    data/maps/8407_0706131721X.swf
	deleted:    data/maps/8408_0706131721X.swf
	deleted:    data/maps/8409_0706131721X.swf
	deleted:    data/maps/840_0706131721X.swf
	deleted:    data/maps/8410_0706131721X.swf
	deleted:    data/maps/8411_0706131721X.swf
	deleted:    data/maps/8412_0706131721X.swf
	deleted:    data/maps/8413_0706131721X.swf
	deleted:    data/maps/8414_0706131721X.swf
	deleted:    data/maps/8415_0706131721X.swf
	deleted:    data/maps/8416_0706131721X.swf
	deleted:    data/maps/8417_0706131721X.swf
	deleted:    data/maps/8418_0706131721X.swf
	deleted:    data/maps/8419_0706131721X.swf
	deleted:    data/maps/841_0706131721X.swf
	deleted:    data/maps/8420_0706131721X.swf
	deleted:    data/maps/8421_0706131721X.swf
	deleted:    data/maps/8422_0706131721X.swf
	deleted:    data/maps/8423_0706131721X.swf
	deleted:    data/maps/8424_0706131721X.swf
	deleted:    data/maps/8425_0706131721X.swf
	deleted:    data/maps/8426_0706131721X.swf
	deleted:    data/maps/8427_0706131721X.swf
	deleted:    data/maps/8428_0706131721X.swf
	deleted:    data/maps/8429_0706131721X.swf
	deleted:    data/maps/842_0706131721X.swf
	deleted:    data/maps/8430_0706131721X.swf
	deleted:    data/maps/8431_0706131721X.swf
	deleted:    data/maps/8432_0706131721X.swf
	deleted:    data/maps/8433_0706131721X.swf
	deleted:    data/maps/8434_0706131721X.swf
	deleted:    data/maps/8435_0706131721X.swf
	deleted:    data/maps/8436_0706131721X.swf
	deleted:    data/maps/8437_0706131721X.swf
	deleted:    data/maps/8438_0706131721X.swf
	deleted:    data/maps/8439_0706131721X.swf
	deleted:    data/maps/843_0805281436X.swf
	deleted:    data/maps/8440_0706131721X.swf
	deleted:    data/maps/8441_0706131721X.swf
	deleted:    data/maps/8442_0706131721X.swf
	deleted:    data/maps/8443_0706131721X.swf
	deleted:    data/maps/8444_0706141524X.swf
	deleted:    data/maps/8445_0706131721X.swf
	deleted:    data/maps/8446_0706131721X.swf
	deleted:    data/maps/8447_0706131721X.swf
	deleted:    data/maps/8448_0706131721X.swf
	deleted:    data/maps/8449_0706131721X.swf
	deleted:    data/maps/844_0706131721X.swf
	deleted:    data/maps/8450_0706131721X.swf
	deleted:    data/maps/8451_0706131721X.swf
	deleted:    data/maps/8452_0706131721X.swf
	deleted:    data/maps/8453_0706131721X.swf
	deleted:    data/maps/8454_0706131721X.swf
	deleted:    data/maps/8455_0706131721X.swf
	deleted:    data/maps/8456_0706131721X.swf
	deleted:    data/maps/8457_0706131721X.swf
	deleted:    data/maps/8458_0706131721X.swf
	deleted:    data/maps/8459_0706131721X.swf
	deleted:    data/maps/845_0706131721X.swf
	deleted:    data/maps/8460_0706131721X.swf
	deleted:    data/maps/8461_0706131721X.swf
	deleted:    data/maps/8462_0706131721X.swf
	deleted:    data/maps/8463_0706131721X.swf
	deleted:    data/maps/8464_0706131721X.swf
	deleted:    data/maps/8465_0706131721X.swf
	deleted:    data/maps/8466_0706131721X.swf
	deleted:    data/maps/8467_0706131721X.swf
	deleted:    data/maps/8468_0706131721X.swf
	deleted:    data/maps/8469_0706141524X.swf
	deleted:    data/maps/8470_0706131721X.swf
	deleted:    data/maps/8471_0706131721X.swf
	deleted:    data/maps/8472_0805191420X.swf
	deleted:    data/maps/8478_0706131721X.swf
	deleted:    data/maps/8479_0811181729X.swf
	deleted:    data/maps/8480_0706131721X.swf
	deleted:    data/maps/8482_0907100942X.swf
	deleted:    data/maps/8487_0706131721X.swf
	deleted:    data/maps/8489_0902041003X.swf
	deleted:    data/maps/8490_0903231041X.swf
	deleted:    data/maps/8493_0810171715X.swf
	deleted:    data/maps/8495_0706131721X.swf
	deleted:    data/maps/8496_0706131721X.swf
	deleted:    data/maps/8497_0706131721X.swf
	deleted:    data/maps/8498_0706131721X.swf
	deleted:    data/maps/8499_0706131721X.swf
	deleted:    data/maps/849_0805281451X.swf
	deleted:    data/maps/8500_0903120923X.swf
	deleted:    data/maps/8502_0706131721X.swf
	deleted:    data/maps/8503_0706131721X.swf
	deleted:    data/maps/8504_0706131721X.swf
	deleted:    data/maps/8505_0706131721X.swf
	deleted:    data/maps/8506_0706131721X.swf
	deleted:    data/maps/8507_0706131721X.swf
	deleted:    data/maps/8508_0706131721X.swf
	deleted:    data/maps/8509_0706131721X.swf
	deleted:    data/maps/850_0706131721X.swf
	deleted:    data/maps/8510_0706131721X.swf
	deleted:    data/maps/8511_0706131721X.swf
	deleted:    data/maps/8512_0706131721X.swf
	deleted:    data/maps/8513_0706131721X.swf
	deleted:    data/maps/8514_0706131721X.swf
	deleted:    data/maps/8515_0706131721X.swf
	deleted:    data/maps/8516_0706131721X.swf
	deleted:    data/maps/8517_0706131721X.swf
	deleted:    data/maps/8518_0706131721X.swf
	deleted:    data/maps/8519_0706131721X.swf
	deleted:    data/maps/8520_0706131721X.swf
	deleted:    data/maps/8521_0706131721X.swf
	deleted:    data/maps/8522_0706131721X.swf
	deleted:    data/maps/8523_0903111212X.swf
	deleted:    data/maps/8524_0706131721X.swf
	deleted:    data/maps/8525_0706131721X.swf
	deleted:    data/maps/8526_0706131721X.swf
	deleted:    data/maps/8527_0706131721X.swf
	deleted:    data/maps/8528_0706131721X.swf
	deleted:    data/maps/8529_0706131721X.swf
	deleted:    data/maps/852_0706131721X.swf
	deleted:    data/maps/8530_0706131721X.swf
	deleted:    data/maps/8531_0706131721X.swf
	deleted:    data/maps/8534_0706131721X.swf
	deleted:    data/maps/8536_0706131721X.swf
	deleted:    data/maps/8538_0706131721X.swf
	deleted:    data/maps/8539_0706131721X.swf
	deleted:    data/maps/853_0805281449X.swf
	deleted:    data/maps/8540_0802131609X.swf
	deleted:    data/maps/8541_0706131721X.swf
	deleted:    data/maps/8542_0706131721X.swf
	deleted:    data/maps/8543_0706131721X.swf
	deleted:    data/maps/8544_0706131721X.swf
	deleted:    data/maps/8545_0706131721X.swf
	deleted:    data/maps/8546_0708311416X.swf
	deleted:    data/maps/8547_0706141524X.swf
	deleted:    data/maps/8548_0706131721X.swf
	deleted:    data/maps/8549_0706131721X.swf
	deleted:    data/maps/854_0706131721X.swf
	deleted:    data/maps/8550_0804161613X.swf
	deleted:    data/maps/8551_2109301534X.swf
	deleted:    data/maps/8552_0810221424X.swf
	deleted:    data/maps/8553_0706131721X.swf
	deleted:    data/maps/8554_0706131721X.swf
	deleted:    data/maps/8555_0706131721X.swf
	deleted:    data/maps/8556_0706131721X.swf
	deleted:    data/maps/8557_0706131721X.swf
	deleted:    data/maps/8558_0706131721X.swf
	deleted:    data/maps/8559_0706131721X.swf
	deleted:    data/maps/855_0805281450X.swf
	deleted:    data/maps/8560_0711291808X.swf
	deleted:    data/maps/8561_0706131721X.swf
	deleted:    data/maps/8562_0706131721X.swf
	deleted:    data/maps/8563_0706131721X.swf
	deleted:    data/maps/8564_0810171420X.swf
	deleted:    data/maps/8565_0706131721X.swf
	deleted:    data/maps/8566_0706131721X.swf
	deleted:    data/maps/8567_0810171019X.swf
	deleted:    data/maps/8568_0711291753X.swf
	deleted:    data/maps/8569_0706131721X.swf
	deleted:    data/maps/856_0706131721X.swf
	deleted:    data/maps/8570_0810171138X.swf
	deleted:    data/maps/8571_0706131721X.swf
	deleted:    data/maps/8572_0706131721X.swf
	deleted:    data/maps/8573_0711291815X.swf
	deleted:    data/maps/8574_0706131721X.swf
	deleted:    data/maps/8575_0706131721X.swf
	deleted:    data/maps/8576_0706131721X.swf
	deleted:    data/maps/8577_0706131721X.swf
	deleted:    data/maps/8578_0706131721X.swf
	deleted:    data/maps/8579_0706131721X.swf
	deleted:    data/maps/8580_0706131721X.swf
	deleted:    data/maps/8581_0706131721X.swf
	deleted:    data/maps/8582_0810171139X.swf
	deleted:    data/maps/8583_0706131721X.swf
	deleted:    data/maps/8584_0706131721X.swf
	deleted:    data/maps/8585_0706131721X.swf
	deleted:    data/maps/8586_0706131721X.swf
	deleted:    data/maps/8587_0706131721X.swf
	deleted:    data/maps/8588_0706131721X.swf
	deleted:    data/maps/8589_0706131721X.swf
	deleted:    data/maps/8590_0706141524X.swf
	deleted:    data/maps/8591_0706131721X.swf
	deleted:    data/maps/8592_0706131721X.swf
	deleted:    data/maps/8593_0706131721X.swf
	deleted:    data/maps/8594_0706131721X.swf
	deleted:    data/maps/8595_0706131721X.swf
	deleted:    data/maps/8596_0706131721X.swf
	deleted:    data/maps/8597_0711291756X.swf
	deleted:    data/maps/8598_0810171140X.swf
	deleted:    data/maps/8599_0706131721X.swf
	deleted:    data/maps/8600_0706131721X.swf
	deleted:    data/maps/8601_0711291805X.swf
	deleted:    data/maps/8602_0706131721X.swf
	deleted:    data/maps/8603_0706131721X.swf
	deleted:    data/maps/8604_0810171140X.swf
	deleted:    data/maps/8605_0706131721X.swf
	deleted:    data/maps/8606_0706141524X.swf
	deleted:    data/maps/8607_0810171019X.swf
	deleted:    data/maps/8608_0810300917X.swf
	deleted:    data/maps/8609_0810300916X.swf
	deleted:    data/maps/8610_0810171139X.swf
	deleted:    data/maps/8611_0706131721X.swf
	deleted:    data/maps/8612_0706131721X.swf
	deleted:    data/maps/8613_0706131721X.swf
	deleted:    data/maps/8614_0711291807X.swf
	deleted:    data/maps/8615_0706131721X.swf
	deleted:    data/maps/8616_0904301207X.swf
	deleted:    data/maps/8617_0810311105X.swf
	deleted:    data/maps/8618_0706131721X.swf
	deleted:    data/maps/8619_0806201715X.swf
	deleted:    data/maps/861_0706131721X.swf
	deleted:    data/maps/8620_0706131721X.swf
	deleted:    data/maps/8621_0706131721X.swf
	deleted:    data/maps/8622_0706141524X.swf
	deleted:    data/maps/8623_0706131721X.swf
	deleted:    data/maps/8624_0706131721X.swf
	deleted:    data/maps/8625_0706131721X.swf
	deleted:    data/maps/8626_0706131721X.swf
	deleted:    data/maps/8627_0706131721X.swf
	deleted:    data/maps/8628_0706131721X.swf
	deleted:    data/maps/8629_0706131721X.swf
	deleted:    data/maps/862_0805281452X.swf
	deleted:    data/maps/8630_0711061515X.swf
	deleted:    data/maps/8631_0706131721X.swf
	deleted:    data/maps/8632_0809291412X.swf
	deleted:    data/maps/8633_0903120909X.swf
	deleted:    data/maps/8634_0706131721X.swf
	deleted:    data/maps/8635_0706131721X.swf
	deleted:    data/maps/8636_0706131721X.swf
	deleted:    data/maps/8637_0809121550X.swf
	deleted:    data/maps/8638_0706131721X.swf
	deleted:    data/maps/8639_0706131721X.swf
	deleted:    data/maps/863_0805281453X.swf
	deleted:    data/maps/8640_0706131721X.swf
	deleted:    data/maps/8641_0706131721X.swf
	deleted:    data/maps/8642_0706131721X.swf
	deleted:    data/maps/8643_0706131721X.swf
	deleted:    data/maps/8644_0706131721X.swf
	deleted:    data/maps/8645_0706131721X.swf
	deleted:    data/maps/8646_0706131721X.swf
	deleted:    data/maps/8647_0903091557X.swf
	deleted:    data/maps/8648_0809121552X.swf
	deleted:    data/maps/8649_0706131721X.swf
	deleted:    data/maps/8650_0809121545X.swf
	deleted:    data/maps/8651_0706131721X.swf
	deleted:    data/maps/8652_0706131721X.swf
	deleted:    data/maps/8653_0706131721X.swf
	deleted:    data/maps/8654_0706131721X.swf
	deleted:    data/maps/8655_0706131721X.swf
	deleted:    data/maps/8656_0706131721X.swf
	deleted:    data/maps/8657_0706131721X.swf
	deleted:    data/maps/8658_0706131721X.swf
	deleted:    data/maps/8659_0903120856X.swf
	deleted:    data/maps/8660_0809121547X.swf
	deleted:    data/maps/8661_0706131721X.swf
	deleted:    data/maps/8662_0706131721X.swf
	deleted:    data/maps/8663_0706131721X.swf
	deleted:    data/maps/8664_0706131721X.swf
	deleted:    data/maps/8665_0706131721X.swf
	deleted:    data/maps/8666_0706131721X.swf
	deleted:    data/maps/8667_0706131721X.swf
	deleted:    data/maps/8668_0706131721X.swf
	deleted:    data/maps/8669_0907010936X.swf
	deleted:    data/maps/8670_0706131721X.swf
	deleted:    data/maps/8671_0706131721X.swf
	deleted:    data/maps/8672_0706131721X.swf
	deleted:    data/maps/8673_0706131721X.swf
	deleted:    data/maps/8674_0706131721X.swf
	deleted:    data/maps/8675_0706131721X.swf
	deleted:    data/maps/8676_0706131721X.swf
	deleted:    data/maps/8677_0706131721X.swf
	deleted:    data/maps/8678_0706131721X.swf
	deleted:    data/maps/8679_0706131721X.swf
	deleted:    data/maps/8680_0706131721X.swf
	deleted:    data/maps/8681_0706131721X.swf
	deleted:    data/maps/8682_0706131721X.swf
	deleted:    data/maps/8683_0706131721X.swf
	deleted:    data/maps/8684_0706131721X.swf
	deleted:    data/maps/8685_0706131721X.swf
	deleted:    data/maps/8686_0706131721X.swf
	deleted:    data/maps/8687_0706131721X.swf
	deleted:    data/maps/8688_0706131721X.swf
	deleted:    data/maps/8689_0706131721X.swf
	deleted:    data/maps/8690_0706131721X.swf
	deleted:    data/maps/8691_0706131721X.swf
	deleted:    data/maps/8692_0706131721X.swf
	deleted:    data/maps/8693_0706131721X.swf
	deleted:    data/maps/8694_0706131721X.swf
	deleted:    data/maps/8695_0903120944X.swf
	deleted:    data/maps/8696_0706131721X.swf
	deleted:    data/maps/8697_0706131721X.swf
	deleted:    data/maps/8698_0706131721X.swf
	deleted:    data/maps/8699_0706131721X.swf
	deleted:    data/maps/8700_0706131721X.swf
	deleted:    data/maps/8701_0706131721X.swf
	deleted:    data/maps/8702_0706131721X.swf
	deleted:    data/maps/8703_0706131721X.swf
	deleted:    data/maps/8704_0706131721X.swf
	deleted:    data/maps/8705_0706141524X.swf
	deleted:    data/maps/8706_0706131721X.swf
	deleted:    data/maps/8707_0706131721X.swf
	deleted:    data/maps/8708_0810061215X.swf
	deleted:    data/maps/8709_0706131721X.swf
	deleted:    data/maps/8710_0706131721X.swf
	deleted:    data/maps/8711_0706131721X.swf
	deleted:    data/maps/8712_0706131721X.swf
	deleted:    data/maps/8713_0706131721X.swf
	deleted:    data/maps/8714_0706131721X.swf
	deleted:    data/maps/8715_0706131721X.swf
	deleted:    data/maps/8716_0706131721X.swf
	deleted:    data/maps/8717_0706131721X.swf
	deleted:    data/maps/8718_0706131721X.swf
	deleted:    data/maps/8719_0706131721X.swf
	deleted:    data/maps/8721_0706131721X.swf
	deleted:    data/maps/8722_0706131721X.swf
	deleted:    data/maps/8723_0706131721X.swf
	deleted:    data/maps/8724_0706131721X.swf
	deleted:    data/maps/8726_0706131721X.swf
	deleted:    data/maps/8727_0706131721X.swf
	deleted:    data/maps/8729_1001221005X.swf
	deleted:    data/maps/8730_0901231034X.swf
	deleted:    data/maps/8731_0709131446X.swf
	deleted:    data/maps/8732_0709131449X.swf
	deleted:    data/maps/8733_0706131721X.swf
	deleted:    data/maps/8735_0706131721X.swf
	deleted:    data/maps/8736_0706131721X.swf
	deleted:    data/maps/8737_0710081408X.swf
	deleted:    data/maps/8738_0706131721X.swf
	deleted:    data/maps/8739_0706131721X.swf
	deleted:    data/maps/8740_0706131721X.swf
	deleted:    data/maps/8741_0706131721X.swf
	deleted:    data/maps/8743_0710221018X.swf
	deleted:    data/maps/8744_0710251643X.swf
	deleted:    data/maps/8745_0710221057X.swf
	deleted:    data/maps/8746_0710221515X.swf
	deleted:    data/maps/8747_0710221045X.swf
	deleted:    data/maps/8748_0706131721X.swf
	deleted:    data/maps/8749_0710171443X.swf
	deleted:    data/maps/874_0902231647X.swf
	deleted:    data/maps/8750_0706131721X.swf
	deleted:    data/maps/8751_0706131721X.swf
	deleted:    data/maps/8752_0710171215X.swf
	deleted:    data/maps/8753_0710291707X.swf
	deleted:    data/maps/8754_0710171551X.swf
	deleted:    data/maps/8755_0810061225X.swf
	deleted:    data/maps/8756_0710171428X.swf
	deleted:    data/maps/8757_0710221604X.swf
	deleted:    data/maps/8758_0710221633X.swf
	deleted:    data/maps/8759_0907071143X.swf
	deleted:    data/maps/875_0805281454X.swf
	deleted:    data/maps/8760_0710221531X.swf
	deleted:    data/maps/8761_0706131721X.swf
	deleted:    data/maps/8762_0706131721X.swf
	deleted:    data/maps/8763_0706131721X.swf
	deleted:    data/maps/8765_0706131721X.swf
	deleted:    data/maps/8767_0706131721X.swf
	deleted:    data/maps/8768_0903120937X.swf
	deleted:    data/maps/8769_0706131721X.swf
	deleted:    data/maps/8770_0706131721X.swf
	deleted:    data/maps/8771_0706131721X.swf
	deleted:    data/maps/8772_0706131721X.swf
	deleted:    data/maps/8773_0706131721X.swf
	deleted:    data/maps/8774_0706131721X.swf
	deleted:    data/maps/8775_0706131721X.swf
	deleted:    data/maps/8776_0706131721X.swf
	deleted:    data/maps/8777_0706131721X.swf
	deleted:    data/maps/8778_0706131721X.swf
	deleted:    data/maps/8779_0706131721X.swf
	deleted:    data/maps/8780_0706131721X.swf
	deleted:    data/maps/8781_0706131721X.swf
	deleted:    data/maps/8782_0706131721X.swf
	deleted:    data/maps/8783_0706131721X.swf
	deleted:    data/maps/8784_0903120935X.swf
	deleted:    data/maps/8785_0706131721X.swf
	deleted:    data/maps/8786_0806241627X.swf
	deleted:    data/maps/8787_0706131721X.swf
	deleted:    data/maps/8788_0706131721X.swf
	deleted:    data/maps/8789_0706131721X.swf
	deleted:    data/maps/8790_0706131721X.swf
	deleted:    data/maps/8791_0706131721X.swf
	deleted:    data/maps/8792_0706131721X.swf
	deleted:    data/maps/8793_0706131721X.swf
	deleted:    data/maps/8794_0706131721X.swf
	deleted:    data/maps/8795_0706131721X.swf
	deleted:    data/maps/8796_0706131721X.swf
	deleted:    data/maps/8797_0706131721X.swf
	deleted:    data/maps/8798_0706131721X.swf
	deleted:    data/maps/8799_0706131721X.swf
	deleted:    data/maps/8800_0706131721X.swf
	deleted:    data/maps/8802_0706131721X.swf
	deleted:    data/maps/8803_0706131721X.swf
	deleted:    data/maps/8804_0706131721X.swf
	deleted:    data/maps/8805_0706131721X.swf
	deleted:    data/maps/8806_0706131721X.swf
	deleted:    data/maps/8807_0706131721X.swf
	deleted:    data/maps/8808_0706131721X.swf
	deleted:    data/maps/8809_0706131721X.swf
	deleted:    data/maps/8810_0706131721X.swf
	deleted:    data/maps/8811_0706131721X.swf
	deleted:    data/maps/8812_0706131721X.swf
	deleted:    data/maps/8813_0706131721X.swf
	deleted:    data/maps/8814_0706131721X.swf
	deleted:    data/maps/8815_0706131721X.swf
	deleted:    data/maps/8817_0706131721X.swf
	deleted:    data/maps/8818_0706131721X.swf
	deleted:    data/maps/8819_0706131721X.swf
	deleted:    data/maps/8820_0706131721X.swf
	deleted:    data/maps/8821_0706131721X.swf
	deleted:    data/maps/8822_0804281622X.swf
	deleted:    data/maps/8823_0706131721X.swf
	deleted:    data/maps/8824_0805301606X.swf
	deleted:    data/maps/8825_0907131708X.swf
	deleted:    data/maps/8826_0706131721X.swf
	deleted:    data/maps/8827_0706131721X.swf
	deleted:    data/maps/8828_0706131721X.swf
	deleted:    data/maps/8829_0706131721X.swf
	deleted:    data/maps/8830_0706131721X.swf
	deleted:    data/maps/8831_0706131721X.swf
	deleted:    data/maps/8832_0706131721X.swf
	deleted:    data/maps/8833_0706131721X.swf
	deleted:    data/maps/8834_0706131721X.swf
	deleted:    data/maps/8835_0706131721X.swf
	deleted:    data/maps/8836_0706131721X.swf
	deleted:    data/maps/8837_0706131721X.swf
	deleted:    data/maps/8838_0706131721X.swf
	deleted:    data/maps/8839_0706131721X.swf
	deleted:    data/maps/8840_2109291724X.swf
	deleted:    data/maps/8841_0706131721X.swf
	deleted:    data/maps/8842_0706131721X.swf
	deleted:    data/maps/8843_0706131721X.swf
	deleted:    data/maps/8844_0706131721X.swf
	deleted:    data/maps/8845_0706131721X.swf
	deleted:    data/maps/8846_0706131721X.swf
	deleted:    data/maps/8847_0706131721X.swf
	deleted:    data/maps/8848_0710221013X.swf
	deleted:    data/maps/8849_0706131721X.swf
	deleted:    data/maps/8850_0706131721X.swf
	deleted:    data/maps/8851_0811061540X.swf
	deleted:    data/maps/8852_0706141524X.swf
	deleted:    data/maps/8853_0706131721X.swf
	deleted:    data/maps/8854_0706131721X.swf
	deleted:    data/maps/8855_0706131721X.swf
	deleted:    data/maps/8856_0706131721X.swf
	deleted:    data/maps/8857_0706131721X.swf
	deleted:    data/maps/8858_0907081545X.swf
	deleted:    data/maps/8859_0706131721X.swf
	deleted:    data/maps/8860_0706131721X.swf
	deleted:    data/maps/8861_0706131721X.swf
	deleted:    data/maps/8862_0706131721X.swf
	deleted:    data/maps/8863_0706131721X.swf
	deleted:    data/maps/8864_0706131721X.swf
	deleted:    data/maps/8865_0706141524X.swf
	deleted:    data/maps/8866_0706131721X.swf
	deleted:    data/maps/8867_0706131721X.swf
	deleted:    data/maps/8868_0706131721X.swf
	deleted:    data/maps/8869_0706131721X.swf
	deleted:    data/maps/8870_0706131721X.swf
	deleted:    data/maps/8871_0706131721X.swf
	deleted:    data/maps/8872_0706131721X.swf
	deleted:    data/maps/8873_0706131721X.swf
	deleted:    data/maps/8874_0706131721X.swf
	deleted:    data/maps/8875_0706131721X.swf
	deleted:    data/maps/8876_0706131721X.swf
	deleted:    data/maps/8877_0706131721X.swf
	deleted:    data/maps/8878_0706131721X.swf
	deleted:    data/maps/8879_0706131721X.swf
	deleted:    data/maps/8880_0706131721X.swf
	deleted:    data/maps/8881_0706131721X.swf
	deleted:    data/maps/8882_0706131721X.swf
	deleted:    data/maps/8883_0706131721X.swf
	deleted:    data/maps/8884_0706131721X.swf
	deleted:    data/maps/8885_0706131721X.swf
	deleted:    data/maps/8886_0706131721X.swf
	deleted:    data/maps/8887_0706131721X.swf
	deleted:    data/maps/8888_0706131721X.swf
	deleted:    data/maps/8889_0706131721X.swf
	deleted:    data/maps/8890_0706131721X.swf
	deleted:    data/maps/8891_0706131721X.swf
	deleted:    data/maps/8892_0706131721X.swf
	deleted:    data/maps/8893_0706131721X.swf
	deleted:    data/maps/8894_0706131721X.swf
	deleted:    data/maps/8895_0706131721X.swf
	deleted:    data/maps/8896_0706131721X.swf
	deleted:    data/maps/8897_0706131721X.swf
	deleted:    data/maps/8898_0706131721X.swf
	deleted:    data/maps/8899_0706131721X.swf
	deleted:    data/maps/8900_0706131721X.swf
	deleted:    data/maps/8901_0706131721X.swf
	deleted:    data/maps/8902_0706131721X.swf
	deleted:    data/maps/8903_0706131721X.swf
	deleted:    data/maps/8904_0706131721X.swf
	deleted:    data/maps/8905_0706141524X.swf
	deleted:    data/maps/8906_0706131721X.swf
	deleted:    data/maps/8907_0706131721X.swf
	deleted:    data/maps/8908_0706131721X.swf
	deleted:    data/maps/8909_0706131721X.swf
	deleted:    data/maps/8910_0706131721X.swf
	deleted:    data/maps/8911_0706131721X.swf
	deleted:    data/maps/8912_0706131721X.swf
	deleted:    data/maps/8913_0706131721X.swf
	deleted:    data/maps/8914_0706131721X.swf
	deleted:    data/maps/8915_0706131721X.swf
	deleted:    data/maps/8916_0706131721X.swf
	deleted:    data/maps/8917_0706131721X.swf
	deleted:    data/maps/8918_0811141548X.swf
	deleted:    data/maps/8919_0706131721X.swf
	deleted:    data/maps/8920_0706131721X.swf
	deleted:    data/maps/8921_0706131721X.swf
	deleted:    data/maps/8922_0706131721X.swf
	deleted:    data/maps/8923_0706131721X.swf
	deleted:    data/maps/8924_0706131721X.swf
	deleted:    data/maps/8925_0706131721X.swf
	deleted:    data/maps/8926_0706131721X.swf
	deleted:    data/maps/8927_0706131721X.swf
	deleted:    data/maps/8928_0706131721X.swf
	deleted:    data/maps/8929_0706131721X.swf
	deleted:    data/maps/8930_0901201559X.swf
	deleted:    data/maps/8931_0706131721X.swf
	deleted:    data/maps/8932_0706131721X.swf
	deleted:    data/maps/8933_0706131721X.swf
	deleted:    data/maps/8934_0706131721X.swf
	deleted:    data/maps/8935_0706131721X.swf
	deleted:    data/maps/8936_0706131721X.swf
	deleted:    data/maps/8937_0706131721X.swf
	deleted:    data/maps/8938_0706131721X.swf
	deleted:    data/maps/8939_0706131721X.swf
	deleted:    data/maps/8940_0706131721X.swf
	deleted:    data/maps/8941_0706131721X.swf
	deleted:    data/maps/8942_0706131721X.swf
	deleted:    data/maps/8943_0706131721X.swf
	deleted:    data/maps/8944_0706131721X.swf
	deleted:    data/maps/8945_0706131721X.swf
	deleted:    data/maps/8946_0706131721X.swf
	deleted:    data/maps/8947_0706131721X.swf
	deleted:    data/maps/8948_0706131721X.swf
	deleted:    data/maps/8949_0706131721X.swf
	deleted:    data/maps/8950_0706131721X.swf
	deleted:    data/maps/8951_0706131721X.swf
	deleted:    data/maps/8952_0706131721X.swf
	deleted:    data/maps/8953_0706131721X.swf
	deleted:    data/maps/8954_0706131721X.swf
	deleted:    data/maps/8955_0706131721X.swf
	deleted:    data/maps/8956_0706131721X.swf
	deleted:    data/maps/8957_0706131721X.swf
	deleted:    data/maps/8958_0706131721X.swf
	deleted:    data/maps/8959_0706131721X.swf
	deleted:    data/maps/8960_0706131721X.swf
	deleted:    data/maps/8961_0706131721X.swf
	deleted:    data/maps/8962_0706131721X.swf
	deleted:    data/maps/8963_0706131721X.swf
	deleted:    data/maps/8964_0706131721X.swf
	deleted:    data/maps/8965_0706131721X.swf
	deleted:    data/maps/8966_0706131721X.swf
	deleted:    data/maps/8967_0706131721X.swf
	deleted:    data/maps/8968_0706131721X.swf
	deleted:    data/maps/8969_0706131721X.swf
	deleted:    data/maps/8970_0706131721X.swf
	deleted:    data/maps/8971_0706131721X.swf
	deleted:    data/maps/8972_0706131721X.swf
	deleted:    data/maps/8973_0707181636X.swf
	deleted:    data/maps/8974_0706131721X.swf
	deleted:    data/maps/8975_0706131721X.swf
	deleted:    data/maps/8976_0706131721X.swf
	deleted:    data/maps/8977_0706131721X.swf
	deleted:    data/maps/8978_0706131721X.swf
	deleted:    data/maps/8979_0706131721X.swf
	deleted:    data/maps/8980_0706131721X.swf
	deleted:    data/maps/8981_0706131721X.swf
	deleted:    data/maps/8982_0706131721X.swf
	deleted:    data/maps/8983_0706131721X.swf
	deleted:    data/maps/8984_0706131721X.swf
	deleted:    data/maps/8985_0706131721X.swf
	deleted:    data/maps/8986_0706131721X.swf
	deleted:    data/maps/8987_0706131721X.swf
	deleted:    data/maps/8988_0706131721X.swf
	deleted:    data/maps/8989_0706131721X.swf
	deleted:    data/maps/898_0706131721X.swf
	deleted:    data/maps/8990_0706131721X.swf
	deleted:    data/maps/8991_0706131721X.swf
	deleted:    data/maps/8992_0706131721X.swf
	deleted:    data/maps/8993_0706131721X.swf
	deleted:    data/maps/8994_0706131721X.swf
	deleted:    data/maps/8995_0907211525X.swf
	deleted:    data/maps/8996_0706131721X.swf
	deleted:    data/maps/8997_0706131721X.swf
	deleted:    data/maps/8998_0706131721X.swf
	deleted:    data/maps/8999_0706131721X.swf
	deleted:    data/maps/899_0706131721X.swf
	deleted:    data/maps/9000_0706131721X.swf
	deleted:    data/maps/9001_0706131721X.swf
	deleted:    data/maps/9002_0706131721X.swf
	deleted:    data/maps/9003_0907230909X.swf
	deleted:    data/maps/9004_0706131721X.swf
	deleted:    data/maps/9005_0706131721X.swf
	deleted:    data/maps/9006_0706131721X.swf
	deleted:    data/maps/9007_0706131721X.swf
	deleted:    data/maps/9008_0706131721X.swf
	deleted:    data/maps/9009_0706131721X.swf
	deleted:    data/maps/900_0808280929X.swf
	deleted:    data/maps/9010_0706131721X.swf
	deleted:    data/maps/9011_0706131721X.swf
	deleted:    data/maps/9012_0706131721X.swf
	deleted:    data/maps/9013_0706131721X.swf
	deleted:    data/maps/9014_0706131721X.swf
	deleted:    data/maps/9015_0805201501X.swf
	deleted:    data/maps/9016_0706131721X.swf
	deleted:    data/maps/9017_0706131721X.swf
	deleted:    data/maps/9018_0706131721X.swf
	deleted:    data/maps/9019_0706131721X.swf
	deleted:    data/maps/901_0706131721X.swf
	deleted:    data/maps/9020_0706131721X.swf
	deleted:    data/maps/9021_0706131721X.swf
	deleted:    data/maps/9022_0706131721X.swf
	deleted:    data/maps/9023_0706131721X.swf
	deleted:    data/maps/9024_0706131721X.swf
	deleted:    data/maps/9025_0706131721X.swf
	deleted:    data/maps/9026_0706131721X.swf
	deleted:    data/maps/9027_0706131721X.swf
	deleted:    data/maps/9028_0706131721X.swf
	deleted:    data/maps/9029_0706131721X.swf
	deleted:    data/maps/902_0706131721X.swf
	deleted:    data/maps/9030_0706131721X.swf
	deleted:    data/maps/9031_0706131721X.swf
	deleted:    data/maps/9032_0706131721X.swf
	deleted:    data/maps/9033_0706131721X.swf
	deleted:    data/maps/9034_0706131721X.swf
	deleted:    data/maps/9035_0706131721X.swf
	deleted:    data/maps/9036_0706131721X.swf
	deleted:    data/maps/9037_0706131721X.swf
	deleted:    data/maps/9038_0706131721X.swf
	deleted:    data/maps/9039_0706131721X.swf
	deleted:    data/maps/903_0803251622X.swf
	deleted:    data/maps/9040_0706131721X.swf
	deleted:    data/maps/9041_0706131721X.swf
	deleted:    data/maps/9042_0706131721X.swf
	deleted:    data/maps/9043_0706131721X.swf
	deleted:    data/maps/9044_0706131721X.swf
	deleted:    data/maps/9045_0706131721X.swf
	deleted:    data/maps/9046_0706131721X.swf
	deleted:    data/maps/9047_0706131721X.swf
	deleted:    data/maps/9048_0706131721X.swf
	deleted:    data/maps/9049_0706131721X.swf
	deleted:    data/maps/9050_0706131721X.swf
	deleted:    data/maps/9052_0908041028X.swf
	deleted:    data/maps/9053_0706131721X.swf
	deleted:    data/maps/9054_0706131721X.swf
	deleted:    data/maps/9055_0706131721X.swf
	deleted:    data/maps/9056_0706131721X.swf
	deleted:    data/maps/9057_0706131721X.swf
	deleted:    data/maps/9058_0706131721X.swf
	deleted:    data/maps/9059_0706131721X.swf
	deleted:    data/maps/9060_0805301554X.swf
	deleted:    data/maps/9061_0805301540X.swf
	deleted:    data/maps/9062_0805301539X.swf
	deleted:    data/maps/9063_0706131721X.swf
	deleted:    data/maps/9064_0706131721X.swf
	deleted:    data/maps/9065_0805301538X.swf
	deleted:    data/maps/9066_0706131721X.swf
	deleted:    data/maps/9067_0706131721X.swf
	deleted:    data/maps/9068_0706131721X.swf
	deleted:    data/maps/9069_0706131721X.swf
	deleted:    data/maps/9070_0706131721X.swf
	deleted:    data/maps/9071_0805301602X.swf
	deleted:    data/maps/9072_0805301603X.swf
	deleted:    data/maps/9073_0706131721X.swf
	deleted:    data/maps/9074_0706131721X.swf
	deleted:    data/maps/9075_0706131721X.swf
	deleted:    data/maps/9076_0805301600X.swf
	deleted:    data/maps/9077_0706131721X.swf
	deleted:    data/maps/9078_0805301601X.swf
	deleted:    data/maps/9079_0706131721X.swf
	deleted:    data/maps/907_0806231654X.swf
	deleted:    data/maps/9080_0706131721X.swf
	deleted:    data/maps/9081_0706131721X.swf
	deleted:    data/maps/9082_0706131721X.swf
	deleted:    data/maps/9083_0805301604X.swf
	deleted:    data/maps/9084_0805301605X.swf
	deleted:    data/maps/9085_0805301555X.swf
	deleted:    data/maps/9086_0706131721X.swf
	deleted:    data/maps/9087_0706131721X.swf
	deleted:    data/maps/9088_0706131721X.swf
	deleted:    data/maps/9089_0706131721X.swf
	deleted:    data/maps/908_0706131721X.swf
	deleted:    data/maps/9090_0706131721X.swf
	deleted:    data/maps/9091_0805301534X.swf
	deleted:    data/maps/9092_0809111523X.swf
	deleted:    data/maps/9093_0805301535X.swf
	deleted:    data/maps/9094_0805301536X.swf
	deleted:    data/maps/9095_0706131721X.swf
	deleted:    data/maps/9096_0706131721X.swf
	deleted:    data/maps/9097_0706131721X.swf
	deleted:    data/maps/9098_0706131721X.swf
	deleted:    data/maps/909_0706131721X.swf
	deleted:    data/maps/9100_0706131721X.swf
	deleted:    data/maps/9101_0706131721X.swf
	deleted:    data/maps/9102_0706131721X.swf
	deleted:    data/maps/9103_0706131721X.swf
	deleted:    data/maps/9104_0706131721X.swf
	deleted:    data/maps/9105_0706131721X.swf
	deleted:    data/maps/9106_0706131721X.swf
	deleted:    data/maps/9107_0905121042X.swf
	deleted:    data/maps/9108_0706131721X.swf
	deleted:    data/maps/9109_0706131721X.swf
	deleted:    data/maps/910_0806231650X.swf
	deleted:    data/maps/9110_0706131721X.swf
	deleted:    data/maps/9111_0706131721X.swf
	deleted:    data/maps/9112_0706131721X.swf
	deleted:    data/maps/9113_0706131721X.swf
	deleted:    data/maps/9114_0706131721X.swf
	deleted:    data/maps/9115_0809111526X.swf
	deleted:    data/maps/9116_0706131721X.swf
	deleted:    data/maps/9117_0706131721X.swf
	deleted:    data/maps/9118_0706131721X.swf
	deleted:    data/maps/9119_0706131721X.swf
	deleted:    data/maps/911_0806231649X.swf
	deleted:    data/maps/9120_0706131721X.swf
	deleted:    data/maps/9121_0706131721X.swf
	deleted:    data/maps/9122_0706131721X.swf
	deleted:    data/maps/9123_0706131721X.swf
	deleted:    data/maps/9124_0706131721X.swf
	deleted:    data/maps/9125_0706131721X.swf
	deleted:    data/maps/9126_0706131721X.swf
	deleted:    data/maps/9127_0806201710X.swf
	deleted:    data/maps/9128_0706131721X.swf
	deleted:    data/maps/9129_0706131721X.swf
	deleted:    data/maps/912_0706131721X.swf
	deleted:    data/maps/9130_0706141524X.swf
	deleted:    data/maps/9131_0706131721X.swf
	deleted:    data/maps/9132_0706131721X.swf
	deleted:    data/maps/9133_0706131721X.swf
	deleted:    data/maps/9134_0706131721X.swf
	deleted:    data/maps/9135_0706131721X.swf
	deleted:    data/maps/9136_0907301451X.swf
	deleted:    data/maps/9137_0706131721X.swf
	deleted:    data/maps/9138_0706131721X.swf
	deleted:    data/maps/9139_0706131721X.swf
	deleted:    data/maps/913_0706131721X.swf
	deleted:    data/maps/9140_0706131721X.swf
	deleted:    data/maps/9141_0706131721X.swf
	deleted:    data/maps/9142_0706131721X.swf
	deleted:    data/maps/9143_0706131721X.swf
	deleted:    data/maps/9144_0706131721X.swf
	deleted:    data/maps/9145_0706131721X.swf
	deleted:    data/maps/9146_0706131721X.swf
	deleted:    data/maps/9147_0706131721X.swf
	deleted:    data/maps/9148_0706131721X.swf
	deleted:    data/maps/9149_0706131721X.swf
	deleted:    data/maps/914_0706131721X.swf
	deleted:    data/maps/9150_0706131721X.swf
	deleted:    data/maps/9151_0706131721X.swf
	deleted:    data/maps/9152_0706131721X.swf
	deleted:    data/maps/9153_0901291404X.swf
	deleted:    data/maps/9154_0706131721X.swf
	deleted:    data/maps/9156_0808290907X.swf
	deleted:    data/maps/9157_0706131721X.swf
	deleted:    data/maps/9158_0706131721X.swf
	deleted:    data/maps/9159_0706131721X.swf
	deleted:    data/maps/915_0709191654X.swf
	deleted:    data/maps/9160_0706131721X.swf
	deleted:    data/maps/9161_0706131721X.swf
	deleted:    data/maps/9162_0706131721X.swf
	deleted:    data/maps/9163_0706131721X.swf
	deleted:    data/maps/9164_0706131721X.swf
	deleted:    data/maps/9165_0706131721X.swf
	deleted:    data/maps/9166_0706131721X.swf
	deleted:    data/maps/9167_0706131721X.swf
	deleted:    data/maps/9168_0808290934X.swf
	deleted:    data/maps/9169_0808290936X.swf
	deleted:    data/maps/916_0903120903X.swf
	deleted:    data/maps/917_0806231655X.swf
	deleted:    data/maps/918_0706131721X.swf
	deleted:    data/maps/9196_0706131721X.swf
	deleted:    data/maps/9197_0706131721X.swf
	deleted:    data/maps/919_0706131721X.swf
	deleted:    data/maps/9200_0706131721X.swf
	deleted:    data/maps/9202_0706131721X.swf
	deleted:    data/maps/9203_0706131721X.swf
	deleted:    data/maps/9204_0904201005X.swf
	deleted:    data/maps/9205_0706131721X.swf
	deleted:    data/maps/9206_0706131721X.swf
	deleted:    data/maps/9207_0706131721X.swf
	deleted:    data/maps/9208_0808290905X.swf
	deleted:    data/maps/9209_0706131721X.swf
	deleted:    data/maps/920_0810161153X.swf
	deleted:    data/maps/9210_0706131721X.swf
	deleted:    data/maps/9211_0706131721X.swf
	deleted:    data/maps/9212_0809031010X.swf
	deleted:    data/maps/9213_0809031010X.swf
	deleted:    data/maps/9214_0804231035X.swf
	deleted:    data/maps/9215_0901151529X.swf
	deleted:    data/maps/9216_0706131721X.swf
	deleted:    data/maps/9217_0804231112X.swf
	deleted:    data/maps/9218_0706131721X.swf
	deleted:    data/maps/9219_0706131721X.swf
	deleted:    data/maps/921_0706131721X.swf
	deleted:    data/maps/9220_0706131721X.swf
	deleted:    data/maps/9221_0804231029X.swf
	deleted:    data/maps/9222_0804231032X.swf
	deleted:    data/maps/9223_0706131721X.swf
	deleted:    data/maps/9224_0804231033X.swf
	deleted:    data/maps/9225_0804231034X.swf
	deleted:    data/maps/9227_0907301452X.swf
	deleted:    data/maps/9228_0706131721X.swf
	deleted:    data/maps/9229_0706131721X.swf
	deleted:    data/maps/922_0706131721X.swf
	deleted:    data/maps/9230_0907091428X.swf
	deleted:    data/maps/9231_0706131721X.swf
	deleted:    data/maps/9232_0706131721X.swf
	deleted:    data/maps/9234_0706131721X.swf
	deleted:    data/maps/9235_0706131721X.swf
	deleted:    data/maps/9236_0706131721X.swf
	deleted:    data/maps/9237_0706131721X.swf
	deleted:    data/maps/9238_0706131721X.swf
	deleted:    data/maps/9239_0706131721X.swf
	deleted:    data/maps/923_0806231100X.swf
	deleted:    data/maps/9240_0706131721X.swf
	deleted:    data/maps/9248_0706131721X.swf
	deleted:    data/maps/924_0706131721X.swf
	deleted:    data/maps/9251_0706131721X.swf
	deleted:    data/maps/9252_0706131721X.swf
	deleted:    data/maps/9258_0706131721X.swf
	deleted:    data/maps/9259_0706131721X.swf
	deleted:    data/maps/925_0810151632X.swf
	deleted:    data/maps/9260_0706131721X.swf
	deleted:    data/maps/9268_0811201521X.swf
	deleted:    data/maps/9269_2110051120X.swf
	deleted:    data/maps/926_0805280942X.swf
	deleted:    data/maps/9270_0710221721X.swf
	deleted:    data/maps/9271_0706131721X.swf
	deleted:    data/maps/9272_0710241022X.swf
	deleted:    data/maps/9273_0706131721X.swf
	deleted:    data/maps/9274_0710241126X.swf
	deleted:    data/maps/9275_2109291724X.swf
	deleted:    data/maps/9277_0710291747X.swf
	deleted:    data/maps/9278_2109291722X.swf
	deleted:    data/maps/927_0706131721X.swf
	deleted:    data/maps/9280_0706131721X.swf
	deleted:    data/maps/9281_0706131721X.swf
	deleted:    data/maps/9282_0706131721X.swf
	deleted:    data/maps/9283_0706131721X.swf
	deleted:    data/maps/9284_0706131721X.swf
	deleted:    data/maps/9285_0706131721X.swf
	deleted:    data/maps/9286_0706131721X.swf
	deleted:    data/maps/9287_0706131721X.swf
	deleted:    data/maps/9288_0706131721X.swf
	deleted:    data/maps/9289_0706131721X.swf
	deleted:    data/maps/928_0706131721X.swf
	deleted:    data/maps/9291_0706131721X.swf
	deleted:    data/maps/9292_0706131721X.swf
	deleted:    data/maps/9294_0710241105X.swf
	deleted:    data/maps/9295_0710241146X.swf
	deleted:    data/maps/9296_2109291720X.swf
	deleted:    data/maps/9297_2110050908X.swf
	deleted:    data/maps/9298_0706131721X.swf
	deleted:    data/maps/9299_0706131721X.swf
	deleted:    data/maps/929_0805261725X.swf
	deleted:    data/maps/92_0710251427X.swf
	deleted:    data/maps/9300_0706131721X.swf
	deleted:    data/maps/9301_0706131721X.swf
	deleted:    data/maps/9302_0706131721X.swf
	deleted:    data/maps/9303_0706131721X.swf
	deleted:    data/maps/9304_0706131721X.swf
	deleted:    data/maps/9305_0706131721X.swf
	deleted:    data/maps/9306_0706131721X.swf
	deleted:    data/maps/9307_0706131721X.swf
	deleted:    data/maps/9308_0706131721X.swf
	deleted:    data/maps/9309_0706131721X.swf
	deleted:    data/maps/930_0805280941X.swf
	deleted:    data/maps/9310_0706131721X.swf
	deleted:    data/maps/9311_0706131721X.swf
	deleted:    data/maps/9312_0706131721X.swf
	deleted:    data/maps/9313_0706131721X.swf
	deleted:    data/maps/9314_0706131721X.swf
	deleted:    data/maps/9315_0706131721X.swf
	deleted:    data/maps/9316_0706131721X.swf
	deleted:    data/maps/9317_0706131721X.swf
	deleted:    data/maps/9318_0706131721X.swf
	deleted:    data/maps/9319_0706131721X.swf
	deleted:    data/maps/931_0706131721X.swf
	deleted:    data/maps/9320_0706131721X.swf
	deleted:    data/maps/9321_0706131721X.swf
	deleted:    data/maps/9323_0706131721X.swf
	deleted:    data/maps/9324_0706131721X.swf
	deleted:    data/maps/9325_0706131721X.swf
	deleted:    data/maps/9329_0706131721X.swf
	deleted:    data/maps/932_0706131721X.swf
	deleted:    data/maps/9330_0706131721X.swf
	deleted:    data/maps/9331_0706131721X.swf
	deleted:    data/maps/9332_0706131721X.swf
	deleted:    data/maps/9333_0706131721X.swf
	deleted:    data/maps/9334_0706131721X.swf
	deleted:    data/maps/9338_0706131721X.swf
	deleted:    data/maps/9339_0706131721X.swf
	deleted:    data/maps/933_0706131721X.swf
	deleted:    data/maps/9340_0706131721X.swf
	deleted:    data/maps/9341_0706131721X.swf
	deleted:    data/maps/9342_0902160948X.swf
	deleted:    data/maps/9343_0706131721X.swf
	deleted:    data/maps/9344_0706131721X.swf
	deleted:    data/maps/9345_0706131721X.swf
	deleted:    data/maps/9346_0706131721X.swf
	deleted:    data/maps/9347_0706131721X.swf
	deleted:    data/maps/9348_0706131721X.swf
	deleted:    data/maps/9349_0706131721X.swf
	deleted:    data/maps/934_0806231657X.swf
	deleted:    data/maps/9350_0706131721X.swf
	deleted:    data/maps/9351_0706131721X.swf
	deleted:    data/maps/9352_0706131721X.swf
	deleted:    data/maps/9353_0706131721X.swf
	deleted:    data/maps/9354_0706131721X.swf
	deleted:    data/maps/9355_0706131721X.swf
	deleted:    data/maps/9356_0706131721X.swf
	deleted:    data/maps/9357_0706131721X.swf
	deleted:    data/maps/9358_0706131721X.swf
	deleted:    data/maps/9359_0706131721X.swf
	deleted:    data/maps/935_0706131721X.swf
	deleted:    data/maps/9360_0706131721X.swf
	deleted:    data/maps/9361_0706131721X.swf
	deleted:    data/maps/9362_0706131721X.swf
	deleted:    data/maps/9363_0706131721X.swf
	deleted:    data/maps/9365_0706131721X.swf
	deleted:    data/maps/9366_0706131721X.swf
	deleted:    data/maps/9367_0706131721X.swf
	deleted:    data/maps/9368_0706131721X.swf
	deleted:    data/maps/9369_0706131721X.swf
	deleted:    data/maps/936_0806231656X.swf
	deleted:    data/maps/9370_0706131721X.swf
	deleted:    data/maps/9371_0706131721X.swf
	deleted:    data/maps/9372_0706131721X.swf
	deleted:    data/maps/9373_0706131721X.swf
	deleted:    data/maps/9374_0706131721X.swf
	deleted:    data/maps/9375_0706131721X.swf
	deleted:    data/maps/9376_0706131721X.swf
	deleted:    data/maps/9377_0706131721X.swf
	deleted:    data/maps/9378_0706131721X.swf
	deleted:    data/maps/9379_0706131721X.swf
	deleted:    data/maps/937_0806231649X.swf
	deleted:    data/maps/9380_0910161631X.swf
	deleted:    data/maps/9381_0910161631X.swf
	deleted:    data/maps/9382_0910161630X.swf
	deleted:    data/maps/9383_0910161629X.swf
	deleted:    data/maps/9384_0910161629X.swf
	deleted:    data/maps/9385_0706131721X.swf
	deleted:    data/maps/9386_0706131721X.swf
	deleted:    data/maps/9387_0706131721X.swf
	deleted:    data/maps/9388_0706131721X.swf
	deleted:    data/maps/9389_0706131721X.swf
	deleted:    data/maps/9390_0706131721X.swf
	deleted:    data/maps/9391_0706131721X.swf
	deleted:    data/maps/9392_0706131721X.swf
	deleted:    data/maps/9393_0706131721X.swf
	deleted:    data/maps/9394_0706131721X.swf
	deleted:    data/maps/9395_0706131721X.swf
	deleted:    data/maps/9396_0706131721X.swf
	deleted:    data/maps/9397_0706131721X.swf
	deleted:    data/maps/9398_0711141424X.swf
	deleted:    data/maps/939_0706131721X.swf
	deleted:    data/maps/9401_0706131721X.swf
	deleted:    data/maps/9402_0710081413X.swf
	deleted:    data/maps/9403_0706131721X.swf
	deleted:    data/maps/9404_0706131721X.swf
	deleted:    data/maps/9405_0706131721X.swf
	deleted:    data/maps/9406_0706131721X.swf
	deleted:    data/maps/9407_2110261746X.swf
	deleted:    data/maps/9408_0806181028X.swf
	deleted:    data/maps/9409_0706131721X.swf
	deleted:    data/maps/940_0706131721X.swf
	deleted:    data/maps/9410_0706131721X.swf
	deleted:    data/maps/9411_0706131721X.swf
	deleted:    data/maps/9412_0706131721X.swf
	deleted:    data/maps/9413_0706131721X.swf
	deleted:    data/maps/9414_0706131721X.swf
	deleted:    data/maps/9415_0706131721X.swf
	deleted:    data/maps/9416_0706131721X.swf
	deleted:    data/maps/9417_2111221326X.swf
	deleted:    data/maps/9418_2111221327X.swf
	deleted:    data/maps/941_0706131721X.swf
	deleted:    data/maps/9420_2111221330X.swf
	deleted:    data/maps/9421_2111221329X.swf
	deleted:    data/maps/9422_2111221333X.swf
	deleted:    data/maps/9423_2111221334X.swf
	deleted:    data/maps/9424_2111221338X.swf
	deleted:    data/maps/9425_2111221336X.swf
	deleted:    data/maps/9426_0706131721X.swf
	deleted:    data/maps/9427_0706131721X.swf
	deleted:    data/maps/9428_0706131721X.swf
	deleted:    data/maps/9429_0706131721X.swf
	deleted:    data/maps/942_0903111211X.swf
	deleted:    data/maps/9430_0706131721X.swf
	deleted:    data/maps/9431_0706131721X.swf
	deleted:    data/maps/9432_0706131721X.swf
	deleted:    data/maps/9433_0706131721X.swf
	deleted:    data/maps/9434_0706131721X.swf
	deleted:    data/maps/9435_2111221328X.swf
	deleted:    data/maps/9436_0706131721X.swf
	deleted:    data/maps/9437_0706131721X.swf
	deleted:    data/maps/9438_0706131721X.swf
	deleted:    data/maps/9439_0706131721X.swf
	deleted:    data/maps/943_0706131721X.swf
	deleted:    data/maps/9440_0706131721X.swf
	deleted:    data/maps/9441_0706131721X.swf
	deleted:    data/maps/9442_0706131721X.swf
	deleted:    data/maps/9443_0706141524X.swf
	deleted:    data/maps/9444_0706131721X.swf
	deleted:    data/maps/9445_0706131721X.swf
	deleted:    data/maps/9446_0706131721X.swf
	deleted:    data/maps/9447_0706131721X.swf
	deleted:    data/maps/9448_0706131721X.swf
	deleted:    data/maps/9449_0706131721X.swf
	deleted:    data/maps/944_0706131721X.swf
	deleted:    data/maps/9450_0706131721X.swf
	deleted:    data/maps/9451_0706131721X.swf
	deleted:    data/maps/9452_0706131721X.swf
	deleted:    data/maps/9453_0706131721X.swf
	deleted:    data/maps/9454_2109271849X.swf
	deleted:    data/maps/9455_0706131721X.swf
	deleted:    data/maps/9456_0706131721X.swf
	deleted:    data/maps/9457_0804171645X.swf
	deleted:    data/maps/9458_0706131721X.swf
	deleted:    data/maps/9459_0804041023X.swf
	deleted:    data/maps/945_0706131721X.swf
	deleted:    data/maps/9460_0706131721X.swf
	deleted:    data/maps/9461_0706131721X.swf
	deleted:    data/maps/9462_0706131721X.swf
	deleted:    data/maps/9463_0706131721X.swf
	deleted:    data/maps/9464_0706131721X.swf
	deleted:    data/maps/9465_0706131721X.swf
	deleted:    data/maps/9466_0706131721X.swf
	deleted:    data/maps/9467_0706131721X.swf
	deleted:    data/maps/9468_0901051023X.swf
	deleted:    data/maps/9469_0903120930X.swf
	deleted:    data/maps/946_0706131721X.swf
	deleted:    data/maps/9470_0706181213X.swf
	deleted:    data/maps/9471_0706131721X.swf
	deleted:    data/maps/9472_0812240944X.swf
	deleted:    data/maps/9473_0706131721X.swf
	deleted:    data/maps/9474_0706131721X.swf
	deleted:    data/maps/9475_0706131721X.swf
	deleted:    data/maps/9476_0706131721X.swf
	deleted:    data/maps/9477_0805271542X.swf
	deleted:    data/maps/9478_0706131721X.swf
	deleted:    data/maps/9479_2111221155X.swf
	deleted:    data/maps/947_0706131721X.swf
	deleted:    data/maps/9480_2111221157X.swf
	deleted:    data/maps/9481_2111221211X.swf
	deleted:    data/maps/9482_2111221158X.swf
	deleted:    data/maps/9483_2111221200X.swf
	deleted:    data/maps/9484_2111221202X.swf
	deleted:    data/maps/9485_2111221208X.swf
	deleted:    data/maps/9486_2111221344X.swf
	deleted:    data/maps/9487_0706131721X.swf
	deleted:    data/maps/9488_2111221204X.swf
	deleted:    data/maps/9489_2111221212X.swf
	deleted:    data/maps/948_0806241749X.swf
	deleted:    data/maps/9490_0805271543X.swf
	deleted:    data/maps/9491_0805271544X.swf
	deleted:    data/maps/9492_0706131721X.swf
	deleted:    data/maps/9493_0706131721X.swf
	deleted:    data/maps/9495_0706131721X.swf
	deleted:    data/maps/9496_0706131721X.swf
	deleted:    data/maps/9497_0706131721X.swf
	deleted:    data/maps/9498_0805271546X.swf
	deleted:    data/maps/9499_0706141524X.swf
	deleted:    data/maps/949_0806231653X.swf
	deleted:    data/maps/9500_0706141524X.swf
	deleted:    data/maps/9501_0706131721X.swf
	deleted:    data/maps/9502_0706131721X.swf
	deleted:    data/maps/9503_0706131721X.swf
	deleted:    data/maps/9504_0706131721X.swf
	deleted:    data/maps/9505_0706131721X.swf
	deleted:    data/maps/9506_0706131721X.swf
	deleted:    data/maps/9507_0706131721X.swf
	deleted:    data/maps/9508_0706131721X.swf
	deleted:    data/maps/9509_0706131721X.swf
	deleted:    data/maps/950_0706131721X.swf
	deleted:    data/maps/9510_0706131721X.swf
	deleted:    data/maps/9511_0706131721X.swf
	deleted:    data/maps/9512_0706131721X.swf
	deleted:    data/maps/9513_0706131721X.swf
	deleted:    data/maps/9514_0706131721X.swf
	deleted:    data/maps/9515_0706131721X.swf
	deleted:    data/maps/9516_0706131721X.swf
	deleted:    data/maps/9517_0706131721X.swf
	deleted:    data/maps/9518_0706131721X.swf
	deleted:    data/maps/9519_0706131721X.swf
	deleted:    data/maps/951_0902231015X.swf
	deleted:    data/maps/9520_0706131721X.swf
	deleted:    data/maps/9521_0706141524X.swf
	deleted:    data/maps/9522_0706131721X.swf
	deleted:    data/maps/9523_0706131721X.swf
	deleted:    data/maps/9524_0706131721X.swf
	deleted:    data/maps/9525_0706131721X.swf
	deleted:    data/maps/9526_0806171714X.swf
	deleted:    data/maps/9527_0706131721X.swf
	deleted:    data/maps/9528_0706131721X.swf
	deleted:    data/maps/9529_0706131721X.swf
	deleted:    data/maps/952_2110261759X.swf
	deleted:    data/maps/9530_0706131721X.swf
	deleted:    data/maps/9531_0706131721X.swf
	deleted:    data/maps/9532_0706131721X.swf
	deleted:    data/maps/9533_0706131721X.swf
	deleted:    data/maps/9534_0706131721X.swf
	deleted:    data/maps/9535_0706131721X.swf
	deleted:    data/maps/9536_0812101052X.swf
	deleted:    data/maps/9538_0902061743X.swf
	deleted:    data/maps/9539_0801240953X.swf
	deleted:    data/maps/953_0810151627X.swf
	deleted:    data/maps/9540_0706131721X.swf
	deleted:    data/maps/9541_0706131721X.swf
	deleted:    data/maps/9542_0706131721X.swf
	deleted:    data/maps/9543_0706131721X.swf
	deleted:    data/maps/9544_0812101229X.swf
	deleted:    data/maps/9545_0706131721X.swf
	deleted:    data/maps/9546_0706131721X.swf
	deleted:    data/maps/9547_0706131721X.swf
	deleted:    data/maps/9548_0706131721X.swf
	deleted:    data/maps/9549_0706131721X.swf
	deleted:    data/maps/954_0706131721X.swf
	deleted:    data/maps/9550_0706131721X.swf
	deleted:    data/maps/9551_0706131721X.swf
	deleted:    data/maps/9552_0706131721X.swf
	deleted:    data/maps/9553_0706131721X.swf
	deleted:    data/maps/9554_0706131721X.swf
	deleted:    data/maps/9555_0706131721X.swf
	deleted:    data/maps/9556_0706131721X.swf
	deleted:    data/maps/9557_0706131721X.swf
	deleted:    data/maps/9558_0706131721X.swf
	deleted:    data/maps/9559_0706131721X.swf
	deleted:    data/maps/955_0706131721X.swf
	deleted:    data/maps/9560_2109291512X.swf
	deleted:    data/maps/9561_0706131721X.swf
	deleted:    data/maps/9562_0706131721X.swf
	deleted:    data/maps/9563_0706131721X.swf
	deleted:    data/maps/9564_0706131721X.swf
	deleted:    data/maps/9565_0706131721X.swf
	deleted:    data/maps/9566_0706131721X.swf
	deleted:    data/maps/9567_0706131721X.swf
	deleted:    data/maps/9568_0706131721X.swf
	deleted:    data/maps/9569_0706131721X.swf
	deleted:    data/maps/956_0706131721X.swf
	deleted:    data/maps/9570_0706131721X.swf
	deleted:    data/maps/9571_0706131721X.swf
	deleted:    data/maps/9572_0706131721X.swf
	deleted:    data/maps/9573_0706131721X.swf
	deleted:    data/maps/9574_0706131721X.swf
	deleted:    data/maps/9575_0706131721X.swf
	deleted:    data/maps/9576_0706131721X.swf
	deleted:    data/maps/9577_0706131721X.swf
	deleted:    data/maps/9578_0706131721X.swf
	deleted:    data/maps/9579_0706131721X.swf
	deleted:    data/maps/957_0810151626X.swf
	deleted:    data/maps/9580_0706131721X.swf
	deleted:    data/maps/9581_0706131721X.swf
	deleted:    data/maps/9582_0706131721X.swf
	deleted:    data/maps/9583_0706131721X.swf
	deleted:    data/maps/9584_0706131721X.swf
	deleted:    data/maps/9585_0706131721X.swf
	deleted:    data/maps/9586_0706131721X.swf
	deleted:    data/maps/9587_0706131721X.swf
	deleted:    data/maps/9588_0706131721X.swf
	deleted:    data/maps/9589_0706131721X.swf
	deleted:    data/maps/9590_0706141524X.swf
	deleted:    data/maps/9591_0706131721X.swf
	deleted:    data/maps/9592_0706131721X.swf
	deleted:    data/maps/9593_0706131721X.swf
	deleted:    data/maps/9594_0706131721X.swf
	deleted:    data/maps/9595_0706131721X.swf
	deleted:    data/maps/9596_0706131721X.swf
	deleted:    data/maps/9597_0706131721X.swf
	deleted:    data/maps/9598_0706131721X.swf
	deleted:    data/maps/9599_0706131721X.swf
	deleted:    data/maps/9600_0706131721X.swf
	deleted:    data/maps/9601_0706131721X.swf
	deleted:    data/maps/9602_0706131721X.swf
	deleted:    data/maps/9603_0706131721X.swf
	deleted:    data/maps/9604_0706131721X.swf
	deleted:    data/maps/9605_0706131721X.swf
	deleted:    data/maps/9606_0706131721X.swf
	deleted:    data/maps/9607_0706131721X.swf
	deleted:    data/maps/9608_0706131721X.swf
	deleted:    data/maps/9609_0706131721X.swf
	deleted:    data/maps/9610_0706131721X.swf
	deleted:    data/maps/9611_0706131721X.swf
	deleted:    data/maps/9612_0706141524X.swf
	deleted:    data/maps/9616_0706131721X.swf
	deleted:    data/maps/9617_0706131721X.swf
	deleted:    data/maps/9620_0706131721X.swf
	deleted:    data/maps/9621_0903161444X.swf
	deleted:    data/maps/9622_0706131721X.swf
	deleted:    data/maps/9623_0706131721X.swf
	deleted:    data/maps/9624_0706131721X.swf
	deleted:    data/maps/9625_0706131721X.swf
	deleted:    data/maps/9626_0903161446X.swf
	deleted:    data/maps/9627_0706131721X.swf
	deleted:    data/maps/9628_0706131721X.swf
	deleted:    data/maps/9629_0706131721X.swf
	deleted:    data/maps/9630_0706131721X.swf
	deleted:    data/maps/9631_0706131721X.swf
	deleted:    data/maps/9632_0706131721X.swf
	deleted:    data/maps/9633_0706131721X.swf
	deleted:    data/maps/9634_0706131721X.swf
	deleted:    data/maps/9635_0905121018X.swf
	deleted:    data/maps/9636_0706131721X.swf
	deleted:    data/maps/9637_0706131721X.swf
	deleted:    data/maps/9638_0706131721X.swf
	deleted:    data/maps/9639_0706131721X.swf
	deleted:    data/maps/9640_0706131721X.swf
	deleted:    data/maps/9641_0706131721X.swf
	deleted:    data/maps/9642_0706131721X.swf
	deleted:    data/maps/9643_0706131721X.swf
	deleted:    data/maps/9644_0903161442X.swf
	deleted:    data/maps/9645_0706131721X.swf
	deleted:    data/maps/9646_0706131721X.swf
	deleted:    data/maps/9647_0706131721X.swf
	deleted:    data/maps/9648_0706131721X.swf
	deleted:    data/maps/9649_0706131721X.swf
	deleted:    data/maps/9650_0706131721X.swf
	deleted:    data/maps/9651_0706131721X.swf
	deleted:    data/maps/9652_0706131721X.swf
	deleted:    data/maps/9653_0706131721X.swf
	deleted:    data/maps/9654_0706131721X.swf
	deleted:    data/maps/9655_0706131721X.swf
	deleted:    data/maps/9656_0706131721X.swf
	deleted:    data/maps/9657_0706131721X.swf
	deleted:    data/maps/9658_0706131721X.swf
	deleted:    data/maps/9659_0706131721X.swf
	deleted:    data/maps/9660_0909181118X.swf
	deleted:    data/maps/9661_0804301357X.swf
	deleted:    data/maps/9662_0706131721X.swf
	deleted:    data/maps/9663_0706131721X.swf
	deleted:    data/maps/9664_0903300926X.swf
	deleted:    data/maps/9665_0706131721X.swf
	deleted:    data/maps/9666_0706141524X.swf
	deleted:    data/maps/9667_0706131721X.swf
	deleted:    data/maps/9668_0706131721X.swf
	deleted:    data/maps/9669_0706131721X.swf
	deleted:    data/maps/9670_0706131721X.swf
	deleted:    data/maps/9671_0706131721X.swf
	deleted:    data/maps/9672_0706131721X.swf
	deleted:    data/maps/9673_0706131721X.swf
	deleted:    data/maps/9674_0706131721X.swf
	deleted:    data/maps/9675_0706131721X.swf
	deleted:    data/maps/9676_0706131721X.swf
	deleted:    data/maps/9677_0706131721X.swf
	deleted:    data/maps/9678_0706131721X.swf
	deleted:    data/maps/9679_0706131721X.swf
	deleted:    data/maps/9680_0709181136X.swf
	deleted:    data/maps/9681_0706131721X.swf
	deleted:    data/maps/9682_0709181137X.swf
	deleted:    data/maps/9683_0706131721X.swf
	deleted:    data/maps/9684_0706131721X.swf
	deleted:    data/maps/9685_0706131721X.swf
	deleted:    data/maps/9686_0706131721X.swf
	deleted:    data/maps/9687_0706131721X.swf
	deleted:    data/maps/9688_0706131721X.swf
	deleted:    data/maps/9689_0706131721X.swf
	deleted:    data/maps/9690_0706131721X.swf
	deleted:    data/maps/9691_0706131721X.swf
	deleted:    data/maps/9692_0706131721X.swf
	deleted:    data/maps/9693_0706131721X.swf
	deleted:    data/maps/9694_0706131721X.swf
	deleted:    data/maps/9695_0706131721X.swf
	deleted:    data/maps/9696_0706131721X.swf
	deleted:    data/maps/9697_0706131721X.swf
	deleted:    data/maps/9698_0706131721X.swf
	deleted:    data/maps/9699_0706131721X.swf
	deleted:    data/maps/9700_0706131721X.swf
	deleted:    data/maps/9701_0706131721X.swf
	deleted:    data/maps/9702_0706131721X.swf
	deleted:    data/maps/9703_0706131721X.swf
	deleted:    data/maps/9704_0706131721X.swf
	deleted:    data/maps/9705_0706131721X.swf
	deleted:    data/maps/9706_0706131721X.swf
	deleted:    data/maps/9707_0706131721X.swf
	deleted:    data/maps/9708_0706131721X.swf
	deleted:    data/maps/9709_0706131721X.swf
	deleted:    data/maps/9710_0706131721X.swf
	deleted:    data/maps/9711_0706131721X.swf
	deleted:    data/maps/9712_0706131721X.swf
	deleted:    data/maps/9713_0706131721X.swf
	deleted:    data/maps/9714_0706131721X.swf
	deleted:    data/maps/9715_0706131721X.swf
	deleted:    data/maps/9716_0706131721X.swf
	deleted:    data/maps/9717_0706131721X.swf
	deleted:    data/maps/9723_0706131721X.swf
	deleted:    data/maps/9724_0706131721X.swf
	deleted:    data/maps/9725_0706131721X.swf
	deleted:    data/maps/9726_0903120929X.swf
	deleted:    data/maps/9727_0706131721X.swf
	deleted:    data/maps/9728_0706131721X.swf
	deleted:    data/maps/9729_0706131721X.swf
	deleted:    data/maps/9730_0706131721X.swf
	deleted:    data/maps/9731_0901121039X.swf
	deleted:    data/maps/9732_0706131721X.swf
	deleted:    data/maps/9733_0706131721X.swf
	deleted:    data/maps/9734_0803170930X.swf
	deleted:    data/maps/9735_0706131721X.swf
	deleted:    data/maps/9736_0706131721X.swf
	deleted:    data/maps/9737_0706131721X.swf
	deleted:    data/maps/9738_0706131721X.swf
	deleted:    data/maps/9739_0706131721X.swf
	deleted:    data/maps/9740_0803170936X.swf
	deleted:    data/maps/9741_0803170935X.swf
	deleted:    data/maps/9742_0706131721X.swf
	deleted:    data/maps/9743_0803251705X.swf
	deleted:    data/maps/9744_0706131721X.swf
	deleted:    data/maps/9745_0706131721X.swf
	deleted:    data/maps/9746_0706131721X.swf
	deleted:    data/maps/9747_0803170936X.swf
	deleted:    data/maps/9748_0706131721X.swf
	deleted:    data/maps/9749_0706131721X.swf
	deleted:    data/maps/9750_0706131721X.swf
	deleted:    data/maps/9751_0706131721X.swf
	deleted:    data/maps/9752_0706131721X.swf
	deleted:    data/maps/9753_0706131721X.swf
	deleted:    data/maps/9754_0706131721X.swf
	deleted:    data/maps/9755_0706131721X.swf
	deleted:    data/maps/9756_0706131721X.swf
	deleted:    data/maps/9757_0706131721X.swf
	deleted:    data/maps/9758_0706131721X.swf
	deleted:    data/maps/9759_0706131721X.swf
	deleted:    data/maps/9760_0706131721X.swf
	deleted:    data/maps/9761_0706131721X.swf
	deleted:    data/maps/9762_0811261141X.swf
	deleted:    data/maps/9763_0706131721X.swf
	deleted:    data/maps/9765_0901230917X.swf
	deleted:    data/maps/9766_0706131721X.swf
	deleted:    data/maps/9767_0706131721X.swf
	deleted:    data/maps/9768_0908101405X.swf
	deleted:    data/maps/9769_0908101406X.swf
	deleted:    data/maps/9770_0908101406X.swf
	deleted:    data/maps/9771_0908101406X.swf
	deleted:    data/maps/9772_0908101406X.swf
	deleted:    data/maps/9773_0908101407X.swf
	deleted:    data/maps/9774_0908101407X.swf
	deleted:    data/maps/9775_0706131721X.swf
	deleted:    data/maps/9776_0706131721X.swf
	deleted:    data/maps/9777_0810221047X.swf
	deleted:    data/maps/9778_0803031102X.swf
	deleted:    data/maps/9779_0803031102X.swf
	deleted:    data/maps/9780_0706131721X.swf
	deleted:    data/maps/9781_0706131721X.swf
	deleted:    data/maps/9782_0706131721X.swf
	deleted:    data/maps/9784_0706131721X.swf
	deleted:    data/maps/9785_0706141524X.swf
	deleted:    data/maps/9786_0908101408X.swf
	deleted:    data/maps/9787_0706131721X.swf
	deleted:    data/maps/9788_0706131721X.swf
	deleted:    data/maps/9789_0706131721X.swf
	deleted:    data/maps/9790_0706131721X.swf
	deleted:    data/maps/9791_0706131721X.swf
	deleted:    data/maps/9792_0706131721X.swf
	deleted:    data/maps/9793_0706131721X.swf
	deleted:    data/maps/9794_0706131721X.swf
	deleted:    data/maps/9795_0706131721X.swf
	deleted:    data/maps/9796_0706131721X.swf
	deleted:    data/maps/9797_0706131721X.swf
	deleted:    data/maps/9798_0706141524X.swf
	deleted:    data/maps/9799_0706131721X.swf
	deleted:    data/maps/9800_0706131721X.swf
	deleted:    data/maps/9801_0706131721X.swf
	deleted:    data/maps/9802_0706131721X.swf
	deleted:    data/maps/9803_0706131721X.swf
	deleted:    data/maps/9804_0706131721X.swf
	deleted:    data/maps/9805_0706131721X.swf
	deleted:    data/maps/9806_0706131721X.swf
	deleted:    data/maps/9807_0706131721X.swf
	deleted:    data/maps/9808_0706131721X.swf
	deleted:    data/maps/9809_0706131721X.swf
	deleted:    data/maps/9810_0706131721X.swf
	deleted:    data/maps/9811_0706131721X.swf
	deleted:    data/maps/9812_0706131721X.swf
	deleted:    data/maps/9813_0706131721X.swf
	deleted:    data/maps/9814_0706131721X.swf
	deleted:    data/maps/9815_0706131721X.swf
	deleted:    data/maps/9816_0706131721X.swf
	deleted:    data/maps/9817_0706131721X.swf
	deleted:    data/maps/9818_0706131721X.swf
	deleted:    data/maps/9819_0706131721X.swf
	deleted:    data/maps/9820_0706131721X.swf
	deleted:    data/maps/9821_0706131721X.swf
	deleted:    data/maps/9822_0706131721X.swf
	deleted:    data/maps/9823_0706131721X.swf
	deleted:    data/maps/9824_0706131721X.swf
	deleted:    data/maps/9825_0706131721X.swf
	deleted:    data/maps/9826_0706131721X.swf
	deleted:    data/maps/9827_0706131721X.swf
	deleted:    data/maps/9828_0706131721X.swf
	deleted:    data/maps/9829_0706131721X.swf
	deleted:    data/maps/9830_0706131721X.swf
	deleted:    data/maps/9831_0706131721X.swf
	deleted:    data/maps/9832_0706131721X.swf
	deleted:    data/maps/9833_0706131721X.swf
	deleted:    data/maps/9834_0706131721X.swf
	deleted:    data/maps/9835_0706131721X.swf
	deleted:    data/maps/9836_0706131721X.swf
	deleted:    data/maps/9837_0812161751X.swf
	deleted:    data/maps/9838_0706131721X.swf
	deleted:    data/maps/9840_0706131721X.swf
	deleted:    data/maps/9841_0706131721X.swf
	deleted:    data/maps/9842_0706131721X.swf
	deleted:    data/maps/9843_0706131721X.swf
	deleted:    data/maps/9844_0706131721X.swf
	deleted:    data/maps/9845_0706131721X.swf
	deleted:    data/maps/9846_0706131721X.swf
	deleted:    data/maps/9847_0706131721X.swf
	deleted:    data/maps/9848_0706131721X.swf
	deleted:    data/maps/9849_0706131721X.swf
	deleted:    data/maps/9850_0706131721X.swf
	deleted:    data/maps/9851_0706131721X.swf
	deleted:    data/maps/9852_0706131721X.swf
	deleted:    data/maps/9853_0706131721X.swf
	deleted:    data/maps/9854_0706131721X.swf
	deleted:    data/maps/9855_0706131721X.swf
	deleted:    data/maps/9856_0706131721X.swf
	deleted:    data/maps/9857_0706131721X.swf
	deleted:    data/maps/9858_0706131721X.swf
	deleted:    data/maps/9859_0805281000X.swf
	deleted:    data/maps/9860_0706131721X.swf
	deleted:    data/maps/9862_0803201038X.swf
	deleted:    data/maps/9863_0706131721X.swf
	deleted:    data/maps/9864_0706131721X.swf
	deleted:    data/maps/9865_0706131721X.swf
	deleted:    data/maps/9866_0706271800X.swf
	deleted:    data/maps/9867_0706131721X.swf
	deleted:    data/maps/9868_0706131721X.swf
	deleted:    data/maps/9869_0706131721X.swf
	deleted:    data/maps/9870_0706131721X.swf
	deleted:    data/maps/9871_0706131721X.swf
	deleted:    data/maps/9872_0706131721X.swf
	deleted:    data/maps/9875_0706131721X.swf
	deleted:    data/maps/9876_0706131721X.swf
	deleted:    data/maps/9877_0706131721X.swf
	deleted:    data/maps/9879_2109291821X.swf
	deleted:    data/maps/9880_0706131721X.swf
	deleted:    data/maps/9881_0706131721X.swf
	deleted:    data/maps/9882_0706131721X.swf
	deleted:    data/maps/9883_0710031422X.swf
	deleted:    data/maps/9884_2202070925X.swf
	deleted:    data/maps/9885_0706131721X.swf
	deleted:    data/maps/9886_0706131721X.swf
	deleted:    data/maps/9887_0706131721X.swf
	deleted:    data/maps/9888_0706131721X.swf
	deleted:    data/maps/9889_0706131721X.swf
	deleted:    data/maps/9890_0706131721X.swf
	deleted:    data/maps/9891_0706281041X.swf
	deleted:    data/maps/9893_0706131721X.swf
	deleted:    data/maps/9894_0706131721X.swf
	deleted:    data/maps/9895_0706131721X.swf
	deleted:    data/maps/9896_0706131721X.swf
	deleted:    data/maps/9897_0706131721X.swf
	deleted:    data/maps/9900_0706131721X.swf
	deleted:    data/maps/9901_0706131721X.swf
	deleted:    data/maps/9902_0706131721X.swf
	deleted:    data/maps/9903_0706131721X.swf
	deleted:    data/maps/9907_0706131721X.swf
	deleted:    data/maps/9908_0706131721X.swf
	deleted:    data/maps/9909_0706131721X.swf
	deleted:    data/maps/9910_0706131721X.swf
	deleted:    data/maps/9911_0706131721X.swf
	deleted:    data/maps/9914_0706131721X.swf
	deleted:    data/maps/9915_0706131721X.swf
	deleted:    data/maps/9916_0706131721X.swf
	deleted:    data/maps/9917_0706131721X.swf
	deleted:    data/maps/9921_0706131721X.swf
	deleted:    data/maps/9922_0706131721X.swf
	deleted:    data/maps/9923_0706131721X.swf
	deleted:    data/maps/9924_0706131721X.swf
	deleted:    data/maps/9925_0706131721X.swf
	deleted:    data/maps/9926_0706131721X.swf
	deleted:    data/maps/9928_0706131721X.swf
	deleted:    data/maps/9929_0706131721X.swf
	deleted:    data/maps/9930_0706131721X.swf
	deleted:    data/maps/9931_0706131721X.swf
	deleted:    data/maps/9932_0706131721X.swf
	deleted:    data/maps/9933_0706131721X.swf
	deleted:    data/maps/9934_0706131721X.swf
	deleted:    data/maps/9935_0706131721X.swf
	deleted:    data/maps/9936_0706131721X.swf
	deleted:    data/maps/9937_0706131721X.swf
	deleted:    data/maps/9938_0706131721X.swf
	deleted:    data/maps/9939_0706131721X.swf
	deleted:    data/maps/9940_0706131721X.swf
	deleted:    data/maps/9941_0706131721X.swf
	deleted:    data/maps/9942_0706131721X.swf
	deleted:    data/maps/9943_0706131721X.swf
	deleted:    data/maps/9944_0706131721X.swf
	deleted:    data/maps/9945_0706131721X.swf
	deleted:    data/maps/9946_0712111635X.swf
	deleted:    data/maps/9947_0706131721X.swf
	deleted:    data/maps/9948_0706141524X.swf
	deleted:    data/maps/9949_0706131721X.swf
	deleted:    data/maps/9950_0706131721X.swf
	deleted:    data/maps/9951_0706131721X.swf
	deleted:    data/maps/9952_0706131721X.swf
	deleted:    data/maps/9953_0706131721X.swf
	deleted:    data/maps/9954_0706131721X.swf
	deleted:    data/maps/9955_0706131721X.swf
	deleted:    data/maps/9956_0706131721X.swf
	deleted:    data/maps/9957_0706131721X.swf
	deleted:    data/maps/9958_0706131721X.swf
	deleted:    data/maps/9959_0706131721X.swf
	deleted:    data/maps/9961_0706131721X.swf
	deleted:    data/maps/9962_0706131721X.swf
	deleted:    data/maps/9963_0706131721X.swf
	deleted:    data/maps/9964_0706131721X.swf
	deleted:    data/maps/9965_0706131721X.swf
	deleted:    data/maps/9966_0706131721X.swf
	deleted:    data/maps/9970_0706131721X.swf
	deleted:    data/maps/9971_0706131721X.swf
	deleted:    data/maps/9972_0706131721X.swf
	deleted:    data/maps/9973_0706131721X.swf
	deleted:    data/maps/9976_0706131721X.swf
	deleted:    data/maps/9977_0706131721X.swf
	deleted:    data/maps/9978_0706131721X.swf
	deleted:    data/maps/9979_0706131721X.swf
	deleted:    data/maps/9981_0712061518X.swf
	deleted:    data/maps/9982_0706131721X.swf
	deleted:    data/maps/9983_0706141524X.swf
	deleted:    data/maps/9984_0706131721X.swf
	deleted:    data/maps/9985_0706131721X.swf
	deleted:    data/maps/9986_0706131721X.swf
	deleted:    data/maps/9987_0706131721X.swf
	deleted:    data/maps/9988_0706131721X.swf
	deleted:    data/maps/9989_0706131721X.swf
	deleted:    data/maps/9990_0706131721X.swf
	deleted:    data/maps/9991_0706131721X.swf
	deleted:    data/maps/9992_0706131721X.swf
	deleted:    data/maps/9993_0706131721X.swf
	deleted:    data/maps/9994_0706131721X.swf
	deleted:    data/maps/9995_0706131721X.swf
	deleted:    data/maps/9996_0706131721X.swf
	deleted:    data/maps/9997_0706131721X.swf
	deleted:    data/maps/9998_0706131721X.swf
	deleted:    data/maps/9999_0706131721X.swf
	deleted:    data/maps/999_0706141524X.swf
	deleted:    data/tutorials/100_7001010000.swf
	deleted:    data/tutorials/101_7001010000.swf
	deleted:    data/tutorials/102_7001010000.swf
	deleted:    data/tutorials/103_7001010000.swf
	deleted:    data/tutorials/104_7001010000.swf
	deleted:    data/tutorials/105_7001010000.swf
	deleted:    data/tutorials/106_7001010000.swf
	deleted:    data/tutorials/107_7001010000.swf
	deleted:    data/tutorials/108_7001010000.swf
	deleted:    data/tutorials/109_7001010000.swf
	deleted:    data/tutorials/110_7001010000.swf
	deleted:    data/tutorials/111_7001010000.swf
	deleted:    data/tutorials/112_7001010000.swf
	deleted:    data/tutorials/113_7001010000.swf
	deleted:    data/tutorials/114_7001010000.swf
	deleted:    data/tutorials/115_7001010000.swf
	deleted:    data/tutorials/116_7001010000.swf
	deleted:    data/tutorials/117_7001010000.swf
	deleted:    data/tutorials/118_7001010000.swf
	deleted:    data/tutorials/11_7001010000.swf
	deleted:    data/tutorials/12_7001010000.swf
	deleted:    data/tutorials/13_7001010000.swf
	deleted:    data/tutorials/14_7001010000.swf
	deleted:    data/tutorials/15_7001010000.swf
	deleted:    data/tutorials/16_7001010000.swf
	deleted:    data/tutorials/20_7001010000.swf
	deleted:    data/tutorials/21_7001010000.swf
	deleted:    data/tutorials/22_7001010000.swf
	deleted:    data/tutorials/23_7001010000.swf
	deleted:    data/tutorials/24_7001010000.swf
	deleted:    data/tutorials/25_7001010000.swf
	deleted:    data/tutorials/26_7001010000.swf
	deleted:    data/tutorials/27_7001010000.swf
	deleted:    data/tutorials/28_7001010000.swf
	deleted:    data/tutorials/30_7001010000.swf
	deleted:    data/tutorials/31_7001010000.swf
	deleted:    data/tutorials/32_7001010000.swf
	deleted:    data/tutorials/33_7001010000.swf
	deleted:    data/tutorials/34_7001010000.swf
	deleted:    data/tutorials/35_7001010000.swf
	deleted:    data/tutorials/36_7001010000.swf
	deleted:    data/tutorials/37_7001010000.swf
	deleted:    data/tutorials/38_7001010000.swf
	deleted:    data/tutorials/39_7001010000.swf
	deleted:    data/tutorials/3_7001010000.swf
	deleted:    data/tutorials/40_7001010000.swf
	deleted:    data/tutorials/4_7001010000.swf
	deleted:    data/tutorials/52_7001010000.swf
	deleted:    data/tutorials/53_7001010000.swf
	deleted:    data/tutorials/54_7001010000.swf
	deleted:    data/tutorials/55_7001010000.swf
	deleted:    data/tutorials/56_7001010000.swf
	deleted:    data/tutorials/57_7001010000.swf
	deleted:    data/tutorials/58_7001010000.swf
	deleted:    data/tutorials/59_7001010000.swf
	deleted:    data/tutorials/60_7001010000.swf
	deleted:    data/tutorials/61_7001010000.swf
	deleted:    data/tutorials/62_7001010000.swf
	deleted:    data/tutorials/63_7001010000.swf
	deleted:    data/tutorials/64_7001010000.swf
	deleted:    data/tutorials/65_7001010000.swf
	deleted:    data/tutorials/66_7001010000.swf
	deleted:    data/tutorials/67_7001010000.swf
	deleted:    data/tutorials/68_7001010000.swf
	deleted:    data/tutorials/69_7001010000.swf
	deleted:    data/tutorials/70_7001010000.swf
	deleted:    data/tutorials/71_7001010000.swf
	deleted:    data/tutorials/72_7001010000.swf
	deleted:    data/tutorials/74_7001010000.swf
	deleted:    data/tutorials/75_7001010000.swf
	deleted:    data/tutorials/76_7001010000.swf
	deleted:    data/tutorials/80_7001010000.swf
	deleted:    data/tutorials/81_7001010000.swf
	deleted:    data/tutorials/82_7001010000.swf
	deleted:    data/tutorials/83_7001010000.swf
	deleted:    data/tutorials/84_7001010000.swf
	deleted:    data/tutorials/85_7001010000.swf
	deleted:    data/tutorials/86_7001010000.swf
	deleted:    data/tutorials/87_7001010000.swf
	deleted:    data/tutorials/88_7001010000.swf
	deleted:    data/tutorials/89_7001010000.swf
	deleted:    data/tutorials/90_7001010000.swf
	deleted:    data/tutorials/91_7001010000.swf
	deleted:    data/tutorials/92_7001010000.swf
	deleted:    data/tutorials/93_7001010000.swf
	deleted:    data/tutorials/94_7001010000.swf
	deleted:    data/tutorials/95_7001010000.swf
	deleted:    data/tutorials/96_7001010000.swf
	deleted:    data/tutorials/97_7001010000.swf
	deleted:    data/tutorials/98_7001010000.swf
	deleted:    data/tutorials/99_7001010000.swf
	deleted:    js/D1Console.js
	deleted:    js/D1ElectronLauncher.js
	deleted:    loader.swf
	deleted:    loadingbanners.xml
	deleted:    loadingbanners/1.png
	deleted:    loadingbanners/10.jpg
	deleted:    loadingbanners/11.png
	deleted:    loadingbanners/12.jpg
	deleted:    loadingbanners/13.png
	deleted:    loadingbanners/14.png
	deleted:    loadingbanners/15.jpg
	deleted:    loadingbanners/16.jpg
	deleted:    loadingbanners/17.png
	deleted:    loadingbanners/2.png
	deleted:    loadingbanners/3.jpg
	deleted:    loadingbanners/4.png
	deleted:    loadingbanners/5.png
	deleted:    loadingbanners/6.png
	deleted:    loadingbanners/7.png
	deleted:    loadingbanners/8.jpg
	deleted:    loadingbanners/9.jpg
	deleted:    modules/core.swf
	deleted:    modules/soma.swf
	deleted:    preloader.swf
	deleted:    styles/1.css
	deleted:    styles/2.css
	deleted:    styles/alert.css
	deleted:    styles/dofus.css
	deleted:    styles/kb.css
	deleted:    styles/tips.css

Untracked files:
  (use "git add <file>..." to include in what will be committed)
	.idea/
	test.log

no changes added to commit (use "git add" and/or "git commit -a")
